06-30 16:11:01.915 23893 23893 V Capacitor: callback: 130616336, pluginId: Agent, methodName: request, methodData: {"method":"GET","path":"\/api\/local-inference\/hub","headers":{"authorization":"Bearer fee44c82c666d0a091976f9f6d0be803faa08314e541a227aae2dfa235f691bf","content-type":"application\/json","x-elizaos-client-id":"ui-febd0c1a-5c16-4cc7-b668-3f4ac7ecedcc","x-elizaos-ui-language":"en"},"body":null,"timeoutMs":30000}
06-30 16:11:01.916 23893 23893 I Capacitor/Console: File:  - Line 349 - Msg: [object Object]
06-30 16:11:01.917 23893 23893 V Capacitor/Plugin: To native (Capacitor plugin): callbackId: 130616337, pluginId: Agent, methodName: request
06-30 16:11:01.918 23893 23893 V Capacitor: callback: 130616337, pluginId: Agent, methodName: request, methodData: {"method":"GET","path":"\/api\/approvals","headers":{"authorization":"Bearer fee44c82c666d0a091976f9f6d0be803faa08314e541a227aae2dfa235f691bf","content-type":"application\/json","x-elizaos-client-id":"ui-febd0c1a-5c16-4cc7-b668-3f4ac7ecedcc","x-elizaos-ui-language":"en"},"body":null,"timeoutMs":10000}
06-30 16:11:01.918 23893 23893 I Capacitor/Console: File:  - Line 349 - Msg: [object Object]
06-30 16:11:01.919 23893 26505 I CapacitorCookies: Getting cookies at: 'http://127.0.0.1:31337/api/suggestions'
06-30 16:11:01.920 23893 23893 V Capacitor/Plugin: To native (Capacitor plugin): callbackId: 130616338, pluginId: Agent, methodName: request
06-30 16:11:01.920 23893 23893 V Capacitor: callback: 130616338, pluginId: Agent, methodName: request, methodData: {"method":"GET","path":"\/api\/apps\/feed\/agent\/activity?limit=5","headers":{"authorization":"Bearer fee44c82c666d0a091976f9f6d0be803faa08314e541a227aae2dfa235f691bf","content-type":"application\/json","x-elizaos-client-id":"ui-febd0c1a-5c16-4cc7-b668-3f4ac7ecedcc","x-elizaos-ui-language":"en"},"body":null,"timeoutMs":10000}
06-30 16:11:01.921 23893 23893 I Capacitor/Console: File:  - Line 349 - Msg: [object Object]
06-30 16:11:01.921 23893 26506 I CapacitorCookies: Getting cookies at: 'http://127.0.0.1:31337/api/local-inference/hub'
06-30 16:11:01.922 23893 23893 V Capacitor/Plugin: To native (Capacitor plugin): callbackId: 130616339, pluginId: Agent, methodName: request
06-30 16:11:01.923 23893 23893 V Capacitor: callback: 130616339, pluginId: Agent, methodName: request, methodData: {"method":"GET","path":"\/api\/relationships\/people","headers":{"authorization":"Bearer fee44c82c666d0a091976f9f6d0be803faa08314e541a227aae2dfa235f691bf","content-type":"application\/json","x-elizaos-client-id":"ui-febd0c1a-5c16-4cc7-b668-3f4ac7ecedcc","x-elizaos-ui-language":"en"},"body":null,"timeoutMs":10000}
06-30 16:11:01.924 23893 23893 I Capacitor/Console: File:  - Line 349 - Msg: [object Object]
06-30 16:11:01.925 23893 23893 V Capacitor/Plugin: To native (Capacitor plugin): callbackId: 130616340, pluginId: Agent, methodName: request
06-30 16:11:01.925 23893 23893 V Capacitor: callback: 130616340, pluginId: Agent, methodName: request, methodData: {"method":"GET","path":"\/api\/relationships\/candidates","headers":{"authorization":"Bearer fee44c82c666d0a091976f9f6d0be803faa08314e541a227aae2dfa235f691bf","content-type":"application\/json","x-elizaos-client-id":"ui-febd0c1a-5c16-4cc7-b668-3f4ac7ecedcc","x-elizaos-ui-language":"en"},"body":null,"timeoutMs":10000}
06-30 16:11:01.926 23893 23893 I Capacitor/Console: File:  - Line 349 - Msg: [object Object]
06-30 16:11:01.927 23893 26507 I CapacitorCookies: Getting cookies at: 'http://127.0.0.1:31337/api/approvals'
06-30 16:11:01.930 23893 23893 V Capacitor/Plugin: To native (Capacitor plugin): callbackId: 130616341, pluginId: Agent, methodName: request
06-30 16:11:01.931 23893 23893 V Capacitor: callback: 130616341, pluginId: Agent, methodName: request, methodData: {"method":"GET","path":"\/api\/connectors\/google\/accounts","headers":{"authorization":"Bearer fee44c82c666d0a091976f9f6d0be803faa08314e541a227aae2dfa235f691bf","content-type":"application\/json","x-elizaos-client-id":"ui-febd0c1a-5c16-4cc7-b668-3f4ac7ecedcc","x-elizaos-ui-language":"en"},"body":null,"timeoutMs":10000}
06-30 16:11:01.932 23893 23893 I Capacitor/Console: File:  - Line 349 - Msg: [object Object]
06-30 16:11:01.934 23893 23893 V Capacitor/Plugin: To native (Capacitor plugin): callbackId: 130616342, pluginId: Agent, methodName: request
06-30 16:11:01.936 23893 23893 V Capacitor: callback: 130616342, pluginId: Agent, methodName: request, methodData: {"method":"GET","path":"\/api\/wallet\/balances","headers":{"authorization":"Bearer fee44c82c666d0a091976f9f6d0be803faa08314e541a227aae2dfa235f691bf","content-type":"application\/json","x-elizaos-client-id":"ui-febd0c1a-5c16-4cc7-b668-3f4ac7ecedcc","x-elizaos-ui-language":"en"},"body":null,"timeoutMs":10000}
06-30 16:11:01.936 23893 23893 I Capacitor/Console: File:  - Line 349 - Msg: [object Object]
06-30 16:11:01.938 23893 26510 I CapacitorCookies: Getting cookies at: 'http://127.0.0.1:31337/api/relationships/candidates'
06-30 16:11:01.945 23893 26509 I CapacitorCookies: Getting cookies at: 'http://127.0.0.1:31337/api/relationships/people'
06-30 16:11:01.946 23893 26508 I CapacitorCookies: Getting cookies at: 'http://127.0.0.1:31337/api/apps/feed/agent/activity?limit=5'
06-30 16:11:01.950 23893 23893 V Capacitor/Plugin: To native (Capacitor plugin): callbackId: 130616343, pluginId: Agent, methodName: request
06-30 16:11:01.950 23893 23930 D Capacitor: Handling local request: https://localhost/brand/favicons/favicon-16x16.png
06-30 16:11:01.952 23893 23934 D Capacitor: Handling local request: https://localhost/api/local-inference/downloads/stream?token=fee44c82c666d0a091976f9f6d0be803faa08314e541a227aae2dfa235f691bf
06-30 16:11:01.953 23893 23893 V Capacitor: callback: 130616343, pluginId: Agent, methodName: request, methodData: {"method":"GET","path":"\/api\/automations","headers":{"authorization":"Bearer fee44c82c666d0a091976f9f6d0be803faa08314e541a227aae2dfa235f691bf","content-type":"application\/json","x-elizaos-client-id":"ui-febd0c1a-5c16-4cc7-b668-3f4ac7ecedcc","x-elizaos-ui-language":"en"},"body":null,"timeoutMs":10000}
06-30 16:11:01.953 23893 23893 I Capacitor/Console: File:  - Line 349 - Msg: [object Object]
06-30 16:11:01.957 23893 23893 V Capacitor/Plugin: To native (Capacitor plugin): callbackId: 130616344, pluginId: Agent, methodName: request
06-30 16:11:01.957 23893 23893 V Capacitor: callback: 130616344, pluginId: Agent, methodName: request, methodData: {"method":"GET","path":"\/api\/lifeops\/scheduled-tasks?ownerVisibleOnly=1","headers":{"authorization":"Bearer fee44c82c666d0a091976f9f6d0be803faa08314e541a227aae2dfa235f691bf","content-type":"application\/json","x-elizaos-client-id":"ui-febd0c1a-5c16-4cc7-b668-3f4ac7ecedcc","x-elizaos-ui-language":"en"},"body":null,"timeoutMs":10000}
06-30 16:11:01.958 23893 23893 I Capacitor/Console: File:  - Line 349 - Msg: [object Object]
06-30 16:11:01.959 23893 23930 D Capacitor: Handling local request: https://localhost/brand/favicons/favicon.ico
06-30 16:11:01.960 23893 23893 V Capacitor/Plugin: To native (Capacitor plugin): callbackId: 130616345, pluginId: Agent, methodName: request
06-30 16:11:01.960 23893 23934 D Capacitor: Handling local request: https://localhost/brand/favicons/favicon-32x32.png
06-30 16:11:01.962 23893 23893 V Capacitor: callback: 130616345, pluginId: Agent, methodName: request, methodData: {"method":"GET","path":"\/api\/conversations","headers":{"authorization":"Bearer fee44c82c666d0a091976f9f6d0be803faa08314e541a227aae2dfa235f691bf","content-type":"application\/json","x-elizaos-client-id":"ui-febd0c1a-5c16-4cc7-b668-3f4ac7ecedcc","x-elizaos-ui-language":"en"},"body":null,"timeoutMs":10000}
06-30 16:11:01.963 23893 23937 D Capacitor: Handling local request: https://localhost/brand/favicons/favicon.svg
06-30 16:11:01.969 23893 23930 D Capacitor: Handling local request: https://localhost/brand/favicons/favicon-16x16.png
06-30 16:11:01.970 23893 23938 D Capacitor: Handling local request: https://localhost/brand/favicons/favicon.svg
06-30 16:11:01.971 23893 23959 D Capacitor: Handling local request: https://localhost/brand/favicons/favicon.ico
06-30 16:11:01.971 23893 23951 D Capacitor: Handling local request: https://localhost/brand/favicons/favicon-32x32.png
06-30 16:11:01.981 23893 26511 I CapacitorCookies: Getting cookies at: 'http://127.0.0.1:31337/api/connectors/google/accounts'
06-30 16:11:01.986 23893 26513 I CapacitorCookies: Getting cookies at: 'http://127.0.0.1:31337/api/automations'
06-30 16:11:01.989 23893 26514 I CapacitorCookies: Getting cookies at: 'http://127.0.0.1:31337/api/lifeops/scheduled-tasks?ownerVisibleOnly=1'
06-30 16:11:01.992 23893 23915 D EGL_emulation: app_time_stats: avg=35.39ms min=3.37ms max=927.60ms count=30
06-30 16:11:01.993 23893 23893 I Capacitor/Console: File:  - Line 333 - Msg: {"status":404,"statusText":"Not Found","headers":{"connection":"keep-alive","content-length":"21","content-type":"application/json; charset=utf-8","date":"Tue, 30 Jun 2026 23:11:02 GMT","keep-alive":"timeout=60","x-android-received-millis":"1782861061927","x-android-response-source":"NETWORK 404","x-android-selected-protocol":"http/1.1","x-android-sent-millis":"1782861061922"},"body":"{\"error\":\"Not found\"}","bodyBase64":"eyJlcnJvciI6Ik5vdCBmb3VuZCJ9","bodyEncoding":"base64"}
06-30 16:11:01.993 23893 23893 I Capacitor/Console: File:  - Line 333 - Msg: {"status":200,"statusText":"OK","headers":{"connection":"keep-alive","content-length":"136","content-type":"application/json","date":"Tue, 30 Jun 2026 23:11:02 GMT","keep-alive":"timeout=60","referrer-policy":"strict-origin-when-cross-origin","x-android-received-millis":"1782861061934","x-android-response-source":"NETWORK 200","x-android-selected-protocol":"http/1.1","x-android-sent-millis":"1782861061922","x-content-type-options":"nosniff","x-frame-options":"DENY","x-xss-protection":"1; mode=block"},"body":"{\"suggestions\":[\"What's left today?\",\"What can you do?\",\"Summarize my day\"],\"tier\":\"heuristic\",\"generatedAt\":\"2026-06-30T23:11:02.935Z\"}","bodyBase64":"eyJzdWdnZXN0aW9ucyI6WyJXaGF0J3MgbGVmdCB0b2RheT8iLCJXaGF0IGNhbiB5b3UgZG8/IiwiU3VtbWFyaXplIG15IGRheSJdLCJ0aWVyIjoiaGV1cmlzdGljIiwiZ2VuZXJhdGVkQXQiOiIyMDI2LTA2LTMwVDIzOjExOjAyLjkzNVoifQ==","bodyEncoding":"base64"}
06-30 16:11:01.994 23893 23893 I Capacitor/Console: File:  - Line 333 - Msg: {"status":200,"statusText":"OK","headers":{"connection":"keep-alive","content-length":"53","content-type":"application/json","date":"Tue, 30 Jun 2026 23:11:02 GMT","keep-alive":"timeout=60","referrer-policy":"strict-origin-when-cross-origin","x-android-received-millis":"1782861061950","x-android-response-source":"NETWORK 200","x-android-selected-protocol":"http/1.1","x-android-sent-millis":"1782861061934","x-content-type-options":"nosniff","x-frame-options":"DENY","x-xss-protection":"1; mode=block"},"body":"{\"approvals\":[],\"pending\":[],\"pendingUserActions\":[]}","bodyBase64":"eyJhcHByb3ZhbHMiOltdLCJwZW5kaW5nIjpbXSwicGVuZGluZ1VzZXJBY3Rpb25zIjpbXX0=","bodyEncoding":"base64"}
06-30 16:11:01.995 23893 23893 E Capacitor/Console: File: https://localhost/chat - Line 0 - Msg: EventSource's response has a MIME type ("text/html") that is not "text/event-stream". Aborting the connection.
06-30 16:11:01.998   473 24184 D BufferPoolAccessor2.0: bufferpool2 0x787b8c05dc88 : 2(1048576 size) total buffers - 1(524288 size) used buffers - 590/592 (recycle/alloc) - 2/591 (fetch/transfer)
06-30 16:11:02.002 23893 26512 I CapacitorCookies: Getting cookies at: 'http://127.0.0.1:31337/api/wallet/balances'
06-30 16:11:02.005 23893 23893 I Capacitor/Console: File:  - Line 333 - Msg: {"status":200,"statusText":"OK","headers":{"connection":"keep-alive","content-length":"22","content-type":"application/json","date":"Tue, 30 Jun 2026 23:11:02 GMT","keep-alive":"timeout=60","referrer-policy":"strict-origin-when-cross-origin","x-android-received-millis":"1782861061956","x-android-response-source":"NETWORK 200","x-android-selected-protocol":"http/1.1","x-android-sent-millis":"1782861061947","x-content-type-options":"nosniff","x-frame-options":"DENY","x-xss-protection":"1; mode=block"},"body":"{\"items\":[],\"total\":0}","bodyBase64":"eyJpdGVtcyI6W10sInRvdGFsIjowfQ==","bodyEncoding":"base64"}
06-30 16:11:02.011 23893 26515 I CapacitorCookies: Getting cookies at: 'http://127.0.0.1:31337/api/conversations'
06-30 16:11:02.023 23893 23893 I Capacitor/Console: File:  - Line 333 - Msg: {"status":200,"statusText":"OK","headers":{"connection":"keep-alive","content-length":"11","content-type":"application/json","date":"Tue, 30 Jun 2026 23:11:02 GMT","keep-alive":"timeout=60","referrer-policy":"strict-origin-when-cross-origin","x-android-received-millis":"1782861061967","x-android-response-source":"NETWORK 200","x-android-selected-protocol":"http/1.1","x-android-sent-millis":"1782861061938","x-content-type-options":"nosniff","x-frame-options":"DENY","x-xss-protection":"1; mode=block"},"body":"{\"data\":[]}","bodyBase64":"eyJkYXRhIjpbXX0=","bodyEncoding":"base64"}
06-30 16:11:02.024 23893 23893 I Capacitor/Console: File:  - Line 333 - Msg: {"status":200,"statusText":"OK","headers":{"connection":"keep-alive","content-length":"574","content-type":"application/json","date":"Tue, 30 Jun 2026 23:11:02 GMT","keep-alive":"timeout=60","referrer-policy":"strict-origin-when-cross-origin","x-android-received-millis":"1782861061975","x-android-response-source":"NETWORK 200","x-android-selected-protocol":"http/1.1","x-android-sent-millis":"1782861061946","x-content-type-options":"nosniff","x-frame-options":"DENY","x-xss-protection":"1; mode=block"},"body":"{\"data\":[{\"groupId\":\"0afe069b-83d3-0ea3-aa07-a47dd72ade03\",\"primaryEntityId\":\"0afe069b-83d3-0ea3-aa07-a47dd72ade03\",\"memberEntityIds\":[\"0afe069b-83d3-0ea3-aa07-a47dd72ade03\"],\"displayName\":\"User\",\"aliases\":[],\"platforms\":[],\"identities\":[{\"entityId\":\"0afe069b-83d3-0ea3-aa07-a47dd72ade03\",\"names\":[\"User\"],\"platforms\":[],\"handles\":[]}],\"emails\":[],\"phones\":[],\"websites\":[],\"preferredCommunicationChannel\":null,\"categories\":[],\"tags\":[],\"factCount\":0,\"relationshipCount\":0,\"isOwner\":false,\"profiles\":[]}],\"stats\":{\"totalPeople\":1,\"totalRelationships\":0,\"totalIdentities\":1}}","bodyBase64":"eyJkYXRhIjpbeyJncm91cElkIjoiMGFmZTA2OWItODNkMy0wZWEzLWFhMDctYTQ3ZGQ3MmFkZTAzIiwicHJpbWFyeUVudGl0eUlkIjoiMGFmZTA2OWItODNkMy0wZWEzLWFhMDctYTQ3ZGQ3MmFkZTAzIiwibWVtYmVyRW50aXR5SWRzIjpbIjBhZmUwNjliLTgzZDMtMGVhMy1hYTA3LWE0N2RkNzJhZGUwMyJdLCJkaXNwbGF5TmFtZSI6IlVzZXIiLCJhbGlhc2VzIjpbXSwicGxhdGZvcm1zIjpbXSwiaWRlbnRpdGllcyI6W3siZW50aXR5SWQiOiIwYWZlMDY5Yi04M2QzLTBlYTMtYWEwNy1hNDdkZDcyYWRlMDMiLCJuYW1lcyI6WyJVc2VyIl0sInBsYXRmb3JtcyI6W10sImhhbmRsZXMiOltdfV0sImVtYWlscyI6W10sInBob25lcyI6W10sIndlYnNpdGVzIjpbXSwicHJlZmVycmVkQ29tbXVuaWNhdGlvbkNoYW5uZWwiOm51bGwsImNhdGVnb3JpZXMiOltdLCJ0YWdzIjpbXSwiZmFjdENvdW50IjowLCJyZWxhdGlvbnNoaXBDb3VudCI6MCwiaXNPd25lciI6ZmFsc2UsInByb2ZpbGVzIjpbXX1dLCJzdGF0cyI6eyJ0b3RhbFBlb3BsZSI6MSwidG90YWxSZWxhdGlvbnNoaXBzIjowLCJ0b3RhbElkZW50aXRpZXMiOjF9fQ==","bodyEncoding":"base64"}
06-30 16:11:02.025 23893 23893 I Capacitor/Console: File:  - Line 333 - Msg: {"status":404,"statusText":"Not Found","headers":{"connection":"keep-alive","content-length":"21","content-type":"application/json","date":"Tue, 30 Jun 2026 23:11:02 GMT","keep-alive":"timeout=60","referrer-policy":"strict-origin-when-cross-origin","x-android-received-millis":"1782861061994","x-android-response-source":"NETWORK 404","x-android-selected-protocol":"http/1.1","x-android-sent-millis":"1782861061990","x-content-type-options":"nosniff","x-frame-options":"DENY","x-xss-protection":"1; mode=block"},"body":"{\"error\":\"Not found\"}","bodyBase64":"eyJlcnJvciI6Ik5vdCBmb3VuZCJ9","bodyEncoding":"base64"}
06-30 16:11:02.026 23893 23893 I Capacitor/Console: File:  - Line 333 - Msg: {"status":404,"statusText":"Not Found","headers":{"connection":"keep-alive","content-length":"21","content-type":"application/json","date":"Tue, 30 Jun 2026 23:11:02 GMT","keep-alive":"timeout=60","referrer-policy":"strict-origin-when-cross-origin","x-android-received-millis":"1782861061992","x-android-response-source":"NETWORK 404","x-android-selected-protocol":"http/1.1","x-android-sent-millis":"1782861061987","x-content-type-options":"nosniff","x-frame-options":"DENY","x-xss-protection":"1; mode=block"},"body":"{\"error\":\"Not found\"}","bodyBase64":"eyJlcnJvciI6Ik5vdCBmb3VuZCJ9","bodyEncoding":"base64"}
06-30 16:11:02.029 23893 23893 I Capacitor/Console: File:  - Line 333 - Msg: {"status":404,"statusText":"Not Found","headers":{"connection":"keep-alive","content-length":"21","content-type":"application/json","date":"Tue, 30 Jun 2026 23:11:02 GMT","keep-alive":"timeout=60","referrer-policy":"strict-origin-when-cross-origin","x-android-received-millis":"1782861061996","x-android-response-source":"NETWORK 404","x-android-selected-protocol":"http/1.1","x-android-sent-millis":"1782861061990","x-content-type-options":"nosniff","x-frame-options":"DENY","x-xss-protection":"1; mode=block"},"body":"{\"error\":\"Not found\"}","bodyBase64":"eyJlcnJvciI6Ik5vdCBmb3VuZCJ9","bodyEncoding":"base64"}
06-30 16:11:02.029 23893 23893 I Capacitor/Console: File:  - Line 333 - Msg: {"status":200,"statusText":"OK","headers":{"connection":"keep-alive","content-length":"26","content-type":"application/json","date":"Tue, 30 Jun 2026 23:11:03 GMT","keep-alive":"timeout=60","referrer-policy":"strict-origin-when-cross-origin","x-android-received-millis":"1782861062008","x-android-response-source":"NETWORK 200","x-android-selected-protocol":"http/1.1","x-android-sent-millis":"1782861062003","x-content-type-options":"nosniff","x-frame-options":"DENY","x-xss-protection":"1; mode=block"},"body":"{\"evm\":null,\"solana\":null}","bodyBase64":"eyJldm0iOm51bGwsInNvbGFuYSI6bnVsbH0=","bodyEncoding":"base64"}
06-30 16:11:02.040 23893 23893 I Capacitor/Console: File:  - Line 333 - Msg: {"status":200,"statusText":"OK","headers":{"connection":"keep-alive","content-length":"210","content-type":"application/json","date":"Tue, 30 Jun 2026 23:11:03 GMT","keep-alive":"timeout=60","referrer-policy":"strict-origin-when-cross-origin","x-android-received-millis":"1782861062022","x-android-response-source":"NETWORK 200","x-android-selected-protocol":"http/1.1","x-android-sent-millis":"1782861062012","x-content-type-options":"nosniff","x-frame-options":"DENY","x-xss-protection":"1; mode=block"},"body":"{\"conversations\":[{\"id\":\"069a23ae-0bc6-489e-b645-225db63a098f\",\"title\":\"New Chat\",\"roomId\":\"eaec6e6a-f7f5-011f-88a3-fea92df26b30\",\"createdAt\":\"2026-06-30T18:07:18.664Z\",\"updatedAt\":\"2026-06-30T18:07:18.691Z\"}]}","bodyBase64":"eyJjb252ZXJzYXRpb25zIjpbeyJpZCI6IjA2OWEyM2FlLTBiYzYtNDg5ZS1iNjQ1LTIyNWRiNjNhMDk4ZiIsInRpdGxlIjoiTmV3IENoYXQiLCJyb29tSWQiOiJlYWVjNmU2YS1mN2Y1LTAxMWYtODhhMy1mZWE5MmRmMjZiMzAiLCJjcmVhdGVkQXQiOiIyMDI2LTA2LTMwVDE4OjA3OjE4LjY2NFoiLCJ1cGRhdGVkQXQiOiIyMDI2LTA2LTMwVDE4OjA3OjE4LjY5MVoifV19","bodyEncoding":"base64"}
06-30 16:11:02.045 23893 23893 I Capacitor/Console: File:  - Line 349 - Msg: [object Object]
06-30 16:11:02.046 23893 23893 V Capacitor/Plugin: To native (Capacitor plugin): callbackId: 130616346, pluginId: Agent, methodName: request
06-30 16:11:02.046 23893 23893 V Capacitor: callback: 130616346, pluginId: Agent, methodName: request, methodData: {"method":"GET","path":"\/api\/conversations\/069a23ae-0bc6-489e-b645-225db63a098f\/messages","headers":{"authorization":"Bearer fee44c82c666d0a091976f9f6d0be803faa08314e541a227aae2dfa235f691bf","content-type":"application\/json","x-elizaos-client-id":"ui-febd0c1a-5c16-4cc7-b668-3f4ac7ecedcc","x-elizaos-ui-language":"en"},"body":null,"timeoutMs":10000}
06-30 16:11:02.060 23893 26522 I CapacitorCookies: Getting cookies at: 'http://127.0.0.1:31337/api/conversations/069a23ae-0bc6-489e-b645-225db63a098f/messages'
06-30 16:11:02.083 23893 23893 I Capacitor/Console: File:  - Line 333 - Msg: {"status":200,"statusText":"OK","headers":{"connection":"keep-alive","content-length":"165","content-type":"application/json","date":"Tue, 30 Jun 2026 23:11:03 GMT","keep-alive":"timeout=60","referrer-policy":"strict-origin-when-cross-origin","x-android-received-millis":"1782861062076","x-android-response-source":"NETWORK 200","x-android-selected-protocol":"http/1.1","x-android-sent-millis":"1782861062065","x-content-type-options":"nosniff","x-frame-options":"DENY","x-xss-protection":"1; mode=block"},"body":"{\"messages\":[{\"id\":\"c5a52ecb-6efa-44fb-99cb-955adbce9a32\",\"role\":\"assistant\",\"text\":\"how are you doing today?\",\"timestamp\":1782842838686,\"source\":\"agent_greeting\"}]}","bodyBase64":"eyJtZXNzYWdlcyI6W3siaWQiOiJjNWE1MmVjYi02ZWZhLTQ0ZmItOTljYi05NTVhZGJjZTlhMzIiLCJyb2xlIjoiYXNzaXN0YW50IiwidGV4dCI6ImhvdyBhcmUgeW91IGRvaW5nIHRvZGF5PyIsInRpbWVzdGFtcCI6MTc4Mjg0MjgzODY4Niwic291cmNlIjoiYWdlbnRfZ3JlZXRpbmcifV19","bodyEncoding":"base64"}
06-30 16:11:02.232 23893 23893 I Capacitor/Console: File:  - Line 349 - Msg: [object Object]
06-30 16:11:02.233 23893 23893 V Capacitor/Plugin: To native (Capacitor plugin): callbackId: 130616347, pluginId: Agent, methodName: request
06-30 16:11:02.233 23893 23893 V Capacitor: callback: 130616347, pluginId: Agent, methodName: request, methodData: {"method":"GET","path":"\/api\/computer-use\/approvals","headers":{"authorization":"Bearer fee44c82c666d0a091976f9f6d0be803faa08314e541a227aae2dfa235f691bf","content-type":"application\/json","x-elizaos-client-id":"ui-febd0c1a-5c16-4cc7-b668-3f4ac7ecedcc","x-elizaos-ui-language":"en"},"body":null,"timeoutMs":10000}
06-30 16:11:02.238 23893 26553 I CapacitorCookies: Getting cookies at: 'http://127.0.0.1:31337/api/computer-use/approvals'
06-30 16:11:02.282 23893 23893 I Capacitor/Console: File:  - Line 333 - Msg: {"status":200,"statusText":"OK","headers":{"connection":"keep-alive","content-length":"62","content-type":"application/json; charset=utf-8","date":"Tue, 30 Jun 2026 23:11:03 GMT","keep-alive":"timeout=60","referrer-policy":"strict-origin-when-cross-origin","x-android-received-millis":"1782861062246","x-android-response-source":"NETWORK 200","x-android-selected-protocol":"http/1.1","x-android-sent-millis":"1782861062239","x-content-type-options":"nosniff","x-frame-options":"DENY","x-xss-protection":"1; mode=block"},"body":"{\"mode\":\"full_control\",\"pendingCount\":0,\"pendingApprovals\":[]}","bodyBase64":"eyJtb2RlIjoiZnVsbF9jb250cm9sIiwicGVuZGluZ0NvdW50IjowLCJwZW5kaW5nQXBwcm92YWxzIjpbXX0=","bodyEncoding":"base64"}
06-30 16:11:02.703 23893 23893 I Capacitor/Console: File: https://localhost/assets/vendor-crypto-CfKE6I5a.js - Line 5 - Msg: %c Info font-size: 12px; color: #0099ff; [ViewLifecycle] "help" mounted → active (show)
06-30 16:11:02.704 23893 23893 I Capacitor/Console: File: https://localhost/assets/vendor-crypto-CfKE6I5a.js - Line 5 - Msg: %c Info font-size: 12px; color: #0099ff; [ViewLifecycle] "tutorial" active → evicted (inactive)
06-30 16:11:02.735 23893 23930 D Capacitor: Handling local request: https://localhost/brand/favicons/favicon-16x16.png
06-30 16:11:02.737 23893 23930 D Capacitor: Handling local request: https://localhost/brand/favicons/favicon-32x32.png
06-30 16:11:02.740 23893 23930 D Capacitor: Handling local request: https://localhost/brand/favicons/favicon.ico
06-30 16:11:02.742 23893 23934 D Capacitor: Handling local request: https://localhost/brand/favicons/favicon-16x16.png
06-30 16:11:02.743 23893 23937 D Capacitor: Handling local request: https://localhost/brand/favicons/favicon-32x32.png
06-30 16:11:02.745 23893 23938 D Capacitor: Handling local request: https://localhost/brand/favicons/favicon.ico
06-30 16:11:02.746 23893 23951 D Capacitor: Handling local request: https://localhost/brand/favicons/favicon.svg
06-30 16:11:02.746 23893 23930 D Capacitor: Handling local request: https://localhost/brand/favicons/favicon.svg
06-30 16:11:02.993 23893 23930 D Capacitor: Handling local request: https://localhost/api/vision/capture-requests
06-30 16:11:03.104 23893 23930 D Capacitor: Handling local request: https://localhost/api/views/help/elements
06-30 16:11:03.542 23893 23893 I Capacitor/Console: File: https://localhost/assets/vendor-crypto-CfKE6I5a.js - Line 5 - Msg: %c Info font-size: 12px; color: #0099ff; [ViewLifecycle] "camera" mounted → active (show)
06-30 16:11:03.543 23893 23893 I Capacitor/Console: File: https://localhost/assets/vendor-crypto-CfKE6I5a.js - Line 5 - Msg: %c Info font-size: 12px; color: #0099ff; [ViewLifecycle] "help" active → evicted (inactive)
06-30 16:11:03.572 23893 23893 I Capacitor/Console: File:  - Line 349 - Msg: [object Object]
06-30 16:11:03.574 23893 23893 V Capacitor/Plugin: To native (Capacitor plugin): callbackId: 130616348, pluginId: Agent, methodName: request
06-30 16:11:03.575 23893 23893 V Capacitor: callback: 130616348, pluginId: Agent, methodName: request, methodData: {"method":"POST","path":"\/api\/suggestions","headers":{"authorization":"Bearer fee44c82c666d0a091976f9f6d0be803faa08314e541a227aae2dfa235f691bf","content-type":"application\/json","x-elizaos-client-id":"ui-febd0c1a-5c16-4cc7-b668-3f4ac7ecedcc","x-elizaos-ui-language":"en"},"body":"{\"messages\":[],\"hour\":16}","timeoutMs":6000}
06-30 16:11:03.575 23893 23893 I Capacitor/Console: File:  - Line 349 - Msg: [object Object]
06-30 16:11:03.575 23893 23893 V Capacitor/Plugin: To native (Capacitor plugin): callbackId: 130616349, pluginId: Agent, methodName: request
06-30 16:11:03.576 23893 23893 V Capacitor: callback: 130616349, pluginId: Agent, methodName: request, methodData: {"method":"GET","path":"\/api\/local-inference\/hub","headers":{"authorization":"Bearer fee44c82c666d0a091976f9f6d0be803faa08314e541a227aae2dfa235f691bf","content-type":"application\/json","x-elizaos-client-id":"ui-febd0c1a-5c16-4cc7-b668-3f4ac7ecedcc","x-elizaos-ui-language":"en"},"body":null,"timeoutMs":30000}
06-30 16:11:03.576 23893 23893 I Capacitor/Console: File:  - Line 349 - Msg: [object Object]
06-30 16:11:03.576 23893 23893 V Capacitor/Plugin: To native (Capacitor plugin): callbackId: 130616350, pluginId: Agent, methodName: request
06-30 16:11:03.577 23893 23893 V Capacitor: callback: 130616350, pluginId: Agent, methodName: request, methodData: {"method":"GET","path":"\/api\/approvals","headers":{"authorization":"Bearer fee44c82c666d0a091976f9f6d0be803faa08314e541a227aae2dfa235f691bf","content-type":"application\/json","x-elizaos-client-id":"ui-febd0c1a-5c16-4cc7-b668-3f4ac7ecedcc","x-elizaos-ui-language":"en"},"body":null,"timeoutMs":10000}
06-30 16:11:03.577 23893 23893 I Capacitor/Console: File:  - Line 349 - Msg: [object Object]
06-30 16:11:03.578 23893 23893 V Capacitor/Plugin: To native (Capacitor plugin): callbackId: 130616351, pluginId: Agent, methodName: request
06-30 16:11:03.578 23893 23893 V Capacitor: callback: 130616351, pluginId: Agent, methodName: request, methodData: {"method":"GET","path":"\/api\/apps\/feed\/agent\/activity?limit=5","headers":{"authorization":"Bearer fee44c82c666d0a091976f9f6d0be803faa08314e541a227aae2dfa235f691bf","content-type":"application\/json","x-elizaos-client-id":"ui-febd0c1a-5c16-4cc7-b668-3f4ac7ecedcc","x-elizaos-ui-language":"en"},"body":null,"timeoutMs":10000}
06-30 16:11:03.578 23893 23893 I Capacitor/Console: File:  - Line 349 - Msg: [object Object]
06-30 16:11:03.579 23893 23893 V Capacitor/Plugin: To native (Capacitor plugin): callbackId: 130616352, pluginId: Agent, methodName: request
06-30 16:11:03.579 23893 23893 V Capacitor: callback: 130616352, pluginId: Agent, methodName: request, methodData: {"method":"GET","path":"\/api\/relationships\/people","headers":{"authorization":"Bearer fee44c82c666d0a091976f9f6d0be803faa08314e541a227aae2dfa235f691bf","content-type":"application\/json","x-elizaos-client-id":"ui-febd0c1a-5c16-4cc7-b668-3f4ac7ecedcc","x-elizaos-ui-language":"en"},"body":null,"timeoutMs":10000}
06-30 16:11:03.579 23893 23893 I Capacitor/Console: File:  - Line 349 - Msg: [object Object]
06-30 16:11:03.580 23893 23893 V Capacitor/Plugin: To native (Capacitor plugin): callbackId: 130616353, pluginId: Agent, methodName: request
06-30 16:11:03.580 23893 23893 V Capacitor: callback: 130616353, pluginId: Agent, methodName: request, methodData: {"method":"GET","path":"\/api\/relationships\/candidates","headers":{"authorization":"Bearer fee44c82c666d0a091976f9f6d0be803faa08314e541a227aae2dfa235f691bf","content-type":"application\/json","x-elizaos-client-id":"ui-febd0c1a-5c16-4cc7-b668-3f4ac7ecedcc","x-elizaos-ui-language":"en"},"body":null,"timeoutMs":10000}
06-30 16:11:03.581 23893 23893 I Capacitor/Console: File:  - Line 349 - Msg: [object Object]
06-30 16:11:03.582 23893 23893 V Capacitor/Plugin: To native (Capacitor plugin): callbackId: 130616354, pluginId: Agent, methodName: request
06-30 16:11:03.583 23893 23893 V Capacitor: callback: 130616354, pluginId: Agent, methodName: request, methodData: {"method":"GET","path":"\/api\/connectors\/google\/accounts","headers":{"authorization":"Bearer fee44c82c666d0a091976f9f6d0be803faa08314e541a227aae2dfa235f691bf","content-type":"application\/json","x-elizaos-client-id":"ui-febd0c1a-5c16-4cc7-b668-3f4ac7ecedcc","x-elizaos-ui-language":"en"},"body":null,"timeoutMs":10000}
06-30 16:11:03.583 23893 23893 I Capacitor/Console: File:  - Line 349 - Msg: [object Object]
06-30 16:11:03.585 23893 23893 V Capacitor/Plugin: To native (Capacitor plugin): callbackId: 130616355, pluginId: Agent, methodName: request
06-30 16:11:03.585 23893 23893 V Capacitor: callback: 130616355, pluginId: Agent, methodName: request, methodData: {"method":"GET","path":"\/api\/wallet\/balances","headers":{"authorization":"Bearer fee44c82c666d0a091976f9f6d0be803faa08314e541a227aae2dfa235f691bf","content-type":"application\/json","x-elizaos-client-id":"ui-febd0c1a-5c16-4cc7-b668-3f4ac7ecedcc","x-elizaos-ui-language":"en"},"body":null,"timeoutMs":10000}
06-30 16:11:03.586 23893 23893 I Capacitor/Console: File:  - Line 349 - Msg: [object Object]
06-30 16:11:03.586 23893 26668 I CapacitorCookies: Getting cookies at: 'http://127.0.0.1:31337/api/suggestions'
06-30 16:11:03.587 23893 23893 V Capacitor/Plugin: To native (Capacitor plugin): callbackId: 130616356, pluginId: Agent, methodName: request
06-30 16:11:03.587 23893 23893 V Capacitor: callback: 130616356, pluginId: Agent, methodName: request, methodData: {"method":"GET","path":"\/api\/automations","headers":{"authorization":"Bearer fee44c82c666d0a091976f9f6d0be803faa08314e541a227aae2dfa235f691bf","content-type":"application\/json","x-elizaos-client-id":"ui-febd0c1a-5c16-4cc7-b668-3f4ac7ecedcc","x-elizaos-ui-language":"en"},"body":null,"timeoutMs":10000}
06-30 16:11:03.588 23893 23893 I Capacitor/Console: File:  - Line 349 - Msg: [object Object]
06-30 16:11:03.588 23893 23893 V Capacitor/Plugin: To native (Capacitor plugin): callbackId: 130616357, pluginId: Agent, methodName: request
06-30 16:11:03.589 23893 23893 V Capacitor: callback: 130616357, pluginId: Agent, methodName: request, methodData: {"method":"GET","path":"\/api\/lifeops\/scheduled-tasks?ownerVisibleOnly=1","headers":{"authorization":"Bearer fee44c82c666d0a091976f9f6d0be803faa08314e541a227aae2dfa235f691bf","content-type":"application\/json","x-elizaos-client-id":"ui-febd0c1a-5c16-4cc7-b668-3f4ac7ecedcc","x-elizaos-ui-language":"en"},"body":null,"timeoutMs":10000}
06-30 16:11:03.589 23893 23893 I Capacitor/Console: File:  - Line 349 - Msg: [object Object]
06-30 16:11:03.590 23893 26671 I CapacitorCookies: Getting cookies at: 'http://127.0.0.1:31337/api/apps/feed/agent/activity?limit=5'
06-30 16:11:03.596 23893 23893 V Capacitor/Plugin: To native (Capacitor plugin): callbackId: 130616358, pluginId: Agent, methodName: request
06-30 16:11:03.596 23893 23930 D Capacitor: Handling local request: https://localhost/brand/favicons/favicon-16x16.png
06-30 16:11:03.596 23893 23893 V Capacitor: callback: 130616358, pluginId: Agent, methodName: request, methodData: {"method":"GET","path":"\/api\/conversations","headers":{"authorization":"Bearer fee44c82c666d0a091976f9f6d0be803faa08314e541a227aae2dfa235f691bf","content-type":"application\/json","x-elizaos-client-id":"ui-febd0c1a-5c16-4cc7-b668-3f4ac7ecedcc","x-elizaos-ui-language":"en"},"body":null,"timeoutMs":10000}
06-30 16:11:03.597 23893 26670 I CapacitorCookies: Getting cookies at: 'http://127.0.0.1:31337/api/approvals'
06-30 16:11:03.599 23893 26674 I CapacitorCookies: Getting cookies at: 'http://127.0.0.1:31337/api/connectors/google/accounts'
06-30 16:11:03.599 23893 26672 I CapacitorCookies: Getting cookies at: 'http://127.0.0.1:31337/api/relationships/people'
06-30 16:11:03.602 23893 26677 I CapacitorCookies: Getting cookies at: 'http://127.0.0.1:31337/api/lifeops/scheduled-tasks?ownerVisibleOnly=1'
06-30 16:11:03.608 23893 26672 D TrafficStats: tagSocket(231) with statsTag=0xffffffff, statsUid=-1
06-30 16:11:03.610 23893 23934 D Capacitor: Handling local request: https://localhost/api/local-inference/downloads/stream?token=fee44c82c666d0a091976f9f6d0be803faa08314e541a227aae2dfa235f691bf
06-30 16:11:03.612 23893 26673 I CapacitorCookies: Getting cookies at: 'http://127.0.0.1:31337/api/relationships/candidates'
06-30 16:11:03.617 23893 26676 I CapacitorCookies: Getting cookies at: 'http://127.0.0.1:31337/api/automations'
06-30 16:11:03.626 23893 26675 I CapacitorCookies: Getting cookies at: 'http://127.0.0.1:31337/api/wallet/balances'
06-30 16:11:03.626 23893 23930 D Capacitor: Handling local request: https://localhost/brand/favicons/favicon-32x32.png
06-30 16:11:03.628 23893 23934 D Capacitor: Handling local request: https://localhost/brand/favicons/favicon.ico
06-30 16:11:03.629 23893 23937 D Capacitor: Handling local request: https://localhost/brand/favicons/favicon.svg
06-30 16:11:03.634 23893 23930 D Capacitor: Handling local request: https://localhost/brand/favicons/favicon-16x16.png
06-30 16:11:03.636 23893 23930 D Capacitor: Handling local request: https://localhost/brand/favicons/favicon-32x32.png
06-30 16:11:03.638 23893 26678 I CapacitorCookies: Getting cookies at: 'http://127.0.0.1:31337/api/conversations'
06-30 16:11:03.643 23893 26669 I CapacitorCookies: Getting cookies at: 'http://127.0.0.1:31337/api/local-inference/hub'
06-30 16:11:03.644 23893 23930 D Capacitor: Handling local request: https://localhost/brand/favicons/favicon.ico
06-30 16:11:03.648 23893 23930 D Capacitor: Handling local request: https://localhost/brand/favicons/favicon.svg
06-30 16:11:03.664 23893 23915 D EGL_emulation: app_time_stats: avg=25.91ms min=3.83ms max=899.57ms count=46
06-30 16:11:03.666 23893 23893 E Capacitor/Console: File: https://localhost/camera - Line 0 - Msg: EventSource's response has a MIME type ("text/html") that is not "text/event-stream". Aborting the connection.
06-30 16:11:03.681 23893 23893 I Capacitor/Console: File:  - Line 333 - Msg: {"status":200,"statusText":"OK","headers":{"connection":"keep-alive","content-length":"22","content-type":"application/json","date":"Tue, 30 Jun 2026 23:11:04 GMT","keep-alive":"timeout=60","referrer-policy":"strict-origin-when-cross-origin","x-android-received-millis":"1782861063615","x-android-response-source":"NETWORK 200","x-android-selected-protocol":"http/1.1","x-android-sent-millis":"1782861063599","x-content-type-options":"nosniff","x-frame-options":"DENY","x-xss-protection":"1; mode=block"},"body":"{\"items\":[],\"total\":0}","bodyBase64":"eyJpdGVtcyI6W10sInRvdGFsIjowfQ==","bodyEncoding":"base64"}
06-30 16:11:03.681 23893 23893 I Capacitor/Console: File:  - Line 333 - Msg: {"status":200,"statusText":"OK","headers":{"connection":"keep-alive","content-length":"136","content-type":"application/json","date":"Tue, 30 Jun 2026 23:11:04 GMT","keep-alive":"timeout=60","referrer-policy":"strict-origin-when-cross-origin","x-android-received-millis":"1782861063609","x-android-response-source":"NETWORK 200","x-android-selected-protocol":"http/1.1","x-android-sent-millis":"1782861063598","x-content-type-options":"nosniff","x-frame-options":"DENY","x-xss-protection":"1; mode=block"},"body":"{\"suggestions\":[\"What's left today?\",\"What can you do?\",\"Summarize my day\"],\"tier\":\"heuristic\",\"generatedAt\":\"2026-06-30T23:11:04.608Z\"}","bodyBase64":"eyJzdWdnZXN0aW9ucyI6WyJXaGF0J3MgbGVmdCB0b2RheT8iLCJXaGF0IGNhbiB5b3UgZG8/IiwiU3VtbWFyaXplIG15IGRheSJdLCJ0aWVyIjoiaGV1cmlzdGljIiwiZ2VuZXJhdGVkQXQiOiIyMDI2LTA2LTMwVDIzOjExOjA0LjYwOFoifQ==","bodyEncoding":"base64"}
06-30 16:11:03.682 23893 23893 I Capacitor/Console: File:  - Line 333 - Msg: {"status":200,"statusText":"OK","headers":{"connection":"keep-alive","content-length":"53","content-type":"application/json","date":"Tue, 30 Jun 2026 23:11:04 GMT","keep-alive":"timeout=60","referrer-policy":"strict-origin-when-cross-origin","x-android-received-millis":"1782861063619","x-android-response-source":"NETWORK 200","x-android-selected-protocol":"http/1.1","x-android-sent-millis":"1782861063600","x-content-type-options":"nosniff","x-frame-options":"DENY","x-xss-protection":"1; mode=block"},"body":"{\"approvals\":[],\"pending\":[],\"pendingUserActions\":[]}","bodyBase64":"eyJhcHByb3ZhbHMiOltdLCJwZW5kaW5nIjpbXSwicGVuZGluZ1VzZXJBY3Rpb25zIjpbXX0=","bodyEncoding":"base64"}
06-30 16:11:03.682 23893 23893 I Capacitor/Console: File:  - Line 333 - Msg: {"status":404,"statusText":"Not Found","headers":{"connection":"keep-alive","content-length":"21","content-type":"application/json","date":"Tue, 30 Jun 2026 23:11:04 GMT","keep-alive":"timeout=60","referrer-policy":"strict-origin-when-cross-origin","x-android-received-millis":"1782861063623","x-android-response-source":"NETWORK 404","x-android-selected-protocol":"http/1.1","x-android-sent-millis":"1782861063602","x-content-type-options":"nosniff","x-frame-options":"DENY","x-xss-protection":"1; mode=block"},"body":"{\"error\":\"Not found\"}","bodyBase64":"eyJlcnJvciI6Ik5vdCBmb3VuZCJ9","bodyEncoding":"base64"}
06-30 16:11:03.682 23893 23893 I Capacitor/Console: File:  - Line 333 - Msg: {"status":200,"statusText":"OK","headers":{"connection":"keep-alive","content-length":"11","content-type":"application/json","date":"Tue, 30 Jun 2026 23:11:04 GMT","keep-alive":"timeout=60","referrer-policy":"strict-origin-when-cross-origin","x-android-received-millis":"1782861063631","x-android-response-source":"NETWORK 200","x-android-selected-protocol":"http/1.1","x-android-sent-millis":"1782861063618","x-content-type-options":"nosniff","x-frame-options":"DENY","x-xss-protection":"1; mode=block"},"body":"{\"data\":[]}","bodyBase64":"eyJkYXRhIjpbXX0=","bodyEncoding":"base64"}
06-30 16:11:03.682 23893 23893 I Capacitor/Console: File:  - Line 333 - Msg: {"status":200,"statusText":"OK","headers":{"connection":"keep-alive","content-length":"574","content-type":"application/json","date":"Tue, 30 Jun 2026 23:11:04 GMT","keep-alive":"timeout=60","referrer-policy":"strict-origin-when-cross-origin","x-android-received-millis":"1782861063636","x-android-response-source":"NETWORK 200","x-android-selected-protocol":"http/1.1","x-android-sent-millis":"1782861063616","x-content-type-options":"nosniff","x-frame-options":"DENY","x-xss-protection":"1; mode=block"},"body":"{\"data\":[{\"groupId\":\"0afe069b-83d3-0ea3-aa07-a47dd72ade03\",\"primaryEntityId\":\"0afe069b-83d3-0ea3-aa07-a47dd72ade03\",\"memberEntityIds\":[\"0afe069b-83d3-0ea3-aa07-a47dd72ade03\"],\"displayName\":\"User\",\"aliases\":[],\"platforms\":[],\"identities\":[{\"entityId\":\"0afe069b-83d3-0ea3-aa07-a47dd72ade03\",\"names\":[\"User\"],\"platforms\":[],\"handles\":[]}],\"emails\":[],\"phones\":[],\"websites\":[],\"preferredCommunicationChannel\":null,\"categories\":[],\"tags\":[],\"factCount\":0,\"relationshipCount\":0,\"isOwner\":false,\"profiles\":[]}],\"stats\":{\"totalPeople\":1,\"totalRelationships\":0,\"totalIdentities\":1}}","bodyBase64":"eyJkYXRhIjpbeyJncm91cElkIjoiMGFmZTA2OWItODNkMy0wZWEzLWFhMDctYTQ3ZGQ3MmFkZTAzIiwicHJpbWFyeUVudGl0eUlkIjoiMGFmZTA2OWItODNkMy0wZWEzLWFhMDctYTQ3ZGQ3MmFkZTAzIiwibWVtYmVyRW50aXR5SWRzIjpbIjBhZmUwNjliLTgzZDMtMGVhMy1hYTA3LWE0N2RkNzJhZGUwMyJdLCJkaXNwbGF5TmFtZSI6IlVzZXIiLCJhbGlhc2VzIjpbXSwicGxhdGZvcm1zIjpbXSwiaWRlbnRpdGllcyI6W3siZW50aXR5SWQiOiIwYWZlMDY5Yi04M2QzLTBlYTMtYWEwNy1hNDdkZDcyYWRlMDMiLCJuYW1lcyI6WyJVc2VyIl0sInBsYXRmb3JtcyI6W10sImhhbmRsZXMiOltdfV0sImVtYWlscyI6W10sInBob25lcyI6W10sIndlYnNpdGVzIjpbXSwicHJlZmVycmVkQ29tbXVuaWNhdGlvbkNoYW5uZWwiOm51bGwsImNhdGVnb3JpZXMiOltdLCJ0YWdzIjpbXSwiZmFjdENvdW50IjowLCJyZWxhdGlvbnNoaXBDb3VudCI6MCwiaXNPd25lciI6ZmFsc2UsInByb2ZpbGVzIjpbXX1dLCJzdGF0cyI6eyJ0b3RhbFBlb3BsZSI6MSwidG90YWxSZWxhdGlvbnNoaXBzIjowLCJ0b3RhbElkZW50aXRpZXMiOjF9fQ==","bodyEncoding":"base64"}
06-30 16:11:03.683 23893 23893 I Capacitor/Console: File:  - Line 333 - Msg: {"status":404,"statusText":"Not Found","headers":{"connection":"keep-alive","content-length":"21","content-type":"application/json","date":"Tue, 30 Jun 2026 23:11:04 GMT","keep-alive":"timeout=60","referrer-policy":"strict-origin-when-cross-origin","x-android-received-millis":"1782861063627","x-android-response-source":"NETWORK 404","x-android-selected-protocol":"http/1.1","x-android-sent-millis":"1782861063603","x-content-type-options":"nosniff","x-frame-options":"DENY","x-xss-protection":"1; mode=block"},"body":"{\"error\":\"Not found\"}","bodyBase64":"eyJlcnJvciI6Ik5vdCBmb3VuZCJ9","bodyEncoding":"base64"}
06-30 16:11:03.683 23893 23893 I Capacitor/Console: File:  - Line 333 - Msg: {"status":200,"statusText":"OK","headers":{"connection":"keep-alive","content-length":"26","content-type":"application/json","date":"Tue, 30 Jun 2026 23:11:04 GMT","keep-alive":"timeout=60","referrer-policy":"strict-origin-when-cross-origin","x-android-received-millis":"1782861063640","x-android-response-source":"NETWORK 200","x-android-selected-protocol":"http/1.1","x-android-sent-millis":"1782861063632","x-content-type-options":"nosniff","x-frame-options":"DENY","x-xss-protection":"1; mode=block"},"body":"{\"evm\":null,\"solana\":null}","bodyBase64":"eyJldm0iOm51bGwsInNvbGFuYSI6bnVsbH0=","bodyEncoding":"base64"}
06-30 16:11:03.691 23893 23893 I Capacitor/Console: File:  - Line 333 - Msg: {"status":404,"statusText":"Not Found","headers":{"connection":"keep-alive","content-length":"21","content-type":"application/json","date":"Tue, 30 Jun 2026 23:11:04 GMT","keep-alive":"timeout=60","referrer-policy":"strict-origin-when-cross-origin","x-android-received-millis":"1782861063645","x-android-response-source":"NETWORK 404","x-android-selected-protocol":"http/1.1","x-android-sent-millis":"1782861063630","x-content-type-options":"nosniff","x-frame-options":"DENY","x-xss-protection":"1; mode=block"},"body":"{\"error\":\"Not found\"}","bodyBase64":"eyJlcnJvciI6Ik5vdCBmb3VuZCJ9","bodyEncoding":"base64"}
06-30 16:11:03.691 23893 23893 I Capacitor/Console: File:  - Line 333 - Msg: {"status":200,"statusText":"OK","headers":{"connection":"keep-alive","content-length":"210","content-type":"application/json","date":"Tue, 30 Jun 2026 23:11:04 GMT","keep-alive":"timeout=60","referrer-policy":"strict-origin-when-cross-origin","x-android-received-millis":"1782861063648","x-android-response-source":"NETWORK 200","x-android-selected-protocol":"http/1.1","x-android-sent-millis":"1782861063642","x-content-type-options":"nosniff","x-frame-options":"DENY","x-xss-protection":"1; mode=block"},"body":"{\"conversations\":[{\"id\":\"069a23ae-0bc6-489e-b645-225db63a098f\",\"title\":\"New Chat\",\"roomId\":\"eaec6e6a-f7f5-011f-88a3-fea92df26b30\",\"createdAt\":\"2026-06-30T18:07:18.664Z\",\"updatedAt\":\"2026-06-30T18:07:18.691Z\"}]}","bodyBase64":"eyJjb252ZXJzYXRpb25zIjpbeyJpZCI6IjA2OWEyM2FlLTBiYzYtNDg5ZS1iNjQ1LTIyNWRiNjNhMDk4ZiIsInRpdGxlIjoiTmV3IENoYXQiLCJyb29tSWQiOiJlYWVjNmU2YS1mN2Y1LTAxMWYtODhhMy1mZWE5MmRmMjZiMzAiLCJjcmVhdGVkQXQiOiIyMDI2LTA2LTMwVDE4OjA3OjE4LjY2NFoiLCJ1cGRhdGVkQXQiOiIyMDI2LTA2LTMwVDE4OjA3OjE4LjY5MVoifV19","bodyEncoding":"base64"}
06-30 16:11:03.691 23893 23893 I Capacitor/Console: File:  - Line 333 - Msg: {"status":404,"statusText":"Not Found","headers":{"connection":"keep-alive","content-length":"21","content-type":"application/json; charset=utf-8","date":"Tue, 30 Jun 2026 23:11:04 GMT","keep-alive":"timeout=60","x-android-received-millis":"1782861063649","x-android-response-source":"NETWORK 404","x-android-selected-protocol":"http/1.1","x-android-sent-millis":"1782861063643"},"body":"{\"error\":\"Not found\"}","bodyBase64":"eyJlcnJvciI6Ik5vdCBmb3VuZCJ9","bodyEncoding":"base64"}
06-30 16:11:03.706 23893 23893 I Capacitor/Console: File:  - Line 349 - Msg: [object Object]
06-30 16:11:03.707 23893 23893 V Capacitor/Plugin: To native (Capacitor plugin): callbackId: 130616359, pluginId: Agent, methodName: request
06-30 16:11:03.708 23893 23893 V Capacitor: callback: 130616359, pluginId: Agent, methodName: request, methodData: {"method":"GET","path":"\/api\/conversations\/069a23ae-0bc6-489e-b645-225db63a098f\/messages","headers":{"authorization":"Bearer fee44c82c666d0a091976f9f6d0be803faa08314e541a227aae2dfa235f691bf","content-type":"application\/json","x-elizaos-client-id":"ui-febd0c1a-5c16-4cc7-b668-3f4ac7ecedcc","x-elizaos-ui-language":"en"},"body":null,"timeoutMs":10000}
06-30 16:11:03.712 23893 26685 I CapacitorCookies: Getting cookies at: 'http://127.0.0.1:31337/api/conversations/069a23ae-0bc6-489e-b645-225db63a098f/messages'
06-30 16:11:03.717 23893 23893 I Capacitor/Console: File:  - Line 349 - Msg: [object Object]
06-30 16:11:03.718 23893 23893 V Capacitor/Plugin: To native (Capacitor plugin): callbackId: 130616360, pluginId: Agent, methodName: request
06-30 16:11:03.718 23893 23893 V Capacitor: callback: 130616360, pluginId: Agent, methodName: request, methodData: {"method":"GET","path":"\/api\/computer-use\/approvals","headers":{"authorization":"Bearer fee44c82c666d0a091976f9f6d0be803faa08314e541a227aae2dfa235f691bf","content-type":"application\/json","x-elizaos-client-id":"ui-febd0c1a-5c16-4cc7-b668-3f4ac7ecedcc","x-elizaos-ui-language":"en"},"body":null,"timeoutMs":10000}
06-30 16:11:03.722 23893 26686 I CapacitorCookies: Getting cookies at: 'http://127.0.0.1:31337/api/computer-use/approvals'
06-30 16:11:03.726 23893 23893 I Capacitor/Console: File:  - Line 333 - Msg: {"status":200,"statusText":"OK","headers":{"connection":"keep-alive","content-length":"165","content-type":"application/json","date":"Tue, 30 Jun 2026 23:11:04 GMT","keep-alive":"timeout=60","referrer-policy":"strict-origin-when-cross-origin","x-android-received-millis":"1782861063721","x-android-response-source":"NETWORK 200","x-android-selected-protocol":"http/1.1","x-android-sent-millis":"1782861063713","x-content-type-options":"nosniff","x-frame-options":"DENY","x-xss-protection":"1; mode=block"},"body":"{\"messages\":[{\"id\":\"c5a52ecb-6efa-44fb-99cb-955adbce9a32\",\"role\":\"assistant\",\"text\":\"how are you doing today?\",\"timestamp\":1782842838686,\"source\":\"agent_greeting\"}]}","bodyBase64":"eyJtZXNzYWdlcyI6W3siaWQiOiJjNWE1MmVjYi02ZWZhLTQ0ZmItOTljYi05NTVhZGJjZTlhMzIiLCJyb2xlIjoiYXNzaXN0YW50IiwidGV4dCI6ImhvdyBhcmUgeW91IGRvaW5nIHRvZGF5PyIsInRpbWVzdGFtcCI6MTc4Mjg0MjgzODY4Niwic291cmNlIjoiYWdlbnRfZ3JlZXRpbmcifV19","bodyEncoding":"base64"}
06-30 16:11:03.732 23893 23893 I Capacitor/Console: File:  - Line 333 - Msg: {"status":200,"statusText":"OK","headers":{"connection":"keep-alive","content-length":"62","content-type":"application/json; charset=utf-8","date":"Tue, 30 Jun 2026 23:11:04 GMT","keep-alive":"timeout=60","referrer-policy":"strict-origin-when-cross-origin","x-android-received-millis":"1782861063729","x-android-response-source":"NETWORK 200","x-android-selected-protocol":"http/1.1","x-android-sent-millis":"1782861063724","x-content-type-options":"nosniff","x-frame-options":"DENY","x-xss-protection":"1; mode=block"},"body":"{\"mode\":\"full_control\",\"pendingCount\":0,\"pendingApprovals\":[]}","bodyBase64":"eyJtb2RlIjoiZnVsbF9jb250cm9sIiwicGVuZGluZ0NvdW50IjowLCJwZW5kaW5nQXBwcm92YWxzIjpbXX0=","bodyEncoding":"base64"}
06-30 16:11:04.322 23893 23893 I Capacitor/Console: File:  - Line 349 - Msg: [object Object]
06-30 16:11:04.324 23893 23893 V Capacitor/Plugin: To native (Capacitor plugin): callbackId: 130616361, pluginId: TalkMode, methodName: checkPermissions
06-30 16:11:04.324 23893 23893 V Capacitor: callback: 130616361, pluginId: TalkMode, methodName: checkPermissions, methodData: {}
06-30 16:11:04.325 23893 23893 I Capacitor/Console: File:  - Line 349 - Msg: [object Object]
06-30 16:11:04.326 23893 23893 V Capacitor/Plugin: To native (Capacitor plugin): callbackId: 130616362, pluginId: TalkMode, methodName: stopSpeaking
06-30 16:11:04.326 23893 23893 V Capacitor: callback: 130616362, pluginId: TalkMode, methodName: stopSpeaking, methodData: {}
06-30 16:11:04.328 23893 23893 I Capacitor/Console: File: https://localhost/assets/vendor-crypto-CfKE6I5a.js - Line 5 - Msg: %c Info font-size: 12px; color: #0099ff; [ViewLifecycle] "character" mounted → active (show)
06-30 16:11:04.328 23893 23893 I Capacitor/Console: File: https://localhost/assets/vendor-crypto-CfKE6I5a.js - Line 5 - Msg: %c Info font-size: 12px; color: #0099ff; [ViewLifecycle] "camera" active → evicted (inactive)
06-30 16:11:04.339 23893 23893 I Capacitor/Console: File:  - Line 349 - Msg: [object Object]
06-30 16:11:04.340 23893 23893 V Capacitor/Plugin: To native (Capacitor plugin): callbackId: 130616363, pluginId: Agent, methodName: request
06-30 16:11:04.340 23893 23893 V Capacitor: callback: 130616363, pluginId: Agent, methodName: request, methodData: {"method":"GET","path":"\/api\/documents?limit=100","headers":{"authorization":"Bearer fee44c82c666d0a091976f9f6d0be803faa08314e541a227aae2dfa235f691bf","content-type":"application\/json","x-elizaos-client-id":"ui-febd0c1a-5c16-4cc7-b668-3f4ac7ecedcc","x-elizaos-ui-language":"en"},"body":null,"timeoutMs":10000}
06-30 16:11:04.340 23893 23893 I Capacitor/Console: File:  - Line 349 - Msg: [object Object]
06-30 16:11:04.342 23893 23893 V Capacitor/Plugin: To native (Capacitor plugin): callbackId: 130616364, pluginId: Agent, methodName: request
