06-30 15:48:29.833 16261 16261 V Capacitor: callback: 29433451, pluginId: Agent, methodName: request, methodData: {"method":"POST","path":"\/api\/suggestions","headers":{"authorization":"Bearer 3d7b80a98c6b54562d63c4aa8a394d91aa60b73a7c1bc26cfe9c16dddc7f73e0","content-type":"application\/json","x-elizaos-client-id":"ui-c8a1a02c-d636-4d84-9cf5-de6adc8da961","x-elizaos-ui-language":"en"},"body":"{\"messages\":[],\"hour\":15}","timeoutMs":6000}
06-30 15:48:29.834 16261 16261 I Capacitor/Console: File:  - Line 349 - Msg: [object Object]
06-30 15:48:29.835 16261 16261 V Capacitor/Plugin: To native (Capacitor plugin): callbackId: 29433452, pluginId: Agent, methodName: request
06-30 15:48:29.835 16261 16261 V Capacitor: callback: 29433452, pluginId: Agent, methodName: request, methodData: {"method":"GET","path":"\/api\/local-inference\/hub","headers":{"authorization":"Bearer 3d7b80a98c6b54562d63c4aa8a394d91aa60b73a7c1bc26cfe9c16dddc7f73e0","content-type":"application\/json","x-elizaos-client-id":"ui-c8a1a02c-d636-4d84-9cf5-de6adc8da961","x-elizaos-ui-language":"en"},"body":null,"timeoutMs":30000}
06-30 15:48:29.836 16261 16261 I Capacitor/Console: File:  - Line 349 - Msg: [object Object]
06-30 15:48:29.837 16261 16261 V Capacitor/Plugin: To native (Capacitor plugin): callbackId: 29433453, pluginId: Agent, methodName: request
06-30 15:48:29.837 16261 16261 V Capacitor: callback: 29433453, pluginId: Agent, methodName: request, methodData: {"method":"GET","path":"\/api\/approvals","headers":{"authorization":"Bearer 3d7b80a98c6b54562d63c4aa8a394d91aa60b73a7c1bc26cfe9c16dddc7f73e0","content-type":"application\/json","x-elizaos-client-id":"ui-c8a1a02c-d636-4d84-9cf5-de6adc8da961","x-elizaos-ui-language":"en"},"body":null,"timeoutMs":10000}
06-30 15:48:29.838 16261 16261 I Capacitor/Console: File:  - Line 349 - Msg: [object Object]
06-30 15:48:29.839 16261 16261 V Capacitor/Plugin: To native (Capacitor plugin): callbackId: 29433454, pluginId: Agent, methodName: request
06-30 15:48:29.840 16261 16261 V Capacitor: callback: 29433454, pluginId: Agent, methodName: request, methodData: {"method":"GET","path":"\/api\/apps\/feed\/agent\/activity?limit=5","headers":{"authorization":"Bearer 3d7b80a98c6b54562d63c4aa8a394d91aa60b73a7c1bc26cfe9c16dddc7f73e0","content-type":"application\/json","x-elizaos-client-id":"ui-c8a1a02c-d636-4d84-9cf5-de6adc8da961","x-elizaos-ui-language":"en"},"body":null,"timeoutMs":10000}
06-30 15:48:29.840 16261 16261 I Capacitor/Console: File:  - Line 349 - Msg: [object Object]
06-30 15:48:29.841 16261 16261 V Capacitor/Plugin: To native (Capacitor plugin): callbackId: 29433455, pluginId: Agent, methodName: request
06-30 15:48:29.842 16261 16261 V Capacitor: callback: 29433455, pluginId: Agent, methodName: request, methodData: {"method":"GET","path":"\/api\/relationships\/people","headers":{"authorization":"Bearer 3d7b80a98c6b54562d63c4aa8a394d91aa60b73a7c1bc26cfe9c16dddc7f73e0","content-type":"application\/json","x-elizaos-client-id":"ui-c8a1a02c-d636-4d84-9cf5-de6adc8da961","x-elizaos-ui-language":"en"},"body":null,"timeoutMs":10000}
06-30 15:48:29.842 16261 16261 I Capacitor/Console: File:  - Line 349 - Msg: [object Object]
06-30 15:48:29.843 16261 16261 V Capacitor/Plugin: To native (Capacitor plugin): callbackId: 29433456, pluginId: Agent, methodName: request
06-30 15:48:29.843 16261 16261 V Capacitor: callback: 29433456, pluginId: Agent, methodName: request, methodData: {"method":"GET","path":"\/api\/relationships\/candidates","headers":{"authorization":"Bearer 3d7b80a98c6b54562d63c4aa8a394d91aa60b73a7c1bc26cfe9c16dddc7f73e0","content-type":"application\/json","x-elizaos-client-id":"ui-c8a1a02c-d636-4d84-9cf5-de6adc8da961","x-elizaos-ui-language":"en"},"body":null,"timeoutMs":10000}
06-30 15:48:29.844 16261 16261 I Capacitor/Console: File:  - Line 349 - Msg: [object Object]
06-30 15:48:29.845 16261 16261 V Capacitor/Plugin: To native (Capacitor plugin): callbackId: 29433457, pluginId: Agent, methodName: request
06-30 15:48:29.846 16261 16261 V Capacitor: callback: 29433457, pluginId: Agent, methodName: request, methodData: {"method":"GET","path":"\/api\/connectors\/google\/accounts","headers":{"authorization":"Bearer 3d7b80a98c6b54562d63c4aa8a394d91aa60b73a7c1bc26cfe9c16dddc7f73e0","content-type":"application\/json","x-elizaos-client-id":"ui-c8a1a02c-d636-4d84-9cf5-de6adc8da961","x-elizaos-ui-language":"en"},"body":null,"timeoutMs":10000}
06-30 15:48:29.847 16261 16310 D Capacitor: Handling local request: https://localhost/api/local-inference/downloads/stream?token=3d7b80a98c6b54562d63c4aa8a394d91aa60b73a7c1bc26cfe9c16dddc7f73e0
06-30 15:48:29.847 16261 16309 D Capacitor: Handling local request: https://localhost/brand/favicons/favicon-16x16.png
06-30 15:48:29.848 16261 18832 I CapacitorCookies: Getting cookies at: 'http://127.0.0.1:31337/api/suggestions'
06-30 15:48:29.865 16261 16261 I Capacitor/Console: File:  - Line 349 - Msg: [object Object]
06-30 15:48:29.866 16261 16261 V Capacitor/Plugin: To native (Capacitor plugin): callbackId: 29433458, pluginId: Agent, methodName: request
06-30 15:48:29.867 16261 16261 V Capacitor: callback: 29433458, pluginId: Agent, methodName: request, methodData: {"method":"GET","path":"\/api\/wallet\/balances","headers":{"authorization":"Bearer 3d7b80a98c6b54562d63c4aa8a394d91aa60b73a7c1bc26cfe9c16dddc7f73e0","content-type":"application\/json","x-elizaos-client-id":"ui-c8a1a02c-d636-4d84-9cf5-de6adc8da961","x-elizaos-ui-language":"en"},"body":null,"timeoutMs":10000}
06-30 15:48:29.868 16261 16261 I Capacitor/Console: File:  - Line 349 - Msg: [object Object]
06-30 15:48:29.869 16261 18834 I CapacitorCookies: Getting cookies at: 'http://127.0.0.1:31337/api/approvals'
06-30 15:48:29.873 16261 16261 V Capacitor/Plugin: To native (Capacitor plugin): callbackId: 29433459, pluginId: Agent, methodName: request
06-30 15:48:29.873 16261 16261 V Capacitor: callback: 29433459, pluginId: Agent, methodName: request, methodData: {"method":"GET","path":"\/api\/automations","headers":{"authorization":"Bearer 3d7b80a98c6b54562d63c4aa8a394d91aa60b73a7c1bc26cfe9c16dddc7f73e0","content-type":"application\/json","x-elizaos-client-id":"ui-c8a1a02c-d636-4d84-9cf5-de6adc8da961","x-elizaos-ui-language":"en"},"body":null,"timeoutMs":10000}
06-30 15:48:29.874 16261 16261 I Capacitor/Console: File:  - Line 349 - Msg: [object Object]
06-30 15:48:29.875 16261 16261 V Capacitor/Plugin: To native (Capacitor plugin): callbackId: 29433460, pluginId: Agent, methodName: request
06-30 15:48:29.876 16261 16261 V Capacitor: callback: 29433460, pluginId: Agent, methodName: request, methodData: {"method":"GET","path":"\/api\/lifeops\/scheduled-tasks?ownerVisibleOnly=1","headers":{"authorization":"Bearer 3d7b80a98c6b54562d63c4aa8a394d91aa60b73a7c1bc26cfe9c16dddc7f73e0","content-type":"application\/json","x-elizaos-client-id":"ui-c8a1a02c-d636-4d84-9cf5-de6adc8da961","x-elizaos-ui-language":"en"},"body":null,"timeoutMs":10000}
06-30 15:48:29.877 16261 16309 D Capacitor: Handling local request: https://localhost/brand/favicons/favicon-32x32.png
06-30 15:48:29.877 16261 16310 D Capacitor: Handling local request: https://localhost/brand/favicons/favicon.ico
06-30 15:48:29.878 16261 16261 I Capacitor/Console: File:  - Line 349 - Msg: [object Object]
06-30 15:48:29.878 16261 16311 D Capacitor: Handling local request: https://localhost/brand/favicons/favicon.svg
06-30 15:48:29.879 16261 16309 D Capacitor: Handling local request: https://localhost/brand/favicons/favicon-16x16.png
06-30 15:48:29.879 16261 16261 V Capacitor/Plugin: To native (Capacitor plugin): callbackId: 29433461, pluginId: Agent, methodName: request
06-30 15:48:29.879 16261 16261 V Capacitor: callback: 29433461, pluginId: Agent, methodName: request, methodData: {"method":"GET","path":"\/api\/conversations","headers":{"authorization":"Bearer 3d7b80a98c6b54562d63c4aa8a394d91aa60b73a7c1bc26cfe9c16dddc7f73e0","content-type":"application\/json","x-elizaos-client-id":"ui-c8a1a02c-d636-4d84-9cf5-de6adc8da961","x-elizaos-ui-language":"en"},"body":null,"timeoutMs":10000}
06-30 15:48:29.879 16261 18839 I CapacitorCookies: Getting cookies at: 'http://127.0.0.1:31337/api/wallet/balances'
06-30 15:48:29.879 16261 18833 I CapacitorCookies: Getting cookies at: 'http://127.0.0.1:31337/api/local-inference/hub'
06-30 15:48:29.881 16261 16309 D Capacitor: Handling local request: https://localhost/brand/favicons/favicon-32x32.png
06-30 15:48:29.890 16261 16327 D Capacitor: Handling local request: https://localhost/brand/favicons/favicon.ico
06-30 15:48:29.894 16261 18842 I CapacitorCookies: Getting cookies at: 'http://127.0.0.1:31337/api/automations'
06-30 15:48:29.897 16261 18844 I CapacitorCookies: Getting cookies at: 'http://127.0.0.1:31337/api/conversations'
06-30 15:48:29.899 16261 18837 I CapacitorCookies: Getting cookies at: 'http://127.0.0.1:31337/api/relationships/candidates'
06-30 15:48:29.900 16261 18838 I CapacitorCookies: Getting cookies at: 'http://127.0.0.1:31337/api/connectors/google/accounts'
06-30 15:48:29.901 16261 16309 D Capacitor: Handling local request: https://localhost/brand/favicons/favicon.svg
06-30 15:48:29.902 16261 18835 I CapacitorCookies: Getting cookies at: 'http://127.0.0.1:31337/api/apps/feed/agent/activity?limit=5'
06-30 15:48:29.908 16261 16282 D EGL_emulation: app_time_stats: avg=31.66ms min=3.32ms max=874.98ms count=32
06-30 15:48:29.909 16261 18836 I CapacitorCookies: Getting cookies at: 'http://127.0.0.1:31337/api/relationships/people'
06-30 15:48:29.914 16261 16309 D Capacitor: Handling local request: https://localhost/api/vision/capture-requests
06-30 15:48:29.915   473 16573 D BufferPoolAccessor2.0: bufferpool2 0x787b8c067088 : 2(1048576 size) total buffers - 1(524288 size) used buffers - 570/572 (recycle/alloc) - 2/571 (fetch/transfer)
06-30 15:48:29.942 16261 18843 I CapacitorCookies: Getting cookies at: 'http://127.0.0.1:31337/api/lifeops/scheduled-tasks?ownerVisibleOnly=1'
06-30 15:48:29.957 16261 16261 E Capacitor/Console: File: https://localhost/chat - Line 0 - Msg: EventSource's response has a MIME type ("text/html") that is not "text/event-stream". Aborting the connection.
06-30 15:48:29.967 16261 16261 I Capacitor/Console: File:  - Line 333 - Msg: {"status":200,"statusText":"OK","headers":{"connection":"keep-alive","content-length":"53","content-type":"application/json","date":"Tue, 30 Jun 2026 22:48:30 GMT","keep-alive":"timeout=60","referrer-policy":"strict-origin-when-cross-origin","x-android-received-millis":"1782859709882","x-android-response-source":"NETWORK 200","x-android-selected-protocol":"http/1.1","x-android-sent-millis":"1782859709875","x-content-type-options":"nosniff","x-frame-options":"DENY","x-xss-protection":"1; mode=block"},"body":"{\"approvals\":[],\"pending\":[],\"pendingUserActions\":[]}","bodyBase64":"eyJhcHByb3ZhbHMiOltdLCJwZW5kaW5nIjpbXSwicGVuZGluZ1VzZXJBY3Rpb25zIjpbXX0=","bodyEncoding":"base64"}
06-30 15:48:29.968 16261 16261 I Capacitor/Console: File:  - Line 333 - Msg: {"status":200,"statusText":"OK","headers":{"connection":"keep-alive","content-length":"136","content-type":"application/json","date":"Tue, 30 Jun 2026 22:48:30 GMT","keep-alive":"timeout=60","referrer-policy":"strict-origin-when-cross-origin","x-android-received-millis":"1782859709880","x-android-response-source":"NETWORK 200","x-android-selected-protocol":"http/1.1","x-android-sent-millis":"1782859709867","x-content-type-options":"nosniff","x-frame-options":"DENY","x-xss-protection":"1; mode=block"},"body":"{\"suggestions\":[\"What's left today?\",\"What can you do?\",\"Summarize my day\"],\"tier\":\"heuristic\",\"generatedAt\":\"2026-06-30T22:48:30.869Z\"}","bodyBase64":"eyJzdWdnZXN0aW9ucyI6WyJXaGF0J3MgbGVmdCB0b2RheT8iLCJXaGF0IGNhbiB5b3UgZG8/IiwiU3VtbWFyaXplIG15IGRheSJdLCJ0aWVyIjoiaGV1cmlzdGljIiwiZ2VuZXJhdGVkQXQiOiIyMDI2LTA2LTMwVDIyOjQ4OjMwLjg2OVoifQ==","bodyEncoding":"base64"}
06-30 15:48:29.988 16261 16261 I Capacitor/Console: File:  - Line 333 - Msg: {"status":404,"statusText":"Not Found","headers":{"connection":"keep-alive","content-length":"21","content-type":"application/json","date":"Tue, 30 Jun 2026 22:48:30 GMT","keep-alive":"timeout=60","referrer-policy":"strict-origin-when-cross-origin","x-android-received-millis":"1782859709925","x-android-response-source":"NETWORK 404","x-android-selected-protocol":"http/1.1","x-android-sent-millis":"1782859709920","x-content-type-options":"nosniff","x-frame-options":"DENY","x-xss-protection":"1; mode=block"},"body":"{\"error\":\"Not found\"}","bodyBase64":"eyJlcnJvciI6Ik5vdCBmb3VuZCJ9","bodyEncoding":"base64"}
06-30 15:48:29.989 16261 16261 I Capacitor/Console: File:  - Line 333 - Msg: {"status":200,"statusText":"OK","headers":{"connection":"keep-alive","content-length":"22","content-type":"application/json","date":"Tue, 30 Jun 2026 22:48:30 GMT","keep-alive":"timeout=60","referrer-policy":"strict-origin-when-cross-origin","x-android-received-millis":"1782859709929","x-android-response-source":"NETWORK 200","x-android-selected-protocol":"http/1.1","x-android-sent-millis":"1782859709915","x-content-type-options":"nosniff","x-frame-options":"DENY","x-xss-protection":"1; mode=block"},"body":"{\"items\":[],\"total\":0}","bodyBase64":"eyJpdGVtcyI6W10sInRvdGFsIjowfQ==","bodyEncoding":"base64"}
06-30 15:48:29.990 16261 16261 I Capacitor/Console: File:  - Line 333 - Msg: {"status":200,"statusText":"OK","headers":{"connection":"keep-alive","content-length":"26","content-type":"application/json","date":"Tue, 30 Jun 2026 22:48:30 GMT","keep-alive":"timeout=60","referrer-policy":"strict-origin-when-cross-origin","x-android-received-millis":"1782859709891","x-android-response-source":"NETWORK 200","x-android-selected-protocol":"http/1.1","x-android-sent-millis":"1782859709881","x-content-type-options":"nosniff","x-frame-options":"DENY","x-xss-protection":"1; mode=block"},"body":"{\"evm\":null,\"solana\":null}","bodyBase64":"eyJldm0iOm51bGwsInNvbGFuYSI6bnVsbH0=","bodyEncoding":"base64"}
06-30 15:48:30.015 16261 16261 I Capacitor/Console: File:  - Line 333 - Msg: {"status":200,"statusText":"OK","headers":{"connection":"keep-alive","content-length":"574","content-type":"application/json","date":"Tue, 30 Jun 2026 22:48:30 GMT","keep-alive":"timeout=60","referrer-policy":"strict-origin-when-cross-origin","x-android-received-millis":"1782859709941","x-android-response-source":"NETWORK 200","x-android-selected-protocol":"http/1.1","x-android-sent-millis":"1782859709925","x-content-type-options":"nosniff","x-frame-options":"DENY","x-xss-protection":"1; mode=block"},"body":"{\"data\":[{\"groupId\":\"0afe069b-83d3-0ea3-aa07-a47dd72ade03\",\"primaryEntityId\":\"0afe069b-83d3-0ea3-aa07-a47dd72ade03\",\"memberEntityIds\":[\"0afe069b-83d3-0ea3-aa07-a47dd72ade03\"],\"displayName\":\"User\",\"aliases\":[],\"platforms\":[],\"identities\":[{\"entityId\":\"0afe069b-83d3-0ea3-aa07-a47dd72ade03\",\"names\":[\"User\"],\"platforms\":[],\"handles\":[]}],\"emails\":[],\"phones\":[],\"websites\":[],\"preferredCommunicationChannel\":null,\"categories\":[],\"tags\":[],\"factCount\":0,\"relationshipCount\":0,\"isOwner\":false,\"profiles\":[]}],\"stats\":{\"totalPeople\":1,\"totalRelationships\":0,\"totalIdentities\":1}}","bodyBase64":"eyJkYXRhIjpbeyJncm91cElkIjoiMGFmZTA2OWItODNkMy0wZWEzLWFhMDctYTQ3ZGQ3MmFkZTAzIiwicHJpbWFyeUVudGl0eUlkIjoiMGFmZTA2OWItODNkMy0wZWEzLWFhMDctYTQ3ZGQ3MmFkZTAzIiwibWVtYmVyRW50aXR5SWRzIjpbIjBhZmUwNjliLTgzZDMtMGVhMy1hYTA3LWE0N2RkNzJhZGUwMyJdLCJkaXNwbGF5TmFtZSI6IlVzZXIiLCJhbGlhc2VzIjpbXSwicGxhdGZvcm1zIjpbXSwiaWRlbnRpdGllcyI6W3siZW50aXR5SWQiOiIwYWZlMDY5Yi04M2QzLTBlYTMtYWEwNy1hNDdkZDcyYWRlMDMiLCJuYW1lcyI6WyJVc2VyIl0sInBsYXRmb3JtcyI6W10sImhhbmRsZXMiOltdfV0sImVtYWlscyI6W10sInBob25lcyI6W10sIndlYnNpdGVzIjpbXSwicHJlZmVycmVkQ29tbXVuaWNhdGlvbkNoYW5uZWwiOm51bGwsImNhdGVnb3JpZXMiOltdLCJ0YWdzIjpbXSwiZmFjdENvdW50IjowLCJyZWxhdGlvbnNoaXBDb3VudCI6MCwiaXNPd25lciI6ZmFsc2UsInByb2ZpbGVzIjpbXX1dLCJzdGF0cyI6eyJ0b3RhbFBlb3BsZSI6MSwidG90YWxSZWxhdGlvbnNoaXBzIjowLCJ0b3RhbElkZW50aXRpZXMiOjF9fQ==","bodyEncoding":"base64"}
06-30 15:48:30.016 16261 16261 I Capacitor/Console: File:  - Line 333 - Msg: {"status":200,"statusText":"OK","headers":{"connection":"keep-alive","content-length":"210","content-type":"application/json","date":"Tue, 30 Jun 2026 22:48:30 GMT","keep-alive":"timeout=60","referrer-policy":"strict-origin-when-cross-origin","x-android-received-millis":"1782859709945","x-android-response-source":"NETWORK 200","x-android-selected-protocol":"http/1.1","x-android-sent-millis":"1782859709939","x-content-type-options":"nosniff","x-frame-options":"DENY","x-xss-protection":"1; mode=block"},"body":"{\"conversations\":[{\"id\":\"069a23ae-0bc6-489e-b645-225db63a098f\",\"title\":\"New Chat\",\"roomId\":\"eaec6e6a-f7f5-011f-88a3-fea92df26b30\",\"createdAt\":\"2026-06-30T18:07:18.664Z\",\"updatedAt\":\"2026-06-30T18:07:18.691Z\"}]}","bodyBase64":"eyJjb252ZXJzYXRpb25zIjpbeyJpZCI6IjA2OWEyM2FlLTBiYzYtNDg5ZS1iNjQ1LTIyNWRiNjNhMDk4ZiIsInRpdGxlIjoiTmV3IENoYXQiLCJyb29tSWQiOiJlYWVjNmU2YS1mN2Y1LTAxMWYtODhhMy1mZWE5MmRmMjZiMzAiLCJjcmVhdGVkQXQiOiIyMDI2LTA2LTMwVDE4OjA3OjE4LjY2NFoiLCJ1cGRhdGVkQXQiOiIyMDI2LTA2LTMwVDE4OjA3OjE4LjY5MVoifV19","bodyEncoding":"base64"}
06-30 15:48:30.016 16261 16261 I Capacitor/Console: File:  - Line 333 - Msg: {"status":404,"statusText":"Not Found","headers":{"connection":"keep-alive","content-length":"21","content-type":"application/json; charset=utf-8","date":"Tue, 30 Jun 2026 22:48:30 GMT","keep-alive":"timeout=60","x-android-received-millis":"1782859709950","x-android-response-source":"NETWORK 404","x-android-selected-protocol":"http/1.1","x-android-sent-millis":"1782859709939"},"body":"{\"error\":\"Not found\"}","bodyBase64":"eyJlcnJvciI6Ik5vdCBmb3VuZCJ9","bodyEncoding":"base64"}
06-30 15:48:30.018 16261 16261 I Capacitor/Console: File:  - Line 333 - Msg: {"status":404,"statusText":"Not Found","headers":{"connection":"keep-alive","content-length":"21","content-type":"application/json","date":"Tue, 30 Jun 2026 22:48:30 GMT","keep-alive":"timeout=60","referrer-policy":"strict-origin-when-cross-origin","x-android-received-millis":"1782859709949","x-android-response-source":"NETWORK 404","x-android-selected-protocol":"http/1.1","x-android-sent-millis":"1782859709937","x-content-type-options":"nosniff","x-frame-options":"DENY","x-xss-protection":"1; mode=block"},"body":"{\"error\":\"Not found\"}","bodyBase64":"eyJlcnJvciI6Ik5vdCBmb3VuZCJ9","bodyEncoding":"base64"}
06-30 15:48:30.019 16261 16261 I Capacitor/Console: File:  - Line 333 - Msg: {"status":200,"statusText":"OK","headers":{"connection":"keep-alive","content-length":"11","content-type":"application/json","date":"Tue, 30 Jun 2026 22:48:30 GMT","keep-alive":"timeout=60","referrer-policy":"strict-origin-when-cross-origin","x-android-received-millis":"1782859709957","x-android-response-source":"NETWORK 200","x-android-selected-protocol":"http/1.1","x-android-sent-millis":"1782859709939","x-content-type-options":"nosniff","x-frame-options":"DENY","x-xss-protection":"1; mode=block"},"body":"{\"data\":[]}","bodyBase64":"eyJkYXRhIjpbXX0=","bodyEncoding":"base64"}
06-30 15:48:30.019 16261 16261 I Capacitor/Console: File:  - Line 333 - Msg: {"status":404,"statusText":"Not Found","headers":{"connection":"keep-alive","content-length":"21","content-type":"application/json","date":"Tue, 30 Jun 2026 22:48:30 GMT","keep-alive":"timeout=60","referrer-policy":"strict-origin-when-cross-origin","x-android-received-millis":"1782859709959","x-android-response-source":"NETWORK 404","x-android-selected-protocol":"http/1.1","x-android-sent-millis":"1782859709942","x-content-type-options":"nosniff","x-frame-options":"DENY","x-xss-protection":"1; mode=block"},"body":"{\"error\":\"Not found\"}","bodyBase64":"eyJlcnJvciI6Ik5vdCBmb3VuZCJ9","bodyEncoding":"base64"}
06-30 15:48:30.026 16261 16261 I Capacitor/Console: File:  - Line 349 - Msg: [object Object]
06-30 15:48:30.027 16261 16261 V Capacitor/Plugin: To native (Capacitor plugin): callbackId: 29433462, pluginId: Agent, methodName: request
06-30 15:48:30.028 16261 16261 V Capacitor: callback: 29433462, pluginId: Agent, methodName: request, methodData: {"method":"GET","path":"\/api\/conversations\/069a23ae-0bc6-489e-b645-225db63a098f\/messages","headers":{"authorization":"Bearer 3d7b80a98c6b54562d63c4aa8a394d91aa60b73a7c1bc26cfe9c16dddc7f73e0","content-type":"application\/json","x-elizaos-client-id":"ui-c8a1a02c-d636-4d84-9cf5-de6adc8da961","x-elizaos-ui-language":"en"},"body":null,"timeoutMs":10000}
06-30 15:48:30.036 16261 18865 I CapacitorCookies: Getting cookies at: 'http://127.0.0.1:31337/api/conversations/069a23ae-0bc6-489e-b645-225db63a098f/messages'
06-30 15:48:30.054 16261 16261 I Capacitor/Console: File:  - Line 333 - Msg: {"status":200,"statusText":"OK","headers":{"connection":"keep-alive","content-length":"165","content-type":"application/json","date":"Tue, 30 Jun 2026 22:48:31 GMT","keep-alive":"timeout=60","referrer-policy":"strict-origin-when-cross-origin","x-android-received-millis":"1782859710048","x-android-response-source":"NETWORK 200","x-android-selected-protocol":"http/1.1","x-android-sent-millis":"1782859710037","x-content-type-options":"nosniff","x-frame-options":"DENY","x-xss-protection":"1; mode=block"},"body":"{\"messages\":[{\"id\":\"c5a52ecb-6efa-44fb-99cb-955adbce9a32\",\"role\":\"assistant\",\"text\":\"how are you doing today?\",\"timestamp\":1782842838686,\"source\":\"agent_greeting\"}]}","bodyBase64":"eyJtZXNzYWdlcyI6W3siaWQiOiJjNWE1MmVjYi02ZWZhLTQ0ZmItOTljYi05NTVhZGJjZTlhMzIiLCJyb2xlIjoiYXNzaXN0YW50IiwidGV4dCI6ImhvdyBhcmUgeW91IGRvaW5nIHRvZGF5PyIsInRpbWVzdGFtcCI6MTc4Mjg0MjgzODY4Niwic291cmNlIjoiYWdlbnRfZ3JlZXRpbmcifV19","bodyEncoding":"base64"}
06-30 15:48:30.332 16261 16261 I Capacitor/Console: File:  - Line 349 - Msg: [object Object]
06-30 15:48:30.332 16261 16261 V Capacitor/Plugin: To native (Capacitor plugin): callbackId: 29433463, pluginId: Agent, methodName: request
06-30 15:48:30.333 16261 16261 V Capacitor: callback: 29433463, pluginId: Agent, methodName: request, methodData: {"method":"GET","path":"\/api\/computer-use\/approvals","headers":{"authorization":"Bearer 3d7b80a98c6b54562d63c4aa8a394d91aa60b73a7c1bc26cfe9c16dddc7f73e0","content-type":"application\/json","x-elizaos-client-id":"ui-c8a1a02c-d636-4d84-9cf5-de6adc8da961","x-elizaos-ui-language":"en"},"body":null,"timeoutMs":10000}
06-30 15:48:30.338 16261 18923 I CapacitorCookies: Getting cookies at: 'http://127.0.0.1:31337/api/computer-use/approvals'
06-30 15:48:30.351 16261 16261 I Capacitor/Console: File:  - Line 333 - Msg: {"status":200,"statusText":"OK","headers":{"connection":"keep-alive","content-length":"62","content-type":"application/json; charset=utf-8","date":"Tue, 30 Jun 2026 22:48:31 GMT","keep-alive":"timeout=60","referrer-policy":"strict-origin-when-cross-origin","x-android-received-millis":"1782859710346","x-android-response-source":"NETWORK 200","x-android-selected-protocol":"http/1.1","x-android-sent-millis":"1782859710338","x-content-type-options":"nosniff","x-frame-options":"DENY","x-xss-protection":"1; mode=block"},"body":"{\"mode\":\"full_control\",\"pendingCount\":0,\"pendingApprovals\":[]}","bodyBase64":"eyJtb2RlIjoiZnVsbF9jb250cm9sIiwicGVuZGluZ0NvdW50IjowLCJwZW5kaW5nQXBwcm92YWxzIjpbXX0=","bodyEncoding":"base64"}
06-30 15:48:30.649 16261 16261 I Capacitor/Console: File: https://localhost/assets/vendor-crypto-CfKE6I5a.js - Line 5 - Msg: %c Info font-size: 12px; color: #0099ff; [ViewLifecycle] "help" mounted → active (show)
06-30 15:48:30.650 16261 16261 I Capacitor/Console: File: https://localhost/assets/vendor-crypto-CfKE6I5a.js - Line 5 - Msg: %c Info font-size: 12px; color: #0099ff; [ViewLifecycle] "tutorial" active → evicted (inactive)
06-30 15:48:30.671 16261 16309 D Capacitor: Handling local request: https://localhost/brand/favicons/favicon-16x16.png
06-30 15:48:30.676 16261 16309 D Capacitor: Handling local request: https://localhost/brand/favicons/favicon-32x32.png
06-30 15:48:30.677 16261 16310 D Capacitor: Handling local request: https://localhost/brand/favicons/favicon.ico
06-30 15:48:30.681 16261 16309 D Capacitor: Handling local request: https://localhost/brand/favicons/favicon.svg
06-30 15:48:30.682 16261 16309 D Capacitor: Handling local request: https://localhost/brand/favicons/favicon-16x16.png
06-30 15:48:30.684 16261 16310 D Capacitor: Handling local request: https://localhost/brand/favicons/favicon-32x32.png
06-30 15:48:30.686 16261 16311 D Capacitor: Handling local request: https://localhost/brand/favicons/favicon.ico
06-30 15:48:30.687 16261 16310 D Capacitor: Handling local request: https://localhost/brand/favicons/favicon.svg
06-30 15:48:31.052 16261 16309 D Capacitor: Handling local request: https://localhost/api/views/help/elements
06-30 15:48:31.435 16261 16261 I Capacitor/Console: File: https://localhost/assets/vendor-crypto-CfKE6I5a.js - Line 5 - Msg: %c Info font-size: 12px; color: #0099ff; [ViewLifecycle] "camera" mounted → active (show)
06-30 15:48:31.435 16261 16261 I Capacitor/Console: File: https://localhost/assets/vendor-crypto-CfKE6I5a.js - Line 5 - Msg: %c Info font-size: 12px; color: #0099ff; [ViewLifecycle] "help" active → evicted (inactive)
06-30 15:48:31.453 16261 16261 I Capacitor/Console: File:  - Line 349 - Msg: [object Object]
06-30 15:48:31.454 16261 16261 V Capacitor/Plugin: To native (Capacitor plugin): callbackId: 29433464, pluginId: Agent, methodName: request
06-30 15:48:31.455 16261 16261 V Capacitor: callback: 29433464, pluginId: Agent, methodName: request, methodData: {"method":"POST","path":"\/api\/suggestions","headers":{"authorization":"Bearer 3d7b80a98c6b54562d63c4aa8a394d91aa60b73a7c1bc26cfe9c16dddc7f73e0","content-type":"application\/json","x-elizaos-client-id":"ui-c8a1a02c-d636-4d84-9cf5-de6adc8da961","x-elizaos-ui-language":"en"},"body":"{\"messages\":[],\"hour\":15}","timeoutMs":6000}
06-30 15:48:31.455 16261 16261 I Capacitor/Console: File:  - Line 349 - Msg: [object Object]
06-30 15:48:31.456 16261 16261 V Capacitor/Plugin: To native (Capacitor plugin): callbackId: 29433465, pluginId: Agent, methodName: request
06-30 15:48:31.456 16261 16261 V Capacitor: callback: 29433465, pluginId: Agent, methodName: request, methodData: {"method":"GET","path":"\/api\/local-inference\/hub","headers":{"authorization":"Bearer 3d7b80a98c6b54562d63c4aa8a394d91aa60b73a7c1bc26cfe9c16dddc7f73e0","content-type":"application\/json","x-elizaos-client-id":"ui-c8a1a02c-d636-4d84-9cf5-de6adc8da961","x-elizaos-ui-language":"en"},"body":null,"timeoutMs":30000}
06-30 15:48:31.457 16261 16261 I Capacitor/Console: File:  - Line 349 - Msg: [object Object]
06-30 15:48:31.458 16261 16261 V Capacitor/Plugin: To native (Capacitor plugin): callbackId: 29433466, pluginId: Agent, methodName: request
06-30 15:48:31.458 16261 16261 V Capacitor: callback: 29433466, pluginId: Agent, methodName: request, methodData: {"method":"GET","path":"\/api\/approvals","headers":{"authorization":"Bearer 3d7b80a98c6b54562d63c4aa8a394d91aa60b73a7c1bc26cfe9c16dddc7f73e0","content-type":"application\/json","x-elizaos-client-id":"ui-c8a1a02c-d636-4d84-9cf5-de6adc8da961","x-elizaos-ui-language":"en"},"body":null,"timeoutMs":10000}
06-30 15:48:31.458 16261 16261 I Capacitor/Console: File:  - Line 349 - Msg: [object Object]
06-30 15:48:31.459 16261 16261 V Capacitor/Plugin: To native (Capacitor plugin): callbackId: 29433467, pluginId: Agent, methodName: request
06-30 15:48:31.460 16261 16261 V Capacitor: callback: 29433467, pluginId: Agent, methodName: request, methodData: {"method":"GET","path":"\/api\/apps\/feed\/agent\/activity?limit=5","headers":{"authorization":"Bearer 3d7b80a98c6b54562d63c4aa8a394d91aa60b73a7c1bc26cfe9c16dddc7f73e0","content-type":"application\/json","x-elizaos-client-id":"ui-c8a1a02c-d636-4d84-9cf5-de6adc8da961","x-elizaos-ui-language":"en"},"body":null,"timeoutMs":10000}
06-30 15:48:31.460 16261 16261 I Capacitor/Console: File:  - Line 349 - Msg: [object Object]
06-30 15:48:31.461 16261 16261 V Capacitor/Plugin: To native (Capacitor plugin): callbackId: 29433468, pluginId: Agent, methodName: request
06-30 15:48:31.462 16261 19001 I CapacitorCookies: Getting cookies at: 'http://127.0.0.1:31337/api/suggestions'
06-30 15:48:31.462 16261 16261 V Capacitor: callback: 29433468, pluginId: Agent, methodName: request, methodData: {"method":"GET","path":"\/api\/relationships\/people","headers":{"authorization":"Bearer 3d7b80a98c6b54562d63c4aa8a394d91aa60b73a7c1bc26cfe9c16dddc7f73e0","content-type":"application\/json","x-elizaos-client-id":"ui-c8a1a02c-d636-4d84-9cf5-de6adc8da961","x-elizaos-ui-language":"en"},"body":null,"timeoutMs":10000}
06-30 15:48:31.463 16261 16261 I Capacitor/Console: File:  - Line 349 - Msg: [object Object]
06-30 15:48:31.464 16261 16261 V Capacitor/Plugin: To native (Capacitor plugin): callbackId: 29433469, pluginId: Agent, methodName: request
06-30 15:48:31.465 16261 16261 V Capacitor: callback: 29433469, pluginId: Agent, methodName: request, methodData: {"method":"GET","path":"\/api\/relationships\/candidates","headers":{"authorization":"Bearer 3d7b80a98c6b54562d63c4aa8a394d91aa60b73a7c1bc26cfe9c16dddc7f73e0","content-type":"application\/json","x-elizaos-client-id":"ui-c8a1a02c-d636-4d84-9cf5-de6adc8da961","x-elizaos-ui-language":"en"},"body":null,"timeoutMs":10000}
06-30 15:48:31.465 16261 16309 D Capacitor: Handling local request: https://localhost/api/vision/capture-requests
06-30 15:48:31.465 16261 16261 I Capacitor/Console: File:  - Line 349 - Msg: [object Object]
06-30 15:48:31.466 16261 16261 V Capacitor/Plugin: To native (Capacitor plugin): callbackId: 29433470, pluginId: Agent, methodName: request
06-30 15:48:31.467 16261 16309 D Capacitor: Handling local request: https://localhost/brand/favicons/favicon-16x16.png
06-30 15:48:31.467 16261 16261 V Capacitor: callback: 29433470, pluginId: Agent, methodName: request, methodData: {"method":"GET","path":"\/api\/connectors\/google\/accounts","headers":{"authorization":"Bearer 3d7b80a98c6b54562d63c4aa8a394d91aa60b73a7c1bc26cfe9c16dddc7f73e0","content-type":"application\/json","x-elizaos-client-id":"ui-c8a1a02c-d636-4d84-9cf5-de6adc8da961","x-elizaos-ui-language":"en"},"body":null,"timeoutMs":10000}
06-30 15:48:31.468 16261 16261 I Capacitor/Console: File:  - Line 349 - Msg: [object Object]
06-30 15:48:31.468 16261 19003 I CapacitorCookies: Getting cookies at: 'http://127.0.0.1:31337/api/approvals'
06-30 15:48:31.469 16261 16261 V Capacitor/Plugin: To native (Capacitor plugin): callbackId: 29433471, pluginId: Agent, methodName: request
06-30 15:48:31.469 16261 16261 V Capacitor: callback: 29433471, pluginId: Agent, methodName: request, methodData: {"method":"GET","path":"\/api\/wallet\/balances","headers":{"authorization":"Bearer 3d7b80a98c6b54562d63c4aa8a394d91aa60b73a7c1bc26cfe9c16dddc7f73e0","content-type":"application\/json","x-elizaos-client-id":"ui-c8a1a02c-d636-4d84-9cf5-de6adc8da961","x-elizaos-ui-language":"en"},"body":null,"timeoutMs":10000}
06-30 15:48:31.470 16261 16261 I Capacitor/Console: File:  - Line 349 - Msg: [object Object]
06-30 15:48:31.470 16261 16261 V Capacitor/Plugin: To native (Capacitor plugin): callbackId: 29433472, pluginId: Agent, methodName: request
06-30 15:48:31.471 16261 16261 V Capacitor: callback: 29433472, pluginId: Agent, methodName: request, methodData: {"method":"GET","path":"\/api\/automations","headers":{"authorization":"Bearer 3d7b80a98c6b54562d63c4aa8a394d91aa60b73a7c1bc26cfe9c16dddc7f73e0","content-type":"application\/json","x-elizaos-client-id":"ui-c8a1a02c-d636-4d84-9cf5-de6adc8da961","x-elizaos-ui-language":"en"},"body":null,"timeoutMs":10000}
06-30 15:48:31.471 16261 16261 I Capacitor/Console: File:  - Line 349 - Msg: [object Object]
06-30 15:48:31.472 16261 16261 V Capacitor/Plugin: To native (Capacitor plugin): callbackId: 29433473, pluginId: Agent, methodName: request
06-30 15:48:31.472 16261 16261 V Capacitor: callback: 29433473, pluginId: Agent, methodName: request, methodData: {"method":"GET","path":"\/api\/lifeops\/scheduled-tasks?ownerVisibleOnly=1","headers":{"authorization":"Bearer 3d7b80a98c6b54562d63c4aa8a394d91aa60b73a7c1bc26cfe9c16dddc7f73e0","content-type":"application\/json","x-elizaos-client-id":"ui-c8a1a02c-d636-4d84-9cf5-de6adc8da961","x-elizaos-ui-language":"en"},"body":null,"timeoutMs":10000}
06-30 15:48:31.473 16261 16261 I Capacitor/Console: File:  - Line 349 - Msg: [object Object]
06-30 15:48:31.474 16261 16261 V Capacitor/Plugin: To native (Capacitor plugin): callbackId: 29433474, pluginId: Agent, methodName: request
06-30 15:48:31.474 16261 16261 V Capacitor: callback: 29433474, pluginId: Agent, methodName: request, methodData: {"method":"GET","path":"\/api\/conversations","headers":{"authorization":"Bearer 3d7b80a98c6b54562d63c4aa8a394d91aa60b73a7c1bc26cfe9c16dddc7f73e0","content-type":"application\/json","x-elizaos-client-id":"ui-c8a1a02c-d636-4d84-9cf5-de6adc8da961","x-elizaos-ui-language":"en"},"body":null,"timeoutMs":10000}
06-30 15:48:31.476 16261 16310 D Capacitor: Handling local request: https://localhost/api/local-inference/downloads/stream?token=3d7b80a98c6b54562d63c4aa8a394d91aa60b73a7c1bc26cfe9c16dddc7f73e0
06-30 15:48:31.478 16261 19004 I CapacitorCookies: Getting cookies at: 'http://127.0.0.1:31337/api/apps/feed/agent/activity?limit=5'
06-30 15:48:31.479 16261 19002 I CapacitorCookies: Getting cookies at: 'http://127.0.0.1:31337/api/local-inference/hub'
06-30 15:48:31.488 16261 19010 I CapacitorCookies: Getting cookies at: 'http://127.0.0.1:31337/api/lifeops/scheduled-tasks?ownerVisibleOnly=1'
06-30 15:48:31.491 16261 19007 I CapacitorCookies: Getting cookies at: 'http://127.0.0.1:31337/api/connectors/google/accounts'
06-30 15:48:31.500 16261 19011 I CapacitorCookies: Getting cookies at: 'http://127.0.0.1:31337/api/conversations'
06-30 15:48:31.506 16261 16310 D Capacitor: Handling local request: https://localhost/brand/favicons/favicon-32x32.png
06-30 15:48:31.506 16261 16309 D Capacitor: Handling local request: https://localhost/brand/favicons/favicon.ico
06-30 15:48:31.511 16261 19005 I CapacitorCookies: Getting cookies at: 'http://127.0.0.1:31337/api/relationships/people'
06-30 15:48:31.512 16261 16312 D Capacitor: Handling local request: https://localhost/brand/favicons/favicon.svg
06-30 15:48:31.517 16261 19009 I CapacitorCookies: Getting cookies at: 'http://127.0.0.1:31337/api/automations'
06-30 15:48:31.519 16261 16309 D Capacitor: Handling local request: https://localhost/brand/favicons/favicon-16x16.png
06-30 15:48:31.519 16261 16311 D Capacitor: Handling local request: https://localhost/brand/favicons/favicon-32x32.png
06-30 15:48:31.521 16261 19006 I CapacitorCookies: Getting cookies at: 'http://127.0.0.1:31337/api/relationships/candidates'
06-30 15:48:31.522 16261 16310 D Capacitor: Handling local request: https://localhost/brand/favicons/favicon.svg
06-30 15:48:31.523 16261 16312 D Capacitor: Handling local request: https://localhost/brand/favicons/favicon.ico
06-30 15:48:31.528 16261 19008 I CapacitorCookies: Getting cookies at: 'http://127.0.0.1:31337/api/wallet/balances'
06-30 15:48:31.535 16261 16282 D EGL_emulation: app_time_stats: avg=23.00ms min=3.38ms max=838.20ms count=48
06-30 15:48:31.537 16261 16261 I Capacitor/Console: File:  - Line 333 - Msg: {"status":200,"statusText":"OK","headers":{"connection":"keep-alive","content-length":"136","content-type":"application/json","date":"Tue, 30 Jun 2026 22:48:32 GMT","keep-alive":"timeout=60","referrer-policy":"strict-origin-when-cross-origin","x-android-received-millis":"1782859711472","x-android-response-source":"NETWORK 200","x-android-selected-protocol":"http/1.1","x-android-sent-millis":"1782859711467","x-content-type-options":"nosniff","x-frame-options":"DENY","x-xss-protection":"1; mode=block"},"body":"{\"suggestions\":[\"What's left today?\",\"What can you do?\",\"Summarize my day\"],\"tier\":\"heuristic\",\"generatedAt\":\"2026-06-30T22:48:32.468Z\"}","bodyBase64":"eyJzdWdnZXN0aW9ucyI6WyJXaGF0J3MgbGVmdCB0b2RheT8iLCJXaGF0IGNhbiB5b3UgZG8/IiwiU3VtbWFyaXplIG15IGRheSJdLCJ0aWVyIjoiaGV1cmlzdGljIiwiZ2VuZXJhdGVkQXQiOiIyMDI2LTA2LTMwVDIyOjQ4OjMyLjQ2OFoifQ==","bodyEncoding":"base64"}
06-30 15:48:31.538 16261 16261 E Capacitor/Console: File: https://localhost/camera - Line 0 - Msg: EventSource's response has a MIME type ("text/html") that is not "text/event-stream". Aborting the connection.
06-30 15:48:31.552 16261 16261 I Capacitor/Console: File:  - Line 333 - Msg: {"status":200,"statusText":"OK","headers":{"connection":"keep-alive","content-length":"22","content-type":"application/json","date":"Tue, 30 Jun 2026 22:48:32 GMT","keep-alive":"timeout=60","referrer-policy":"strict-origin-when-cross-origin","x-android-received-millis":"1782859711489","x-android-response-source":"NETWORK 200","x-android-selected-protocol":"http/1.1","x-android-sent-millis":"1782859711481","x-content-type-options":"nosniff","x-frame-options":"DENY","x-xss-protection":"1; mode=block"},"body":"{\"items\":[],\"total\":0}","bodyBase64":"eyJpdGVtcyI6W10sInRvdGFsIjowfQ==","bodyEncoding":"base64"}
06-30 15:48:31.552 16261 16261 I Capacitor/Console: File:  - Line 333 - Msg: {"status":404,"statusText":"Not Found","headers":{"connection":"keep-alive","content-length":"21","content-type":"application/json; charset=utf-8","date":"Tue, 30 Jun 2026 22:48:32 GMT","keep-alive":"timeout=60","x-android-received-millis":"1782859711495","x-android-response-source":"NETWORK 404","x-android-selected-protocol":"http/1.1","x-android-sent-millis":"1782859711484"},"body":"{\"error\":\"Not found\"}","bodyBase64":"eyJlcnJvciI6Ik5vdCBmb3VuZCJ9","bodyEncoding":"base64"}
06-30 15:48:31.553 16261 16261 I Capacitor/Console: File:  - Line 333 - Msg: {"status":200,"statusText":"OK","headers":{"connection":"keep-alive","content-length":"53","content-type":"application/json","date":"Tue, 30 Jun 2026 22:48:32 GMT","keep-alive":"timeout=60","referrer-policy":"strict-origin-when-cross-origin","x-android-received-millis":"1782859711494","x-android-response-source":"NETWORK 200","x-android-selected-protocol":"http/1.1","x-android-sent-millis":"1782859711479","x-content-type-options":"nosniff","x-frame-options":"DENY","x-xss-protection":"1; mode=block"},"body":"{\"approvals\":[],\"pending\":[],\"pendingUserActions\":[]}","bodyBase64":"eyJhcHByb3ZhbHMiOltdLCJwZW5kaW5nIjpbXSwicGVuZGluZ1VzZXJBY3Rpb25zIjpbXX0=","bodyEncoding":"base64"}
06-30 15:48:31.553 16261 16261 I Capacitor/Console: File:  - Line 333 - Msg: {"status":200,"statusText":"OK","headers":{"connection":"keep-alive","content-length":"210","content-type":"application/json","date":"Tue, 30 Jun 2026 22:48:32 GMT","keep-alive":"timeout=60","referrer-policy":"strict-origin-when-cross-origin","x-android-received-millis":"1782859711512","x-android-response-source":"NETWORK 200","x-android-selected-protocol":"http/1.1","x-android-sent-millis":"1782859711501","x-content-type-options":"nosniff","x-frame-options":"DENY","x-xss-protection":"1; mode=block"},"body":"{\"conversations\":[{\"id\":\"069a23ae-0bc6-489e-b645-225db63a098f\",\"title\":\"New Chat\",\"roomId\":\"eaec6e6a-f7f5-011f-88a3-fea92df26b30\",\"createdAt\":\"2026-06-30T18:07:18.664Z\",\"updatedAt\":\"2026-06-30T18:07:18.691Z\"}]}","bodyBase64":"eyJjb252ZXJzYXRpb25zIjpbeyJpZCI6IjA2OWEyM2FlLTBiYzYtNDg5ZS1iNjQ1LTIyNWRiNjNhMDk4ZiIsInRpdGxlIjoiTmV3IENoYXQiLCJyb29tSWQiOiJlYWVjNmU2YS1mN2Y1LTAxMWYtODhhMy1mZWE5MmRmMjZiMzAiLCJjcmVhdGVkQXQiOiIyMDI2LTA2LTMwVDE4OjA3OjE4LjY2NFoiLCJ1cGRhdGVkQXQiOiIyMDI2LTA2LTMwVDE4OjA3OjE4LjY5MVoifV19","bodyEncoding":"base64"}
06-30 15:48:31.553 16261 16261 I Capacitor/Console: File:  - Line 333 - Msg: {"status":404,"statusText":"Not Found","headers":{"connection":"keep-alive","content-length":"21","content-type":"application/json","date":"Tue, 30 Jun 2026 22:48:32 GMT","keep-alive":"timeout=60","referrer-policy":"strict-origin-when-cross-origin","x-android-received-millis":"1782859711524","x-android-response-source":"NETWORK 404","x-android-selected-protocol":"http/1.1","x-android-sent-millis":"1782859711494","x-content-type-options":"nosniff","x-frame-options":"DENY","x-xss-protection":"1; mode=block"},"body":"{\"error\":\"Not found\"}","bodyBase64":"eyJlcnJvciI6Ik5vdCBmb3VuZCJ9","bodyEncoding":"base64"}
06-30 15:48:31.553 16261 16261 I Capacitor/Console: File:  - Line 333 - Msg: {"status":404,"statusText":"Not Found","headers":{"connection":"keep-alive","content-length":"21","content-type":"application/json","date":"Tue, 30 Jun 2026 22:48:32 GMT","keep-alive":"timeout=60","referrer-policy":"strict-origin-when-cross-origin","x-android-received-millis":"1782859711527","x-android-response-source":"NETWORK 404","x-android-selected-protocol":"http/1.1","x-android-sent-millis":"1782859711496","x-content-type-options":"nosniff","x-frame-options":"DENY","x-xss-protection":"1; mode=block"},"body":"{\"error\":\"Not found\"}","bodyBase64":"eyJlcnJvciI6Ik5vdCBmb3VuZCJ9","bodyEncoding":"base64"}
06-30 15:48:31.554 16261 16261 I Capacitor/Console: File:  - Line 333 - Msg: {"status":404,"statusText":"Not Found","headers":{"connection":"keep-alive","content-length":"21","content-type":"application/json","date":"Tue, 30 Jun 2026 22:48:32 GMT","keep-alive":"timeout=60","referrer-policy":"strict-origin-when-cross-origin","x-android-received-millis":"1782859711529","x-android-response-source":"NETWORK 404","x-android-selected-protocol":"http/1.1","x-android-sent-millis":"1782859711518","x-content-type-options":"nosniff","x-frame-options":"DENY","x-xss-protection":"1; mode=block"},"body":"{\"error\":\"Not found\"}","bodyBase64":"eyJlcnJvciI6Ik5vdCBmb3VuZCJ9","bodyEncoding":"base64"}
06-30 15:48:31.570 16261 16261 I Capacitor/Console: File:  - Line 333 - Msg: {"status":200,"statusText":"OK","headers":{"connection":"keep-alive","content-length":"574","content-type":"application/json","date":"Tue, 30 Jun 2026 22:48:32 GMT","keep-alive":"timeout=60","referrer-policy":"strict-origin-when-cross-origin","x-android-received-millis":"1782859711539","x-android-response-source":"NETWORK 200","x-android-selected-protocol":"http/1.1","x-android-sent-millis":"1782859711517","x-content-type-options":"nosniff","x-frame-options":"DENY","x-xss-protection":"1; mode=block"},"body":"{\"data\":[{\"groupId\":\"0afe069b-83d3-0ea3-aa07-a47dd72ade03\",\"primaryEntityId\":\"0afe069b-83d3-0ea3-aa07-a47dd72ade03\",\"memberEntityIds\":[\"0afe069b-83d3-0ea3-aa07-a47dd72ade03\"],\"displayName\":\"User\",\"aliases\":[],\"platforms\":[],\"identities\":[{\"entityId\":\"0afe069b-83d3-0ea3-aa07-a47dd72ade03\",\"names\":[\"User\"],\"platforms\":[],\"handles\":[]}],\"emails\":[],\"phones\":[],\"websites\":[],\"preferredCommunicationChannel\":null,\"categories\":[],\"tags\":[],\"factCount\":0,\"relationshipCount\":0,\"isOwner\":false,\"profiles\":[]}],\"stats\":{\"totalPeople\":1,\"totalRelationships\":0,\"totalIdentities\":1}}","bodyBase64":"eyJkYXRhIjpbeyJncm91cElkIjoiMGFmZTA2OWItODNkMy0wZWEzLWFhMDctYTQ3ZGQ3MmFkZTAzIiwicHJpbWFyeUVudGl0eUlkIjoiMGFmZTA2OWItODNkMy0wZWEzLWFhMDctYTQ3ZGQ3MmFkZTAzIiwibWVtYmVyRW50aXR5SWRzIjpbIjBhZmUwNjliLTgzZDMtMGVhMy1hYTA3LWE0N2RkNzJhZGUwMyJdLCJkaXNwbGF5TmFtZSI6IlVzZXIiLCJhbGlhc2VzIjpbXSwicGxhdGZvcm1zIjpbXSwiaWRlbnRpdGllcyI6W3siZW50aXR5SWQiOiIwYWZlMDY5Yi04M2QzLTBlYTMtYWEwNy1hNDdkZDcyYWRlMDMiLCJuYW1lcyI6WyJVc2VyIl0sInBsYXRmb3JtcyI6W10sImhhbmRsZXMiOltdfV0sImVtYWlscyI6W10sInBob25lcyI6W10sIndlYnNpdGVzIjpbXSwicHJlZmVycmVkQ29tbXVuaWNhdGlvbkNoYW5uZWwiOm51bGwsImNhdGVnb3JpZXMiOltdLCJ0YWdzIjpbXSwiZmFjdENvdW50IjowLCJyZWxhdGlvbnNoaXBDb3VudCI6MCwiaXNPd25lciI6ZmFsc2UsInByb2ZpbGVzIjpbXX1dLCJzdGF0cyI6eyJ0b3RhbFBlb3BsZSI6MSwidG90YWxSZWxhdGlvbnNoaXBzIjowLCJ0b3RhbElkZW50aXRpZXMiOjF9fQ==","bodyEncoding":"base64"}
06-30 15:48:31.571 16261 16261 I Capacitor/Console: File:  - Line 333 - Msg: {"status":200,"statusText":"OK","headers":{"connection":"keep-alive","content-length":"26","content-type":"application/json","date":"Tue, 30 Jun 2026 22:48:32 GMT","keep-alive":"timeout=60","referrer-policy":"strict-origin-when-cross-origin","x-android-received-millis":"1782859711547","x-android-response-source":"NETWORK 200","x-android-selected-protocol":"http/1.1","x-android-sent-millis":"1782859711534","x-content-type-options":"nosniff","x-frame-options":"DENY","x-xss-protection":"1; mode=block"},"body":"{\"evm\":null,\"solana\":null}","bodyBase64":"eyJldm0iOm51bGwsInNvbGFuYSI6bnVsbH0=","bodyEncoding":"base64"}
06-30 15:48:31.571 16261 16261 I Capacitor/Console: File:  - Line 333 - Msg: {"status":200,"statusText":"OK","headers":{"connection":"keep-alive","content-length":"11","content-type":"application/json","date":"Tue, 30 Jun 2026 22:48:32 GMT","keep-alive":"timeout=60","referrer-policy":"strict-origin-when-cross-origin","x-android-received-millis":"1782859711540","x-android-response-source":"NETWORK 200","x-android-selected-protocol":"http/1.1","x-android-sent-millis":"1782859711529","x-content-type-options":"nosniff","x-frame-options":"DENY","x-xss-protection":"1; mode=block"},"body":"{\"data\":[]}","bodyBase64":"eyJkYXRhIjpbXX0=","bodyEncoding":"base64"}
06-30 15:48:31.575 16261 16261 I Capacitor/Console: File:  - Line 349 - Msg: [object Object]
06-30 15:48:31.576 16261 16261 V Capacitor/Plugin: To native (Capacitor plugin): callbackId: 29433475, pluginId: Agent, methodName: request
06-30 15:48:31.576 16261 16261 V Capacitor: callback: 29433475, pluginId: Agent, methodName: request, methodData: {"method":"GET","path":"\/api\/conversations\/069a23ae-0bc6-489e-b645-225db63a098f\/messages","headers":{"authorization":"Bearer 3d7b80a98c6b54562d63c4aa8a394d91aa60b73a7c1bc26cfe9c16dddc7f73e0","content-type":"application\/json","x-elizaos-client-id":"ui-c8a1a02c-d636-4d84-9cf5-de6adc8da961","x-elizaos-ui-language":"en"},"body":null,"timeoutMs":10000}
06-30 15:48:31.580 16261 19022 I CapacitorCookies: Getting cookies at: 'http://127.0.0.1:31337/api/conversations/069a23ae-0bc6-489e-b645-225db63a098f/messages'
06-30 15:48:31.595 16261 16261 I Capacitor/Console: File:  - Line 333 - Msg: {"status":200,"statusText":"OK","headers":{"connection":"keep-alive","content-length":"165","content-type":"application/json","date":"Tue, 30 Jun 2026 22:48:32 GMT","keep-alive":"timeout=60","referrer-policy":"strict-origin-when-cross-origin","x-android-received-millis":"1782859711591","x-android-response-source":"NETWORK 200","x-android-selected-protocol":"http/1.1","x-android-sent-millis":"1782859711581","x-content-type-options":"nosniff","x-frame-options":"DENY","x-xss-protection":"1; mode=block"},"body":"{\"messages\":[{\"id\":\"c5a52ecb-6efa-44fb-99cb-955adbce9a32\",\"role\":\"assistant\",\"text\":\"how are you doing today?\",\"timestamp\":1782842838686,\"source\":\"agent_greeting\"}]}","bodyBase64":"eyJtZXNzYWdlcyI6W3siaWQiOiJjNWE1MmVjYi02ZWZhLTQ0ZmItOTljYi05NTVhZGJjZTlhMzIiLCJyb2xlIjoiYXNzaXN0YW50IiwidGV4dCI6ImhvdyBhcmUgeW91IGRvaW5nIHRvZGF5PyIsInRpbWVzdGFtcCI6MTc4Mjg0MjgzODY4Niwic291cmNlIjoiYWdlbnRfZ3JlZXRpbmcifV19","bodyEncoding":"base64"}
06-30 15:48:31.831 16261 16261 I Capacitor/Console: File:  - Line 349 - Msg: [object Object]
06-30 15:48:31.832 16261 16261 V Capacitor/Plugin: To native (Capacitor plugin): callbackId: 29433476, pluginId: Agent, methodName: request
06-30 15:48:31.832 16261 16261 V Capacitor: callback: 29433476, pluginId: Agent, methodName: request, methodData: {"method":"GET","path":"\/api\/computer-use\/approvals","headers":{"authorization":"Bearer 3d7b80a98c6b54562d63c4aa8a394d91aa60b73a7c1bc26cfe9c16dddc7f73e0","content-type":"application\/json","x-elizaos-client-id":"ui-c8a1a02c-d636-4d84-9cf5-de6adc8da961","x-elizaos-ui-language":"en"},"body":null,"timeoutMs":10000}
06-30 15:48:31.836 16261 19026 I CapacitorCookies: Getting cookies at: 'http://127.0.0.1:31337/api/computer-use/approvals'
06-30 15:48:31.847 16261 16261 I Capacitor/Console: File:  - Line 333 - Msg: {"status":200,"statusText":"OK","headers":{"connection":"keep-alive","content-length":"62","content-type":"application/json; charset=utf-8","date":"Tue, 30 Jun 2026 22:48:32 GMT","keep-alive":"timeout=60","referrer-policy":"strict-origin-when-cross-origin","x-android-received-millis":"1782859711844","x-android-response-source":"NETWORK 200","x-android-selected-protocol":"http/1.1","x-android-sent-millis":"1782859711837","x-content-type-options":"nosniff","x-frame-options":"DENY","x-xss-protection":"1; mode=block"},"body":"{\"mode\":\"full_control\",\"pendingCount\":0,\"pendingApprovals\":[]}","bodyBase64":"eyJtb2RlIjoiZnVsbF9jb250cm9sIiwicGVuZGluZ0NvdW50IjowLCJwZW5kaW5nQXBwcm92YWxzIjpbXX0=","bodyEncoding":"base64"}
06-30 15:48:32.200 16261 16261 I Capacitor/Console: File:  - Line 349 - Msg: [object Object]
06-30 15:48:32.201 16261 16261 V Capacitor/Plugin: To native (Capacitor plugin): callbackId: 29433477, pluginId: TalkMode, methodName: checkPermissions
06-30 15:48:32.202 16261 16261 V Capacitor: callback: 29433477, pluginId: TalkMode, methodName: checkPermissions, methodData: {}
06-30 15:48:32.203 16261 16261 I Capacitor/Console: File:  - Line 349 - Msg: [object Object]
06-30 15:48:32.204 16261 16261 V Capacitor/Plugin: To native (Capacitor plugin): callbackId: 29433478, pluginId: TalkMode, methodName: stopSpeaking
06-30 15:48:32.204 16261 16261 V Capacitor: callback: 29433478, pluginId: TalkMode, methodName: stopSpeaking, methodData: {}
06-30 15:48:32.205 16261 16261 I Capacitor/Console: File: https://localhost/assets/vendor-crypto-CfKE6I5a.js - Line 5 - Msg: %c Info font-size: 12px; color: #0099ff; [ViewLifecycle] "character" mounted → active (show)
06-30 15:48:32.206 16261 16261 I Capacitor/Console: File: https://localhost/assets/vendor-crypto-CfKE6I5a.js - Line 5 - Msg: %c Info font-size: 12px; color: #0099ff; [ViewLifecycle] "camera" active → evicted (inactive)
06-30 15:48:32.220 16261 16261 I Capacitor/Console: File:  - Line 349 - Msg: [object Object]
06-30 15:48:32.221 16261 16261 V Capacitor/Plugin: To native (Capacitor plugin): callbackId: 29433479, pluginId: Agent, methodName: request
