03-11 04:01:21.899 12447 12471 I TestRunner: started: showcaseActivityRendersPersistedPolicy(ai.eliza.plugins.websiteblocker.WebsiteBlockerStateStoreInstrumentedTest)
03-11 04:01:21.906 12447 12471 W Settings: Setting always_finish_activities has moved from android.provider.Settings.System to android.provider.Settings.Global, returning read-only value.
03-11 04:01:21.922  1676  5253 V GrammaticalInflectionUtils: AttributionSource: android.content.AttributionSource@1213e844 does not have READ_SYSTEM_GRAMMATICAL_GENDER permission.
03-11 04:01:21.927  8018  8018 D RecentsView: onTaskDisplayChanged: 58148, new displayId = 0
03-11 04:01:21.927   621  2375 I libbinder.BpBinder: onLastStrongRef automatically unlinking death recipients for binder (0xb4000075f27d6af0) with descriptor: '(not cached)'
03-11 04:01:21.932  8018  8018 D b/417220811: invalidateLoadedTasks - previous requestLoadId: -1
03-11 04:01:21.932  8018  8018 D b/417220811: invalidateLoadedTasks - previous requestLoadId: -1
03-11 04:01:21.936  2086  2111 W DisplayDisconnectTransitionHandler: No disconnect change found in the transition, not handling request.
03-11 04:01:21.939  2086  2120 D WindowOnBackDispatcher: setTopOnBackInvokedCallback (unwrapped): android.view.ViewRootImpl$$ExternalSyntheticLambda25@e4b7a8a
03-11 04:01:21.942  1701  1701 I pixel-thermal: VIRTUAL-SKIN:40.6358 raw data: VIRTUAL-NEUTRAL:40635.8 VIRTUAL-NEUTRAL-SKIN2:40266.6 VIRTUAL-QUIET-NEUTRAL:37864.3 VIRTUAL-SKIN:40635.8 disp_therm:37003 gnss_tcxo_therm:41845 neutral_therm:38628 quiet_therm:37537 skin_therm1:42166 skin_therm2:44090
03-11 04:01:21.943  1701  1701 I pixel-thermal: neutral_therm:38.628 raw data: neutral_therm:38628
03-11 04:01:21.943  1701  1701 I pixel-thermal: cellular-emergency:40.6358 raw data: VIRTUAL-SKIN:40635.8 cellular-emergency:40635.8
03-11 04:01:21.943  1701  1701 I pixel-thermal: usb_pwr_therm2:36.781 raw data: usb_pwr_therm2:36781
03-11 04:01:21.943  1701  1701 I pixel-thermal: VIRTUAL-USB-UI:0 raw data: USB2-MINUS-CHG:-10041 VIRTUAL-USB-UI:0 charger_skin_therm:46822 usb_pwr_therm2:36781
03-11 04:01:21.945 12447 12447 D LifecycleMonitor: Lifecycle status change: ai.eliza.plugins.websiteblocker.WebsiteBlockerShowcaseActivity@3513e6d in: PRE_ON_CREATE
03-11 04:01:21.946 12447 12447 V ActivityScenario: Activity lifecycle changed event received but ignored because the reported transition was not ON_CREATE while the last known transition was PRE_ON_CREATE
03-11 04:01:21.949  8018  8018 D b/417220811: invalidateLoadedTasks - previous requestLoadId: -1
03-11 04:01:21.949  2086  2111 W DisplayDisconnectTransitionHandler: No disconnect change found in the transition, not handling request.
03-11 04:01:21.952   621   648 I libbinder.BpBinder: onLastStrongRef automatically unlinking death recipients for binder (0xb4000075f27c8d90) with descriptor: '(not cached)'
03-11 04:01:21.956  2086  2111 D KeyguardViewMediator: OccludeAnimator#onAnimationStart. Set occluded = true.
03-11 04:01:21.956  2086  2111 D KeyguardViewMediator: setOccluded(true)
03-11 04:01:21.956  2086  2086 D KeyguardViewMediator: handleSetOccluded(true)
03-11 04:01:21.957  2086  2086 D KeyguardViewMediator: KeyguardViewMediator queue processing message: SET_OCCLUDED
03-11 04:01:21.957  2086  2086 I KeyguardTransitionRepository: STARTED transition: TransitionStep(from=LOCKSCREEN, to=OCCLUDED, value=0.0, transitionState=STARTED, ownerName=FromLockscreenTransitionInteractor)
03-11 04:01:21.959   471  9035 W Turbo.PowerBrainMaintenanceWindowImpl: PowerBrain is not active
03-11 04:01:21.965 12447 12447 E iteblocker.test: Invalid resource ID 0x00000000.
03-11 04:01:21.970 12447 12447 D CompatChangeReporter: Compat change id reported: 309578419; UID 10341; state: ENABLED
03-11 04:01:21.971 12447 12447 D DesktopExperienceFlags: Toggle override initialized to: false
03-11 04:01:21.971 12447 12447 D DesktopModeFlags: Toggle override initialized to: OVERRIDE_UNSET
03-11 04:01:21.973  2086  2124 D ShadeStatusBarComponentsInteractor#disableFlagsInteractor: newValue: DisableFlagsModel(disable1=0, disable2=0, animate=true)
03-11 04:01:21.974 12447 12447 D LifecycleMonitor: Lifecycle status change: ai.eliza.plugins.websiteblocker.WebsiteBlockerShowcaseActivity@3513e6d in: CREATED
03-11 04:01:21.974 12447 12447 V ActivityScenario: Update currentActivityStage to CREATED, currentActivity=ai.eliza.plugins.websiteblocker.WebsiteBlockerShowcaseActivity@3513e6d
03-11 04:01:21.974 12447 12447 D LifecycleMonitor: Lifecycle status change: ai.eliza.plugins.websiteblocker.WebsiteBlockerShowcaseActivity@3513e6d in: STARTED
03-11 04:01:21.974 12447 12447 V ActivityScenario: Update currentActivityStage to STARTED, currentActivity=ai.eliza.plugins.websiteblocker.WebsiteBlockerShowcaseActivity@3513e6d
03-11 04:01:21.980 12447 12447 D LifecycleMonitor: Lifecycle status change: ai.eliza.plugins.websiteblocker.WebsiteBlockerShowcaseActivity@3513e6d in: RESUMED
03-11 04:01:21.980 12447 12447 V ActivityScenario: Update currentActivityStage to RESUMED, currentActivity=ai.eliza.plugins.websiteblocker.WebsiteBlockerShowcaseActivity@3513e6d
03-11 04:01:21.985 12447 12447 D CompatChangeReporter: Compat change id reported: 349153669; UID 10341; state: ENABLED
03-11 04:01:21.993 12447 12447 D LifecycleMonitor: Lifecycle status change: ai.eliza.plugins.websiteblocker.WebsiteBlockerShowcaseActivity@3513e6d in: PAUSED
03-11 04:01:21.993 12447 12447 V ActivityScenario: Update currentActivityStage to PAUSED, currentActivity=ai.eliza.plugins.websiteblocker.WebsiteBlockerShowcaseActivity@3513e6d
03-11 04:01:21.995 12447 12447 D LifecycleMonitor: Lifecycle status change: ai.eliza.plugins.websiteblocker.WebsiteBlockerShowcaseActivity@3513e6d in: RESUMED
03-11 04:01:21.995 12447 12447 V ActivityScenario: Update currentActivityStage to RESUMED, currentActivity=ai.eliza.plugins.websiteblocker.WebsiteBlockerShowcaseActivity@3513e6d
03-11 04:01:21.997 12447 12447 D VRI[WebsiteBlockerShowcaseActivity]: WindowInsets changed: 1080x2400 statusBars:[0,132,0,0] navigationBars:[0,0,0,63] mandatorySystemGestures:[0,164,0,84]
03-11 04:01:21.997 12447 12447 D WindowOnBackDispatcher: setTopOnBackInvokedCallback (unwrapped): android.view.ViewRootImpl$$ExternalSyntheticLambda25@a1c3b49
03-11 04:01:21.998 12447 12447 I HWUI    : Using FreeType backend (prop=Auto)
03-11 04:01:22.010  2086  2086 D UdfpsTouchOverlayBinder: [com.android.systemui.biometrics.ui.view.UdfpsTouchOverlay{4c0d55f V.E...... ........ 0,0-1080,2400 #7f0a0992 app:id/udfps_touch_overlay}]: update shouldHandleTouches=false
03-11 04:01:22.011  1731  1731 I FingerprintSession: setIgnoreDisplayTouches 1
03-11 04:01:22.012  1731  1731 I FingerprintSession: onContextChanged
03-11 04:01:22.022  1676  1734 I ActivityTaskManager: Displayed ai.eliza.plugins.websiteblocker.test/ai.eliza.plugins.websiteblocker.WebsiteBlockerShowcaseActivity for user 0: +105ms
03-11 04:01:22.052  8018  8018 D b/417220811: invalidateLoadedTasks - previous requestLoadId: -1
03-11 04:01:22.060  7273  7273 I block_engine.manager: onEvent from com.android.systemui (false)
03-11 04:01:22.144   623   679 E hwc-display: [PrimaryDisplay] resetColorMappingInfoForClientComp:: resetColorMappingInfo() idx=3 error(-22)
03-11 04:01:22.144   623   679 E hwc-display: Fail to open file /data/vendor/log/hwc/PrimaryDisplay_hwc_error_log0.txt, error: Permission denied
03-11 04:01:22.144   623   679 E hwc-display: Fail to open file /data/log/PrimaryDisplay_hwc_error_log0.txt, error: No such file or directory
03-11 04:01:22.144   623   679 E hwc-display: Unable to open log file for PrimaryDisplay_hwc_error_log0.txt
03-11 04:01:22.144   623   679 E hwc-display: [PrimaryDisplay] resetColorMappingInfoForClientComp:: resetColorMappingInfo() idx=4 error(-22)
03-11 04:01:22.144   623   679 E hwc-display: Fail to open file /data/vendor/log/hwc/PrimaryDisplay_hwc_error_log0.txt, error: Permission denied
03-11 04:01:22.144   623   679 E hwc-display: Fail to open file /data/log/PrimaryDisplay_hwc_error_log0.txt, error: No such file or directory
03-11 04:01:22.144   623   679 E hwc-display: Unable to open log file for PrimaryDisplay_hwc_error_log0.txt
03-11 04:01:22.140   623   623 W HwBinder:623_2: type=1400 audit(0.0:11620): avc:  denied  { search } for  name="log" dev="dm-65" ino=236 scontext=u:r:hal_graphics_composer_default:s0 tcontext=u:object_r:vendor_log_file:s0 tclass=dir permissive=0
03-11 04:01:22.140   623   623 W HwBinder:623_2: type=1400 audit(0.0:11621): avc:  denied  { search } for  name="log" dev="dm-65" ino=236 scontext=u:r:hal_graphics_composer_default:s0 tcontext=u:object_r:vendor_log_file:s0 tclass=dir permissive=0
03-11 04:01:22.140   623   623 W HwBinder:623_2: type=1400 audit(0.0:11622): avc:  denied  { search } for  name="log" dev="dm-65" ino=236 scontext=u:r:hal_graphics_composer_default:s0 tcontext=u:object_r:vendor_log_file:s0 tclass=dir permissive=0
03-11 04:01:22.140   623   623 W HwBinder:623_2: type=1400 audit(0.0:11623): avc:  denied  { search } for  name="log" dev="dm-65" ino=236 scontext=u:r:hal_graphics_composer_default:s0 tcontext=u:object_r:vendor_log_file:s0 tclass=dir permissive=0
03-11 04:01:22.162  7273  7273 I block_engine.manager: onEvent from com.android.systemui (false)
03-11 04:01:22.245 12447 12459 I iteblocker.test: Compiler allocated 5038KB to compile void android.view.ViewRootImpl.performTraversals()
03-11 04:01:22.317  2086  2120 D WindowOnBackDispatcher: setTopOnBackInvokedCallback (unwrapped): null
03-11 04:01:22.328  7273  7273 I block_engine.manager: onEvent from com.android.systemui (false)
03-11 04:01:22.430  7273  7273 I block_engine.manager: onEvent from com.android.systemui (false)
03-11 04:01:22.488 31410 31926 I FontLog : (REDACTED) Received query %s, URI %s
03-11 04:01:22.488 31410 31926 I FontLog : (REDACTED) Query [%s] resolved to %s
03-11 04:01:22.489 31410 31926 I FontLog : (REDACTED) Fetch %s end status %s
03-11 04:01:22.492 31410 31926 I FontLog : (REDACTED) Pulling font file for id = %d, cache size = %d
03-11 04:01:22.495  2086  2086 E NotifRow: Magnetic state changed from IDLE to IDLE on a null swiped listener, or the logging key of the listener is null
03-11 04:01:22.496 31410 31926 I FontLog : (REDACTED) Pulling font file for id = %d, cache size = %d
03-11 04:01:22.497  2086  2086 D SbStateController: setState: requested state SHADE!= upcomingState: KEYGUARD. This usually means the status bar state transition was interrupted before the upcoming state could be applied.
03-11 04:01:22.498  2086  2086 D DLIndicator: onStateChanged(0)
03-11 04:01:22.498  2086  2086 D DLIndicator: updateVisibility(), mDozing=false, mDocking=false, mTopIconShowing=false, mViewAttached=true
03-11 04:01:22.499  2086  2130 D ShadeStatusBarComponentsInteractor#disableFlagsInteractor: newValue: DisableFlagsModel(disable1=0, disable2=0, animate=false)
03-11 04:01:22.503  2086  2108 D KeyguardService: setOccluded(true)
03-11 04:01:22.503  2086  2108 D KeyguardViewMediator: setOccluded(true)
03-11 04:01:22.503  2086  2086 D KeyguardViewMediator: handleSetOccluded(true)
03-11 04:01:22.503  2086  2086 D KeyguardViewMediator: KeyguardViewMediator queue processing message: SET_OCCLUDED
03-11 04:01:22.514  2086  2086 D WindowOnBackDispatcher: setTopOnBackInvokedCallback (unwrapped): null
03-11 04:01:22.535  1676  2234 V GrammaticalInflectionUtils: AttributionSource: android.content.AttributionSource@1213e844 does not have READ_SYSTEM_GRAMMATICAL_GENDER permission.
03-11 04:01:22.539  2086  2111 W DisplayDisconnectTransitionHandler: No disconnect change found in the transition, not handling request.
03-11 04:01:22.539 12447 12447 D LifecycleMonitor: Lifecycle status change: ai.eliza.plugins.websiteblocker.WebsiteBlockerShowcaseActivity@3513e6d in: PAUSED
03-11 04:01:22.539 12447 12447 V ActivityScenario: Update currentActivityStage to PAUSED, currentActivity=ai.eliza.plugins.websiteblocker.WebsiteBlockerShowcaseActivity@3513e6d
03-11 04:01:22.544  2086  2086 I KeyguardTransitionRepository: FINISHED transition: TransitionStep(from=LOCKSCREEN, to=OCCLUDED, value=1.0, transitionState=FINISHED, ownerName=FromLockscreenTransitionInteractor)
03-11 04:01:22.545  2086  2131 D StatusBar##isHomeStatusBarAllowed: newValue: true
03-11 04:01:22.545  2086  2131 D StatusBar##chips: newValue: Chips[allowed=true numChips=0]
03-11 04:01:22.546 12447 12447 D LifecycleMonitor: Lifecycle status change: androidx.test.core.app.InstrumentationActivityInvoker$EmptyActivity@f4a2744 in: PRE_ON_CREATE
03-11 04:01:22.546 12447 12447 V ActivityScenario: Activity lifecycle changed event received but ignored because the intent does not match. startActivityIntent=Intent { act=android.intent.action.MAIN cat=[android.intent.category.LAUNCHER] flg=0x10008000 cmp=ai.eliza.plugins.websiteblocker.test/ai.eliza.plugins.websiteblocker.WebsiteBlockerShowcaseActivity }, activity.getIntent()=Intent { act=android.intent.action.MAIN cat=[android.intent.category.LAUNCHER] flg=0x10000000 xflg=0x4 cmp=ai.eliza.plugins.websiteblocker.test/androidx.test.core.app.InstrumentationActivityInvoker$EmptyActivity }, activity=androidx.test.core.app.InstrumentationActivityInvoker$EmptyActivity@f4a2744
03-11 04:01:22.548 12447 12447 D LifecycleMonitor: Lifecycle status change: androidx.test.core.app.InstrumentationActivityInvoker$EmptyActivity@f4a2744 in: CREATED
03-11 04:01:22.548 12447 12447 V ActivityScenario: Activity lifecycle changed event received but ignored because the intent does not match. startActivityIntent=Intent { act=android.intent.action.MAIN cat=[android.intent.category.LAUNCHER] flg=0x10008000 cmp=ai.eliza.plugins.websiteblocker.test/ai.eliza.plugins.websiteblocker.WebsiteBlockerShowcaseActivity }, activity.getIntent()=Intent { act=android.intent.action.MAIN cat=[android.intent.category.LAUNCHER] flg=0x10000000 xflg=0x4 cmp=ai.eliza.plugins.websiteblocker.test/androidx.test.core.app.InstrumentationActivityInvoker$EmptyActivity }, activity=androidx.test.core.app.InstrumentationActivityInvoker$EmptyActivity@f4a2744
03-11 04:01:22.549 12447 12447 D LifecycleMonitor: Lifecycle status change: androidx.test.core.app.InstrumentationActivityInvoker$EmptyActivity@f4a2744 in: STARTED
03-11 04:01:22.549 12447 12447 V ActivityScenario: Activity lifecycle changed event received but ignored because the intent does not match. startActivityIntent=Intent { act=android.intent.action.MAIN cat=[android.intent.category.LAUNCHER] flg=0x10008000 cmp=ai.eliza.plugins.websiteblocker.test/ai.eliza.plugins.websiteblocker.WebsiteBlockerShowcaseActivity }, activity.getIntent()=Intent { act=android.intent.action.MAIN cat=[android.intent.category.LAUNCHER] flg=0x10000000 xflg=0x4 cmp=ai.eliza.plugins.websiteblocker.test/androidx.test.core.app.InstrumentationActivityInvoker$EmptyActivity }, activity=androidx.test.core.app.InstrumentationActivityInvoker$EmptyActivity@f4a2744
03-11 04:01:22.550 12447 12447 D LifecycleMonitor: Lifecycle status change: androidx.test.core.app.InstrumentationActivityInvoker$EmptyActivity@f4a2744 in: RESUMED
03-11 04:01:22.550 12447 12447 V ActivityScenario: Activity lifecycle changed event received but ignored because the intent does not match. startActivityIntent=Intent { act=android.intent.action.MAIN cat=[android.intent.category.LAUNCHER] flg=0x10008000 cmp=ai.eliza.plugins.websiteblocker.test/ai.eliza.plugins.websiteblocker.WebsiteBlockerShowcaseActivity }, activity.getIntent()=Intent { act=android.intent.action.MAIN cat=[android.intent.category.LAUNCHER] flg=0x10000000 xflg=0x4 cmp=ai.eliza.plugins.websiteblocker.test/androidx.test.core.app.InstrumentationActivityInvoker$EmptyActivity }, activity=androidx.test.core.app.InstrumentationActivityInvoker$EmptyActivity@f4a2744
03-11 04:01:22.554  2086  2244 D WallpaperService: onVisibilityChanged(false): com.android.systemui.wallpapers.ImageWallpaper$CanvasEngine@e1e4677
03-11 04:01:22.557 12447 12447 D LifecycleMonitor: Lifecycle status change: androidx.test.core.app.InstrumentationActivityInvoker$EmptyActivity@f4a2744 in: PAUSED
03-11 04:01:22.557 12447 12447 V ActivityScenario: Activity lifecycle changed event received but ignored because the intent does not match. startActivityIntent=Intent { act=android.intent.action.MAIN cat=[android.intent.category.LAUNCHER] flg=0x10008000 cmp=ai.eliza.plugins.websiteblocker.test/ai.eliza.plugins.websiteblocker.WebsiteBlockerShowcaseActivity }, activity.getIntent()=Intent { act=android.intent.action.MAIN cat=[android.intent.category.LAUNCHER] flg=0x10000000 xflg=0x4 cmp=ai.eliza.plugins.websiteblocker.test/androidx.test.core.app.InstrumentationActivityInvoker$EmptyActivity }, activity=androidx.test.core.app.InstrumentationActivityInvoker$EmptyActivity@f4a2744
03-11 04:01:22.560  2086  2086 D DLObserver: remove listener: com.android.systemui.dock.DockManagerExtensionsKt$retrieveIsDocked$1$callback$1@81bfedd
03-11 04:01:22.561 12447 12447 D VRI[InstrumentationActivityInvoker$EmptyActivity]: WindowInsets changed: 1080x2400 statusBars:[0,132,0,0] navigationBars:[0,0,0,63] mandatorySystemGestures:[0,164,0,84]
03-11 04:01:22.561 12447 12447 D WindowOnBackDispatcher: setTopOnBackInvokedCallback (unwrapped): android.view.ViewRootImpl$$ExternalSyntheticLambda25@7d83d47
03-11 04:01:22.561  2086  2086 D DLObserver: remove listener: com.android.systemui.dock.DockManagerExtensionsKt$retrieveIsDocked$1$callback$1@7810a52
03-11 04:01:22.562  2086  2086 D DLObserver: remove listener: com.android.systemui.dock.DockManagerExtensionsKt$retrieveIsDocked$1$callback$1@35369a1
03-11 04:01:22.563   621   648 I libbinder.BpBinder: onLastStrongRef automatically unlinking death recipients for binder (0xb4000075f27bbf50) with descriptor: '(not cached)'
03-11 04:01:22.565  2086  2086 D DLObserver: remove listener: com.android.systemui.dock.DockManagerExtensionsKt$retrieveIsDocked$1$callback$1@87f4387
03-11 04:01:22.566  7158  7168 I AiAiEcho: (REDACTED) Settings changed for uri: %s
03-11 04:01:22.566  2086  2086 D DLObserver: remove listener: com.android.systemui.dock.DockManagerExtensionsKt$retrieveIsDocked$1$callback$1@83937c6
03-11 04:01:22.566  7158  7659 I AiAiEcho: (REDACTED) Predicting[%d]: %s
03-11 04:01:22.566  7158  7659 I AiAiEcho: (REDACTED) EchoTargets: %s
03-11 04:01:22.566  7158  7659 I AiAiEcho: Filtered by AiAi flag check: %s
03-11 04:01:22.566  7158  7659 I AiAiEcho: #remoteViewsTwiddler: feature disabled.
03-11 04:01:22.566  7158  7659 I AiAiEcho: (REDACTED) Predicting[%d]: %s
03-11 04:01:22.566  7158  7659 I AiAiEcho: (REDACTED) EchoTargets: %s
03-11 04:01:22.566  7158  7659 I AiAiEcho: Filtered by AiAi flag check: %s
03-11 04:01:22.566  7158  7659 I AiAiEcho: #remoteViewsTwiddler: feature disabled.
03-11 04:01:22.567  7158  7659 I AiAiEcho: (REDACTED) Predicting[%d]: %s
03-11 04:01:22.567  7158  7659 I AiAiEcho: (REDACTED) EchoTargets: %s
03-11 04:01:22.567  7158  7659 I AiAiEcho: Filtered by AiAi flag check: %s
03-11 04:01:22.567  7158  7659 I AiAiEcho: #remoteViewsTwiddler: feature disabled.
03-11 04:01:22.567  2086  2086 D DLObserver: remove listener: com.android.systemui.dock.DockManagerExtensionsKt$retrieveIsDocked$1$callback$1@62d12b4
03-11 04:01:22.567  7158  7659 I AiAiEcho: (REDACTED) #postPredictionTargets: Sending updates to UISurface %s with targets# %s (types=[%s])
03-11 04:01:22.567  2086  2125 I AmbientCueRepository: Receiving SmartSpace targets # 0
03-11 04:01:22.567  7158  7659 I AiAiEcho: (REDACTED) #postPredictionTargets: Sending updates to UISurface %s with targets# %s (types=[%s])
03-11 04:01:22.567  7158  7659 I AiAiEcho: (REDACTED) #postPredictionTargets: Sending updates to UISurface %s with targets# %s (types=[%s])
03-11 04:01:22.570  2086  2111 D KeyguardViewMediator: UnoccludeAnimator#onAnimationStart. Set occluded = false.
03-11 04:01:22.572  2086  2086 W FrameTracker: Missed SF frame:jankTypeLegacy: JANK_COMPOSER, jankTypeExperimental: JANK_NONE, vsyncId: 428915, totalDuration: 3129492, CUJ=J<LOCKSCREEN_OCCLUSION::OCCLUDE>
03-11 04:01:22.573  2086  2111 D KeyguardViewMediator: setOccluded(false)
03-11 04:01:22.573  2086  2086 D KeyguardViewMediator: handleSetOccluded(false)
03-11 04:01:22.574  2086  2086 D SbStateController: setState: requested state KEYGUARD!= upcomingState: SHADE. This usually means the status bar state transition was interrupted before the upcoming state could be applied.
03-11 04:01:22.575 12447 12447 D LifecycleMonitor: Lifecycle status change: ai.eliza.plugins.websiteblocker.WebsiteBlockerShowcaseActivity@3513e6d in: STOPPED
03-11 04:01:22.575 12447 12447 V ActivityScenario: Update currentActivityStage to STOPPED, currentActivity=ai.eliza.plugins.websiteblocker.WebsiteBlockerShowcaseActivity@3513e6d
03-11 04:01:22.575  2086  2086 D DLIndicator: onStateChanged(1)
03-11 04:01:22.575  2086  2086 D DLIndicator: updateVisibility(), mDozing=false, mDocking=false, mTopIconShowing=false, mViewAttached=true
03-11 04:01:22.576 12447 12447 D LifecycleMonitor: Lifecycle status change: ai.eliza.plugins.websiteblocker.WebsiteBlockerShowcaseActivity@3513e6d in: DESTROYED
03-11 04:01:22.576 12447 12447 V ActivityScenario: Update currentActivityStage to DESTROYED, currentActivity=null
03-11 04:01:22.576 12447 12447 D WindowOnBackDispatcher: setTopOnBackInvokedCallback (unwrapped): null
03-11 04:01:22.575  1018  1018 D usf_sensor_hal: proximity: Enter Activate. Enable = 0.
03-11 04:01:22.576  2086  2086 D WindowOnBackDispatcher: setTopOnBackInvokedCallback (unwrapped): com.android.systemui.back.domain.interactor.BackActionInteractor$callback$2@3674e2a
03-11 04:01:22.577  2086  2086 D KeyguardViewMediator: KeyguardViewMediator queue processing message: SET_OCCLUDED
03-11 04:01:22.577  1246  1246 D AOC     : A3:MSG: usf_sensor.cc, 1581: USF: Received stop sampling request for TMD3719 Proximity (active:0).
03-11 04:01:22.577  2086  2086 I KeyguardTransitionRepository: STARTED transition: TransitionStep(from=OCCLUDED, to=LOCKSCREEN, value=0.0, transitionState=STARTED, ownerName=FromOccludedTransitionInteractor)
03-11 04:01:22.577  1246  1246 D AOC     : A3:MSG: tmd3719_sensor.cc, 327: USF: TMD3719: Report new active state:0
03-11 04:01:22.577 12447 12447 D ViewRootImpl: Skipping stats log for color mode
03-11 04:01:22.578  1018  1078 I usf_sensor_hal: Received REPORT_SENSOR_ACTIVE_STATE_CHANGES event from 'TMD3719 Proximity' with state:kInactive and desired fps:0!
03-11 04:01:22.579  1018  1694 I sensor-suez: Vendor atom [id = 100242] reported.
03-11 04:01:22.579  1018  1694 I sensor-suez: Vendor atom [id = 100243] reported.
03-11 04:01:22.580   623   672 D hwc-display: setMinIdleRefreshRate requester 0, fps 0
03-11 04:01:22.581   623   672 I hwc-display: ExynosPrimaryDisplay::setMinIdleRefreshRate() writes min_vrefresh(0) to the sysfs node
03-11 04:01:22.581   623   672 I hwc-display: setRefreshRateThrottleNanos() requester(0) set delay to 0ns
03-11 04:01:22.582   623   672 I hwc-display: setDisplayIdleDelayNanos() writes idle_delay_ms(0) to the sysfs node (0x0)
03-11 04:01:22.588  1018  1018 D usf_sensor_hal: proximity: Enter Batch. Period = 20000000, latency = 0.
03-11 04:01:22.588  1018  1694 I sensor-suez: Vendor atom [id = 100243] reported.
03-11 04:01:22.588 12447 12471 I TestRunner: finished: showcaseActivityRendersPersistedPolicy(ai.eliza.plugins.websiteblocker.WebsiteBlockerStateStoreInstrumentedTest)
