06-30 21:25:37.025 32200 32207 D CCodec  :   int32_t video-qp-average = 0
06-30 21:25:37.025 32200 32207 D CCodec  :   int32_t width = 320
06-30 21:25:37.025 32200 32207 D CCodec  :   int32_t android._dataspace = 0
06-30 21:25:37.025 32200 32207 D CCodec  :   int32_t using-sw-read-often = 1
06-30 21:25:37.025 32200 32207 D CCodec  :   int64_t android._C2MemoryUsage = 1
06-30 21:25:37.025 32200 32207 D CCodec  :   int32_t color-format = 2130708361
06-30 21:25:37.025 32200 32207 D CCodec  :   int32_t android._color-format = 2130708361
06-30 21:25:37.025 32200 32207 D CCodec  : }
06-30 21:25:37.025 32200 32207 D CCodec  : setup formats output: AMessage(what = 0x00000000) = {
06-30 21:25:37.025 32200 32207 D CCodec  :   int32_t bitrate = 4000000
06-30 21:25:37.025 32200 32207 D CCodec  :   Rect crop(0, 0, 319, 639)
06-30 21:25:37.025 32200 32207 D CCodec  :   int32_t color-standard = 0
06-30 21:25:37.025 32200 32207 D CCodec  :   int32_t color-range = 0
06-30 21:25:37.025 32200 32207 D CCodec  :   int32_t color-transfer = 0
06-30 21:25:37.025 32200 32207 D CCodec  :   int32_t frame-rate = 60
06-30 21:25:37.025 32200 32207 D CCodec  :   int32_t height = 640
06-30 21:25:37.025 32200 32207 D CCodec  :   int32_t intra-refresh-period = 0
06-30 21:25:37.025 32200 32207 D CCodec  :   int32_t level = 4096
06-30 21:25:37.025 32200 32207 D CCodec  :   int32_t max-bitrate = 4000000
06-30 21:25:37.025 32200 32207 D CCodec  :   string mime = "video/avc"
06-30 21:25:37.025 32200 32207 D CCodec  :   int32_t profile = 65536
06-30 21:25:37.025 32200 32207 D CCodec  :   int32_t video-qp-average = 0
06-30 21:25:37.025 32200 32207 D CCodec  :   int32_t width = 320
06-30 21:25:37.025 32200 32207 D CCodec  : }
06-30 21:25:37.025 32200 32207 I CCodecConfig: query failed after returning 13 values (BAD_INDEX)
06-30 21:25:37.025 32200 32207 D CCodec  : input format changed to AMessage(what = 0x00000000) = {
06-30 21:25:37.025 32200 32207 D CCodec  :   Rect crop(0, 0, 319, 639)
06-30 21:25:37.025 32200 32207 D CCodec  :   int32_t color-standard = 4
06-30 21:25:37.025 32200 32207 D CCodec  :   int32_t color-range = 2
06-30 21:25:37.025 32200 32207 D CCodec  :   int32_t color-transfer = 3
06-30 21:25:37.025 32200 32207 D CCodec  :   int32_t frame-rate = 60
06-30 21:25:37.025 32200 32207 D CCodec  :   int32_t height = 640
06-30 21:25:37.025 32200 32207 D CCodec  :   int32_t intra-refresh-period = 0
06-30 21:25:37.025 32200 32207 D CCodec  :   string mime = "video/raw"
06-30 21:25:37.025 32200 32207 D CCodec  :   int32_t video-qp-average = 0
06-30 21:25:37.025 32200 32207 D CCodec  :   int32_t width = 320
06-30 21:25:37.025 32200 32207 D CCodec  :   int32_t android._dataspace = 259
06-30 21:25:37.025 32200 32207 D CCodec  :   int32_t using-sw-read-often = 1
06-30 21:25:37.025 32200 32207 D CCodec  :   int64_t android._C2MemoryUsage = 1
06-30 21:25:37.025 32200 32207 D CCodec  :   int32_t color-format = 2130708361
06-30 21:25:37.025 32200 32207 D CCodec  :   int32_t android._color-format = 2130708361
06-30 21:25:37.025 32200 32207 D CCodec  : }
06-30 21:25:37.026 32200 32207 D GraphicBufferSource: setting dataspace: 0x103, acquired=0
06-30 21:25:37.026 32200 32207 D CCodec  : ISConfig not changed
06-30 21:25:37.026 32200 32207 W Codec2Client: query -- param skipped: index = 1342179345.
06-30 21:25:37.026 32200 32207 W Codec2Client: query -- param skipped: index = 2415921170.
06-30 21:25:37.027 32200 32207 D CCodecBufferChannel: [c2.android.avc.encoder#400] Using basic input block pool with poolID 1 => got 1 - OK (0)
06-30 21:25:37.027 32200 32207 D C2Store : Using DMABUF Heaps
06-30 21:25:37.028 32200 32207 I CCodecBufferChannel: [c2.android.avc.encoder#400] Created output block pool with allocatorID 16 => poolID 69 - OK
06-30 21:25:37.028 32200 32207 D CCodecBufferChannel: [c2.android.avc.encoder#400] Configured output block pool ids 69 => OK
06-30 21:25:37.028   467   823 W ResourceManagerService: Ignoring request to add new resource entry with value <= 0
06-30 21:25:37.036  1490  8683 I MediaProvider: Deleted 0 0 0 1 0 0 0 items on external_primary due to com.android.shell
06-30 21:25:37.040  1490 12988 W MediaProvider: isAppCloneUserPair for user 0: false
06-30 21:25:37.042   424   424 W SurfaceFlinger: Invalid layer stack -1
06-30 21:25:37.043 32200 32200 D MPEG4Writer: PreAllocation enabled
06-30 21:25:37.049  1184 31878 I NetworkScheduler.Stats: Task com.google.android.gms/com.google.android.gms.ipa.base.IpaGcmTaskService started execution. cause:9 exec_start_elapsed_seconds: 63667 [CONTEXT service_id=218 ]
06-30 21:25:37.058   162   162 I hwservicemanager: getTransport: Cannot find entry android.hardware.graphics.mapper@4.0::IMapper/default in either framework or device VINTF manifest.
06-30 21:25:37.059 32200 32214 I Gralloc4: mapper 4.x is not supported
06-30 21:25:37.283     0     0 I servicemanager: Could not find android.hardware.graphics.allocator.IAllocator/default in the VINTF manifest.
06-30 21:25:37.065  1184 31830 I NetworkScheduler.Stats: Task com.google.android.gms/com.google.android.gms.ipa.base.IpaGcmTaskService finished executing. cause:9 result: 1 elapsed_millis: 31 uptime_millis: 31 exec_start_elapsed_seconds: 63667 [CONTEXT service_id=218 ]
06-30 21:25:37.074  1184  1184 D BoundBrokerSvc: onBind: Intent { act=com.google.android.gms.scheduler.ACTION_PROXY_SCHEDULE dat=chimera-action:/... cmp=com.google.android.gms/.chimera.PersistentApiService }
06-30 21:25:37.075  1184  1184 D BoundBrokerSvc: Loading bound service for intent: Intent { act=com.google.android.gms.scheduler.ACTION_PROXY_SCHEDULE dat=chimera-action:/... cmp=com.google.android.gms/.chimera.PersistentApiService }
06-30 21:25:37.141 32200 32214 D GraphicBufferSource: got buffer with new dataSpace #103
06-30 21:25:37.141 32200 32214 D C2OMXNode: dataspace changed to 0x103 pixel format: 0x1
06-30 21:25:37.142   162   162 I hwservicemanager: getTransport: Cannot find entry android.hardware.graphics.mapper@4.0::IMapper/default in either framework or device VINTF manifest.
06-30 21:25:37.144   473 32212 D SimpleC2Component: Using output block pool with poolID 69 => got 69 - 0
06-30 21:25:37.144   473 32212 D SimpleC2Component: applied 2 configUpdates => BAD_INDEX (6)
06-30 21:25:37.145   473 32212 D C2SoftAvcEnc: Params width 320 height 640 level 41 colorFormat 0 bframes 0
06-30 21:25:37.160   473 32212 E C2SoftAvcEnc: Unable to set air params = 0x1ad
06-30 21:25:37.190 32200 32207 D CCodecConfig: c2 config diff is   Buffer coded.init-data.value = {
06-30 21:25:37.190 32200 32207 D CCodecConfig:     00000000:  00 00 00 01 67 42 c0 29  8d 68 14 05 1a 42 0c 02  ....gB.).h...B..
06-30 21:25:37.190 32200 32207 D CCodecConfig:     00000010:  0c 0f 08 84 6a 00 00 00  01 68 ce 01 a8 35 c8     ....j....h...5.
06-30 21:25:37.190 32200 32207 D CCodecConfig:   }
06-30 21:25:37.195 32200 32200 D MPEG4Writer: fpathconf _PC_FILESIZEBITS:64
06-30 21:25:37.195 32200 32200 D MPEG4Writer: File size limit set to 4503599627370495 bytes implicitly
06-30 21:25:37.195 32200 32200 D MPEG4Writer: MP4WtrCtrlHlpLooper Started
06-30 21:25:37.195 32200 32200 I MPEG4Writer: limits: 4503599627370495/0 bytes/us, bit rate: -1 bps and the estimated moov size 3192 bytes
06-30 21:25:37.219 32200 32225 I MPEG4Writer: setStartTimestampUs: 63667394974
06-30 21:25:37.219 32200 32225 I MPEG4Writer: Earliest track starting time: 63667394974
06-30 21:25:37.221 31937 31985 D Capacitor: Handling local request: https://localhost/api/vision/capture-requests
06-30 21:25:37.592   545  4311 I WindowManager: sleepRelease() calling goToSleep(GO_TO_SLEEP_REASON_SLEEP_BUTTON)
06-30 21:25:37.593   545  4311 I PowerGroup: Powering off display group due to sleep_button (groupId= 0, uid= 1000, millisSinceLastUserActivity=0, lastUserActivityEvent=button)...
06-30 21:25:37.593   545  4311 I PowerManagerService: Going to sleep due to sleep_button (uid 1000, screenOffTimeout=2147483647, activityTimeoutWM=-1, maxDimRatio=0.20000005, maxDimDur=7000)...
06-30 21:25:37.617 31937 31985 D Capacitor: Handling local request: https://localhost/api/computer-use/approvals
06-30 21:25:37.624   545   593 E EGL_emulation: eglQueryContext 32c0  EGL_BAD_ATTRIBUTE
06-30 21:25:37.625   545   593 E EGL_emulation: tid 593: eglQueryContext(2146): error 0x3004 (EGL_BAD_ATTRIBUTE)
06-30 21:25:37.651 31937 31937 W WindowOnBackDispatcher: sendCancelIfRunning: isInProgress=falsecallback=ImeCallback=ImeOnBackInvokedCallback@197838820 Callback=android.window.IOnBackInvokedCallback$Stub$Proxy@cad9f52
06-30 21:25:37.655  1438  1438 I GoogleInputMethodService: GoogleInputMethodService.onFinishInputView():2241
06-30 21:25:37.659   545   746 D CoreBackPreview: Window{88b3a0b u0 ai.elizaos.app/ai.elizaos.app.MainActivity}: Setting back callback OnBackInvokedCallbackInfo{mCallback=android.window.IOnBackInvokedCallback$Stub$Proxy@167312, mPriority=0, mIsAnimationCallback=false}
06-30 21:25:37.660  1438  1438 W TooltipLifecycleManager: TooltipLifecycleManager.dismissTooltips():159 Tooltip with id spell_check_add_to_dictionary not found in tooltipManager.
06-30 21:25:37.665  1438  1438 I AndroidIME: AbstractIme.onDeactivate():207 PasswordIme.onDeactivate()
06-30 21:25:37.680  1438  1438 I GoogleInputMethodService: GoogleInputMethodService.onFinishInput():3227
06-30 21:25:37.687  1438  1438 I GoogleInputMethodService: GoogleInputMethodService.updateDeviceLockedStatus():2087 repeatCheckTimes = 0, unlocked = true
06-30 21:25:37.733 31937 31937 E ImeBackDispatcher: Ime callback not found. Ignoring unregisterReceivedCallback. callbackId: 197838820
06-30 21:25:37.767 31937 31958 D EGL_emulation: app_time_stats: avg=23.47ms min=11.53ms max=45.24ms count=37
06-30 21:25:37.769   764   855 D EGL_emulation: app_time_stats: avg=8291.14ms min=8291.14ms max=8291.14ms count=1
06-30 21:25:37.771   764   764 I vol.VolumeDialogImpl: mDialog.dismiss() reason: volume_controller from: com.android.systemui.volume.VolumeDialogImpl$7.onDismissRequested:3
06-30 21:25:37.814 31937 31985 D Capacitor: Handling local request: https://localhost/api/status
06-30 21:25:38.192   545   631 D ActivityManager: freezing 909 com.google.android.permissioncontroller
06-30 21:25:38.241   545   593 I DisplayPowerController2[0]: Blocking screen off
06-30 21:25:38.241   545   593 I DisplayPowerController2[0]: Unblocked screen off after 0 ms
06-30 21:25:38.256   545   593 D ActivityTaskManager: Top Process State changed to PROCESS_STATE_TOP_SLEEPING
06-30 21:25:38.261   545   564 V WindowManager: Sent Transition #360 createdAt=06-30 21:25:38.257 via request=TransitionRequestInfo { type = SLEEP, triggerTask = null, remoteTransition = null, displayChange = null }
06-30 21:25:38.261   545   564 V WindowManager:     startWCT=null
06-30 21:25:38.261   545   564 V WindowManager:     info={id=360 t=SLEEP f=0x0 trk=0 r=[] c=[]}
06-30 21:25:38.261   764   806 V WindowManagerShell: Transition requested: android.os.BinderProxy@5f0cf18 TransitionRequestInfo { type = SLEEP, triggerTask = null, remoteTransition = null, displayChange = null }
06-30 21:25:38.270   545   746 W Transition: Transition already started id=360 state=2
06-30 21:25:38.272   764   806 V WindowManagerShell: onTransitionReady android.os.BinderProxy@5f0cf18: {id=360 t=SLEEP f=0x0 trk=0 r=[] c=[]}
06-30 21:25:38.273   764   806 V WindowManagerShell: No transition roots in (#360)android.os.BinderProxy@5f0cf18@0 so abort
06-30 21:25:38.273   545   593 E Surface : freeAllBuffers: 1 buffers were freed while being dequeued!
06-30 21:25:38.273   545   593 E Surface : getSlotFromBufferLocked: unknown buffer: 0x0
06-30 21:25:38.274   545   593 I DisplayBrightnessStrategySelector: Changing the DisplayBrightnessStrategy from InvalidBrightnessStrategy toScreenOffBrightnessStrategy for display 0
06-30 21:25:38.276   424   424 I BpBinder: onLastStrongRef automatically unlinking death recipients:
06-30 21:25:38.277   545   593 V DisplayPowerController2[0]: Brightness [0.0] reason changing to: 'screen_off', previous reason: 'manual'.
06-30 21:25:38.277   545   593 I DisplayPowerController2[0]: BrightnessEvent: disp=0, physDisp=local:4619827259835644672, brt=0.0, initBrt=0.39763778, rcmdBrt=NaN, preBrt=NaN, lux=0.0, preLux=0.0, hbmMax=1.0, hbmMode=off, rbcStrength=0, thrmMax=1.0, powerFactor=1.0, wasShortTermModelActive=false, flags=, reason=screen_off, autoBrightness=false, strategy=ScreenOffBrightnessStrategy
06-30 21:25:38.278   424   424 D SurfaceFlinger: Setting power mode 0 on display 4619827259835644672
06-30 21:25:38.278   424   424 D SurfaceFlinger: Finished setting power mode 0 on display 4619827259835644672
06-30 21:25:38.278   957  1106 D BtGatt.ScanManager: uid 10128 isForeground true scanMode 1
06-30 21:25:38.278   957  1106 D BtGatt.ScanManager: uid 10128 isForeground true scanMode -1
06-30 21:25:38.278   545   567 I DisplayDeviceRepository: Display device changed state: "Built-in Screen", OFF
06-30 21:25:38.279   545   567 I InputManager-JNI: Viewport [0] to add: local:4619827259835644672, isActive: false
06-30 21:25:38.281   545   567 I DisplayDeviceRepository: Display device changed state: "Built-in Screen", OFF
06-30 21:25:38.281   545   568 W SurfaceControl: Invalid layer stack -1
06-30 21:25:38.281   545   568 I DisplayDevice: [0] Layerstack set to -1 for local:4619827259835644672
06-30 21:25:38.283   545  1952 D CompatibilityChangeReporter: Compat change id reported: 170503758; UID 10192; state: ENABLED
06-30 21:25:38.287   545   645 I InputReader: Reconfiguring input devices, changes=DISPLAY_INFO
06-30 21:25:38.287   545   645 I InputReader: Touch device 'virtio_input_multi_touch_11' could not query the properties of its associated display.  The device will be inoperable until the display size becomes available.
06-30 21:25:38.287   545   645 I InputReader: Touch device 'virtio_input_multi_touch_10' could not query the properties of its associated display.  The device will be inoperable until the display size becomes available.
06-30 21:25:38.287   545   645 I InputReader: Touch device 'virtio_input_multi_touch_9' could not query the properties of its associated display.  The device will be inoperable until the display size becomes available.
06-30 21:25:38.287   545   645 I InputReader: Touch device 'virtio_input_multi_touch_7' could not query the properties of its associated display.  The device will be inoperable until the display size becomes available.
06-30 21:25:38.287   545   645 I InputReader: Touch device 'virtio_input_multi_touch_6' could not query the properties of its associated display.  The device will be inoperable until the display size becomes available.
06-30 21:25:38.287   545   645 I InputReader: Touch device 'virtio_input_multi_touch_5' could not query the properties of its associated display.  The device will be inoperable until the display size becomes available.
06-30 21:25:38.287   545   645 I InputReader: Touch device 'virtio_input_multi_touch_4' could not query the properties of its associated display.  The device will be inoperable until the display size becomes available.
06-30 21:25:38.287   545   645 I InputReader: Touch device 'virtio_input_multi_touch_3' could not query the properties of its associated display.  The device will be inoperable until the display size becomes available.
06-30 21:25:38.287   545   645 I InputReader: Disabling virtio_input_multi_touch_1 (device 4) because the associated viewport is not active
06-30 21:25:38.287   545   645 I InputReader: Device reconfigured: id=4, name='virtio_input_multi_touch_1', size 32768x32768, orientation 0, mode 0, display id 0
06-30 21:25:38.287   545   645 I InputReader: Touch device 'virtio_input_multi_touch_2' could not query the properties of its associated display.  The device will be inoperable until the display size becomes available.
06-30 21:25:38.287   545   645 I InputReader: Touch device 'virtio_input_multi_touch_8' could not query the properties of its associated display.  The device will be inoperable until the display size becomes available.
06-30 21:25:38.291   545   593 I PowerGroup: Sleeping power group (groupId=0, uid=1000, reason=timeout)...
06-30 21:25:38.294   545   593 I PowerManagerService: Sleeping (uid 1000)...
06-30 21:25:38.294   764   844 D StylusManager: Stylus InputDevice changed: 4 virtio_input_multi_touch_1
06-30 21:25:38.305   764   806 V WindowManagerShell: Transition animation finished (aborted=true), notifying core (#360)android.os.BinderProxy@5f0cf18@0
06-30 21:25:38.306   545   623 D CompatibilityChangeReporter: Compat change id reported: 265195908; UID 10192; state: ENABLED
06-30 21:25:38.308   957  1106 D BtGatt.ScanManager: handleScreenOff()
06-30 21:25:38.310  1184  1184 I NearbyDiscovery: FastPairDisplayObserver: STATE_ON -> STATE_OFF [CONTEXT service_id=265 ]
06-30 21:25:38.316   764   806 V WindowManagerShell: Track 0 became idle
06-30 21:25:38.316   764   806 V WindowManagerShell: All active transition animations finished
06-30 21:25:38.317   764   806 W Looper  : Slow dispatch took 45ms wmshell.main h=android.os.Handler c=com.android.wm.shell.transition.Transitions$TransitionPlayerImpl$$ExternalSyntheticLambda0@b31ad71 m=0
06-30 21:25:38.318   764   764 D CentralSurfaces: updateQsExpansionEnabled - QS Expand enabled: true
06-30 21:25:38.318   957  1106 D BtGatt.ScanManager: Scan mode update during screen off [ScanClient scanModeApp 1 scanModeUsed 5 [appScanStats com.google.uid.shared:10128]]
06-30 21:25:38.319   545   564 V WindowManager: Finish Transition #360: created at 06-30 21:25:38.257 collect-started=0.081ms request-sent=0.239ms started=0.514ms ready=0.511ms sent=0.833ms finished=54.935ms
06-30 21:25:38.319   957  1106 D BtGatt.ScanManager: configureRegularScanParams() - queue=2
06-30 21:25:38.320   957  1106 I bt_stack: [INFO:le_scanning_manager.cc(168)] Scan in shim layer stopped
06-30 21:25:38.321 31937 31937 V Capacitor/AppPlugin: Notifying listeners for event pause
06-30 21:25:38.326 31937 31937 D Capacitor/AppPlugin: No listeners found for event pause
06-30 21:25:38.326   957  1064 I bluetooth: packages/modules/Bluetooth/system/gd/hci/le_address_manager.cc:193 unregister_client: Client unregistered
06-30 21:25:38.326   957  1064 I bluetooth: packages/modules/Bluetooth/system/gd/hci/le_address_manager.cc:197 unregister_client: Cancelled address rotation alarm
06-30 21:25:38.331   957  1106 D BtGatt.ScanManager: Start gattClientScanNative with old scanMode 1 new scanMode 5 ( in MS: 730 / 183, in scan unit: 1168 / 292 ) [ScanClient scanModeApp 1 scanModeUsed 5 [appScanStats com.google.uid.shared:10128]]
06-30 21:25:38.331   957  1106 I bt_stack: [INFO:le_scanning_manager.cc(346)] SetScanParameters in shim layer
06-30 21:25:38.332   957  1079 D BtGatt.GattService: onScanParamSetupCompleted : 0
06-30 21:25:38.332   545   545 I PowerManagerService: onFlip(): Face up.
06-30 21:25:38.333   957  1106 I bt_stack: [INFO:le_scanning_manager.cc(168)] Scan in shim layer started
06-30 21:25:38.333   957  1064 I bluetooth: packages/modules/Bluetooth/system/gd/hci/le_scanning_manager.cc:588 stop_scan: Scanning already stopped, return!
06-30 21:25:38.334   957  1064 I bluetooth: packages/modules/Bluetooth/system/gd/hci/le_address_manager.cc:175 register_client: Scheduled address rotation for first client registered
06-30 21:25:38.334   957  1064 I bluetooth: packages/modules/Bluetooth/system/gd/hci/le_address_manager.cc:178 register_client: Client registered
06-30 21:25:38.334  1184  2178 I NearbySharing: Screen is locked [CONTEXT service_id=194 ]
06-30 21:25:38.335  1184  2178 I NearbySharing: Stopping scanning because the screen is locked. [CONTEXT service_id=194 ]
06-30 21:25:38.336  1184  2178 I NearbySharing: Failed to stop scanning because we're not scanning. [CONTEXT service_id=194 ]
06-30 21:25:38.339 31937 31937 D Capacitor: App paused
06-30 21:25:38.354  1184  3076 I NearbyDiscovery: FastPairScanner: isScreenOn=false, scanWithScreenOff=false, isLocationEnabled=true, disableLocationRequirement=true, isDiscoveryScanningEnabled=true, during24GhzWifiWarmingUpPeriod=false [CONTEXT service_id=265 ]
06-30 21:25:38.355  1184  3076 D BluetoothAdapter: isLeEnabled(): ON
06-30 21:25:38.355   764   764 D CentralSurfaces: updateQsExpansionEnabled - QS Expand enabled: true
06-30 21:25:38.356   764   764 I vol.VolumeDialogImpl: mDialog.dismiss() reason: screen_off from: com.android.systemui.volume.VolumeDialogImpl$7.onScreenOff:4
06-30 21:25:38.358 31937 31937 D Capacitor/AppPlugin: Firing change: false
06-30 21:25:38.359 31937 31937 V Capacitor/AppPlugin: Notifying listeners for event appStateChange
06-30 21:25:38.359  1184  3076 I NearbyDiscovery: FastPairScanner: eventType=SCREEN_OFF_FROM_DISPLAY_OBSERVER, intReq=false, scanning=true, scanAllowed=false, bleEnabled=true, bleScanAvailable=false, lockScanRate=false, startScanningByLowPowerMode=false [CONTEXT service_id=265 ]
06-30 21:25:38.360 31937 31937 D Capacitor: App stopped
06-30 21:25:38.368  1184  3076 I NearbyDiscovery: FastPairScanner: Stopping scan [CONTEXT service_id=265 ]
06-30 21:25:38.368 31937 31937 D Capacitor: Saving instance state!
06-30 21:25:38.371 31937 31937 I Capacitor/Console: File:  - Line 333 - Msg: {"isActive":false}
06-30 21:25:38.372  1184  3076 D BluetoothAdapter: isLeEnabled(): ON
06-30 21:25:38.372 32200 32200 W SurfaceComposerClient: Invalid layer stack -1
06-30 21:25:38.373  1184  2178 I NearbySharing: Can't stop advertising FastInitiation. Not advertising. [CONTEXT service_id=194 ]
06-30 21:25:38.373  1184  2178 I NearbySharing: Stopping Fast Init advertisement because we're not scanning in the foreground. [CONTEXT service_id=194 ]
06-30 21:25:38.373  1184  2178 I NearbySharing: Stopping advertising because the screen is locked. [CONTEXT service_id=194 ]
06-30 21:25:38.373  1184  2178 I NearbySharing: Stopping FastInitiation scanning because the screen is locked. [CONTEXT service_id=194 ]
06-30 21:25:38.373  1184  2178 D BluetoothAdapter: isLeEnabled(): ON
06-30 21:25:38.374  1438 32371 I DeviceStatusMonitor: DeviceStatusMonitor.handleBroadcast():122 onReceive() : Action = android.intent.action.SCREEN_OFF
06-30 21:25:38.375  1438 32371 I DeviceStatusMonitor: DeviceStatusMonitor.updateCountryInfo():138 updateCountryInfo(), notifyAnyway = false
06-30 21:25:38.375   957   973 D BtGatt.GattService: stopScan() - queue size =2
06-30 21:25:38.378  1438  1438 I GoogleInputMethodService: GoogleInputMethodService.updateDeviceLockedStatus():2087 repeatCheckTimes = 0, unlocked = true
06-30 21:25:38.378  1438  1438 I InputBundle: InputBundle.consumeEvent():919 Skip consuming an event as imeStatus is 0
06-30 21:25:38.381   957   973 D ActivityAttributionService: notifyActivityAttributionInfo UID=1002 packageName=com.google.android.bluetooth deviceAddress=no_active_device_address
06-30 21:25:38.381   957   973 I bt_btif : packages/modules/Bluetooth/system/btif/src/bluetooth.cc:829 get_profile_interface: get_profile_interface: id = activity_attribution
06-30 21:25:38.381   957  1106 D BtGatt.ScanManager: handling stopping scan  [ScanClient scanModeApp 1 scanModeUsed 5 [appScanStats com.google.uid.shared:10128]]
06-30 21:25:38.381   957  1106 D BtGatt.ScanManager: stop gattClientScanNative
06-30 21:25:38.381   957  1106 I bt_stack: [INFO:le_scanning_manager.cc(168)] Scan in shim layer stopped
06-30 21:25:38.381   957  1064 I bluetooth: packages/modules/Bluetooth/system/gd/hci/le_address_manager.cc:193 unregister_client: Client unregistered
06-30 21:25:38.382   957  1064 I bluetooth: packages/modules/Bluetooth/system/gd/hci/le_address_manager.cc:197 unregister_client: Cancelled address rotation alarm
06-30 21:25:38.382   957  1106 I bt_stack: [INFO:le_scanning_manager.cc(204)] ScanFilterParamSetup in shim layer
06-30 21:25:38.382   957   973 D BtGatt.GattService: stopScan() - queue size =1
06-30 21:25:38.383   957   973 D ActivityAttributionService: notifyActivityAttributionInfo UID=1002 packageName=com.google.android.bluetooth deviceAddress=no_active_device_address
06-30 21:25:38.383   957   973 I bt_btif : packages/modules/Bluetooth/system/btif/src/bluetooth.cc:829 get_profile_interface: get_profile_interface: id = activity_attribution
06-30 21:25:38.383   957   973 D BtGatt.GattService: unregisterScanner() - scannerId=2
06-30 21:25:38.384   957   973 I bt_stack: [INFO:le_scanning_manager.cc(162)] Unregister in shim layer, scanner_id:2
06-30 21:25:38.384   957  1079 D BtGatt.GattService: onScanFilterParamsConfigured() - clientIf=1, status=0, action=0, availableSpace=0
06-30 21:25:38.384   957  1079 D BtGatt.ScanManager: callback done for scannerId - 1 status - 0
06-30 21:25:38.384   957  1106 I bt_stack: [INFO:le_scanning_manager.cc(204)] ScanFilterParamSetup in shim layer
06-30 21:25:38.384   957  1079 D BtGatt.GattService: onScanFilterParamsConfigured() - clientIf=1, status=0, action=0, availableSpace=0
06-30 21:25:38.384   957  1079 D BtGatt.ScanManager: callback done for scannerId - 1 status - 0
06-30 21:25:38.384   957  1106 D BtGatt.ScanManager: configureRegularScanParams() - queue=1
06-30 21:25:38.384   957  1106 D BtGatt.ScanManager: configureRegularScanParams() - queue empty, scan stopped
06-30 21:25:38.384   957  1106 D BtGatt.ScanManager: handling stopping scan  [ScanClient scanModeApp -1 scanModeUsed -1 [appScanStats com.google.uid.shared:10128]]
06-30 21:25:38.384   957  1106 D BtGatt.ScanManager: stop gattClientScanNative
06-30 21:25:38.384   957  1106 I bt_stack: [INFO:le_scanning_manager.cc(168)] Scan in shim layer stopped
06-30 21:25:38.384   957  1106 W bt_shim_scanner: packages/modules/Bluetooth/system/main/shim/le_scanning_manager.cc:190 Scan: Invalid state: start:0, current scan state: 0
06-30 21:25:38.384   957  1064 I bluetooth: packages/modules/Bluetooth/system/gd/hci/le_scanning_manager.cc:588 stop_scan: Scanning already stopped, return!
06-30 21:25:38.384   957  1106 W BtGatt.ScanManager: There is no scan radio to stop
06-30 21:25:38.385  1184  2178 I NearbySharing: Stopped scanning for FastInitiation [CONTEXT service_id=194 ]
06-30 21:25:38.385  1184  2178 I NearbySharing: Cancelling in use notification [CONTEXT service_id=194 ]
06-30 21:25:38.385  1184  2178 I NearbySharing: Fast Initiation Scanning has stopped [CONTEXT service_id=194 ]
06-30 21:25:38.386  1184  2178 I NearbySharing: Dismissing HUN as there's no device nearby. [CONTEXT service_id=194 ]
06-30 21:25:38.386  1184  2178 I NearbySharing: Cancelling in use notification [CONTEXT service_id=194 ]
06-30 21:25:38.389   545   609 W AlarmManager: Window length 3074457345618258602ms too long; limiting to 1 day
06-30 21:25:38.399 31937 31937 I Capacitor/Console: File:  - Line 349 - Msg: [object Object]
06-30 21:25:38.400 31937 31937 V Capacitor/Plugin: To native (Capacitor plugin): callbackId: 41014959, pluginId: Preferences, methodName: remove
06-30 21:25:38.400 32200 32200 W SurfaceComposerClient: Invalid layer stack -1
06-30 21:25:38.400 31937 31937 V Capacitor: callback: 41014959, pluginId: Preferences, methodName: remove, methodData: {"key":"eliza:chat:activeConversationId"}
06-30 21:25:38.405   957   973 D BtGatt.GattService: unregisterScanner() - scannerId=1
06-30 21:25:38.405   957   973 I bt_stack: [INFO:le_scanning_manager.cc(162)] Unregister in shim layer, scanner_id:1
06-30 21:25:38.409  1184  3076 I NearbyDiscovery: FastPairHandler: Received action android.intent.action.SCREEN_OFF [CONTEXT service_id=265 ]
06-30 21:25:38.409  1184  3076 I NearbyDiscovery: FastPairScanner: isScreenOn=false, scanWithScreenOff=false, isLocationEnabled=true, disableLocationRequirement=true, isDiscoveryScanningEnabled=true, during24GhzWifiWarmingUpPeriod=false [CONTEXT service_id=265 ]
06-30 21:25:38.409  1184  3076 D BluetoothAdapter: isLeEnabled(): ON
06-30 21:25:38.410  1184  3076 I NearbyDiscovery: FastPairScanner: eventType=SCREEN_OFF, intReq=false, scanning=false, scanAllowed=false, bleEnabled=true, bleScanAvailable=false, lockScanRate=false, startScanningByLowPowerMode=false [CONTEXT service_id=265 ]
06-30 21:25:38.417   545   840 D CompatibilityChangeReporter: Compat change id reported: 170668199; UID 10192; state: ENABLED
06-30 21:25:38.418 32200 32200 W SurfaceComposerClient: Invalid layer stack -1
06-30 21:25:38.419   545   840 I ActivityManager: Background started FGS: Allowed [callingPackage: ai.elizaos.app; callingUid: 10192; uidState: TPSL; uidBFSL: n/a; intent: Intent { cmp=ai.elizaos.app/.GatewayConnectionService }; code:ACTIVITY_STARTER; tempAllowListReason:<null>; targetSdkVersion:35; callerTargetSdkVersion:35; startForegroundCount:0; bindFromPackage:null: isBindService:false]
06-30 21:25:38.419   545   840 D CompatibilityChangeReporter: Compat change id reported: 255659651; UID 10192; state: DISABLED
06-30 21:25:38.420   545   840 D CompatibilityChangeReporter: Compat change id reported: 255039210; UID 10192; state: DISABLED
06-30 21:25:38.426 32200 32200 W SurfaceComposerClient: Invalid layer stack -1
06-30 21:25:38.434 32200 32200 W SurfaceComposerClient: Invalid layer stack -1
06-30 21:25:38.445  1184 20666 I NearbySharing: Screen is already locked, skipping invalidate [CONTEXT service_id=194 ]
06-30 21:25:38.452 32200 32200 W SurfaceComposerClient: Invalid layer stack -1
06-30 21:25:38.456 31937 31937 I Capacitor/Console: File:  - Line 333 - Msg: undefined
06-30 21:25:38.646   545   545 W NotificationHistory: Attempted to add notif for locked/gone/disabled user 0
06-30 21:25:38.648  1496  1963 W AiAiEcho: LyftNotificationParser Ridesharing ETA not enabled
06-30 21:25:38.648  1496  1963 W AiAiEcho: SmartspaceNotificationPredictor no parser can handle this notification or notification is invalid
06-30 21:25:38.668   764   844 D LocalImageResolver: Couldn't use ImageDecoder for drawable, falling back to non-resized load.
06-30 21:25:38.672   764   844 D LocalImageResolver: Couldn't use ImageDecoder for drawable, falling back to non-resized load.
06-30 21:25:38.713 31937 31985 D Capacitor: Handling local request: https://localhost/api/vision/capture-requests
06-30 21:25:38.971   545   609 W AppOps  : Noting op not finished: uid 10128 pkg com.google.android.gms code 113 startTime of in progress event=1782879938442
06-30 21:25:38.976   545   840 W AppOps  : Noting op not finished: uid 10128 pkg com.google.android.gms code 113 startTime of in progress event=1782879938442
06-30 21:25:38.987  1438  1598 W LatinCommonCountersMetricsProcessor: LatinCommonCountersMetricsProcessor$DelightProblemReporter.run():741 Missing LM for 'en'
06-30 21:25:39.081 31937 31985 D Capacitor: Handling local request: https://localhost/api/computer-use/approvals
06-30 21:25:39.314 31937 31985 D Capacitor: Handling local request: https://localhost/api/status
06-30 21:25:39.354 31937 31985 D Capacitor: Handling local request: https://localhost/api/apps/runs
06-30 21:25:39.459   764   764 D StatusBarIconController: ignoring old pipeline callbacks, because the new mobile icons are enabled
06-30 21:25:39.650   545   609 I PowerGroup: Waking up power group from Asleep (groupId=0, uid=1000, reason=WAKE_REASON_WAKE_KEY, details=android.policy:KEY)...
06-30 21:25:39.652   545   609 I PowerManagerService: Waking up from Asleep (uid=1000, reason=WAKE_REASON_WAKE_KEY, details=android.policy:KEY)...
06-30 21:25:39.653   545   545 E ActivityManager: Cancel pending or running compactions as system is awake
06-30 21:25:39.657   764   764 D CentralSurfaces: mShouldDelayWakeUpAnimation CLEARED
06-30 21:25:39.658   764   764 D CentralSurfaces: updateQsExpansionEnabled - QS Expand enabled: true
06-30 21:25:39.668   545   593 I DisplayPowerController2[0]: Blocking screen on until initial contents have been drawn.
06-30 21:25:39.669   545   593 D ActivityTaskManager: Top Process State changed to PROCESS_STATE_TOP
06-30 21:25:39.669   545   593 E ActivityTaskManager: setVisibility=true while transition is not collecting or finishing ActivityRecord{c035003 u0 ai.elizaos.app/.MainActivity t82} caller=com.android.server.wm.ActivityRecord.setVisibility:5287 com.android.server.wm.TaskFragment.resumeTopActivity:1393 com.android.server.wm.Task.resumeTopActivityInnerLocked:5044 com.android.server.wm.Task.resumeTopActivityUncheckedLocked:4974 com.android.server.wm.Task.resumeTopActivityUncheckedLocked:5025 com.android.server.wm.RootWindowContainer.lambda$applySleepTokens$20:2428 com.android.server.wm.RootWindowContainer.$r8$lambda$9xL80GDJRExKql35hTmQVg_ieD8:0 com.android.server.wm.RootWindowContainer$$ExternalSyntheticLambda10.accept:0
06-30 21:25:39.680   545   545 D FastPairService: onReceive: ACTION_SCREEN_ON
06-30 21:25:39.681   545   545 V FastPairService: invalidateScan: scan is disabled
06-30 21:25:39.681   545   545 E NearbyManager: Cannot stop scan with this callback because it is never registered.
06-30 21:25:39.686   545   593 I DisplayBrightnessStrategySelector: Changing the DisplayBrightnessStrategy from ScreenOffBrightnessStrategy toInvalidBrightnessStrategy for display 0
06-30 21:25:39.686 31937 31937 D Capacitor: App restarted
06-30 21:25:39.687   545   593 V DisplayPowerController2[0]: Brightness [0.39763778] reason changing to: 'manual', previous reason: 'screen_off'.
06-30 21:25:39.687   545   593 I DisplayPowerController2[0]: BrightnessEvent: disp=0, physDisp=local:4619827259835644672, brt=0.39763778, initBrt=0.0, rcmdBrt=NaN, preBrt=NaN, lux=0.0, preLux=0.0, hbmMax=1.0, hbmMode=off, rbcStrength=0, thrmMax=1.0, powerFactor=1.0, wasShortTermModelActive=false, flags=, reason=manual, autoBrightness=false, strategy=InvalidBrightnessStrategy
06-30 21:25:39.688 31937 31937 D Capacitor: App started
06-30 21:25:39.688 31937 31937 W WindowOnBackDispatcher: OnBackInvokedCallback is not enabled for the application.
06-30 21:25:39.688 31937 31937 W WindowOnBackDispatcher: Set 'android:enableOnBackInvokedCallback="true"' in the application manifest.
06-30 21:25:39.690 31937 31937 D Capacitor/AppPlugin: Firing change: true
06-30 21:25:39.691 31937 31937 V Capacitor/AppPlugin: Notifying listeners for event appStateChange
06-30 21:25:39.691   545   593 I DisplayPowerController2[0]: Unblocked screen on after 23 ms
06-30 21:25:39.691 31937 31937 V Capacitor/AppPlugin: Notifying listeners for event resume
06-30 21:25:39.691 31937 31937 D Capacitor/AppPlugin: No listeners found for event resume
06-30 21:25:39.693   545   840 D ConnectivityService: requestNetwork for uid/pid:10192/31937 activeRequest: null callbackRequest: 1033 [NetworkRequest [ REQUEST id=1034, [ Capabilities: INTERNET&NOT_RESTRICTED&TRUSTED&NOT_VCN_MANAGED Uid: 10192 RequestorUid: 10192 RequestorPkg: ai.elizaos.app UnderlyingNetworks: Null] ]] callback flags: 0 order: 2147483647
06-30 21:25:39.695   545   683 D WifiNetworkFactory: got request NetworkRequest [ REQUEST id=1034, [ Capabilities: INTERNET&NOT_RESTRICTED&TRUSTED&NOT_VCN_MANAGED Uid: 10192 RequestorUid: 10192 RequestorPkg: ai.elizaos.app UnderlyingNetworks: Null] ]
06-30 21:25:39.695   545   683 D UntrustedWifiNetworkFactory: got request NetworkRequest [ REQUEST id=1034, [ Capabilities: INTERNET&NOT_RESTRICTED&TRUSTED&NOT_VCN_MANAGED Uid: 10192 RequestorUid: 10192 RequestorPkg: ai.elizaos.app UnderlyingNetworks: Null] ]
06-30 21:25:39.695   545   683 D OemPaidWifiNetworkFactory: got request NetworkRequest [ REQUEST id=1034, [ Capabilities: INTERNET&NOT_RESTRICTED&TRUSTED&NOT_VCN_MANAGED Uid: 10192 RequestorUid: 10192 RequestorPkg: ai.elizaos.app UnderlyingNetworks: Null] ]
06-30 21:25:39.695   545   690 D ConnectivityService: NetReassign [1034 : null → 101] [c 1] [a 0] [i 1]
06-30 21:25:39.695   545   683 D MultiInternetWifiNetworkFactory: got request NetworkRequest [ REQUEST id=1034, [ Capabilities: INTERNET&NOT_RESTRICTED&TRUSTED&NOT_VCN_MANAGED Uid: 10192 RequestorUid: 10192 RequestorPkg: ai.elizaos.app UnderlyingNetworks: Null] ]
06-30 21:25:39.696   545   567 I DisplayDeviceRepository: Display device changed state: "Built-in Screen", ON
06-30 21:25:39.696   545   567 I InputManager-JNI: Viewport [0] to add: local:4619827259835644672, isActive: true
06-30 21:25:39.697   545   645 I InputReader: Reconfiguring input devices, changes=DISPLAY_INFO
06-30 21:25:39.698   545   645 I InputReader: Touch device 'virtio_input_multi_touch_11' could not query the properties of its associated display.  The device will be inoperable until the display size becomes available.
06-30 21:25:39.698   545   645 I InputReader: Touch device 'virtio_input_multi_touch_10' could not query the properties of its associated display.  The device will be inoperable until the display size becomes available.
06-30 21:25:39.698   545   645 I InputReader: Touch device 'virtio_input_multi_touch_9' could not query the properties of its associated display.  The device will be inoperable until the display size becomes available.
06-30 21:25:39.698   545   645 I InputReader: Touch device 'virtio_input_multi_touch_7' could not query the properties of its associated display.  The device will be inoperable until the display size becomes available.
06-30 21:25:39.698   545   645 I InputReader: Touch device 'virtio_input_multi_touch_6' could not query the properties of its associated display.  The device will be inoperable until the display size becomes available.
06-30 21:25:39.698   545   645 I InputReader: Touch device 'virtio_input_multi_touch_5' could not query the properties of its associated display.  The device will be inoperable until the display size becomes available.
06-30 21:25:39.698   545   645 I InputReader: Touch device 'virtio_input_multi_touch_4' could not query the properties of its associated display.  The device will be inoperable until the display size becomes available.
06-30 21:25:39.698   545   645 I InputReader: Touch device 'virtio_input_multi_touch_3' could not query the properties of its associated display.  The device will be inoperable until the display size becomes available.
06-30 21:25:39.698   545   645 I InputReader: Device reconfigured: id=4, name='virtio_input_multi_touch_1', size 320x640, orientation 0, mode 1, display id 0
06-30 21:25:39.699   545   645 I InputReader: Touch device 'virtio_input_multi_touch_2' could not query the properties of its associated display.  The device will be inoperable until the display size becomes available.
06-30 21:25:39.699   545   645 I InputReader: Touch device 'virtio_input_multi_touch_8' could not query the properties of its associated display.  The device will be inoperable until the display size becomes available.
06-30 21:25:39.699   545   568 I DisplayDevice: [0] Layerstack set to 0 for local:4619827259835644672
06-30 21:25:39.700  1496  1817 I AiAiEcho: Predicting[0]:
06-30 21:25:39.702   957  1106 D BtGatt.ScanManager: handleScreenOn()
06-30 21:25:39.704  1184  1184 I NearbyDiscovery: FastPairDisplayObserver: STATE_OFF -> STATE_ON [CONTEXT service_id=265 ]
06-30 21:25:39.706 31937 32036 V Capacitor/NetworkPlugin: Notifying listeners for event networkStatusChange
06-30 21:25:39.707 31937 31985 D Capacitor: Handling local request: https://localhost/api/health
06-30 21:25:39.708  1496  1817 I AiAiEcho: EchoTargets:
06-30 21:25:39.708  1496  1817 I AiAiEcho: Filtered by AiAi flag check:
06-30 21:25:39.708  1496  1817 I AiAiEcho: Ranked targets strategy: SORT, count: 0, ranking metadata:
06-30 21:25:39.712   424   424 D SurfaceFlinger: Setting power mode 2 on display 4619827259835644672
06-30 21:25:39.713   424   424 D SurfaceFlinger: Finished setting power mode 2 on display 4619827259835644672
06-30 21:25:39.714 31937 31937 D Capacitor: App resumed
06-30 21:25:39.715 31937 31937 I Capacitor/Console: File:  - Line 333 - Msg: {"isActive":true}
06-30 21:25:39.717   398   398 E RanchuHwc: getLayer Unknown layer:363
06-30 21:25:39.717   398   398 E RanchuHwc: getLayer Unknown layer:360
06-30 21:25:39.717   424   424 E HWComposer: getDeviceCompositionChanges: presentOrValidate failed for display 4619827259835644672: BadLayer (3)
06-30 21:25:39.717   424   424 E CompositionEngine: chooseCompositionStrategy failed for EMU_display_0: -2147483648 (Unknown error -2147483648)
06-30 21:25:39.721  1496  1817 I AiAiEcho: #postPredictionTargets: Sending updates to UISurface lockscreen with targets# 0 (types=[])
06-30 21:25:39.723 31937 31937 I Capacitor/Console: File:  - Line 333 - Msg: {"connected":true,"connectionType":"wifi"}
06-30 21:25:39.727  1184  3076 I NearbyDiscovery: FastPairScanner: isScreenOn=true, scanWithScreenOff=false, isLocationEnabled=true, disableLocationRequirement=true, isDiscoveryScanningEnabled=true, during24GhzWifiWarmingUpPeriod=false [CONTEXT service_id=265 ]
06-30 21:25:39.727  1184  3076 D BluetoothAdapter: isLeEnabled(): ON
06-30 21:25:39.729  1184  3076 I NearbyDiscovery: FastPairScanner: eventType=SCREEN_ON_FROM_DISPLAY_OBSERVER, intReq=false, scanning=false, scanAllowed=true, bleEnabled=true, bleScanAvailable=false, lockScanRate=false, startScanningByLowPowerMode=false [CONTEXT service_id=265 ]
06-30 21:25:39.729  1184  3076 I NearbyDiscovery: FastPairScanner: isScreenOn=true, scanWithScreenOff=false, isLocationEnabled=true, disableLocationRequirement=true, isDiscoveryScanningEnabled=true, during24GhzWifiWarmingUpPeriod=false [CONTEXT service_id=265 ]
06-30 21:25:39.729  1184  3076 I NearbyDiscovery: FastPairScanner: Start scanning internally in LOW_LATENCY_SCANNING [CONTEXT service_id=265 ]
06-30 21:25:39.729  1184  3076 D BluetoothAdapter: isLeEnabled(): ON
06-30 21:25:39.734   764   844 D StylusManager: Stylus InputDevice changed: 4 virtio_input_multi_touch_1
06-30 21:25:39.736  1184 20666 I NearbyMediums: BluetoothAdapter's name was not set by Nearby Connections, ignoring call to restore default scan mode. [CONTEXT service_id=54 ]
06-30 21:25:39.736   957   973 D BtGatt.GattService: registerScanner() - UUID=89d7d1d9-4abd-40ab-8f19-dc45507e7c27
06-30 21:25:39.737   545   567 I DisplayDeviceRepository: Display device changed state: "Built-in Screen", ON
06-30 21:25:39.737   764   806 W Looper  : Slow delivery took 39ms wmshell.main h=android.os.Handler c=null m=16
06-30 21:25:39.739  1184  2178 I NearbySharing: Screen is unlocked [CONTEXT service_id=194 ]
06-30 21:25:39.739   957   973 I bt_stack: [INFO:le_scanning_manager.cc(155)] RegisterScanner in shim layer
06-30 21:25:39.739   957  1079 D BtGatt.GattService: onScannerRegistered() - UUID=89d7d1d9-4abd-40ab-8f19-dc45507e7c27, scannerId=1, status=0
06-30 21:25:39.739  1184  1940 D BluetoothLeScanner: onScannerRegistered() - status=0 scannerId=1 mScannerId=0
06-30 21:25:39.740   545   567 D DisplayManagerService: Ignore redundant display event 0/2 to 10173/909
06-30 21:25:39.743   764   764 W PageIndicator: Total number of pages invalid: 0. Assuming 1 page.
06-30 21:25:39.748   764   806 W Looper  : Drained
06-30 21:25:39.750  1184  1184 D BoundBrokerSvc: onBind: Intent { act=com.google.android.gms.cast.firstparty.START dat=chimera-action:/... cmp=com.google.android.gms/.chimera.PersistentApiService }
06-30 21:25:39.750  1184  1184 D BoundBrokerSvc: Loading bound service for intent: Intent { act=com.google.android.gms.cast.firstparty.START dat=chimera-action:/... cmp=com.google.android.gms/.chimera.PersistentApiService }
06-30 21:25:39.753   764   855 D EGL_emulation: app_time_stats: avg=1983.43ms min=1983.43ms max=1983.43ms count=1
06-30 21:25:39.755   545   838 D WifiNl80211Manager: Scan result ready event
06-30 21:25:39.755   545   838 D WifiNative: Scan result ready event
06-30 21:25:39.740   957   973 D BtGatt.GattService: start scan with filters
06-30 21:25:39.758  1184 20666 I NearbyMediums: BluetoothAdapter's name was not set by Nearby Connections, ignoring call to restore device name [CONTEXT service_id=54 ]
06-30 21:25:39.759   957   973 D BtGatt.GattService: enforcePrivilegedPermissionIfNeeded([BluetoothLeScanFilter [mDeviceName=null, mDeviceAddress=null, mUuid=null, mUuidMask=null, mServiceSolicitationUuid=null, mServiceSolicitationUuidMask=null, mServiceDataUuid=0000fff6-0000-1000-8000-00805f9b34fb, mServiceData=[0], mServiceDataMask=[0], mManufacturerId=-1, mManufacturerData=null, mManufacturerDataMask=null, mAdvertisingDataType=-1, mAdvertisingData=null, mAdvertisingDataMask=null, mTransportBlockFilter=null], BluetoothLeScanFilter [mDeviceName=null, mDeviceAddress=null, mUuid=null, mUuidMask=null, mServiceSolicitationUuid=null, mServiceSolicitationUuidMask=null, mServiceDataUuid=0000fe2c-0000-1000-8000-00805f9b34fb, mServiceData=[0], mServiceDataMask=[0], mManufacturerId=-1, mManufacturerData=null, mManufacturerDataMask=null, mAdvertisingDataType=-1, mAdvertisingData=null, mAdvertisingDataMask=null, mTransportBlockFilter=null]])
06-30 21:25:39.761  1184  2178 I NearbySharing: Stopping scanning because Nearby Sharing is disabled. [CONTEXT service_id=194 ]
06-30 21:25:39.762  1184  2178 I NearbySharing: Failed to stop scanning because we're not scanning. [CONTEXT service_id=194 ]
06-30 21:25:39.762  1184  2178 I NearbySharing: Can't stop advertising FastInitiation. Not advertising. [CONTEXT service_id=194 ]
06-30 21:25:39.762  1184  2178 I NearbySharing: Stopping Fast Init advertisement because we're not scanning in the foreground. [CONTEXT service_id=194 ]
06-30 21:25:39.762  1184  2178 I NearbySharing: Stopping advertising because Nearby Sharing is disabled. [CONTEXT service_id=194 ]
06-30 21:25:39.765  1184  2178 I NearbySharing: Starting scanning for Fast Initiation. [CONTEXT service_id=194 ]
06-30 21:25:39.766  1184  2178 D BluetoothAdapter: isLeEnabled(): ON
06-30 21:25:39.769 14784 14784 D BoundBrokerSvc: onBind: Intent { act=com.google.android.gms.auth.cryptauth.cryptauthservice.START dat=chimera-action:/... cmp=com.google.android.gms/.chimera.GmsBoundBrokerService }
06-30 21:25:39.769   957   973 D BtGatt.ScanManager: startScan()  [ScanClient scanModeApp 2 scanModeUsed 2 [appScanStats com.google.uid.shared:10128]]
06-30 21:25:39.769 14784 14784 D BoundBrokerSvc: Loading bound service for intent: Intent { act=com.google.android.gms.auth.cryptauth.cryptauthservice.START dat=chimera-action:/... cmp=com.google.android.gms/.chimera.GmsBoundBrokerService }
06-30 21:25:39.770   957   973 D ActivityAttributionService: notifyActivityAttributionInfo UID=1002 packageName=com.google.android.bluetooth deviceAddress=no_active_device_address
06-30 21:25:39.771   957   973 I bt_btif : packages/modules/Bluetooth/system/btif/src/bluetooth.cc:829 get_profile_interface: get_profile_interface: id = activity_attribution
06-30 21:25:39.772   957  1106 D BtGatt.ScanManager: handling starting scan
06-30 21:25:39.772   957  1106 I bt_stack: [INFO:le_scanning_manager.cc(268)] ScanFilterEnable in shim layer
06-30 21:25:39.772   957  1079 D BtGatt.GattService: onScanFilterEnableDisabled() - clientIf=1, status=0, action=1
06-30 21:25:39.773   957  1079 D BtGatt.ScanManager: callback done for scannerId - 1 status - 0
06-30 21:25:39.773   957  1106 I bt_stack: [INFO:le_scanning_manager.cc(243)] ScanFilterAdd in shim layer
06-30 21:25:39.773   957  1079 D BtGatt.GattService: onScanFilterConfig() - clientIf=1, action = 0 status = 0, filterType=0, availableSpace=0
06-30 21:25:39.773   957  1079 D BtGatt.ScanManager: callback done for scannerId - 1 status - 0
06-30 21:25:39.773   957  1106 D BtGatt.ScanManager: configureFilterParamter 500 10000 1 0
06-30 21:25:39.774   957  1106 I bt_stack: [INFO:le_scanning_manager.cc(204)] ScanFilterParamSetup in shim layer
06-30 21:25:39.774   957  1079 D BtGatt.GattService: onScanFilterParamsConfigured() - clientIf=1, status=0, action=0, availableSpace=0
06-30 21:25:39.774   957  1079 D BtGatt.ScanManager: callback done for scannerId - 1 status - 0
06-30 21:25:39.774   957  1106 I bt_stack: [INFO:le_scanning_manager.cc(243)] ScanFilterAdd in shim layer
06-30 21:25:39.774   957  1079 D BtGatt.GattService: onScanFilterConfig() - clientIf=1, action = 0 status = 0, filterType=0, availableSpace=0
06-30 21:25:39.774   957  1079 D BtGatt.ScanManager: callback done for scannerId - 1 status - 0
06-30 21:25:39.774   957  1106 D BtGatt.ScanManager: configureFilterParamter 500 10000 1 0
06-30 21:25:39.775   957  1106 I bt_stack: [INFO:le_scanning_manager.cc(204)] ScanFilterParamSetup in shim layer
06-30 21:25:39.775   957  1079 D BtGatt.GattService: onScanFilterParamsConfigured() - clientIf=1, status=0, action=0, availableSpace=0
06-30 21:25:39.775   957  1079 D BtGatt.ScanManager: callback done for scannerId - 1 status - 0
06-30 21:25:39.775   957  1106 D BtGatt.ScanManager: start gattClientScanNative from startRegularScan()
06-30 21:25:39.775   957  1106 I bt_stack: [INFO:le_scanning_manager.cc(168)] Scan in shim layer started
06-30 21:25:39.775   957  1064 I bluetooth: packages/modules/Bluetooth/system/gd/hci/le_scanning_manager.cc:588 stop_scan: Scanning already stopped, return!
06-30 21:25:39.775   957  1064 I bluetooth: packages/modules/Bluetooth/system/gd/hci/le_address_manager.cc:175 register_client: Scheduled address rotation for first client registered
06-30 21:25:39.775   957  1064 I bluetooth: packages/modules/Bluetooth/system/gd/hci/le_address_manager.cc:178 register_client: Client registered
06-30 21:25:39.775   957  1106 D BtGatt.ScanManager: configureRegularScanParams() - queue=1
06-30 21:25:39.775   957  1106 I bt_stack: [INFO:le_scanning_manager.cc(168)] Scan in shim layer stopped
06-30 21:25:39.776   957  1064 I bluetooth: packages/modules/Bluetooth/system/gd/hci/le_address_manager.cc:193 unregister_client: Client unregistered
06-30 21:25:39.776   957  1064 I bluetooth: packages/modules/Bluetooth/system/gd/hci/le_address_manager.cc:197 unregister_client: Cancelled address rotation alarm
06-30 21:25:39.776   957  1106 D BtGatt.ScanManager: Start gattClientScanNative with old scanMode -1 new scanMode 2 ( in MS: 100 / 100, in scan unit: 160 / 160 ) [ScanClient scanModeApp 2 scanModeUsed 2 [appScanStats com.google.uid.shared:10128]]
06-30 21:25:39.776   957  1106 I bt_stack: [INFO:le_scanning_manager.cc(346)] SetScanParameters in shim layer
06-30 21:25:39.776   957  1079 D BtGatt.GattService: onScanParamSetupCompleted : 0
