--------- beginning of main
06-30 21:25:34.182 31937 31937 V Capacitor/Plugin: To native (Capacitor plugin): callbackId: 41014934, pluginId: Preferences, methodName: get
06-30 21:25:34.182 31937 31937 V Capacitor: callback: 41014934, pluginId: Preferences, methodName: get, methodData: {"key":"eliza:ios-onboarding-smoke:result"}
06-30 21:25:34.198 31937 31937 I Capacitor/Console: File:  - Line 333 - Msg: {"value":null}
06-30 21:25:34.199 31937 31937 I Capacitor/Console: File:  - Line 333 - Msg: {"value":null}
06-30 21:25:34.199 31937 31937 I Capacitor/Console: File:  - Line 333 - Msg: {"value":null}
06-30 21:25:34.200 31937 31937 I Capacitor/Console: File:  - Line 333 - Msg: {"value":null}
06-30 21:25:34.200 31937 31937 I Capacitor/Console: File:  - Line 333 - Msg: {"value":null}
06-30 21:25:34.200 31937 31937 I Capacitor/Console: File:  - Line 333 - Msg: {"value":null}
06-30 21:25:34.201 31937 31937 I Capacitor/Console: File:  - Line 333 - Msg: {"value":null}
06-30 21:25:34.201 31937 31937 I Capacitor/Console: File:  - Line 333 - Msg: {"value":null}
06-30 21:25:34.202 31937 31937 I Capacitor/Console: File:  - Line 333 - Msg: {"value":null}
06-30 21:25:34.203 31937 31937 I Capacitor/Console: File:  - Line 333 - Msg: {"value":null}
06-30 21:25:34.203 31937 31937 I Capacitor/Console: File:  - Line 333 - Msg: {"value":null}
06-30 21:25:34.203 31937 31937 I Capacitor/Console: File:  - Line 333 - Msg: {"value":null}
06-30 21:25:34.204 31937 31937 I Capacitor/Console: File:  - Line 333 - Msg: {"value":null}
06-30 21:25:34.206 31937 31937 I Capacitor/Console: File:  - Line 333 - Msg: {"value":null}
06-30 21:25:34.206 31937 31937 I Capacitor/Console: File:  - Line 333 - Msg: {"value":null}
06-30 21:25:34.206 31937 31937 I Capacitor/Console: File:  - Line 333 - Msg: {"value":null}
06-30 21:25:34.207 31937 31937 I Capacitor/Console: File:  - Line 333 - Msg: {"value":null}
06-30 21:25:34.208 31937 31937 I Capacitor/Console: File:  - Line 333 - Msg: {"value":null}
06-30 21:25:34.221 31937 31985 D Capacitor: Handling local request: https://localhost/assets/index-CFZDTyR2.js
06-30 21:25:34.223 31937 31937 I Capacitor/Console: File:  - Line 349 - Msg: [object Object]
06-30 21:25:34.224 31937 31937 V Capacitor/Plugin: To native (Capacitor plugin): callbackId: 41014935, pluginId: Preferences, methodName: get
06-30 21:25:34.225 31937 31937 V Capacitor: callback: 41014935, pluginId: Preferences, methodName: get, methodData: {"key":"eliza:ios-full-bun-smoke:request"}
06-30 21:25:34.315 31937 31986 D Capacitor: Handling local request: https://localhost/assets/poppins-latin-400-normal-cpxAROuN.woff2
06-30 21:25:34.315 31937 31985 D Capacitor: Handling local request: https://localhost/assets/poppins-latin-500-normal-C8OXljZJ.woff2
06-30 21:25:34.346 31937 31985 D Capacitor: Handling local request: https://localhost/assets/poppins-latin-600-normal-zEkxB9Mr.woff2
06-30 21:25:34.371 31937 31937 I Capacitor/Console: File:  - Line 349 - Msg: [object Object]
06-30 21:25:34.376 31937 31937 V Capacitor/Plugin: To native (Capacitor plugin): callbackId: 41014936, pluginId: TalkMode, methodName: checkPermissions
06-30 21:25:34.376 31937 31937 V Capacitor: callback: 41014936, pluginId: TalkMode, methodName: checkPermissions, methodData: {}
06-30 21:25:34.376 31937 31937 I Capacitor/Console: File:  - Line 349 - Msg: [object Object]
06-30 21:25:34.377 31937 31937 V Capacitor/Plugin: To native (Capacitor plugin): callbackId: 41014937, pluginId: Swabble, methodName: addListener
06-30 21:25:34.377 31937 31937 V Capacitor: callback: 41014937, pluginId: Swabble, methodName: addListener, methodData: {"eventName":"wakeWord"}
06-30 21:25:34.385 31937 31985 D Capacitor: Handling local request: https://localhost/api/apps/favorites
06-30 21:25:34.390 31937 31985 D Capacitor: Handling local request: https://localhost/api/runtime/mode
06-30 21:25:34.401 31937 31986 D Capacitor: Handling local request: https://localhost/api/local-inference/hub
06-30 21:25:34.407 31937 32009 D Capacitor: Handling local request: https://localhost/api/approvals
06-30 21:25:34.407 31937 31987 D Capacitor: Handling local request: https://localhost/api/apps/feed/agent/activity?limit=5
06-30 21:25:34.409 31937 31985 D Capacitor: Handling local request: https://localhost/api/suggestions
06-30 21:25:34.410 31937 31985 D Capacitor: Handling local request: https://localhost/api/relationships/candidates
06-30 21:25:34.413 31937 31989 D Capacitor: Handling local request: https://localhost/api/apps
06-30 21:25:34.414 31937 31989 D Capacitor: Handling local request: https://localhost/api/connectors/google/accounts
06-30 21:25:34.416 31937 31989 D Capacitor: Handling local request: https://localhost/api/apps
06-30 21:25:34.417 31937 31989 D Capacitor: Handling local request: https://localhost/api/apps/installed
06-30 21:25:34.418 31937 31989 D Capacitor: Handling local request: https://localhost/api/commands?surface=gui
06-30 21:25:34.419 31937 31989 D Capacitor: Handling local request: https://localhost/api/backups
06-30 21:25:34.420 31937 31988 D Capacitor: Handling local request: https://localhost/api/catalog/apps
06-30 21:25:34.420 31937 32009 D Capacitor: Handling local request: https://localhost/api/apps/runs
06-30 21:25:34.421 31937 31988 D Capacitor: Handling local request: https://localhost/api/status
06-30 21:25:34.421 31937 31986 D Capacitor: Handling local request: https://localhost/api/workbench/todos
06-30 21:25:34.422 31937 32009 D Capacitor: Handling local request: https://localhost/api/conversations
06-30 21:25:34.422 31937 31986 D Capacitor: Handling local request: https://localhost/api/config
06-30 21:25:34.423 31937 31987 D Capacitor: Handling local request: https://localhost/api/relationships/people
06-30 21:25:34.424 31937 31989 D Capacitor: Handling local request: https://localhost/api/notifications?limit=100
06-30 21:25:34.425 31937 31937 I Capacitor/Console: File:  - Line 349 - Msg: [object Object]
06-30 21:25:34.431 31937 31937 V Capacitor/Plugin: To native (Capacitor plugin): callbackId: 41014938, pluginId: Keyboard, methodName: addListener
06-30 21:25:34.431 31937 31937 V Capacitor: callback: 41014938, pluginId: Keyboard, methodName: addListener, methodData: {"eventName":"keyboardWillShow"}
06-30 21:25:34.432 31937 31937 I Capacitor/Console: File:  - Line 349 - Msg: [object Object]
06-30 21:25:34.434 31937 31937 V Capacitor/Plugin: To native (Capacitor plugin): callbackId: 41014939, pluginId: Keyboard, methodName: addListener
06-30 21:25:34.434 31937 31937 V Capacitor: callback: 41014939, pluginId: Keyboard, methodName: addListener, methodData: {"eventName":"keyboardWillHide"}
06-30 21:25:34.437 31937 31937 I Capacitor/Console: File:  - Line 333 - Msg: {"value":null}
06-30 21:25:34.448 31937 31937 I Capacitor/Console: File:  - Line 349 - Msg: [object Object]
06-30 21:25:34.450 31937 31937 V Capacitor/Plugin: To native (Capacitor plugin): callbackId: 41014940, pluginId: Preferences, methodName: remove
06-30 21:25:34.451 31937 31937 V Capacitor: callback: 41014940, pluginId: Preferences, methodName: remove, methodData: {"key":"elizaos:active-server"}
06-30 21:25:34.451 31937 31937 I Capacitor/Console: File:  - Line 349 - Msg: [object Object]
06-30 21:25:34.452 31937 31937 V Capacitor/Plugin: To native (Capacitor plugin): callbackId: 41014941, pluginId: Preferences, methodName: remove
06-30 21:25:34.452 31937 31937 V Capacitor: callback: 41014941, pluginId: Preferences, methodName: remove, methodData: {"key":"eliza:first-run-complete"}
06-30 21:25:34.453 31937 31937 I Capacitor/Console: File:  - Line 349 - Msg: [object Object]
06-30 21:25:34.454 31937 31937 V Capacitor/Plugin: To native (Capacitor plugin): callbackId: 41014942, pluginId: Preferences, methodName: remove
06-30 21:25:34.454 31937 31937 V Capacitor: callback: 41014942, pluginId: Preferences, methodName: remove, methodData: {"key":"eliza:first-run-complete"}
06-30 21:25:34.458 31937 31986 D Capacitor: Handling local request: https://localhost/api/local-inference/downloads/stream
06-30 21:25:34.463 31937 31985 D Capacitor: Handling local request: https://localhost/api/computer-use/approvals/stream
06-30 21:25:34.580 31937 31985 D Capacitor: Handling local request: https://localhost/api/computer-use/approvals
06-30 21:25:34.584 31937 31986 D Capacitor: Handling local request: https://localhost/api/catalog/apps
06-30 21:25:34.586 31937 31986 D Capacitor: Handling local request: https://localhost/api/custom-actions
06-30 21:25:34.597 31937 31985 D Capacitor: Handling local request: https://localhost/api/local-inference/hub
06-30 21:25:34.621 31937 31985 D Capacitor: Handling local request: https://localhost/api/local-inference/downloads/stream
06-30 21:25:34.724 31937 31958 D EGL_emulation: app_time_stats: avg=21.32ms min=4.94ms max=310.39ms count=52
06-30 21:25:34.730 31937 31937 I Capacitor/Console: File:  - Line 333 - Msg: {"microphone":"granted","speechRecognition":"granted"}
06-30 21:25:34.731 31937 31937 I Capacitor/Console: File:  - Line 333 - Msg: undefined
06-30 21:25:34.734 31937 31937 I Capacitor/Console: File:  - Line 333 - Msg: undefined
06-30 21:25:34.735 31937 31937 I Capacitor/Console: File:  - Line 333 - Msg: undefined
06-30 21:25:34.736 31937 31937 W Capacitor/Console: File: https://localhost/assets/vendor-crypto-Da8yxNA_.js - Line 5 - Msg: %c Warn font-size: 12px; color: #ffaa00; [persistence] failed to fetch server favorite apps: Unexpected token '<', "<!doctype "... is not valid JSON
06-30 21:25:34.737 31937 31937 E Capacitor/Console: File: https://localhost/ - Line 0 - Msg: EventSource's response has a MIME type ("text/html") that is not "text/event-stream". Aborting the connection.
06-30 21:25:34.737 31937 31937 E Capacitor/Console: File: https://localhost/ - Line 0 - Msg: EventSource's response has a MIME type ("text/html") that is not "text/event-stream". Aborting the connection.
06-30 21:25:34.738 31937 31937 I Capacitor/Console: File:  - Line 349 - Msg: [object Object]
06-30 21:25:34.739 31937 31937 V Capacitor/Plugin: To native (Capacitor plugin): callbackId: 41014943, pluginId: StatusBar, methodName: setStyle
06-30 21:25:34.739 31937 31937 V Capacitor: callback: 41014943, pluginId: StatusBar, methodName: setStyle, methodData: {"style":"DARK"}
06-30 21:25:34.780 31937 31937 I Capacitor/Console: File:  - Line 349 - Msg: [object Object]
06-30 21:25:34.783 31937 31937 V Capacitor/Plugin: To native (Capacitor plugin): callbackId: 41014944, pluginId: Preferences, methodName: set
06-30 21:25:34.784 31937 31937 V Capacitor: callback: 41014944, pluginId: Preferences, methodName: set, methodData: {"key":"eliza:first-run-complete","value":"1"}
06-30 21:25:34.785 31937 31937 I Capacitor/Console: File:  - Line 349 - Msg: [object Object]
06-30 21:25:34.787 31937 31937 V Capacitor/Plugin: To native (Capacitor plugin): callbackId: 41014945, pluginId: Preferences, methodName: set
06-30 21:25:34.787 31937 31937 V Capacitor: callback: 41014945, pluginId: Preferences, methodName: set, methodData: {"key":"eliza:onboarding-complete","value":"1"}
06-30 21:25:34.788 31937 31937 I Capacitor/Console: File:  - Line 349 - Msg: [object Object]
06-30 21:25:34.790 31937 31937 V Capacitor/Plugin: To native (Capacitor plugin): callbackId: 41014946, pluginId: Preferences, methodName: set
06-30 21:25:34.790 31937 31937 V Capacitor: callback: 41014946, pluginId: Preferences, methodName: set, methodData: {"key":"eliza:setup:step","value":"complete"}
06-30 21:25:34.791 31937 31937 I Capacitor/Console: File:  - Line 333 - Msg: undefined
06-30 21:25:34.791 31937 31937 I Capacitor/Console: File:  - Line 349 - Msg: [object Object]
06-30 21:25:34.792 31937 31937 V Capacitor/Plugin: To native (Capacitor plugin): callbackId: 41014947, pluginId: StatusBar, methodName: setOverlaysWebView
06-30 21:25:34.792 31937 31937 V Capacitor: callback: 41014947, pluginId: StatusBar, methodName: setOverlaysWebView, methodData: {"overlay":true}
06-30 21:25:34.793 31937 31937 I Capacitor/Console: File:  - Line 349 - Msg: [object Object]
06-30 21:25:34.794 31937 31937 V Capacitor/Plugin: To native (Capacitor plugin): callbackId: 41014948, pluginId: Preferences, methodName: set
06-30 21:25:34.794 31937 31937 V Capacitor: callback: 41014948, pluginId: Preferences, methodName: set, methodData: {"key":"eliza:first-run-complete","value":"1"}
06-30 21:25:34.795 31937 31937 I Capacitor/Console: File:  - Line 349 - Msg: [object Object]
06-30 21:25:34.796 31937 31937 V Capacitor/Plugin: To native (Capacitor plugin): callbackId: 41014949, pluginId: Preferences, methodName: set
06-30 21:25:34.796 31937 31937 V Capacitor: callback: 41014949, pluginId: Preferences, methodName: set, methodData: {"key":"eliza:setup:step","value":"complete"}
06-30 21:25:34.796 31937 31937 I Capacitor/Console: File:  - Line 349 - Msg: [object Object]
06-30 21:25:34.797 31937 31937 V Capacitor/Plugin: To native (Capacitor plugin): callbackId: 41014950, pluginId: Preferences, methodName: set
06-30 21:25:34.797 31937 31937 V Capacitor: callback: 41014950, pluginId: Preferences, methodName: set, methodData: {"key":"eliza:first-run-complete","value":"1"}
06-30 21:25:34.819 31937 31985 D Capacitor: Handling local request: https://localhost/api/apps/favorites
06-30 21:25:34.823 31937 31985 D Capacitor: Handling local request: https://localhost/api/config
06-30 21:25:34.824 31937 31986 D Capacitor: Handling local request: https://localhost/api/status
06-30 21:25:35.060 31937 31937 E Capacitor/Console: File: https://localhost/ - Line 0 - Msg: EventSource's response has a MIME type ("text/html") that is not "text/event-stream". Aborting the connection.
06-30 21:25:35.061 31937 31937 I Capacitor/Console: File:  - Line 333 - Msg: undefined
06-30 21:25:35.061 31937 31937 I Capacitor/Console: File:  - Line 333 - Msg: undefined
06-30 21:25:35.061 31937 31937 I Capacitor/Console: File:  - Line 333 - Msg: undefined
06-30 21:25:35.062 31937 31937 I Capacitor/Console: File:  - Line 333 - Msg: undefined
06-30 21:25:35.067 31937 31937 V Capacitor/StatusBarPlugin: Notifying listeners for event statusBarOverlayChanged
06-30 21:25:35.067 31937 31937 D Capacitor/StatusBarPlugin: No listeners found for event statusBarOverlayChanged
06-30 21:25:35.090 31937 31937 I Capacitor/Console: File:  - Line 333 - Msg: undefined
06-30 21:25:35.130 31937 31937 I Capacitor/Console: File:  - Line 333 - Msg: undefined
06-30 21:25:35.131 31937 31937 I Capacitor/Console: File:  - Line 333 - Msg: undefined
06-30 21:25:35.131 31937 31937 I Capacitor/Console: File:  - Line 349 - Msg: [object Object]
06-30 21:25:35.132 31937 31937 V Capacitor/Plugin: To native (Capacitor plugin): callbackId: 41014951, pluginId: StatusBar, methodName: setBackgroundColor
06-30 21:25:35.132 31937 31937 V Capacitor: callback: 41014951, pluginId: StatusBar, methodName: setBackgroundColor, methodData: {"color":"#00000000"}
06-30 21:25:35.133 31937 31937 W Capacitor/Console: File: https://localhost/assets/vendor-crypto-Da8yxNA_.js - Line 5 - Msg: %c Warn font-size: 12px; color: #ffaa00; [persistence] failed to fetch server favorite apps: Unexpected token '<', "<!doctype "... is not valid JSON
06-30 21:25:35.242 31937 31986 D Capacitor: Handling local request: https://localhost/assets/register-htLUcc7G.js
06-30 21:25:35.245 31937 31985 D Capacitor: Handling local request: https://localhost/assets/index-BCmXxP4t.js
06-30 21:25:35.256 31937 31985 D Capacitor: Handling local request: https://localhost/assets/index-B5Y2P2Wv.js
06-30 21:25:35.256 31937 31986 D Capacitor: Handling local request: https://localhost/assets/index-B4bR-N3P.js
06-30 21:25:35.262 31937 31937 I Capacitor/Console: File:  - Line 333 - Msg: undefined
06-30 21:25:35.263 31937 31937 I Capacitor/Console: File:  - Line 349 - Msg: [object Object]
06-30 21:25:35.265 31937 31937 V Capacitor/Plugin: To native (Capacitor plugin): callbackId: 41014952, pluginId: Keyboard, methodName: addListener
06-30 21:25:35.265 31937 31937 V Capacitor: callback: 41014952, pluginId: Keyboard, methodName: addListener, methodData: {"eventName":"keyboardWillShow"}
06-30 21:25:35.265 31937 31937 I Capacitor/Console: File:  - Line 349 - Msg: [object Object]
06-30 21:25:35.266 31937 31937 V Capacitor/Plugin: To native (Capacitor plugin): callbackId: 41014953, pluginId: Keyboard, methodName: addListener
06-30 21:25:35.266 31937 31937 V Capacitor: callback: 41014953, pluginId: Keyboard, methodName: addListener, methodData: {"eventName":"keyboardWillHide"}
06-30 21:25:35.267 31937 31937 I Capacitor/Console: File:  - Line 349 - Msg: [object Object]
06-30 21:25:35.268 31937 31937 V Capacitor/Plugin: To native (Capacitor plugin): callbackId: 41014954, pluginId: App, methodName: addListener
06-30 21:25:35.268 31937 31937 V Capacitor: callback: 41014954, pluginId: App, methodName: addListener, methodData: {"eventName":"appStateChange"}
06-30 21:25:35.269 31937 31937 I Capacitor/Console: File:  - Line 349 - Msg: [object Object]
06-30 21:25:35.270 31937 31937 V Capacitor/Plugin: To native (Capacitor plugin): callbackId: 41014955, pluginId: App, methodName: addListener
06-30 21:25:35.270 31937 31937 V Capacitor: callback: 41014955, pluginId: App, methodName: addListener, methodData: {"eventName":"backButton"}
06-30 21:25:35.270 31937 31937 I Capacitor/Console: File:  - Line 349 - Msg: [object Object]
06-30 21:25:35.271 31937 31937 V Capacitor/Plugin: To native (Capacitor plugin): callbackId: 41014956, pluginId: App, methodName: addListener
06-30 21:25:35.271 31937 31937 V Capacitor: callback: 41014956, pluginId: App, methodName: addListener, methodData: {"eventName":"appUrlOpen"}
06-30 21:25:35.272 31937 32021 V Capacitor/AppPlugin: Notifying listeners for event appUrlOpen
06-30 21:25:35.272 31937 31937 I Capacitor/Console: File:  - Line 349 - Msg: [object Object]
06-30 21:25:35.273 31937 31937 V Capacitor/Plugin: To native (Capacitor plugin): callbackId: 41014957, pluginId: App, methodName: getLaunchUrl
06-30 21:25:35.273 31937 31937 V Capacitor: callback: 41014957, pluginId: App, methodName: getLaunchUrl, methodData: {}
06-30 21:25:35.273 31937 31937 W Capacitor/Console: File: https://localhost/assets/index-uueNeWg-.js - Line 455 - Msg: [Eliza] Agent not available: "Agent" plugin is not implemented on android
06-30 21:25:35.274 31937 31937 W Capacitor/Console: File: https://localhost/assets/index-uueNeWg-.js - Line 455 - Msg: [Eliza] Background runner unavailable: "CapacitorBackgroundRunner" plugin is not implemented on android
06-30 21:25:35.283 31937 31937 I Capacitor/Console: File:  - Line 333 - Msg: {"url":"elizaos://first-run/runtime/remote?api=http%3A%2F%2F127.0.0.1%3A31337"}
06-30 21:25:35.283 31937 31937 W Capacitor/Console: File: https://localhost/assets/index-uueNeWg-.js - Line 455 - Msg: [Eliza] Unknown deep link path: first-run/runtime/remote
06-30 21:25:35.284 31937 31937 I Capacitor/Console: File:  - Line 333 - Msg: undefined
06-30 21:25:35.306 31937 31937 I Capacitor/Console: File:  - Line 349 - Msg: [object Object]
06-30 21:25:35.308 31937 31937 V Capacitor/Plugin: To native (Capacitor plugin): callbackId: 41014958, pluginId: Network, methodName: addListener
06-30 21:25:35.308 31937 31937 V Capacitor: callback: 41014958, pluginId: Network, methodName: addListener, methodData: {"eventName":"networkStatusChange"}
06-30 21:25:35.309 31937 31937 W Capacitor/Console: File: https://localhost/assets/index-uueNeWg-.js - Line 455 - Msg: [Eliza] Blocker backends plugin not available: e.registerNativeWebsiteBlockerBackend is not a function
06-30 21:25:35.311 31937 31987 D Capacitor: Handling local request: https://localhost/assets/ui-BQPpfePS.js
06-30 21:25:35.312 31937 32009 D Capacitor: Handling local request: https://localhost/assets/ui-CH6x4mG7.js
06-30 21:25:35.313 31937 31989 D Capacitor: Handling local request: https://localhost/assets/ui-CEBQADiy.js
06-30 21:25:35.321 31937 31988 D Capacitor: Handling local request: https://localhost/assets/register-WCV6RikA.js
06-30 21:25:35.429 31937 31986 D Capacitor: Handling local request: https://localhost/assets/ui-Yf_Zvb2Y.js
06-30 21:25:35.431 31937 31986 D Capacitor: Handling local request: https://localhost/assets/index-DVyji-vg.js
06-30 21:25:35.432 31937 31985 D Capacitor: Handling local request: https://localhost/assets/PhoneCompanionApp-D6VKEgv3.js
06-30 21:25:35.433 31937 31987 D Capacitor: Handling local request: https://localhost/assets/register-BsrjlEId.js
06-30 21:25:35.433 31937 31989 D Capacitor: Handling local request: https://localhost/assets/PhoneSpatialView-BR8VymQ6.js
06-30 21:25:35.474 31937 31986 D Capacitor: Handling local request: https://localhost/assets/index-HelMMi2b.js
06-30 21:25:35.488 31937 31985 D Capacitor: Handling local request: https://localhost/assets/input-group-7Yx_7ynd.js
06-30 21:25:35.489 31937 31988 D Capacitor: Handling local request: https://localhost/assets/FilesView-BevZlMCJ.js
06-30 21:25:35.511 31937 31987 D Capacitor: Handling local request: https://localhost/assets/register-CKhTWwdL.js
06-30 21:25:35.512 31937 31987 D Capacitor: Handling local request: https://localhost/assets/register-CpJ0LUJF.js
06-30 21:25:35.595 31937 31937 E Capacitor/Console: File: https://localhost/assets/index-uueNeWg-.js - Line 291 - Msg: [RenderTelemetry] layout shifted 1x (CLS 0.111) within 1000ms [object Object]
06-30 21:25:35.603 31937 31985 D Capacitor: Handling local request: https://localhost/assets/register-C-uXn7P_.js
06-30 21:25:35.603 31937 31986 D Capacitor: Handling local request: https://localhost/assets/register-B84ndoC4.js
06-30 21:25:35.718 31937 31985 D Capacitor: Handling local request: https://localhost/api/vision/capture-requests
06-30 21:25:35.719 31937 31986 D Capacitor: Handling local request: https://localhost/assets/register-BYfwDxno.js
06-30 21:25:35.721 31937 31985 D Capacitor: Handling local request: https://localhost/assets/register-BBDdYjRD.js
06-30 21:25:35.727 31937 31958 D EGL_emulation: app_time_stats: avg=34.49ms min=15.03ms max=283.27ms count=29
06-30 21:25:35.910 31983 32005 I chromium: [INFO:audio_latency.cc(179)] audioHardwareBufferSize = 4360
06-30 21:25:35.926 31937 31986 D Capacitor: Handling local request: https://localhost/assets/register-BKJTnj2E.js
06-30 21:25:35.927 31937 31985 D Capacitor: Handling local request: https://localhost/assets/register-DF9614Lv.js
06-30 21:25:35.932 31937 32006 I AAudio  : AAudioStreamBuilder_openStream() called ----------------------------------------
06-30 21:25:35.933 31937 32006 I AudioStreamBuilder: rate   =  48000, channels  = 2, channelMask = 0x80000003, format   = 5, sharing = SH, dir = OUTPUT
06-30 21:25:35.933 31937 32006 I AudioStreamBuilder: device =      0, sessionId = -1, perfMode = 12, callback: ON with frames = 4360
06-30 21:25:35.933 31937 32006 I AudioStreamBuilder: usage  =      1, contentType = 0, inputPreset = 0, allowedCapturePolicy = 0
06-30 21:25:35.933 31937 32006 I AudioStreamBuilder: privacy sensitive = false, opPackageName = (null), attributionTag = (null)
06-30 21:25:35.933 31937 32006 D ai.elizaos.app: PlayerBase::PlayerBase()
06-30 21:25:35.933 31937 32006 D AudioStreamTrack: open(), request notificationFrames = -8, frameCount = 0
--------- beginning of system
06-30 21:25:35.937   545  4311 I AppsFilter: interaction: PackageSetting{3351a74 ai.elizaos.app/10192} -> PackageSetting{ed2666 com.google.android.inputmethod.latin/10145} BLOCKED
06-30 21:25:35.937   545  4311 W FillRequestEventLogger: Couldn't find packageName: com.google.android.inputmethod.latin
06-30 21:25:35.944   420  3838 W AudioFlinger: createTrack_l(): mismatch between requested flags (00000104) and output flags (00000002)
06-30 21:25:35.948   420  3838 D AudioFlinger: Client defaulted notificationFrames to 960 for frameCount 4360
06-30 21:25:35.950   545   545 D AutofillInlineSuggestionsRequestSession: onCreateInlineSuggestionsRequestLocked called: 1073741824:65536@502971287
06-30 21:25:35.950   420  3838 D AF::TrackHandle: OpPlayAudio: track:71 usage:1 not muted
06-30 21:25:35.953  1438  1438 I GoogleInputMethodService: GoogleInputMethodService.onStartInput():1877 onStartInput(EditorInfo{inputType=0x0(NULL) imeOptions=0x0 privateImeOptions=null actionName=UNSPECIFIED actionLabel=null actionId=0 initialSelStart=-1 initialSelEnd=-1 initialCapsMode=0x0 hintText=null label=null packageName=ai.elizaos.app fieldId=2131296482 fieldName=null extras=null}, true)
06-30 21:25:35.953  1438  1438 I GoogleInputMethodService: GoogleInputMethodService.shouldHideHeaderOnInitialState():4008 ShouldHideHeaderOnInitialState = false
06-30 21:25:35.954  1438  1438 I GoogleInputMethodService: GoogleInputMethodService.updateDeviceLockedStatus():2087 repeatCheckTimes = 2, unlocked = true
06-30 21:25:35.954  1438  1438 W SessionManager: SessionManager.beginSession():53 Try to begin an already begun session [INPUT_SESSION], end it first
06-30 21:25:35.955 31937 31937 I ImeTracker: ai.elizaos.app:a58ab811: onRequestShow at ORIGIN_CLIENT_SHOW_SOFT_INPUT reason SHOW_SOFT_INPUT
06-30 21:25:35.955   545   756 D AutofillInlineSuggestionsRequestSession: onInlineSuggestionsSessionInvalidated() called.
06-30 21:25:35.956 31937 31937 D InputMethodManager: showSoftInput() view=com.getcapacitor.CapacitorWebView{64800e8 VFEDHVC.. .F...... 0,0-320,640 #7f0900e2 app:id/webview aid=1073741824} flags=0 reason=SHOW_SOFT_INPUT
06-30 21:25:35.956 31937 32006 D AudioStreamTrack: open() flags changed from 0x00000104 to 0x00000000
06-30 21:25:35.956 31937 32006 D AudioStreamTrack: open() perfMode changed from 12 to 10
06-30 21:25:35.956 31937 32006 D AAudioStream: setState(s#1) from 0 to 2
06-30 21:25:35.960 31937 32006 I AAudio  : AAudioStreamBuilder_openStream() returns 0 = AAUDIO_OK for s#1 ----------------
06-30 21:25:35.961 31937 32006 D AAudio  : AAudioStream_requestStart(s#1) called --------------
06-30 21:25:35.962 31937 32006 D AAudioStream: setState(s#1) from 2 to 3
06-30 21:25:35.962   420  3838 D audioserver: FGS Logger Transaction failed
06-30 21:25:35.962   420  3838 D audioserver: -129
06-30 21:25:35.963 31937 31952 D AudioStreamLegacy: onAudioDeviceUpdate(deviceId = 2)
06-30 21:25:35.964 31937 32183 D AAudioStream: setState(s#1) from 3 to 4
06-30 21:25:35.964 31937 32006 D AAudio  : AAudioStream_requestStart(s#1) returned 0 ---------
06-30 21:25:35.968  1438  1438 I DeviceModeUtil: DeviceModeUtil.getDeviceMode():122 Get device mode phone by ui mode:1 and smallestScreenWidthDp:320
06-30 21:25:35.970  1438  1438 I GoogleInputMethodService: GoogleInputMethodService.onStartInputView():1995 onStartInputView(EditorInfo{inputType=0x0(NULL) imeOptions=0x0 privateImeOptions=null actionName=UNSPECIFIED actionLabel=null actionId=0 initialSelStart=-1 initialSelEnd=-1 initialCapsMode=0x0 hintText=null label=null packageName=ai.elizaos.app fieldId=2131296482 fieldName=null extras=null}, false)
06-30 21:25:35.971   545  4311 D AutofillInlineSuggestionsRequestSession: onInlineSuggestionsRequest() received: InlineSuggestionsRequest { maxSuggestionCount = 9, inlinePresentationSpecs = [InlinePresentationSpec { minSize = 42x38, maxSize = 240x38, style = Bundle[mParcelledData.dataSize=2816] }, InlinePresentationSpec { minSize = 42x38, maxSize = 240x38, style = Bundle[mParcelledData.dataSize=2816] }, InlinePresentationSpec { minSize = 42x38, maxSize = 240x38, style = Bundle[mParcelledData.dataSize=2816] }, InlinePresentationSpec { minSize = 42x38, maxSize = 240x38, style = Bundle[mParcelledData.dataSize=2816] }, InlinePresentationSpec { minSize = 42x38, maxSize = 240x38, style = Bundle[mParcelledData.dataSize=2816] }, InlinePresentationSpec { minSize = 42x38, maxSize = 240x38, style = Bundle[mParcelledData.dataSize=2816] }, InlinePresentationSpec { minSize = 42x38, maxSize = 240x38, style = Bundle[mParcelledData.dataSize=2816] }, InlinePresentationSpec { minSize = 42x38, maxSize = 240x38, style = Bundle[mParcelledData.dataSize=2816] }, InlinePresentationSpec { minSize = 42x38, maxSize = 240x38, style = Bundle[mParcelledData.dataSize=2816] }], hostPackageName = com.google.android.inputmethod.latin, supportedLocales = [en_US], extras = Bundle[EMPTY_PARCEL], hostInputToken = android.os.BinderProxy@381b178, hostDisplayId = 0, inlineTooltipPresentationSpec = null }
06-30 21:25:35.972  1438  1438 I GoogleInputMethodService: GoogleInputMethodService.updateDeviceLockedStatus():2087 repeatCheckTimes = 2, unlocked = true
06-30 21:25:35.972  1438  1438 W ModuleManager: ModuleManager.loadModule():450 Module erj is not available
06-30 21:25:35.973  1438  1598 I DeviceModeUtil: DeviceModeUtil.getDeviceMode():122 Get device mode phone by ui mode:1 and smallestScreenWidthDp:320
06-30 21:25:35.980 31937 31937 I AssistStructure: Flattened final assist data: 1952 bytes, containing 1 windows, 6 views
06-30 21:25:35.981   545   558 D AutofillSession: createPendingIntent for request 12
06-30 21:25:35.982   545   558 D ContentCapturePerUserService: Notified activity assist data for activity: Token{73fb5b9 ActivityRecord{c035003 u0 ai.elizaos.app/.MainActivity t82}} without a session Id
06-30 21:25:36.009  1184  1184 W AutofillChimeraService: Pending fill request while another request in the same session was triggered. [CONTEXT service_id=177 ]
06-30 21:25:36.017 14784 14784 D BoundBrokerSvc: onBind: Intent { act=com.google.android.mdd.service.START dat=chimera-action:/... cmp=com.google.android.gms/.chimera.GmsBoundBrokerService }
06-30 21:25:36.017 14784 14784 D BoundBrokerSvc: Loading bound service for intent: Intent { act=com.google.android.mdd.service.START dat=chimera-action:/... cmp=com.google.android.gms/.chimera.GmsBoundBrokerService }
06-30 21:25:36.020   420   513 D AudioFlinger: mixer(0x74a0f0cfc930) throttle end: throttle time(11)
06-30 21:25:36.035  1438  1438 I KeyboardViewUtil: KeyboardViewUtil.getKeyboardHeightRatio():189 systemKeyboardHeightRatio:1.000000; userKeyboardHeightRatio:1.000000.
06-30 21:25:36.036  1438  1438 I AndroidIME: AbstractIme.onActivate():86 PasswordIme.onActivate() : EditorInfo = inputType=0x0(NULL) imeOptions=0x0 privateImeOptions=null actionName=UNSPECIFIED actionLabel=null actionId=0 initialSelStart=-1 initialSelEnd=-1 initialCapsMode=0x0 hintText=null label=null packageName=ai.elizaos.app fieldId=2131296482 fieldName=null extras=null, IncognitoMode = false, DeviceLocked = false
06-30 21:25:36.040  1438  1438 I KeyboardViewUtil: KeyboardViewUtil.calculateMaxKeyboardBodyHeight():40 leave 110 height for app when screen height:640, header height:38 and isFullscreenMode:false, so the max keyboard body height is:492
06-30 21:25:36.041  1438  1438 I GoogleInputMethodService: GoogleInputMethodService.setKeyboardViewShown():3483 setKeyboardViewShown() : type = HEADER, shownType = SHOW_MANDATORY
06-30 21:25:36.041  1438  1438 I GoogleInputMethodService: GoogleInputMethodService.setKeyboardViewShown():3530 setKeyboardViewShown() : shouldShow = true
06-30 21:25:36.046  1438  1438 I GoogleInputMethodService: GoogleInputMethodService.setKeyboardViewShown():3483 setKeyboardViewShown() : type = BODY, shownType = SHOW_MANDATORY
06-30 21:25:36.046  1438  1438 I GoogleInputMethodService: GoogleInputMethodService.setKeyboardViewShown():3530 setKeyboardViewShown() : shouldShow = true
06-30 21:25:36.046  1438  1438 I GoogleInputMethodService: GoogleInputMethodService.setKeyboardViewShown():3483 setKeyboardViewShown() : type = FLOATING_CANDIDATES, shownType = HIDE
06-30 21:25:36.046  1438  1438 I GoogleInputMethodService: GoogleInputMethodService.setKeyboardViewShown():3530 setKeyboardViewShown() : shouldShow = false
06-30 21:25:36.047  1438  1438 I KeyboardViewUtil: KeyboardViewUtil.calculateMaxKeyboardBodyHeight():40 leave 110 height for app when screen height:640, header height:38 and isFullscreenMode:false, so the max keyboard body height is:492
06-30 21:25:36.048  1438  1438 I DeviceModeUtil: DeviceModeUtil.getDeviceMode():122 Get device mode phone by ui mode:1 and smallestScreenWidthDp:320
06-30 21:25:36.054   420   513 D AudioFlinger: mixer(0x74a0f0cfc930) throttle end: throttle time(11)
06-30 21:25:36.069   545   545 W FillRequestEventLogger: Shouldn't be logging AutofillFillRequestReported again for same event
06-30 21:25:36.070   545   545 W FillResponseEventLogger: Shouldn't be logging AutofillFillRequestReported again for same event
06-30 21:25:36.070   545   545 D AutofillSession: clearPendingIntentLocked
06-30 21:25:36.070   545   565 D AutofillUI: destroySaveUiUiThread(): already destroyed
06-30 21:25:36.072   545   545 D AutofillInlineSuggestionsRequestSession: onInlineSuggestionsResponseLocked called for:1073741824:65536@502971287
06-30 21:25:36.073  1438  1438 I DeviceModeUtil: DeviceModeUtil.getDeviceMode():122 Get device mode phone by ui mode:1 and smallestScreenWidthDp:320
06-30 21:25:36.074  1438  1438 I DeviceModeUtil: DeviceModeUtil.getDeviceMode():122 Get device mode phone by ui mode:1 and smallestScreenWidthDp:320
06-30 21:25:36.074  1438  1438 I KeyboardModeManager: KeyboardModeManager.setInputView():364 setInputView() : supportsOneHandedMode=true
06-30 21:25:36.074  1438  1438 I NormalModeController: NormalModeController.getKeyboardBodyViewHolderPaddingBottom():116 currentPrimeKeyboardType:SOFT systemPaddingBottom:-1
06-30 21:25:36.074   545   545 D AutofillInlineSuggestionsRequestSession: maybeNotifyFillUiEventLoked(): hasSuggestionToShow=false, mPreviousHasNonPinSuggestionShow=false
06-30 21:25:36.074  1438  1438 I NormalModeController: NormalModeController.getKeyboardBodyViewHolderPaddingBottom():116 currentPrimeKeyboardType:SOFT systemPaddingBottom:-1
06-30 21:25:36.075   545   545 D AutofillInlineSuggestionsRequestSession: Send inline response: 0
06-30 21:25:36.077   420   513 D AudioFlinger: mixer(0x74a0f0cfc930) throttle end: throttle time(11)
06-30 21:25:36.080  1025  1025 V InlineSuggestionRenderService: handleDestroySuggestionViews called for 0:502971287
06-30 21:25:36.082  1438  1438 I KeyboardModeManager: KeyboardModeManager.setInputView():356 setInputView() : entry=hwn{languageTag=en-US, variant=qwerty, hasLocalizedResources=true, conditionCacheKey=_device=phone_device_size=default_enable_adaptive_text_editing=true_enable_inline_suggestions_on_client_side=false_enable_large_tablet_batch_1=false_enable_large_tablet_batch_2=false_enable_more_candidates_view_for_multilingual=false_enable_nav_redesign=false_enable_number_row=false_enable_preemptive_decode=true_enable_secondary_symbols=false_expressions=normal_four_or_more_letter_rows=false_keyboard_mode=normal_language=en-US_orientation=portrait_physical_keyboard=qwerty_show_secondary_digits=true_show_suggestions=true_split_with_duplicate_keys=true_variant=qwerty, imeDef.stringId=ime_english_united_states, imeDef.className=com.google.android.apps.inputmethod.libs.latin5.LatinIme, imeDef.languageTag=en-US}
06-30 21:25:36.084  1438  1438 I VoiceImeExtension: VoiceImeExtension.shouldStartVoiceInputAutomatically():383 No private IME option set to start voice input.
06-30 21:25:36.105 14784 14784 D BoundBrokerSvc: onBind: Intent { act=com.google.firebase.dynamiclinks.service.START pkg=com.google.android.gms }
06-30 21:25:36.106 14784 14784 D BoundBrokerSvc: Loading bound service for intent: Intent { act=com.google.firebase.dynamiclinks.service.START pkg=com.google.android.gms }
06-30 21:25:36.127   545   558 D CoreBackPreview: Window{88b3a0b u0 ai.elizaos.app/ai.elizaos.app.MainActivity}: Setting back callback OnBackInvokedCallbackInfo{mCallback=android.window.IOnBackInvokedCallback$Stub$Proxy@83971bd, mPriority=0, mIsAnimationCallback=false}
06-30 21:25:36.138 31937 31937 D InsetsController: show(ime(), fromIme=true)
06-30 21:25:36.139  1438  1438 I DeviceModeUtil: DeviceModeUtil.getDeviceMode():122 Get device mode phone by ui mode:1 and smallestScreenWidthDp:320
06-30 21:25:36.139  1438  1438 I DeviceModeUtil: DeviceModeUtil.getDeviceMode():122 Get device mode phone by ui mode:1 and smallestScreenWidthDp:320
06-30 21:25:36.141 14784 14784 D BoundBrokerSvc: onUnbind: Intent { act=com.google.android.gms.safetynet.service.START pkg=com.google.android.gms }
06-30 21:25:36.153 31937 31937 V Capacitor/KeyboardPlugin: Notifying listeners for event keyboardWillShow
06-30 21:25:36.155 31937 31985 D Capacitor: Handling local request: https://localhost/api/computer-use/approvals
06-30 21:25:36.169 14784 14784 D BoundBrokerSvc: onBind: Intent { act=com.google.android.gms.common.BIND_SHARED_PREFS pkg=com.google.android.gms }
06-30 21:25:36.169 14784 14784 D BoundBrokerSvc: Loading bound service for intent: Intent { act=com.google.android.gms.common.BIND_SHARED_PREFS pkg=com.google.android.gms }
06-30 21:25:36.176 14784 14784 D BoundBrokerSvc: onUnbind: Intent { act=com.google.android.gms.common.BIND_SHARED_PREFS pkg=com.google.android.gms }
06-30 21:25:36.180 14784 14784 D BoundBrokerSvc: onBind: Intent { act=com.google.android.gms.common.BIND_SHARED_PREFS pkg=com.google.android.gms }
06-30 21:25:36.180 14784 14784 D BoundBrokerSvc: Loading bound service for intent: Intent { act=com.google.android.gms.common.BIND_SHARED_PREFS pkg=com.google.android.gms }
06-30 21:25:36.183 14784 14784 D BoundBrokerSvc: onUnbind: Intent { act=com.google.android.gms.common.BIND_SHARED_PREFS pkg=com.google.android.gms }
06-30 21:25:36.184 31937 31937 I Capacitor/Console: File:  - Line 333 - Msg: {"keyboardHeight":235}
06-30 21:25:36.184 31937 31937 I Capacitor/Console: File:  - Line 333 - Msg: {"keyboardHeight":235}
06-30 21:25:36.218 31937 31985 D Capacitor: Handling local request: https://localhost/assets/register-zSlTFojy.js
06-30 21:25:36.219 31937 31986 D Capacitor: Handling local request: https://localhost/assets/register-DihaqmI4.js
06-30 21:25:36.374 31937 31985 D Capacitor: Handling local request: https://localhost/api/status
06-30 21:25:36.491 32192 32192 W BpBinder: Linking to death on android.gui.ISurfaceComposer but there are no threads (yet?) listening to incoming transactions. See ProcessState::startThreadPool and ProcessState::setThreadPoolMaxThreadCount. Generally you should setup the binder threadpool before other initialization steps.
06-30 21:25:36.491 32192 32192 W ProcessState: Extra binder thread started, but 0 threads requested. Do not use *startThreadPool when zero threads are requested.
06-30 21:25:36.502   162   162 I hwservicemanager: getTransport: Cannot find entry android.hardware.graphics.mapper@4.0::IMapper/default in either framework or device VINTF manifest.
--------- beginning of kernel
06-30 21:25:36.724     0     0 I servicemanager: Could not find android.hardware.graphics.allocator.IAllocator/default in the VINTF manifest.
06-30 21:25:36.504 32192 32193 I Gralloc4: mapper 4.x is not supported
06-30 21:25:36.505 31937 31937 I ImeTracker: ai.elizaos.app:a58ab811: onShown
06-30 21:25:36.506 31937 31937 V Capacitor/KeyboardPlugin: Notifying listeners for event keyboardDidShow
06-30 21:25:36.506 31937 31937 D Capacitor/KeyboardPlugin: No listeners found for event keyboardDidShow
06-30 21:25:36.509 31937 31985 D Capacitor: Handling local request: https://localhost/assets/register-DE7jCJzh.js
06-30 21:25:36.621   420   513 D AudioFlinger: mixer(0x74a0f0cfc930) throttle end: throttle time(16)
06-30 21:25:36.740 31937 31958 D EGL_emulation: app_time_stats: avg=26.72ms min=12.56ms max=107.89ms count=37
06-30 21:25:36.744 31937 31937 W FrameTracker: Missed SF frame:UNKNOWN: 80, 25618742, 0, CUJ=J<IME_INSETS_ANIMATION::0@1@ai.elizaos.app>
06-30 21:25:36.744 31937 31937 W FrameTracker: Missed App frame:UNKNOWN: 88, 25618764, 0, CUJ=J<IME_INSETS_ANIMATION::0@1@ai.elizaos.app>
06-30 21:25:36.744 31937 31937 W FrameTracker: Missed SF frame:UNKNOWN: 88, 25618764, 0, CUJ=J<IME_INSETS_ANIMATION::0@1@ai.elizaos.app>
06-30 21:25:36.744 31937 31937 W FrameTracker: Missed SF frame:UNKNOWN: 80, 25618772, 0, CUJ=J<IME_INSETS_ANIMATION::0@1@ai.elizaos.app>
06-30 21:25:36.744 31937 31937 W FrameTracker: Missed SF frame:UNKNOWN: 80, 25618780, 0, CUJ=J<IME_INSETS_ANIMATION::0@1@ai.elizaos.app>
06-30 21:25:36.744 31937 31937 W FrameTracker: Missed SF frame:UNKNOWN: 80, 25618788, 0, CUJ=J<IME_INSETS_ANIMATION::0@1@ai.elizaos.app>
06-30 21:25:36.744 31937 31937 W FrameTracker: Missed SF frame:UNKNOWN: 80, 25618797, 0, CUJ=J<IME_INSETS_ANIMATION::0@1@ai.elizaos.app>
06-30 21:25:36.744 31937 31937 W FrameTracker: Missed SF frame:UNKNOWN: 80, 25618804, 0, CUJ=J<IME_INSETS_ANIMATION::0@1@ai.elizaos.app>
06-30 21:25:36.744 31937 31937 W FrameTracker: Missed App frame:UNKNOWN: 88, 25618812, 0, CUJ=J<IME_INSETS_ANIMATION::0@1@ai.elizaos.app>
06-30 21:25:36.744 31937 31937 W FrameTracker: Missed SF frame:UNKNOWN: 88, 25618812, 0, CUJ=J<IME_INSETS_ANIMATION::0@1@ai.elizaos.app>
06-30 21:25:36.745 31937 31937 W FrameTracker: Missed SF frame:UNKNOWN: 80, 25618820, 0, CUJ=J<IME_INSETS_ANIMATION::0@1@ai.elizaos.app>
06-30 21:25:36.745 31937 31937 W FrameTracker: Missed App frame:UNKNOWN: 88, 25618828, 0, CUJ=J<IME_INSETS_ANIMATION::0@1@ai.elizaos.app>
06-30 21:25:36.745 31937 31937 W FrameTracker: Missed SF frame:UNKNOWN: 88, 25618828, 0, CUJ=J<IME_INSETS_ANIMATION::0@1@ai.elizaos.app>
06-30 21:25:36.745 31937 31937 W FrameTracker: Missed SF frame:UNKNOWN: 80, 25618836, 0, CUJ=J<IME_INSETS_ANIMATION::0@1@ai.elizaos.app>
06-30 21:25:36.745 31937 31937 W FrameTracker: Missed App frame:UNKNOWN: 88, 25618844, 0, CUJ=J<IME_INSETS_ANIMATION::0@1@ai.elizaos.app>
06-30 21:25:36.745 31937 31937 W FrameTracker: Missed SF frame:UNKNOWN: 88, 25618844, 0, CUJ=J<IME_INSETS_ANIMATION::0@1@ai.elizaos.app>
06-30 21:25:36.748 31937 32189 V PerfettoTrigger: Triggering /system/bin/trigger_perfetto com.android.telemetry.interaction-jank-monitor-69
06-30 21:25:36.965  1490  1800 W MediaProvider: isAppCloneUserPair for user 0: false
06-30 21:25:36.986 32200 32200 D MediaCodecList: codecHandlesFormat: no format, so no extra checks
06-30 21:25:36.989 32200 32207 D CCodec  : allocate(c2.android.avc.encoder)
06-30 21:25:36.991 32200 32207 I Codec2Client: Available Codec2 services: "default" "software"
06-30 21:25:36.993 32200 32207 I CCodec  : setting up 'default' as default (vendor) store
06-30 21:25:37.001   473   473 I mediaswcodec: missing struct descriptor #Param::CoreIndex(--004) for field values of struct #Param::CoreIndex(F-12004)
06-30 21:25:37.002   473   473 I mediaswcodec: missing struct descriptor #Param::CoreIndex(--1812) for field values of struct #Param::CoreIndex(F-11812)
06-30 21:25:37.002   473   473 I mediaswcodec: missing struct descriptor #Param::CoreIndex(--004) for field values of struct #Param::CoreIndex(F-12004)
06-30 21:25:37.002   473   473 I mediaswcodec: missing struct descriptor #Param::CoreIndex(--1812) for field values of struct #Param::CoreIndex(F-11812)
06-30 21:25:37.007 32200 32207 I CCodec  : Created component [c2.android.avc.encoder]
06-30 21:25:37.007 32200 32207 D CCodecConfig: read media type: video/avc
06-30 21:25:37.010 32200 32207 D ReflectedParamUpdater: extent() != 1 for single value type: algo.buffers.max-count.values
06-30 21:25:37.010 32200 32207 D ReflectedParamUpdater: extent() != 1 for single value type: output.subscribed-indices.values
06-30 21:25:37.010 32200 32207 D ReflectedParamUpdater: extent() != 1 for single value type: input.buffers.allocator-ids.values
06-30 21:25:37.012 32200 32207 D ReflectedParamUpdater: extent() != 1 for single value type: output.buffers.allocator-ids.values
06-30 21:25:37.012 32200 32207 D ReflectedParamUpdater: extent() != 1 for single value type: algo.buffers.allocator-ids.values
06-30 21:25:37.012 32200 32207 D ReflectedParamUpdater: extent() != 1 for single value type: output.buffers.pool-ids.values
06-30 21:25:37.012 32200 32207 D ReflectedParamUpdater: extent() != 1 for single value type: algo.buffers.pool-ids.values
06-30 21:25:37.015 32200 32207 D ReflectedParamUpdater: ignored struct field coding.gop.values
06-30 21:25:37.015 32200 32207 D ReflectedParamUpdater: ignored struct field coding.qp.values
06-30 21:25:37.015 32200 32207 D CCodecConfig: ignoring local param raw.color (0xc2001809) as it is already supported
06-30 21:25:37.016 32200 32207 I CCodecConfig: query failed after returning 12 values (BAD_INDEX)
06-30 21:25:37.016 32200 32207 D CCodecConfig: c2 config diff is Dict {
06-30 21:25:37.016 32200 32207 D CCodecConfig:   c2::i32 coded.average-qp.value = 0
06-30 21:25:37.016 32200 32207 D CCodecConfig:   c2::u32 coded.bitrate.value = 64000
06-30 21:25:37.016 32200 32207 D CCodecConfig:   c2::float coded.frame-rate.value = 1
06-30 21:25:37.016 32200 32207 D CCodecConfig:   c2::u32 coded.picture-type.value = 0
06-30 21:25:37.016 32200 32207 D CCodecConfig:   c2::u32 coded.pl.level = 20492
06-30 21:25:37.016 32200 32207 D CCodecConfig:   c2::u32 coded.pl.profile = 20481
06-30 21:25:37.016 32200 32207 D CCodecConfig:   c2::u32 coded.vui.color.matrix = 0
06-30 21:25:37.016 32200 32207 D CCodecConfig:   c2::u32 coded.vui.color.primaries = 0
06-30 21:25:37.016 32200 32207 D CCodecConfig:   c2::u32 coded.vui.color.range = 0
06-30 21:25:37.016 32200 32207 D CCodecConfig:   c2::u32 coded.vui.color.transfer = 0
06-30 21:25:37.016 32200 32207 D CCodecConfig:   c2::u32 coding.intra-refresh.mode = 0
06-30 21:25:37.016 32200 32207 D CCodecConfig:   c2::float coding.intra-refresh.period = 0
06-30 21:25:37.016 32200 32207 D CCodecConfig:   c2::u32 coding.request-sync-frame.value = 0
06-30 21:25:37.016 32200 32207 D CCodecConfig:   c2::i64 coding.sync-frame-interval.value = 1000000
06-30 21:25:37.016 32200 32207 D CCodecConfig:   c2::u32 input.delay.value = 0
06-30 21:25:37.016 32200 32207 D CCodecConfig:   string input.media-type.value = "video/raw"
06-30 21:25:37.016 32200 32207 D CCodecConfig:   string output.media-type.value = "video/avc"
06-30 21:25:37.016 32200 32207 D CCodecConfig:   c2::u32 raw.color.matrix = 0
06-30 21:25:37.016 32200 32207 D CCodecConfig:   c2::u32 raw.color.primaries = 0
06-30 21:25:37.016 32200 32207 D CCodecConfig:   c2::u32 raw.color.range = 0
06-30 21:25:37.016 32200 32207 D CCodecConfig:   c2::u32 raw.color.transfer = 0
06-30 21:25:37.016 32200 32207 D CCodecConfig:   c2::u32 raw.size.height = 16
06-30 21:25:37.016 32200 32207 D CCodecConfig:   c2::u32 raw.size.width = 16
06-30 21:25:37.016 32200 32207 D CCodecConfig: }
06-30 21:25:37.016 32200 32207 W ColorUtils: expected specified color aspects (0:0:0:0)
06-30 21:25:37.022 32200 32200 D CodecSeeding: Seed: codec c2.android.avc.encoder, mediatype video/avc, overrideable 1
06-30 21:25:37.022 32200 32200 D CodecProperties: setTuningValue(vq-target-bpp,0)
06-30 21:25:37.022 32200 32200 D CodecProperties: setTuningValue(vq-target-bpp-1080p,1.90)
06-30 21:25:37.022 32200 32200 D CodecProperties: setTuningValue(vq-target-bpp-720p,2.25)
06-30 21:25:37.022 32200 32200 D CodecProperties: setTuningValue(vq-target-bpp-540p,2.65)
06-30 21:25:37.022 32200 32200 D CodecProperties: setTuningValue(vq-target-bpp-480p,3.00)
06-30 21:25:37.022 32200 32200 D CodecProperties: setTuningValue(vq-target-bpp-320x240,0)
06-30 21:25:37.022 32200 32200 D CodecProperties: setTuningValue(vq-target-qpmax,-1)
06-30 21:25:37.022 32200 32200 D CodecProperties: setTuningValue(vq-target-qpmax-1080p,45)
06-30 21:25:37.022 32200 32200 D CodecProperties: setTuningValue(vq-target-qpmax-720p,43)
06-30 21:25:37.022 32200 32200 D CodecProperties: setTuningValue(vq-target-qpmax-540p,42)
06-30 21:25:37.022 32200 32200 D CodecProperties: setTuningValue(vq-target-qpmax-480p,38)
06-30 21:25:37.022 32200 32200 D CodecProperties: setTuningValue(vq-bitrate-phaseout,1.75)
06-30 21:25:37.022 32200 32200 D CodecProperties: setTuningValue(vq-boost-missing-qp,0.20)
06-30 21:25:37.022 32200 32200 D CodecProperties: setFeatureValue(intra-refresh,0)
06-30 21:25:37.022 32200 32200 D CodecProperties: setFeatureValue(qp-bounds,0)
06-30 21:25:37.022 32200 32200 D CodecProperties: setFeatureValue(_vq_eligible.device,1)
06-30 21:25:37.022 32200 32200 D CodecProperties: setFeatureValue(_quality.target,1)
06-30 21:25:37.022 32200 32200 D CodecSeeding: Seed: codec c2.android.avc.encoder, mediatype video/avc, overrideable 0
06-30 21:25:37.022 32200 32200 D MediaCodec: shapeMediaFormat: deltas(1): AMessage(what = 0x00000000) = {
06-30 21:25:37.022 32200 32200 D MediaCodec:     int32_t android._encoding-quality-level = 0
06-30 21:25:37.022 32200 32200 D MediaCodec:   }
06-30 21:25:37.022 32200 32206 D MediaCodec: flushMediametrics
06-30 21:25:37.022 32200 32207 D CCodec  : [c2.android.avc.encoder] buffers are bound to CCodec for this session
06-30 21:25:37.024 32200 32207 D CCodecConfig: no c2 equivalents for color-format
06-30 21:25:37.024 32200 32207 D CCodecConfig: no c2 equivalents for max-bframes
06-30 21:25:37.024 32200 32207 D CCodecConfig: no c2 equivalents for flags
06-30 21:25:37.024 32200 32207 D CCodecConfig: no c2 equivalents for encoder
06-30 21:25:37.024 32200 32207 D CCodecConfig: c2 config diff is   c2::u32 coded.bitrate.value = 4000000
06-30 21:25:37.024 32200 32207 D CCodecConfig:   c2::float coded.frame-rate.value = 60
06-30 21:25:37.024 32200 32207 D CCodecConfig:   c2::i64 coding.sync-frame-interval.value = 10000000
06-30 21:25:37.024 32200 32207 D CCodecConfig:   c2::u32 raw.size.height = 640
06-30 21:25:37.024 32200 32207 D CCodecConfig:   c2::u32 raw.size.width = 320
06-30 21:25:37.024 32200 32207 W ColorUtils: expected specified color aspects (0:0:0:0)
06-30 21:25:37.025 32200 32207 D CCodec  : encoding statistics level = 0
06-30 21:25:37.025 32200 32207 D CCodec  : setup formats input: AMessage(what = 0x00000000) = {
06-30 21:25:37.025 32200 32207 D CCodec  :   Rect crop(0, 0, 319, 639)
06-30 21:25:37.025 32200 32207 D CCodec  :   int32_t color-standard = 0
06-30 21:25:37.025 32200 32207 D CCodec  :   int32_t color-range = 0
06-30 21:25:37.025 32200 32207 D CCodec  :   int32_t color-transfer = 0
06-30 21:25:37.025 32200 32207 D CCodec  :   int32_t frame-rate = 60
06-30 21:25:37.025 32200 32207 D CCodec  :   int32_t height = 640
06-30 21:25:37.025 32200 32207 D CCodec  :   int32_t intra-refresh-period = 0
06-30 21:25:37.025 32200 32207 D CCodec  :   string mime = "video/raw"
