06-30 21:25:39.776   957  1106 I bt_stack: [INFO:le_scanning_manager.cc(168)] Scan in shim layer started
06-30 21:25:39.776  1184  3076 I NearbyDiscovery: FastPairScanner: Starting LOW_LATENCY_SCANNING scan for 6 seconds [CONTEXT service_id=265 ]
06-30 21:25:39.776   957  1064 I bluetooth: packages/modules/Bluetooth/system/gd/hci/le_scanning_manager.cc:588 stop_scan: Scanning already stopped, return!
06-30 21:25:39.776   957  1064 I bluetooth: packages/modules/Bluetooth/system/gd/hci/le_address_manager.cc:175 register_client: Scheduled address rotation for first client registered
06-30 21:25:39.776   957  1064 I bluetooth: packages/modules/Bluetooth/system/gd/hci/le_address_manager.cc:178 register_client: Client registered
06-30 21:25:39.777   957  1106 D BtGatt.ScanManager: apply scan timeout (300000)to scannerId 1
06-30 21:25:39.778  1438 32427 I DeviceStatusMonitor: DeviceStatusMonitor.handleBroadcast():122 onReceive() : Action = android.intent.action.SCREEN_ON
06-30 21:25:39.778  1438 32427 I DeviceStatusMonitor: DeviceStatusMonitor.updateCountryInfo():138 updateCountryInfo(), notifyAnyway = false
06-30 21:25:39.780   957   973 D BtGatt.GattService: registerScanner() - UUID=9aed97cd-a66b-4cf2-afc5-e75a8322a52d
06-30 21:25:39.781   957  1064 I bluetooth: packages/modules/Bluetooth/system/gd/hci/le_scanning_manager.cc:1369 on_advertising_filter_complete: Got a Command complete LE_ADV_FILTER, status UNKNOWN_CONNECTION
06-30 21:25:39.783   957   973 I bt_stack: [INFO:le_scanning_manager.cc(155)] RegisterScanner in shim layer
06-30 21:25:39.783   957  1079 D BtGatt.GattService: onScannerRegistered() - UUID=9aed97cd-a66b-4cf2-afc5-e75a8322a52d, scannerId=2, status=0
06-30 21:25:39.783  1184  1940 D BluetoothLeScanner: onScannerRegistered() - status=0 scannerId=2 mScannerId=0
06-30 21:25:39.792   957  1064 I bluetooth: packages/modules/Bluetooth/system/gd/hci/le_scanning_manager.cc:1369 on_advertising_filter_complete: Got a Command complete LE_ADV_FILTER, status UNKNOWN_CONNECTION
06-30 21:25:39.792   957   973 D BtGatt.GattService: start scan with filters
06-30 21:25:39.796   957   973 D BtGatt.GattService: enforcePrivilegedPermissionIfNeeded([BluetoothLeScanFilter [mDeviceName=null, mDeviceAddress=null, mUuid=null, mUuidMask=null, mServiceSolicitationUuid=null, mServiceSolicitationUuidMask=null, mServiceDataUuid=0000fe2c-0000-1000-8000-00805f9b34fb, mServiceData=[-4, 18, -114], mServiceDataMask=null, mManufacturerId=-1, mManufacturerData=null, mManufacturerDataMask=null, mAdvertisingDataType=-1, mAdvertisingData=null, mAdvertisingDataMask=null, mTransportBlockFilter=null], BluetoothLeScanFilter [mDeviceName=null, mDeviceAddress=null, mUuid=0000fe2c-0000-1000-8000-00805f9b34fb, mUuidMask=null, mServiceSolicitationUuid=null, mServiceSolicitationUuidMask=null, mServiceDataUuid=null, mServiceData=null, mServiceDataMask=null, mManufacturerId=-1, mManufacturerData=null, mManufacturerDataMask=null, mAdvertisingDataType=9, mAdvertisingData=[95, 66, 75, 79, 0], mAdvertisingDataMask=[-1, -1, -1, -1, 0], mTransportBlockFilter=null]])
06-30 21:25:39.798   957   973 D BtGatt.ScanManager: startScan()  [ScanClient scanModeApp -1 scanModeUsed -1 [appScanStats com.google.uid.shared:10128]]
06-30 21:25:39.798   957   973 D ActivityAttributionService: notifyActivityAttributionInfo UID=1002 packageName=com.google.android.bluetooth deviceAddress=no_active_device_address
06-30 21:25:39.798   957   973 I bt_btif : packages/modules/Bluetooth/system/btif/src/bluetooth.cc:829 get_profile_interface: get_profile_interface: id = activity_attribution
06-30 21:25:39.798   957  1106 D BtGatt.ScanManager: handling starting scan
06-30 21:25:39.799  1184  2178 I NearbySharing: Started scanning for FastInitiation with mode: SCAN_MODE_OPPORTUNISTIC [CONTEXT service_id=194 ]
06-30 21:25:39.806  1496  1817 I AiAiEcho: Predicting[0]:
06-30 21:25:39.806  1496  1817 I AiAiEcho: EchoTargets:
06-30 21:25:39.806  1496  1817 I AiAiEcho: Filtered by AiAi flag check:
06-30 21:25:39.806  1496  1817 I AiAiEcho: Ranked targets strategy: SORT, count: 0, ranking metadata:
06-30 21:25:39.807  1496  1817 I AiAiEcho: #postPredictionTargets: Sending updates to UISurface lockscreen with targets# 0 (types=[])
06-30 21:25:39.807   764   764 W PageIndicator: Total number of pages invalid: 0. Assuming 1 page.
06-30 21:25:39.817  1184  3076 I NearbyDiscovery: FastPairHandler: Received action android.intent.action.SCREEN_ON [CONTEXT service_id=265 ]
06-30 21:25:39.817  1184  3076 I NearbyDiscovery: FastPairScanner: isScreenOn=true, scanWithScreenOff=false, isLocationEnabled=true, disableLocationRequirement=true, isDiscoveryScanningEnabled=true, during24GhzWifiWarmingUpPeriod=false [CONTEXT service_id=265 ]
06-30 21:25:39.817  1184  3076 D BluetoothAdapter: isLeEnabled(): ON
06-30 21:25:39.820   545   756 I ImeTracker: ai.elizaos.app:a5a312c9: onRequestShow at ORIGIN_SERVER_START_INPUT reason ATTACH_NEW_INPUT
06-30 21:25:39.821  1438  1438 I GoogleInputMethodService: GoogleInputMethodService.onStartInput():1877 onStartInput(EditorInfo{inputType=0x0(NULL) imeOptions=0x0 privateImeOptions=null actionName=UNSPECIFIED actionLabel=null actionId=0 initialSelStart=-1 initialSelEnd=-1 initialCapsMode=0x0 hintText=null label=null packageName=ai.elizaos.app fieldId=2131296482 fieldName=null extras=null}, false)
06-30 21:25:39.821  1438  1438 I GoogleInputMethodService: GoogleInputMethodService.shouldHideHeaderOnInitialState():4008 ShouldHideHeaderOnInitialState = false
06-30 21:25:39.822  1438  1438 I GoogleInputMethodService: GoogleInputMethodService.updateDeviceLockedStatus():2087 repeatCheckTimes = 2, unlocked = true
06-30 21:25:39.823  1438  1438 I GoogleInputMethodService: GoogleInputMethodService.onStartInputView():1995 onStartInputView(EditorInfo{inputType=0x0(NULL) imeOptions=0x0 privateImeOptions=null actionName=UNSPECIFIED actionLabel=null actionId=0 initialSelStart=-1 initialSelEnd=-1 initialCapsMode=0x0 hintText=null label=null packageName=ai.elizaos.app fieldId=2131296482 fieldName=null extras=null}, false)
06-30 21:25:39.824  1438  1438 I GoogleInputMethodService: GoogleInputMethodService.updateDeviceLockedStatus():2087 repeatCheckTimes = 2, unlocked = true
06-30 21:25:39.824  1438  1438 W ModuleManager: ModuleManager.loadModule():450 Module erj is not available
06-30 21:25:39.838  1438  1598 I DeviceModeUtil: DeviceModeUtil.getDeviceMode():122 Get device mode phone by ui mode:1 and smallestScreenWidthDp:320
06-30 21:25:39.840  1184  3076 I NearbyDiscovery: FastPairScanner: eventType=SCREEN_ON, intReq=false, scanning=true, scanAllowed=true, bleEnabled=true, bleScanAvailable=false, lockScanRate=false, startScanningByLowPowerMode=false [CONTEXT service_id=265 ]
06-30 21:25:39.845  1567  1992 I BugleRcsEngine: [53] bqvv.c: Connected state: [1], networkType: [WIFI]
06-30 21:25:39.847  1567  2571 I BugleRcsEngine: [64] brqh.handleMessage: RcsEngineImpl[DUAL_REG]:[dee74a40-2ff9]>Handler: handleMessage processing message:[NOTIFY_UPTIME_IGNORE_STATE_CHANGED] with [non-null]:RcsEngineImpl reference
06-30 21:25:39.850  1184  2895 I ChimeraSrvcProxy: NullBinder for android.net.action.RECOMMEND_NETWORKS triggering remote TransactionTooLargeException due to Service without Chimera impl
06-30 21:25:39.850  1184  2895 W .gms.persistent: Large reply transaction of 1056768 bytes, interface descriptor , code 1
06-30 21:25:39.850 31937 32036 V Capacitor/NetworkPlugin: Notifying listeners for event networkStatusChange
06-30 21:25:39.858   545   690 D ConnectivityService: NetReassign [no changes] [c 1] [a 2] [i 1]
06-30 21:25:39.862 31937 31937 I Capacitor/Console: File:  - Line 333 - Msg: {"connected":true,"connectionType":"wifi"}
06-30 21:25:39.868   545   756 D ActivityManager: sync unfroze 13203 com.google.android.apps.messaging for 7
06-30 21:25:39.871  1438  1438 I KeyboardViewUtil: KeyboardViewUtil.getKeyboardHeightRatio():189 systemKeyboardHeightRatio:1.000000; userKeyboardHeightRatio:1.000000.
06-30 21:25:39.871  1438  1438 I AndroidIME: AbstractIme.onActivate():86 PasswordIme.onActivate() : EditorInfo = inputType=0x0(NULL) imeOptions=0x0 privateImeOptions=null actionName=UNSPECIFIED actionLabel=null actionId=0 initialSelStart=-1 initialSelEnd=-1 initialCapsMode=0x0 hintText=null label=null packageName=ai.elizaos.app fieldId=2131296482 fieldName=null extras=null, IncognitoMode = false, DeviceLocked = false
06-30 21:25:39.882  1438  1438 I KeyboardViewUtil: KeyboardViewUtil.calculateMaxKeyboardBodyHeight():40 leave 110 height for app when screen height:640, header height:38 and isFullscreenMode:false, so the max keyboard body height is:492
06-30 21:25:39.886  1438  1438 I GoogleInputMethodService: GoogleInputMethodService.setKeyboardViewShown():3483 setKeyboardViewShown() : type = HEADER, shownType = SHOW_MANDATORY
06-30 21:25:39.886  1438  1438 I GoogleInputMethodService: GoogleInputMethodService.setKeyboardViewShown():3530 setKeyboardViewShown() : shouldShow = true
06-30 21:25:39.886  1438  1438 I GoogleInputMethodService: GoogleInputMethodService.setKeyboardViewShown():3483 setKeyboardViewShown() : type = BODY, shownType = SHOW_MANDATORY
06-30 21:25:39.886  1438  1438 I GoogleInputMethodService: GoogleInputMethodService.setKeyboardViewShown():3530 setKeyboardViewShown() : shouldShow = true
06-30 21:25:39.886  1438  1438 I GoogleInputMethodService: GoogleInputMethodService.setKeyboardViewShown():3483 setKeyboardViewShown() : type = FLOATING_CANDIDATES, shownType = HIDE
06-30 21:25:39.886  1438  1438 I GoogleInputMethodService: GoogleInputMethodService.setKeyboardViewShown():3530 setKeyboardViewShown() : shouldShow = false
06-30 21:25:39.887   420   513 D AudioFlinger: mixer(0x74a0f0cfc930) throttle end: throttle time(11)
06-30 21:25:39.887  1438  1438 I KeyboardViewUtil: KeyboardViewUtil.calculateMaxKeyboardBodyHeight():40 leave 110 height for app when screen height:640, header height:38 and isFullscreenMode:false, so the max keyboard body height is:492
06-30 21:25:39.888  1438  1438 I DeviceModeUtil: DeviceModeUtil.getDeviceMode():122 Get device mode phone by ui mode:1 and smallestScreenWidthDp:320
06-30 21:25:39.899  1567  2571 I BugleRcsEngine: [64] brnl.h: No RCS Configuration was found in Bugle for simID: redacted-pii:sim_id[chars:20,last3:897]
06-30 21:25:39.901  1438  1438 I DeviceModeUtil: DeviceModeUtil.getDeviceMode():122 Get device mode phone by ui mode:1 and smallestScreenWidthDp:320
06-30 21:25:39.902  1438  1438 I DeviceModeUtil: DeviceModeUtil.getDeviceMode():122 Get device mode phone by ui mode:1 and smallestScreenWidthDp:320
06-30 21:25:39.902  1438  1438 I KeyboardModeManager: KeyboardModeManager.setInputView():364 setInputView() : supportsOneHandedMode=true
06-30 21:25:39.902  1438  1438 I NormalModeController: NormalModeController.getKeyboardBodyViewHolderPaddingBottom():116 currentPrimeKeyboardType:SOFT systemPaddingBottom:-1
06-30 21:25:39.903  1438  1438 I NormalModeController: NormalModeController.getKeyboardBodyViewHolderPaddingBottom():116 currentPrimeKeyboardType:SOFT systemPaddingBottom:-1
06-30 21:25:39.905  1438  1438 I KeyboardModeManager: KeyboardModeManager.setInputView():356 setInputView() : entry=hwn{languageTag=en-US, variant=qwerty, hasLocalizedResources=true, conditionCacheKey=_device=phone_device_size=default_enable_adaptive_text_editing=true_enable_inline_suggestions_on_client_side=false_enable_large_tablet_batch_1=false_enable_large_tablet_batch_2=false_enable_more_candidates_view_for_multilingual=false_enable_nav_redesign=false_enable_number_row=false_enable_preemptive_decode=true_enable_secondary_symbols=false_expressions=normal_four_or_more_letter_rows=false_keyboard_mode=normal_language=en-US_orientation=portrait_physical_keyboard=qwerty_show_secondary_digits=true_show_suggestions=true_split_with_duplicate_keys=true_variant=qwerty, imeDef.stringId=ime_english_united_states, imeDef.className=com.google.android.apps.inputmethod.libs.latin5.LatinIme, imeDef.languageTag=en-US}
06-30 21:25:39.907  1438  1438 I VoiceImeExtension: VoiceImeExtension.shouldStartVoiceInputAutomatically():383 No private IME option set to start voice input.
06-30 21:25:39.918  1438  1438 I DeviceModeUtil: DeviceModeUtil.getDeviceMode():122 Get device mode phone by ui mode:1 and smallestScreenWidthDp:320
06-30 21:25:39.927  1184  2178 I NearbySharing: Fast Initiation Scanning has started [CONTEXT service_id=194 ]
06-30 21:25:39.928  1438  1824 D EGL_emulation: app_time_stats: avg=1895.85ms min=1561.39ms max=2230.32ms count=2
06-30 21:25:39.931  1438  1438 I DeviceModeUtil: DeviceModeUtil.getDeviceMode():122 Get device mode phone by ui mode:1 and smallestScreenWidthDp:320
06-30 21:25:39.932  1438  1438 I DeviceModeUtil: DeviceModeUtil.getDeviceMode():122 Get device mode phone by ui mode:1 and smallestScreenWidthDp:320
06-30 21:25:39.938 14784 14784 D BoundBrokerSvc: onBind: Intent { act=com.google.android.gms.common.BIND_SHARED_PREFS pkg=com.google.android.gms }
06-30 21:25:39.939 14784 14784 D BoundBrokerSvc: Loading bound service for intent: Intent { act=com.google.android.gms.common.BIND_SHARED_PREFS pkg=com.google.android.gms }
06-30 21:25:39.945 14784 14784 D BoundBrokerSvc: onUnbind: Intent { act=com.google.android.gms.common.BIND_SHARED_PREFS pkg=com.google.android.gms }
06-30 21:25:39.946   545   756 W ProcessStats: Tracking association SourceState{f444fe9 com.google.android.gms/10128 BTop #23306} whose proc state 2 is better than process ProcessState{440372f com.google.android.gms.persistent/10128 pkg=com.google.android.gms} proc state 4 (582 skipped)
06-30 21:25:39.947  1184  2178 I NearbySharing: Dismissing HUN as there's no device nearby. [CONTEXT service_id=194 ]
06-30 21:25:39.947  1184  2178 I NearbySharing: Cancelling in use notification [CONTEXT service_id=194 ]
06-30 21:25:39.950  1184 31830 I CastDatabase: Opening the database
06-30 21:25:39.952  1184  2178 I NearbySharing: Screen is already unlocked, skipping invalidate [CONTEXT service_id=194 ]
06-30 21:25:39.953 14784 14784 D BoundBrokerSvc: onBind: Intent { act=com.google.android.gms.common.BIND_SHARED_PREFS pkg=com.google.android.gms }
06-30 21:25:39.953 14784 14784 D BoundBrokerSvc: Loading bound service for intent: Intent { act=com.google.android.gms.common.BIND_SHARED_PREFS pkg=com.google.android.gms }
06-30 21:25:39.953  1184  2178 I NearbySharing: Screen is already unlocked, skipping invalidate [CONTEXT service_id=194 ]
06-30 21:25:39.954  1184  2178 I NearbySharing: Screen is already unlocked, skipping invalidate [CONTEXT service_id=194 ]
06-30 21:25:39.956  1184 31830 I SQLiteCastStore: 0 CastNetworkInfo instances loaded, 0 CastDeviceInfo instances loaded, 0 paired guest mode devices loaded.
06-30 21:25:39.965 13203 13271 I Bugle   : BroadcastReceiverAsyncWorkTracker: Acknowledging broadcast of bdxy@7c00253
06-30 21:25:39.965   545   838 D CoreBackPreview: Window{88b3a0b u0 ai.elizaos.app/ai.elizaos.app.MainActivity}: Setting back callback OnBackInvokedCallbackInfo{mCallback=android.window.IOnBackInvokedCallback$Stub$Proxy@3e145f7, mPriority=0, mIsAnimationCallback=false}
06-30 21:25:39.965 31937 31937 D InsetsController: show(ime(), fromIme=true)
06-30 21:25:39.966 31937 31937 I ImeTracker: ai.elizaos.app:a5a312c9: onCancelled at PHASE_CLIENT_APPLY_ANIMATION
06-30 21:25:39.968 14784 14784 D BoundBrokerSvc: onUnbind: Intent { act=com.google.android.gms.common.BIND_SHARED_PREFS pkg=com.google.android.gms }
06-30 21:25:40.236     0     0 W healthd : battery l=100 v=5000 t=25.0 h=2 st=2 c=900000 fc=3000000 cc=10 chg=a
06-30 21:25:40.172  1538  1538 I GsaVoiceInteractionSrv: O received Intent { act=android.intent.action.USER_PRESENT flg=0x24200010 }
06-30 21:25:40.215 31937 31985 D Capacitor: Handling local request: https://localhost/api/vision/capture-requests
06-30 21:25:40.604 31937 31985 D Capacitor: Handling local request: https://localhost/api/computer-use/approvals
06-30 21:25:40.816 31937 31986 D Capacitor: Handling local request: https://localhost/api/status
06-30 21:25:40.866 31937 31958 D EGL_emulation: app_time_stats: avg=25.57ms min=11.96ms max=52.65ms count=39
06-30 21:25:40.928   420  3834 D audioserver: FGS Logger Transaction failed
06-30 21:25:40.928   420  3834 D audioserver: -129
06-30 21:25:40.972   545   756 W ActivityTaskManager: callingPackage for (uid=2000, pid=32581) has no WPC
06-30 21:25:40.975   545   756 I ActivityTaskManager: START u0 {flg=0x10000000 cmp=ai.elizaos.app/.MainActivity} with LAUNCH_SINGLE_TASK from uid 2000 (BAL_ALLOW_PERMISSION) result code=3
06-30 21:25:40.975   764   806 V WindowManagerShell: Transition requested: android.os.BinderProxy@7b9e06b TransitionRequestInfo { type = OPEN, triggerTask = TaskInfo{userId=0 taskId=82 displayId=0 isRunning=true baseIntent=Intent { flg=0x10000000 cmp=ai.elizaos.app/.MainActivity } baseActivity=ComponentInfo{ai.elizaos.app/ai.elizaos.app.MainActivity} topActivity=ComponentInfo{ai.elizaos.app/ai.elizaos.app.MainActivity} origActivity=null realActivity=ComponentInfo{ai.elizaos.app/ai.elizaos.app.MainActivity} numActivities=1 lastActiveTime=63669938 supportsMultiWindow=true resizeMode=1 isResizeable=true minWidth=-1 minHeight=-1 defaultMinSize=220 token=WCT{android.window.IWindowContainerToken$Stub$Proxy@a4757c8} topActivityType=1 pictureInPictureParams=null shouldDockBigOverlays=false launchIntoPipHostTaskId=-1 lastParentTaskIdBeforePip=-1 displayCutoutSafeInsets=null topActivityInfo=ActivityInfo{9cf8061 ai.elizaos.app.MainActivity} launchCookies=[] positionInParent=Point(0, 0) parentTaskId=-1 isFocused=true isVisible=true isVisibleRequested=true isSleeping=false topActivityInSizeCompat=false topActivityEligibleForLetterboxEducation= false topActivityLetterboxed= false isFromDoubleTap= false topActivityLetterboxVerticalPosition= -1 topActivityLetterboxHorizontalPosition= -1 topActivityLetterboxWidth=-1 topActivityLetterboxHeight=-1 locusId=null displayAreaFeatureId=1 cameraCompatControlState=hidden}, remoteTransition = null, displayChange = null }
06-30 21:25:40.977   764   806 D WindowManagerShell: onActivityRestartAttempt: ComponentInfo{ai.elizaos.app/ai.elizaos.app.MainActivity}
06-30 21:25:40.978   545   564 V WindowManager: Sent Transition #361 createdAt=06-30 21:25:40.973 via request=TransitionRequestInfo { type = OPEN, triggerTask = TaskInfo{userId=0 taskId=82 displayId=0 isRunning=true baseIntent=Intent { flg=0x10000000 cmp=ai.elizaos.app/.MainActivity } baseActivity=ComponentInfo{ai.elizaos.app/ai.elizaos.app.MainActivity} topActivity=ComponentInfo{ai.elizaos.app/ai.elizaos.app.MainActivity} origActivity=null realActivity=ComponentInfo{ai.elizaos.app/ai.elizaos.app.MainActivity} numActivities=1 lastActiveTime=63669938 supportsMultiWindow=true resizeMode=1 isResizeable=true minWidth=-1 minHeight=-1 defaultMinSize=220 token=WCT{RemoteToken{55174b0 Task{51c2b80 #82 type=standard A=10192:ai.elizaos.app}}} topActivityType=1 pictureInPictureParams=null shouldDockBigOverlays=false launchIntoPipHostTaskId=-1 lastParentTaskIdBeforePip=-1 displayCutoutSafeInsets=null topActivityInfo=ActivityInfo{55c7f29 ai.elizaos.app.MainActivity} launchCookies=[] positionInParent=Point(0, 0) parentTaskId=-1 isFocused=true isVisible=true isVisibleRequested=true isSleeping=false topActivityInSizeCompat=false topActivityEligibleForLetterboxEducation= false topActivityLetterboxed= false isFromDoubleTap= false topActivityLetterboxVerticalPosition= -1 topActivityLetterboxHorizontalPosition= -1 topActivityLetterboxWidth=-1 topActivityLetterboxHeight=-1 locusId=null displayAreaFeatureId=1 cameraCompatControlState=hidden}, remoteTransition = null, displayChange = null }
06-30 21:25:40.978   545   564 V WindowManager:     startWCT=WindowContainerTransaction { changes = {} hops = [] errorCallbackToken=null taskFragmentOrganizer=null }
06-30 21:25:40.980   545   564 V WindowManager:     info={id=361 t=OPEN f=0x0 trk=0 r=[] c=[]}
06-30 21:25:40.981   764   806 V WindowManagerShell: onTransitionReady android.os.BinderProxy@7b9e06b: {id=361 t=OPEN f=0x0 trk=0 r=[] c=[]}
06-30 21:25:40.981   764   806 V WindowManagerShell: No transition roots in (#361)android.os.BinderProxy@7b9e06b@0 so abort
06-30 21:25:40.982   764   806 V WindowManagerShell: Transition animation finished (aborted=true), notifying core (#361)android.os.BinderProxy@7b9e06b@0
06-30 21:25:40.983   545   564 V WindowManager: Finish Transition #361: created at 06-30 21:25:40.973 collect-started=0.018ms request-sent=0.992ms started=2.669ms ready=2.636ms sent=3.625ms finished=8.816ms
06-30 21:25:40.983   764   806 V WindowManagerShell: Track 0 became idle
06-30 21:25:40.983   764   806 V WindowManagerShell: All active transition animations finished
06-30 21:25:40.989 31937 31937 V Capacitor/AppPlugin: Notifying listeners for event pause
06-30 21:25:40.989 31937 31937 D Capacitor/AppPlugin: No listeners found for event pause
06-30 21:25:40.993 31937 31937 D Capacitor: App paused
06-30 21:25:40.994 31937 31937 D Capacitor/AppPlugin: Firing change: true
06-30 21:25:40.994 31937 31937 V Capacitor/AppPlugin: Notifying listeners for event appStateChange
06-30 21:25:40.996 31937 31937 V Capacitor/AppPlugin: Notifying listeners for event resume
06-30 21:25:40.996 31937 31937 D Capacitor/AppPlugin: No listeners found for event resume
06-30 21:25:41.000   545   756 D ConnectivityService: requestNetwork for uid/pid:10192/31937 activeRequest: null callbackRequest: 1036 [NetworkRequest [ REQUEST id=1037, [ Capabilities: INTERNET&NOT_RESTRICTED&TRUSTED&NOT_VCN_MANAGED Uid: 10192 RequestorUid: 10192 RequestorPkg: ai.elizaos.app UnderlyingNetworks: Null] ]] callback flags: 0 order: 2147483647
06-30 21:25:41.003   545   690 D ConnectivityService: NetReassign [1037 : null → 101] [c 0] [a 1] [i 1]
06-30 21:25:41.006 31937 31937 D Capacitor: App resumed
06-30 21:25:41.008 31937 32036 V Capacitor/NetworkPlugin: Notifying listeners for event networkStatusChange
06-30 21:25:41.014 31937 31937 I Capacitor/Console: File:  - Line 333 - Msg: {"isActive":true}
06-30 21:25:41.015   545   683 D WifiNetworkFactory: got request NetworkRequest [ REQUEST id=1037, [ Capabilities: INTERNET&NOT_RESTRICTED&TRUSTED&NOT_VCN_MANAGED Uid: 10192 RequestorUid: 10192 RequestorPkg: ai.elizaos.app UnderlyingNetworks: Null] ]
06-30 21:25:41.015   545   683 D UntrustedWifiNetworkFactory: got request NetworkRequest [ REQUEST id=1037, [ Capabilities: INTERNET&NOT_RESTRICTED&TRUSTED&NOT_VCN_MANAGED Uid: 10192 RequestorUid: 10192 RequestorPkg: ai.elizaos.app UnderlyingNetworks: Null] ]
06-30 21:25:41.015   545   683 D OemPaidWifiNetworkFactory: got request NetworkRequest [ REQUEST id=1037, [ Capabilities: INTERNET&NOT_RESTRICTED&TRUSTED&NOT_VCN_MANAGED Uid: 10192 RequestorUid: 10192 RequestorPkg: ai.elizaos.app UnderlyingNetworks: Null] ]
06-30 21:25:41.015   545   683 D MultiInternetWifiNetworkFactory: got request NetworkRequest [ REQUEST id=1037, [ Capabilities: INTERNET&NOT_RESTRICTED&TRUSTED&NOT_VCN_MANAGED Uid: 10192 RequestorUid: 10192 RequestorPkg: ai.elizaos.app UnderlyingNetworks: Null] ]
06-30 21:25:41.020 31937 31937 I Capacitor/Console: File:  - Line 333 - Msg: {"connected":true,"connectionType":"wifi"}
06-30 21:25:41.155   420   513 D audioserver: FGS Logger Transaction failed
06-30 21:25:41.155   420   513 D audioserver: -129
06-30 21:25:41.713 31937 31985 D Capacitor: Handling local request: https://localhost/api/vision/capture-requests
06-30 21:25:41.890 31937 31958 D EGL_emulation: app_time_stats: avg=21.39ms min=10.62ms max=44.79ms count=44
06-30 21:25:42.037   545   756 W ActivityTaskManager: callingPackage for (uid=2000, pid=32733) has no WPC
06-30 21:25:42.041   545   756 I ActivityTaskManager: START u0 {flg=0x10000000 cmp=ai.elizaos.app/.MainActivity} with LAUNCH_SINGLE_TASK from uid 2000 (BAL_ALLOW_PERMISSION) result code=3
06-30 21:25:42.041   764   806 V WindowManagerShell: Transition requested: android.os.BinderProxy@27d6786 TransitionRequestInfo { type = OPEN, triggerTask = TaskInfo{userId=0 taskId=82 displayId=0 isRunning=true baseIntent=Intent { flg=0x10000000 cmp=ai.elizaos.app/.MainActivity } baseActivity=ComponentInfo{ai.elizaos.app/ai.elizaos.app.MainActivity} topActivity=ComponentInfo{ai.elizaos.app/ai.elizaos.app.MainActivity} origActivity=null realActivity=ComponentInfo{ai.elizaos.app/ai.elizaos.app.MainActivity} numActivities=1 lastActiveTime=63669938 supportsMultiWindow=true resizeMode=1 isResizeable=true minWidth=-1 minHeight=-1 defaultMinSize=220 token=WCT{android.window.IWindowContainerToken$Stub$Proxy@c941847} topActivityType=1 pictureInPictureParams=null shouldDockBigOverlays=false launchIntoPipHostTaskId=-1 lastParentTaskIdBeforePip=-1 displayCutoutSafeInsets=null topActivityInfo=ActivityInfo{85e2874 ai.elizaos.app.MainActivity} launchCookies=[] positionInParent=Point(0, 0) parentTaskId=-1 isFocused=true isVisible=true isVisibleRequested=true isSleeping=false topActivityInSizeCompat=false topActivityEligibleForLetterboxEducation= false topActivityLetterboxed= false isFromDoubleTap= false topActivityLetterboxVerticalPosition= -1 topActivityLetterboxHorizontalPosition= -1 topActivityLetterboxWidth=-1 topActivityLetterboxHeight=-1 locusId=null displayAreaFeatureId=1 cameraCompatControlState=hidden}, remoteTransition = null, displayChange = null }
06-30 21:25:42.042   764   806 D WindowManagerShell: onActivityRestartAttempt: ComponentInfo{ai.elizaos.app/ai.elizaos.app.MainActivity}
06-30 21:25:42.042   764   806 V WindowManagerShell: onTransitionReady android.os.BinderProxy@27d6786: {id=362 t=OPEN f=0x0 trk=0 r=[] c=[]}
06-30 21:25:42.042   764   806 V WindowManagerShell: No transition roots in (#362)android.os.BinderProxy@27d6786@0 so abort
06-30 21:25:42.043   545   564 V WindowManager: Sent Transition #362 createdAt=06-30 21:25:42.038 via request=TransitionRequestInfo { type = OPEN, triggerTask = TaskInfo{userId=0 taskId=82 displayId=0 isRunning=true baseIntent=Intent { flg=0x10000000 cmp=ai.elizaos.app/.MainActivity } baseActivity=ComponentInfo{ai.elizaos.app/ai.elizaos.app.MainActivity} topActivity=ComponentInfo{ai.elizaos.app/ai.elizaos.app.MainActivity} origActivity=null realActivity=ComponentInfo{ai.elizaos.app/ai.elizaos.app.MainActivity} numActivities=1 lastActiveTime=63669938 supportsMultiWindow=true resizeMode=1 isResizeable=true minWidth=-1 minHeight=-1 defaultMinSize=220 token=WCT{RemoteToken{55174b0 Task{51c2b80 #82 type=standard A=10192:ai.elizaos.app}}} topActivityType=1 pictureInPictureParams=null shouldDockBigOverlays=false launchIntoPipHostTaskId=-1 lastParentTaskIdBeforePip=-1 displayCutoutSafeInsets=null topActivityInfo=ActivityInfo{55c7f29 ai.elizaos.app.MainActivity} launchCookies=[] positionInParent=Point(0, 0) parentTaskId=-1 isFocused=true isVisible=true isVisibleRequested=true isSleeping=false topActivityInSizeCompat=false topActivityEligibleForLetterboxEducation= false topActivityLetterboxed= false isFromDoubleTap= false topActivityLetterboxVerticalPosition= -1 topActivityLetterboxHorizontalPosition= -1 topActivityLetterboxWidth=-1 topActivityLetterboxHeight=-1 locusId=null displayAreaFeatureId=1 cameraCompatControlState=hidden}, remoteTransition = null, displayChange = null }
06-30 21:25:42.043   545   564 V WindowManager:     startWCT=WindowContainerTransaction { changes = {} hops = [] errorCallbackToken=null taskFragmentOrganizer=null }
06-30 21:25:42.043   545   564 V WindowManager:     info={id=362 t=OPEN f=0x0 trk=0 r=[] c=[]}
06-30 21:25:42.043   764   806 V WindowManagerShell: Transition animation finished (aborted=true), notifying core (#362)android.os.BinderProxy@27d6786@0
06-30 21:25:42.043   545   564 V WindowManager: Finish Transition #362: created at 06-30 21:25:42.038 collect-started=0.031ms request-sent=2.045ms started=3.123ms ready=3.095ms sent=3.929ms finished=4.546ms
06-30 21:25:42.044   764   806 V WindowManagerShell: Track 0 became idle
06-30 21:25:42.044   764   806 V WindowManagerShell: All active transition animations finished
06-30 21:25:42.063 31937 31937 V Capacitor/AppPlugin: Notifying listeners for event pause
06-30 21:25:42.063 31937 31937 D Capacitor/AppPlugin: No listeners found for event pause
06-30 21:25:42.070 31937 31937 D Capacitor: App paused
06-30 21:25:42.075 31937 31937 D Capacitor/AppPlugin: Firing change: true
06-30 21:25:42.076 31937 31937 V Capacitor/AppPlugin: Notifying listeners for event appStateChange
06-30 21:25:42.077 31937 31937 V Capacitor/AppPlugin: Notifying listeners for event resume
06-30 21:25:42.078 31937 31937 D Capacitor/AppPlugin: No listeners found for event resume
06-30 21:25:42.081 31937 31985 D Capacitor: Handling local request: https://localhost/api/computer-use/approvals
06-30 21:25:42.084   545   746 D ConnectivityService: requestNetwork for uid/pid:10192/31937 activeRequest: null callbackRequest: 1038 [NetworkRequest [ REQUEST id=1039, [ Capabilities: INTERNET&NOT_RESTRICTED&TRUSTED&NOT_VCN_MANAGED Uid: 10192 RequestorUid: 10192 RequestorPkg: ai.elizaos.app UnderlyingNetworks: Null] ]] callback flags: 0 order: 2147483647
06-30 21:25:42.092   545   683 D WifiNetworkFactory: got request NetworkRequest [ REQUEST id=1039, [ Capabilities: INTERNET&NOT_RESTRICTED&TRUSTED&NOT_VCN_MANAGED Uid: 10192 RequestorUid: 10192 RequestorPkg: ai.elizaos.app UnderlyingNetworks: Null] ]
06-30 21:25:42.093   545   683 D UntrustedWifiNetworkFactory: got request NetworkRequest [ REQUEST id=1039, [ Capabilities: INTERNET&NOT_RESTRICTED&TRUSTED&NOT_VCN_MANAGED Uid: 10192 RequestorUid: 10192 RequestorPkg: ai.elizaos.app UnderlyingNetworks: Null] ]
06-30 21:25:42.093   545   683 D OemPaidWifiNetworkFactory: got request NetworkRequest [ REQUEST id=1039, [ Capabilities: INTERNET&NOT_RESTRICTED&TRUSTED&NOT_VCN_MANAGED Uid: 10192 RequestorUid: 10192 RequestorPkg: ai.elizaos.app UnderlyingNetworks: Null] ]
06-30 21:25:42.093   545   683 D MultiInternetWifiNetworkFactory: got request NetworkRequest [ REQUEST id=1039, [ Capabilities: INTERNET&NOT_RESTRICTED&TRUSTED&NOT_VCN_MANAGED Uid: 10192 RequestorUid: 10192 RequestorPkg: ai.elizaos.app UnderlyingNetworks: Null] ]
06-30 21:25:42.093   545   690 D ConnectivityService: NetReassign [1039 : null → 101] [c 0] [a 2] [i 6]
06-30 21:25:42.094 31937 31937 D Capacitor: App resumed
06-30 21:25:42.095 31937 32036 V Capacitor/NetworkPlugin: Notifying listeners for event networkStatusChange
06-30 21:25:42.096 31937 31937 I Capacitor/Console: File:  - Line 333 - Msg: {"isActive":true}
06-30 21:25:42.099 31937 31937 I Capacitor/Console: File:  - Line 333 - Msg: {"connected":true,"connectionType":"wifi"}
06-30 21:25:42.132  1490  1602 D PickerSyncController: syncAllMedia
06-30 21:25:42.133  1490  1602 D PickerSyncController: syncAllMediaFromProvider() LOCAL, auth=com.android.providers.media.photopicker, retry=true
06-30 21:25:42.133  1490  1602 D PickerSyncController: getSyncRequestParams() LOCAL, auth=com.android.providers.media.photopicker
06-30 21:25:42.150  1490  1602 D PickerSyncController:    Latest ID/Gen=1407:3ecd31e4-fbd4-482c-90c9-35de79908354:external_primary/714
06-30 21:25:42.150  1490  1602 D PickerSyncController:    Cached ID/Gen=1407:3ecd31e4-fbd4-482c-90c9-35de79908354:external_primary/704
06-30 21:25:42.150  1490  1602 D PickerSyncController:    RESULT=SyncRequestParams{type=MEDIA_INCREMENTAL, gen=704, latest=Bundle[{last_media_sync_generation=714, media_collection_id=1407:3ecd31e4-fbd4-482c-90c9-35de79908354:external_primary}]}
06-30 21:25:42.150  1490  1602 I PickerSyncController: Executing SyncAdd. isLocal: true. authority: com.android.providers.media.photopicker
06-30 21:25:42.153  1490  1602 I PickerSyncController: Paged sync successful. QueryArgs: Bundle[{android.provider.extra.SYNC_GENERATION=704}]. Result count: 0. Cursor count: 0
06-30 21:25:42.153  1490  1602 I PickerSyncController: Executing SyncRemove. isLocal: true. authority: com.android.providers.media.photopicker
06-30 21:25:42.166  1490  1602 W PickerDbFacade: Unable to promote cloud media with localId: 1000000031
06-30 21:25:42.167  1490  1602 I PickerSyncController: Paged sync successful. QueryArgs: Bundle[{android.provider.extra.SYNC_GENERATION=704}]. Result count: 0. Cursor count: 1
06-30 21:25:42.168  1490  1602 D PickerSyncController: syncAllMediaFromProvider() CLOUD, auth=null, retry=true
06-30 21:25:42.168  1490  1602 D PickerSyncController: getSyncRequestParams() CLOUD, auth=null
06-30 21:25:42.168  1490  1602 D PickerSyncController:    RESULT=SyncRequestParams{type=MEDIA_RESET, gen=0, latest=null}
06-30 21:25:42.168  1490  1602 I PickerSyncController: Executing SyncReset. isLocal: false. authority: null
06-30 21:25:42.168  1490  1602 I PickerSyncController: SyncReset. isLocal:false. authority: null. result count: 0
06-30 21:25:42.168  1490  1602 D PickerSyncController: Ignoring cache media info for null authority with bundle: null
06-30 21:25:42.168  1490  1602 I PickerSyncController: Executing SyncAlbumReset. isLocal: true. authority: com.android.providers.media.photopicker. albumId: null
06-30 21:25:42.168  1490  1602 I PickerSyncController: Successfully executed SyncResetAlbum. authority: com.android.providers.media.photopicker. albumId: null. Result count: 0
06-30 21:25:42.168  1490  1602 I PickerSyncController: Executing SyncAlbumReset. isLocal: false. authority: null. albumId: null
06-30 21:25:42.168  1490  1602 I PickerSyncController: Successfully executed SyncResetAlbum. authority: null. albumId: null. Result count: 0
06-30 21:25:42.191   545   554 I system_server: Background young concurrent copying GC freed 521859(21MB) AllocSpace objects, 65(1636KB) LOS objects, 43% free, 29MB/52MB, paused 193us,107us total 100.337ms
06-30 21:25:42.233   473 32212 D BufferPoolAccessor2.0: bufferpool2 0x787b8c05dc88 : 2(1048576 size) total buffers - 1(524288 size) used buffers - 147/149 (recycle/alloc) - 3/149 (fetch/transfer)
06-30 21:25:42.325 31937 31985 D Capacitor: Handling local request: https://localhost/api/status
06-30 21:25:42.762 31937 31937 I ImeTracker: ai.elizaos.app:2242fe74: onRequestShow at ORIGIN_CLIENT_SHOW_SOFT_INPUT reason SHOW_SOFT_INPUT
06-30 21:25:42.762 31937 31937 D InputMethodManager: showSoftInput() view=com.getcapacitor.CapacitorWebView{64800e8 VFEDHVC.. .F...... 0,0-320,640 #7f0900e2 app:id/webview aid=1073741824} flags=0 reason=SHOW_SOFT_INPUT
06-30 21:25:42.763  1438  1438 I DeviceModeUtil: DeviceModeUtil.getDeviceMode():122 Get device mode phone by ui mode:1 and smallestScreenWidthDp:320
06-30 21:25:42.786 31937 31937 D InsetsController: show(ime(), fromIme=true)
06-30 21:25:42.786 31937 31937 I ImeTracker: ai.elizaos.app:2242fe74: onCancelled at PHASE_CLIENT_APPLY_ANIMATION
06-30 21:25:42.871  1438  1598 W LatinCommonCountersMetricsProcessor: LatinCommonCountersMetricsProcessor$DelightProblemReporter.run():741 Missing LM for 'en'
06-30 21:25:42.906 31937 31958 D EGL_emulation: app_time_stats: avg=22.13ms min=12.01ms max=41.46ms count=41
06-30 21:25:43.198   658   658 W BpBinder: Linking to death on android.gui.ISurfaceComposer but there are no threads (yet?) listening to incoming transactions. See ProcessState::startThreadPool and ProcessState::setThreadPoolMaxThreadCount. Generally you should setup the binder threadpool before other initialization steps.
06-30 21:25:43.199   658   658 W ProcessState: Extra binder thread started, but 0 threads requested. Do not use *startThreadPool when zero threads are requested.
06-30 21:25:43.211   162   162 I hwservicemanager: getTransport: Cannot find entry android.hardware.graphics.mapper@4.0::IMapper/default in either framework or device VINTF manifest.
06-30 21:25:43.211   658   677 I Gralloc4: mapper 4.x is not supported
06-30 21:25:43.431     0     0 I servicemanager: Could not find android.hardware.graphics.allocator.IAllocator/default in the VINTF manifest.
06-30 21:25:43.221 31937 31985 D Capacitor: Handling local request: https://localhost/api/vision/capture-requests
