03-11 01:47:17.121 28586 28586 V Capacitor/Plugin: To native (Capacitor plugin): callbackId: 32468740, pluginId: Agent, methodName: request
03-11 01:47:17.122 28586 28586 V Capacitor: callback: 32468740, pluginId: Agent, methodName: request, methodData: {"method":"GET","path":"\/api\/vision\/capture-requests","headers":{},"body":null}
03-11 01:47:17.125 28586 31883 I CapacitorCookies: Getting cookies at: 'http://127.0.0.1:31337/api/vision/capture-requests'
03-11 01:47:17.132 28586 28586 I Capacitor/Console: File:  - Line 333 - Msg: {"status":503,"statusText":"Service Unavailable","headers":{"content-type":"application/json"},"body":"{\"error\":\"local_agent_unavailable\",\"message\":\"Local agent request failed\"}"}
03-11 01:47:17.264  1676  1980 D ConnectivityService: releasing NetworkRequest [ REQUEST id=8015, [ Transports: CELLULAR Capabilities: CBS&TRUSTED&NOT_VPN&NOT_BANDWIDTH_CONSTRAINED Specifier: <TelephonyNetworkSpecifier [mSubId = 4]> Uid: 10187 RequestorUid: 10187 RequestorPkg: com.verizon.mips.services UnderlyingNetworks: Null] ] (release request)
03-11 01:47:17.271 25003 25051 I WM-WorkerWrapper: Worker result SUCCESS for Work [ id=34376843-fbae-424a-9d11-bd3754850468, tags={ com.verizon.vzwavs.AVSWorkManager } ]
03-11 01:47:17.275 25003 25003 D WM-Processor: zW 34376843-fbae-424a-9d11-bd3754850468 executed; reschedule = false
03-11 01:47:17.277 25003 25003 D WM-SystemJobService: 34376843-fbae-424a-9d11-bd3754850468 executed on JobScheduler
03-11 01:47:17.282 25003 25052 D WM-PackageManagerHelper: androidx.work.impl.background.systemalarm.RescheduleReceiver disabled
03-11 01:47:17.284 25003 25052 D WM-GreedyScheduler: Cancelling work ID 34376843-fbae-424a-9d11-bd3754850468
03-11 01:47:17.465 28586 28749 I CapacitorCookies: Getting cookies at: 'http://127.0.0.1:31337/api/health'
03-11 01:47:18.079 24881 24910 W LocationProviderImpl: Failed to obtain fresh location (null).
03-11 01:47:18.081 24881 24910 I LocationProviderImpl: Using fresh location (has error=true), age=PT0S
03-11 01:47:18.083 24881 24910 W LocalWeatherCacheAccess: Device location contains error. Skipping local weather cache update
03-11 01:47:18.083 24881 24964 I LocalWeatherCacheAccess: Loading local weather from cache
03-11 01:47:18.089 24881 24964 I LocationProviderImpl: Returning cached location, age=PT0.005S
03-11 01:47:18.094 24881 24899 I EssentialsWeatherCacheA: Querying essentials weather cache for request=670523001
03-11 01:47:18.117 24881 24899 I EssentialsWeatherCacheA: Essentials weather cache hit for request=670523001
03-11 01:47:18.118 24881 24899 I LocalAddressCacheAccess: Querying local address cache for request=-764479889
03-11 01:47:18.125 24881 24963 I LocalAddressCacheAccess: Local address cache miss for request=-764479889
03-11 01:47:18.125 24881 24963 I LocalWeatherCacheAccess: Returning local weather as cache hit
03-11 01:47:18.126 24881 24963 I PixelWeatherWidgetDataH: Current location contains an error: LOCATION_ERROR_MISSING_FRESH_DATA
03-11 01:47:18.138 24881 24964 I PreferredLocationsRemot: Preferred location cache hit
03-11 01:47:18.141 24881 24963 I LocationProviderImpl: Returning cached location, age=PT0.06S
03-11 01:47:18.155 24881 24899 I PixelWeatherWidgetDataH: Emitted widget data
03-11 01:47:18.155 24881 24899 I PixelWeatherWidgetDataH: Logging widget event: WIDGET_ERROR_LOCATION_SAMPLING_ERROR
03-11 01:47:18.161 24881 24899 I WidgetUpdateWorker: Scheduled widget update worker finished in 10184 ms
03-11 01:47:18.175 24881 24964 I WM-WorkerWrapper: Worker result SUCCESS for Work [ id=73a49850-4ad6-4453-92d3-bc79b7a76af8, tags={ com.google.apps.tiktok.contrib.work.TikTokListenableWorker,TikTokWorker#com.google.android.apps.weather.widget.datastore.PixelWeatherWidgetUpdateWorker } ]
03-11 01:47:18.181 24881 24881 D WM-Processor: o 73a49850-4ad6-4453-92d3-bc79b7a76af8 executed; reschedule = false
03-11 01:47:18.182 24881 24881 D WM-SystemJobService: 73a49850-4ad6-4453-92d3-bc79b7a76af8 executed on JobScheduler
03-11 01:47:18.184 24881 24897 D WM-GreedyScheduler: Cancelling work ID 73a49850-4ad6-4453-92d3-bc79b7a76af8
03-11 01:47:18.282  1676  1787 I AppsFilter: interaction: PackageSetting{8105d0e ai.milady.milady/10323} -> PackageSetting{6362c86 com.verizon.mips.services/10187} BLOCKED
03-11 01:47:18.282  1676  1787 I AppsFilter: interaction: PackageSetting{968ad3c app.eliza/10324} -> PackageSetting{6362c86 com.verizon.mips.services/10187} BLOCKED
03-11 01:47:18.282  1676  1787 I AppsFilter: interaction: PackageSetting{ec23ac5 com.google.android.microdroid.empty_payload/10404} -> PackageSetting{6362c86 com.verizon.mips.services/10187} BLOCKED
03-11 01:47:18.282  1676  1787 I AppsFilter: interaction: PackageSetting{2e1e9a0 ai.elizaos.app/10144} -> PackageSetting{6362c86 com.verizon.mips.services/10187} BLOCKED
03-11 01:47:18.285  1676  2027 D AppWidgetServiceImpl: Trying to notify widget providers changed
03-11 01:47:18.285  1676  2027 D AppWidgetServiceImpl: Trying to notify widget providers changed
03-11 01:47:18.285  1676  2042 D ShortcutService: received package broadcast intent: Intent { act=android.intent.action.PACKAGE_CHANGED dat=package: flg=0x45000010 (has extras) }
03-11 01:47:18.285  1676  2042 D ShortcutService: changing package: com.verizon.mips.services userId=0
03-11 01:47:18.287 21998 26067 I PermissionControllerServiceImpl: Updating user sensitive for uid 10187
03-11 01:47:18.291  1676  4169 W ParceledListSlice: Element #17 is 22128 bytes.
03-11 01:47:18.291  1676  4169 W ParceledListSlice: Element #18 is 22124 bytes.
03-11 01:47:18.293  1676  2236 W ParceledListSlice: Element #33 is 24164 bytes.
03-11 01:47:18.293  1676  2236 W ParceledListSlice: Element #34 is 24328 bytes.
03-11 01:47:18.293  1676  4169 W ParceledListSlice: Element #19 is 22112 bytes.
03-11 01:47:18.293  1676  2236 W ParceledListSlice: Element #35 is 24372 bytes.
03-11 01:47:18.293  1676  2236 W ParceledListSlice: Overly large reply size: 86420
03-11 01:47:18.295  1676 16318 W ParceledListSlice: Element #36 is 24344 bytes.
03-11 01:47:18.295  1676 16318 W ParceledListSlice: Element #37 is 24556 bytes.
03-11 01:47:18.295  1676 16318 W ParceledListSlice: Element #38 is 24068 bytes.
03-11 01:47:18.297  1676  4169 W ParceledListSlice: Element #43 is 22548 bytes.
03-11 01:47:18.297  1676  4169 W ParceledListSlice: Element #44 is 22544 bytes.
03-11 01:47:18.298  1676  1924 I RoleService: Granting default roles...
03-11 01:47:18.300  1676  1947 V AccessibilityUserState: updateShortcutTargets: type:accessibility_shortcut_target_service, current:{com.google.android.marvin.talkback/com.google.android.marvin.talkback.TalkBackService}, new:{com.google.android.marvin.talkback/com.google.android.marvin.talkback.TalkBackService}
03-11 01:47:18.300  1676  1947 V AccessibilityUserState: updateShortcutTargets: type:accessibility_qs_targets, current:{com.android.server.accessibility/ReduceBrightColors}, new:{com.android.server.accessibility/ReduceBrightColors}
03-11 01:47:18.300  1676  1947 V AccessibilityUserState: updateShortcutTargets: type:accessibility_button_targets, current:{}, new:{}
03-11 01:47:18.300  1676  1947 V AccessibilityUserState: updateShortcutTargets: type:accessibility_gesture_targets, current:{}, new:{}
03-11 01:47:18.300  1676  1947 V AccessibilityUserState: updateShortcutTargets: type:accessibility_key_gesture_targets, current:{}, new:{}
03-11 01:47:18.302  7158 31814 I AiAiEcho: (REDACTED) AppIndexer Package:[%s] UserProfile:[%d] Enabled:[%s].
03-11 01:47:18.302  7158 31814 I AiAiEcho: (REDACTED) AppFetcherImplV2 updateApps package:[%s], userId:[%d], reason:[%s].
03-11 01:47:18.302  1676  1947 V AccessibilityManagerService: onUserStateChangedLocked for userId: 0, forceUpdate: false
03-11 01:47:18.304  1676  2217 W SignedPackage: Package doesn't have required signing certificate: com.google.android.retaildemo
03-11 01:47:18.305  1676  2217 E RoleControllerServiceImpl: Default/fallback role holder package doesn't qualify for the role, package: com.google.android.gms.supervision, role: android.app.role.SYSTEM_SUPERVISION, user: 0
03-11 01:47:18.306  1676  1947 V AccessibilityUserState: updateShortcutTargets: type:accessibility_shortcut_target_service, current:{com.google.android.marvin.talkback/com.google.android.marvin.talkback.TalkBackService}, new:{com.google.android.marvin.talkback/com.google.android.marvin.talkback.TalkBackService}
03-11 01:47:18.306  1676  1947 V AccessibilityUserState: updateShortcutTargets: type:accessibility_button_targets, current:{}, new:{}
03-11 01:47:18.306  1676  1947 V AccessibilityUserState: updateShortcutTargets: type:accessibility_gesture_targets, current:{}, new:{}
03-11 01:47:18.306  1676  1947 V AccessibilityUserState: updateShortcutTargets: type:accessibility_qs_targets, current:{com.android.server.accessibility/ReduceBrightColors}, new:{com.android.server.accessibility/ReduceBrightColors}
03-11 01:47:18.306  1676  1947 V AccessibilityUserState: updateShortcutTargets: type:accessibility_key_gesture_targets, current:{}, new:{}
03-11 01:47:18.308  1676  2217 I DevicePolicyManager: Found incompatible accounts on any user, not allowing bypassing
03-11 01:47:18.309  1676  1947 W MagnificationConnectionManager: requestConnection duplicated request: connect=false, mConnectionState=DISCONNECTED
03-11 01:47:18.310  1676  2217 I DevicePolicyManager: Found incompatible accounts on any user, not allowing bypassing
03-11 01:47:18.320  1676  2217 I Role    : com.google.android.gms not qualified for android.app.role.SYSTEM_DEPENDENCY_INSTALLER due to missing RequiredComponent{mIntentFilterData=IntentFilterData{mAction='android.content.pm.action.INSTALL_DEPENDENCY', mCategories='[]', mDataScheme='null', mDataType='null'}, mMinTargetSdkVersion=1, mFlags='0', mPermission='android.permission.BIND_DEPENDENCY_INSTALLER', mQueryFlags=0, mMetaData=[]}
03-11 01:47:18.320  1676  2217 E RoleControllerServiceImpl: Default/fallback role holder package doesn't qualify for the role, package: com.google.android.gms, role: android.app.role.SYSTEM_DEPENDENCY_INSTALLER, user: 0
03-11 01:47:18.328  1032  2081 D AidlBufferPoolAcc: evictor expired: 1, evicted: 0
03-11 01:47:18.346  1676  2217 E ApduServiceInfo: Not adding <aid-group> with empty or invalid AIDs
03-11 01:47:18.352  1676  2217 W SignedPackage: Cannot get ApplicationInfo for package: com.google.android.devicelockcontroller
03-11 01:47:18.399  8018  8043 D AlphabeticIndexCompat: computeSectionName: cs: Settings sectionName: S
03-11 01:47:18.399  8018  8043 D AlphabeticIndexCompat: computeSectionName: cs: Hulu sectionName: H
03-11 01:47:18.399  8018  8043 D AlphabeticIndexCompat: computeSectionName: cs: My Verizon Services sectionName: M
03-11 01:47:18.400  8018  8043 D AlphabeticIndexCompat: computeSectionName: cs: Sheets sectionName: S
03-11 01:47:18.400  8018  8043 D AlphabeticIndexCompat: computeSectionName: cs: Capital One sectionName: C
03-11 01:47:18.400  8018  8043 D AlphabeticIndexCompat: computeSectionName: cs: Gemini sectionName: G
03-11 01:47:18.400  8018  8043 D AlphabeticIndexCompat: computeSectionName: cs: Pixel Weather sectionName: P
03-11 01:47:18.401  8018  8043 D AlphabeticIndexCompat: computeSectionName: cs: Spotify sectionName: S
03-11 01:47:18.401  8018  8043 D AlphabeticIndexCompat: computeSectionName: cs: Zoom sectionName: Z
03-11 01:47:18.401  8018  8043 D AlphabeticIndexCompat: computeSectionName: cs: Audible sectionName: A
03-11 01:47:18.402  8018  8043 D AlphabeticIndexCompat: computeSectionName: cs: PayPal sectionName: P
03-11 01:47:18.402  8018  8043 D AlphabeticIndexCompat: computeSectionName: cs: Monarch sectionName: M
03-11 01:47:18.402  8018  8043 D AlphabeticIndexCompat: computeSectionName: cs: Poshmark sectionName: P
03-11 01:47:18.402  8018  8043 D AlphabeticIndexCompat: computeSectionName: cs: Android System Intelligence sectionName: A
03-11 01:47:18.403  8018  8043 D AlphabeticIndexCompat: computeSectionName: cs: Home sectionName: H
03-11 01:47:18.403  8018  8043 D AlphabeticIndexCompat: computeSectionName: cs: Digital Wellbeing sectionName: D
03-11 01:47:18.403  8018  8043 D AlphabeticIndexCompat: computeSectionName: cs: Chrome sectionName: C
03-11 01:47:18.404  8018  8043 D AlphabeticIndexCompat: computeSectionName: cs: DCCU sectionName: D
03-11 01:47:18.404  8018  8043 D AlphabeticIndexCompat: computeSectionName: cs: Eliza sectionName: E
03-11 01:47:18.404  8018  8043 D AlphabeticIndexCompat: computeSectionName: cs: United Airlines sectionName: U
03-11 01:47:18.404  8018  8043 D AlphabeticIndexCompat: computeSectionName: cs: Venmo sectionName: V
03-11 01:47:18.405  8018  8043 D AlphabeticIndexCompat: computeSectionName: cs: Slides sectionName: S
03-11 01:47:18.405  8018  8043 D AlphabeticIndexCompat: computeSectionName: cs: ChatGPT sectionName: C
03-11 01:47:18.405  8018  8043 D AlphabeticIndexCompat: computeSectionName: cs: Mindbody sectionName: M
03-11 01:47:18.406  8018  8043 D AlphabeticIndexCompat: computeSectionName: cs: Keep Notes sectionName: K
03-11 01:47:18.406  8018  8043 D AlphabeticIndexCompat: computeSectionName: cs: Google sectionName: G
03-11 01:47:18.406  8018  8043 D AlphabeticIndexCompat: computeSectionName: cs: NAVER Maps sectionName: N
03-11 01:47:18.407  8018  8043 D AlphabeticIndexCompat: computeSectionName: cs: Photos sectionName: P
03-11 01:47:18.407  8018  8043 D AlphabeticIndexCompat: computeSectionName: cs: Voice sectionName: V
03-11 01:47:18.407  8018  8043 D AlphabeticIndexCompat: computeSectionName: cs: Gmail sectionName: G
03-11 01:47:18.407  8018  8043 D AlphabeticIndexCompat: computeSectionName: cs: Translate sectionName: T
03-11 01:47:18.408  8018  8043 D AlphabeticIndexCompat: computeSectionName: cs: Contacts sectionName: C
03-11 01:47:18.408  8018  8043 D AlphabeticIndexCompat: computeSectionName: cs: Calendar sectionName: C
03-11 01:47:18.408  8018  8043 D AlphabeticIndexCompat: computeSectionName: cs: Lyft sectionName: L
03-11 01:47:18.409  8018  8043 D AlphabeticIndexCompat: computeSectionName: cs: Docs sectionName: D
03-11 01:47:18.409  8018  8043 D AlphabeticIndexCompat: computeSectionName: cs: Google News sectionName: G
03-11 01:47:18.409  8018  8043 D AlphabeticIndexCompat: computeSectionName: cs: WhatsApp sectionName: W
03-11 01:47:18.409  8018  8043 D AlphabeticIndexCompat: computeSectionName: cs: YouTube Music sectionName: Y
03-11 01:47:18.410  8018  8043 D AlphabeticIndexCompat: computeSectionName: cs: YouTube sectionName: Y
03-11 01:47:18.410  8018  8043 D AlphabeticIndexCompat: computeSectionName: cs: Vaishnava calendar sectionName: V
03-11 01:47:18.410  8018  8043 D AlphabeticIndexCompat: computeSectionName: cs: AnkiDroid sectionName: A
03-11 01:47:18.411  8018  8043 D AlphabeticIndexCompat: computeSectionName: cs: Cash App sectionName: C
03-11 01:47:18.411  8018  8043 D AlphabeticIndexCompat: computeSectionName: cs: Meetup sectionName: M
03-11 01:47:18.411  8018  8043 D AlphabeticIndexCompat: computeSectionName: cs: Conversations sectionName: C
03-11 01:47:18.411  8018  8043 D AlphabeticIndexCompat: computeSectionName: cs: Battery sectionName: B
03-11 01:47:18.412  8018  8043 D AlphabeticIndexCompat: computeSectionName: cs: Users sectionName: U
03-11 01:47:18.412  8018  8043 D AlphabeticIndexCompat: computeSectionName: cs: Fly Delta sectionName: F
03-11 01:47:18.412  8018  8043 D AlphabeticIndexCompat: computeSectionName: cs: Drive sectionName: D
03-11 01:47:18.413  8018  8043 D AlphabeticIndexCompat: computeSectionName: cs: Clock sectionName: C
03-11 01:47:18.413  8018  8043 D AlphabeticIndexCompat: computeSectionName: cs: Maps sectionName: M
03-11 01:47:18.413  8018  8043 D AlphabeticIndexCompat: computeSectionName: cs: Shazam sectionName: S
03-11 01:47:18.413  8018  8043 D AlphabeticIndexCompat: computeSectionName: cs: Libby sectionName: L
03-11 01:47:18.414  8018  8043 D AlphabeticIndexCompat: computeSectionName: cs: Google Play Store sectionName: G
03-11 01:47:18.414  8018  8043 D AlphabeticIndexCompat: computeSectionName: cs: Dropbox sectionName: D
03-11 01:47:18.414  8018  8043 D AlphabeticIndexCompat: computeSectionName: cs: Coinbase sectionName: C
03-11 01:47:18.415  8018  8043 D AlphabeticIndexCompat: computeSectionName: cs: Amazon Shopping sectionName: A
03-11 01:47:18.415  8018  8043 D AlphabeticIndexCompat: computeSectionName: cs: Robinhood sectionName: R
03-11 01:47:18.415  8018  8043 D AlphabeticIndexCompat: computeSectionName: cs: Trail Sense sectionName: T
03-11 01:47:18.415  8018  8043 D AlphabeticIndexCompat: computeSectionName: cs: Telegram sectionName: T
03-11 01:47:18.416  8018  8043 D AlphabeticIndexCompat: computeSectionName: cs: Habits sectionName: H
03-11 01:47:18.416  8018  8043 D AlphabeticIndexCompat: computeSectionName: cs: Chase sectionName: C
03-11 01:47:18.503  1676  1706 I system_server: Background young concurrent mark compact GC freed 82MB AllocSpace bytes, 67(2348KB) LOS objects, 51% free, 89MB/185MB, paused 1.249ms,5.366ms total 174.505ms
03-11 01:47:18.977  1701  1717 I pixel-thermal: cellular-emergency:40.7536 raw data: VIRTUAL-NEUTRAL:40753.6 VIRTUAL-NEUTRAL-SKIN2:40372.7 VIRTUAL-QUIET-NEUTRAL:37762.1 VIRTUAL-SKIN:40753.6 cellular-emergency:40753.6 disp_therm:36870 gnss_tcxo_therm:42097 neutral_therm:38495 quiet_therm:37448 skin_therm1:42304 skin_therm2:44754 
03-11 01:47:18.977  1701  1717 I pixel-thermal: VIRTUAL-SKIN-CPU:40.7536 raw data: VIRTUAL-SKIN:40753.6 VIRTUAL-SKIN-CPU:40753.6 
03-11 01:47:18.977  1701  1717 I pixel-thermal: VIRTUAL-SKIN-CPU power_budget=1198.58 err=0.246449 s_power=800 time_elapsed_ms=7007 p=98.5794 i=300 d=0 dt_per_min=nan compensation=0 budget transient=0 control target=3 excluded power budget=0
03-11 01:47:18.977  1701  1717 I pixel-thermal: VIRTUAL-SKIN-CPU binded power rails: (S2M_VDD_CPUCL2: 9.12 mW)(S4M_VDD_CPUCL0: 470.68 mW)(S3M_VDD_CPUCL1: 607.63 mW)
03-11 01:47:18.977  1701  1717 I pixel-thermal: neutral_therm:38.495 raw data: neutral_therm:38495 
03-11 01:47:18.977  1701  1717 I pixel-thermal: VIRTUAL-SKIN:40.7536 raw data: VIRTUAL-SKIN:40753.6 
03-11 01:47:18.977  1701  1717 I pixel-thermal: VIRTUAL-SKIN-CPU-GPU:40.7536 raw data: VIRTUAL-SKIN:40753.6 VIRTUAL-SKIN-CPU-GPU:40753.6 
03-11 01:47:18.977  1701  1717 I pixel-thermal: VIRTUAL-SKIN-CPU-GPU power_budget=2073.93 err=4.24645 s_power=800 time_elapsed_ms=7007 p=1273.93 i=0 d=0 dt_per_min=nan compensation=0 budget transient=0 control target=3 excluded power budget=0
03-11 01:47:18.977  1701  1717 I pixel-thermal: VIRTUAL-SKIN-CPU-GPU binded power rails: (S4M_VDD_CPUCL0: 470.68 mW)(S2M_VDD_CPUCL2: 9.12 mW)(S2S_VDD_G3D: 1.78 mW)(S3M_VDD_CPUCL1: 607.63 mW)
03-11 01:47:18.977  1701  1717 I pixel-thermal: VIRTUAL-SKIN-HINT:40.7536 raw data: VIRTUAL-SKIN:40753.6 VIRTUAL-SKIN-HINT:40753.6 
03-11 01:47:18.977  1701  1717 I pixel-thermal: VIRTUAL-SKIN-CHARGE:40.7536 raw data: VIRTUAL-SKIN:40753.6 VIRTUAL-SKIN-CHARGE:40753.6 
03-11 01:47:18.977  1701  1717 I pixel-thermal: VIRTUAL-SKIN-CHARGE's fcc binded power rail POWER_FOR_CHARGING_THROTTLING: power threshold = 500, avg power = 1424.07
03-11 01:47:19.122 28586 28586 I Capacitor/Console: File:  - Line 349 - Msg: [object Object]
03-11 01:47:19.123 28586 28586 I Capacitor/Console: File:  - Line 349 - Msg: [object Object]
03-11 01:47:19.125 28586 28586 V Capacitor/Plugin: To native (Capacitor plugin): callbackId: 32468741, pluginId: Agent, methodName: request
03-11 01:47:19.125 28586 28586 V Capacitor: callback: 32468741, pluginId: Agent, methodName: request, methodData: {"method":"GET","path":"\/api\/apps\/runs","headers":{"content-type":"application\/json","x-elizaos-client-id":"ui-d248e575-019e-4e06-90c6-75a0bc2e7ea7","x-elizaos-ui-language":"en"},"body":null}
03-11 01:47:19.126 28586 28586 V Capacitor/Plugin: To native (Capacitor plugin): callbackId: 32468742, pluginId: Agent, methodName: request
03-11 01:47:19.126 28586 28586 V Capacitor: callback: 32468742, pluginId: Agent, methodName: request, methodData: {"method":"GET","path":"\/api\/vision\/capture-requests","headers":{},"body":null}
03-11 01:47:19.128 28586 31887 I CapacitorCookies: Getting cookies at: 'http://127.0.0.1:31337/api/apps/runs'
03-11 01:47:19.129 28586 31888 I CapacitorCookies: Getting cookies at: 'http://127.0.0.1:31337/api/vision/capture-requests'
03-11 01:47:19.135 28586 28586 I Capacitor/Console: File:  - Line 333 - Msg: {"status":503,"statusText":"Service Unavailable","headers":{"content-type":"application/json"},"body":"{\"error\":\"local_agent_unavailable\",\"message\":\"Local agent request failed\"}"}
03-11 01:47:19.137 28586 28586 I Capacitor/Console: File:  - Line 333 - Msg: {"status":503,"statusText":"Service Unavailable","headers":{"content-type":"application/json"},"body":"{\"error\":\"local_agent_unavailable\",\"message\":\"Local agent request failed\"}"}
03-11 01:47:19.328  1032  2081 D AidlBufferPoolAcc: evictor expired: 1, evicted: 0
03-11 01:47:20.120 28586 28586 I Capacitor/Console: File:  - Line 349 - Msg: [object Object]
03-11 01:47:20.121 28586 28586 V Capacitor/Plugin: To native (Capacitor plugin): callbackId: 32468743, pluginId: Agent, methodName: request
03-11 01:47:20.122 28586 28586 V Capacitor: callback: 32468743, pluginId: Agent, methodName: request, methodData: {"method":"GET","path":"\/api\/vision\/capture-requests","headers":{},"body":null}
03-11 01:47:20.125 28586 31889 I CapacitorCookies: Getting cookies at: 'http://127.0.0.1:31337/api/vision/capture-requests'
03-11 01:47:20.133 28586 28586 I Capacitor/Console: File:  - Line 333 - Msg: {"status":503,"statusText":"Service Unavailable","headers":{"content-type":"application/json"},"body":"{\"error\":\"local_agent_unavailable\",\"message\":\"Local agent request failed\"}"}
03-11 01:47:21.813  1676  2043 D BackgroundInstallControlService: Package event received: 0
03-11 01:47:21.813  1676  2043 D BackgroundInstallControlService: Package event received: 0
03-11 01:47:22.120 28586 28586 I Capacitor/Console: File:  - Line 349 - Msg: [object Object]
03-11 01:47:22.122 28586 28586 V Capacitor/Plugin: To native (Capacitor plugin): callbackId: 32468744, pluginId: Agent, methodName: request
03-11 01:47:22.122 28586 28586 V Capacitor: callback: 32468744, pluginId: Agent, methodName: request, methodData: {"method":"GET","path":"\/api\/vision\/capture-requests","headers":{},"body":null}
03-11 01:47:22.125 28586 31890 I CapacitorCookies: Getting cookies at: 'http://127.0.0.1:31337/api/vision/capture-requests'
03-11 01:47:22.135 28586 28586 I Capacitor/Console: File:  - Line 333 - Msg: {"status":503,"statusText":"Service Unavailable","headers":{"content-type":"application/json"},"body":"{\"error\":\"local_agent_unavailable\",\"message\":\"Local agent request failed\"}"}
03-11 01:47:22.287  1676  1980 D InetDiagMessage: Destroyed 0 sockets, proto=IPPROTO_TCP, family=AF_INET, states=14
03-11 01:47:22.287  1676  1980 D InetDiagMessage: Destroyed 0 sockets, proto=IPPROTO_TCP, family=AF_INET6, states=14
03-11 01:47:22.287  1676  1980 D InetDiagMessage: Destroyed live tcp sockets for uids={10187} in 1ms
03-11 01:47:22.288  1676  1980 D InetDiagMessage: Destroyed 0 sockets, proto=IPPROTO_TCP, family=AF_INET, states=14
03-11 01:47:22.289  1676  1980 D InetDiagMessage: Destroyed 0 sockets, proto=IPPROTO_TCP, family=AF_INET6, states=14
03-11 01:47:22.289  1676  1980 D InetDiagMessage: Destroyed live tcp sockets for uids={20187} in 2ms
03-11 01:47:22.468 28586 28749 I CapacitorCookies: Getting cookies at: 'http://127.0.0.1:31337/api/health'
03-11 01:47:23.119 28586 28586 I Capacitor/Console: File:  - Line 349 - Msg: [object Object]
03-11 01:47:23.121 28586 28586 V Capacitor/Plugin: To native (Capacitor plugin): callbackId: 32468745, pluginId: Agent, methodName: request
03-11 01:47:23.121 28586 28586 V Capacitor: callback: 32468745, pluginId: Agent, methodName: request, methodData: {"method":"GET","path":"\/api\/vision\/capture-requests","headers":{},"body":null}
03-11 01:47:23.123 28586 31891 I CapacitorCookies: Getting cookies at: 'http://127.0.0.1:31337/api/vision/capture-requests'
03-11 01:47:23.131 28586 28586 I Capacitor/Console: File:  - Line 333 - Msg: {"status":503,"statusText":"Service Unavailable","headers":{"content-type":"application/json"},"body":"{\"error\":\"local_agent_unavailable\",\"message\":\"Local agent request failed\"}"}
03-11 01:47:24.120 28586 28586 I Capacitor/Console: File:  - Line 349 - Msg: [object Object]
03-11 01:47:24.121 28586 28586 V Capacitor/Plugin: To native (Capacitor plugin): callbackId: 32468746, pluginId: Agent, methodName: request
03-11 01:47:24.122 28586 28586 V Capacitor: callback: 32468746, pluginId: Agent, methodName: request, methodData: {"method":"GET","path":"\/api\/apps\/runs","headers":{"content-type":"application\/json","x-elizaos-client-id":"ui-d248e575-019e-4e06-90c6-75a0bc2e7ea7","x-elizaos-ui-language":"en"},"body":null}
03-11 01:47:24.125 28586 31892 I CapacitorCookies: Getting cookies at: 'http://127.0.0.1:31337/api/apps/runs'
03-11 01:47:24.133 28586 28586 I Capacitor/Console: File:  - Line 333 - Msg: {"status":503,"statusText":"Service Unavailable","headers":{"content-type":"application/json"},"body":"{\"error\":\"local_agent_unavailable\",\"message\":\"Local agent request failed\"}"}
03-11 01:47:24.455  1217  1265 D DMD     : Flush DMD buffer, size=2097300
03-11 01:47:24.981 31410 28161 I .gms.persistent: Explicit concurrent mark compact GC freed 2704KB AllocSpace bytes, 12(592KB) LOS objects, 50% free, 18MB/36MB, paused 472us,3.425ms total 168.365ms
03-11 01:47:25.120 28586 28586 I Capacitor/Console: File:  - Line 349 - Msg: [object Object]
03-11 01:47:25.122 28586 28586 V Capacitor/Plugin: To native (Capacitor plugin): callbackId: 32468747, pluginId: Agent, methodName: request
03-11 01:47:25.122 28586 28586 V Capacitor: callback: 32468747, pluginId: Agent, methodName: request, methodData: {"method":"GET","path":"\/api\/vision\/capture-requests","headers":{},"body":null}
03-11 01:47:25.124 28586 31894 I CapacitorCookies: Getting cookies at: 'http://127.0.0.1:31337/api/vision/capture-requests'
03-11 01:47:25.133 28586 28586 I Capacitor/Console: File:  - Line 333 - Msg: {"status":503,"statusText":"Service Unavailable","headers":{"content-type":"application/json"},"body":"{\"error\":\"local_agent_unavailable\",\"message\":\"Local agent request failed\"}"}
03-11 01:47:25.984  1701  1717 I pixel-thermal: cellular-emergency:40.7545 raw data: VIRTUAL-NEUTRAL:40754.4 VIRTUAL-NEUTRAL-SKIN2:40415.7 VIRTUAL-QUIET-NEUTRAL:37784.8 VIRTUAL-SKIN:40754.4 cellular-emergency:40754.4 disp_therm:36892 gnss_tcxo_therm:42006 neutral_therm:38517 quiet_therm:37471 skin_therm1:42281 skin_therm2:44846 
03-11 01:47:25.984  1701  1717 I pixel-thermal: VIRTUAL-SKIN-CPU:40.7545 raw data: VIRTUAL-SKIN:40754.4 VIRTUAL-SKIN-CPU:40754.4 
03-11 01:47:25.984  1701  1717 I pixel-thermal: VIRTUAL-SKIN-CPU power_budget=1198.22 err=0.245548 s_power=800 time_elapsed_ms=7008 p=98.2193 i=300 d=-0 dt_per_min=nan compensation=0 budget transient=0 control target=3 excluded power budget=0
03-11 01:47:25.984  1701  1717 I pixel-thermal: VIRTUAL-SKIN-CPU binded power rails: (S2M_VDD_CPUCL2: 0.61 mW)(S4M_VDD_CPUCL0: 418.71 mW)(S3M_VDD_CPUCL1: 610.51 mW)
03-11 01:47:25.984  1701  1717 I pixel-thermal: neutral_therm:38.517 raw data: neutral_therm:38517 
03-11 01:47:25.984  1701  1717 I pixel-thermal: VIRTUAL-SKIN:40.7545 raw data: VIRTUAL-SKIN:40754.4 
03-11 01:47:25.984  1701  1717 I pixel-thermal: VIRTUAL-SKIN-CPU-GPU:40.7545 raw data: VIRTUAL-SKIN:40754.4 VIRTUAL-SKIN-CPU-GPU:40754.4 
03-11 01:47:25.984  1701  1717 I pixel-thermal: VIRTUAL-SKIN-CPU-GPU power_budget=2073.66 err=4.24555 s_power=800 time_elapsed_ms=7008 p=1273.66 i=0 d=-0 dt_per_min=nan compensation=0 budget transient=0 control target=3 excluded power budget=0
03-11 01:47:25.984  1701  1717 I pixel-thermal: VIRTUAL-SKIN-CPU-GPU binded power rails: (S4M_VDD_CPUCL0: 418.71 mW)(S2M_VDD_CPUCL2: 0.61 mW)(S2S_VDD_G3D: 1.72 mW)(S3M_VDD_CPUCL1: 610.51 mW)
03-11 01:47:25.984  1701  1717 I pixel-thermal: VIRTUAL-SKIN-HINT:40.7545 raw data: VIRTUAL-SKIN:40754.4 VIRTUAL-SKIN-HINT:40754.4 
03-11 01:47:25.984  1701  1717 I pixel-thermal: VIRTUAL-SKIN-CHARGE:40.7545 raw data: VIRTUAL-SKIN:40754.4 VIRTUAL-SKIN-CHARGE:40754.4 
03-11 01:47:25.984  1701  1717 I pixel-thermal: VIRTUAL-SKIN-CHARGE's fcc binded power rail POWER_FOR_CHARGING_THROTTLING: power threshold = 500, avg power = 1362.02
03-11 01:47:26.119 28586 28586 I Capacitor/Console: File:  - Line 349 - Msg: [object Object]
03-11 01:47:26.121 28586 28586 V Capacitor/Plugin: To native (Capacitor plugin): callbackId: 32468748, pluginId: Agent, methodName: request
03-11 01:47:26.121 28586 28586 V Capacitor: callback: 32468748, pluginId: Agent, methodName: request, methodData: {"method":"GET","path":"\/api\/vision\/capture-requests","headers":{},"body":null}
03-11 01:47:26.124 28586 31895 I CapacitorCookies: Getting cookies at: 'http://127.0.0.1:31337/api/vision/capture-requests'
03-11 01:47:26.133 28586 28586 I Capacitor/Console: File:  - Line 333 - Msg: {"status":503,"statusText":"Service Unavailable","headers":{"content-type":"application/json"},"body":"{\"error\":\"local_agent_unavailable\",\"message\":\"Local agent request failed\"}"}
03-11 01:47:26.211  2277  2432 D TemperatureStateSource: sequence=8938 actualDelay=10000
03-11 01:47:26.211  2277  2432 D TemperatureStateSource: Reading temperature: sequence=8939
03-11 01:47:26.212  1701  1701 I pixel-thermal: VIRTUAL-SKIN:40.7545 raw data: VIRTUAL-SKIN:40754.4 
03-11 01:47:26.212  2277  2432 D TemperatureStateSource: getDeviceTemperatures: sequence=8939 deviceTemperatureType=3 temperatureSource=0 temperatures=[40.75445]
03-11 01:47:26.212  2277  2432 D BusinessScope: Enqueuing the block
03-11 01:47:26.212  2277  2432 D TemperatureStateSource: sequence=8939 waitTime=10000
03-11 01:47:26.212  2277  2432 D BusinessScope: Start running the #18006 block
03-11 01:47:26.212  2277  2432 D BusinessScope: Enqueuing the block
03-11 01:47:26.212  2277  2432 D ImpulseStateSource: Notify clients: 9000
03-11 01:47:26.212  2277  2432 D BusinessScope: Finish running the #18006 block
03-11 01:47:26.212  2277  2432 D BusinessScope: Start running the #18007 block
03-11 01:47:26.212  2277  2432 D BusinessScope: Finish running the #18007 block
03-11 01:47:26.214  2277  2432 D ImpulseConnection: timeout didn't happen: com.google.android.apps.turbo
03-11 01:47:27.282  1676  1922 D ActivityManager: freezing 25003 com.verizon.mips.services
03-11 01:47:27.284  1676  1922 D ActivityManager: freezing 25061 com.verizon.mips.services:remote
03-11 01:47:27.363  1676  1980 D InetDiagMessage: Destroyed 0 sockets, proto=IPPROTO_TCP, family=AF_INET, states=14
03-11 01:47:27.364  1676  1980 D InetDiagMessage: Destroyed 0 sockets, proto=IPPROTO_TCP, family=AF_INET6, states=14
03-11 01:47:27.364  1676  1980 D InetDiagMessage: Destroyed live tcp sockets for uids={10187} in 2ms
03-11 01:47:27.473 28586 28749 I CapacitorCookies: Getting cookies at: 'http://127.0.0.1:31337/api/health'
03-11 01:47:28.120 28586 28586 I Capacitor/Console: File:  - Line 349 - Msg: [object Object]
03-11 01:47:28.121 28586 28586 V Capacitor/Plugin: To native (Capacitor plugin): callbackId: 32468749, pluginId: Agent, methodName: request
03-11 01:47:28.122 28586 28586 V Capacitor: callback: 32468749, pluginId: Agent, methodName: request, methodData: {"method":"GET","path":"\/api\/vision\/capture-requests","headers":{},"body":null}
03-11 01:47:28.123 28586 31896 I CapacitorCookies: Getting cookies at: 'http://127.0.0.1:31337/api/vision/capture-requests'
03-11 01:47:28.131 28586 28586 I Capacitor/Console: File:  - Line 333 - Msg: {"status":503,"statusText":"Service Unavailable","headers":{"content-type":"application/json"},"body":"{\"error\":\"local_agent_unavailable\",\"message\":\"Local agent request failed\"}"}
03-11 01:47:29.120 28586 28586 I Capacitor/Console: File:  - Line 349 - Msg: [object Object]
03-11 01:47:29.121 28586 28586 I Capacitor/Console: File:  - Line 349 - Msg: [object Object]
03-11 01:47:29.122 28586 28586 V Capacitor/Plugin: To native (Capacitor plugin): callbackId: 32468750, pluginId: Agent, methodName: request
03-11 01:47:29.122 28586 28586 V Capacitor: callback: 32468750, pluginId: Agent, methodName: request, methodData: {"method":"GET","path":"\/api\/apps\/runs","headers":{"content-type":"application\/json","x-elizaos-client-id":"ui-d248e575-019e-4e06-90c6-75a0bc2e7ea7","x-elizaos-ui-language":"en"},"body":null}
03-11 01:47:29.123 28586 28586 V Capacitor/Plugin: To native (Capacitor plugin): callbackId: 32468751, pluginId: Agent, methodName: request
03-11 01:47:29.123 28586 28586 V Capacitor: callback: 32468751, pluginId: Agent, methodName: request, methodData: {"method":"GET","path":"\/api\/vision\/capture-requests","headers":{},"body":null}
03-11 01:47:29.125 28586 31897 I CapacitorCookies: Getting cookies at: 'http://127.0.0.1:31337/api/apps/runs'
03-11 01:47:29.125 28586 31898 I CapacitorCookies: Getting cookies at: 'http://127.0.0.1:31337/api/vision/capture-requests'
03-11 01:47:29.134 28586 28586 I Capacitor/Console: File:  - Line 333 - Msg: {"status":503,"statusText":"Service Unavailable","headers":{"content-type":"application/json"},"body":"{\"error\":\"local_agent_unavailable\",\"message\":\"Local agent request failed\"}"}
03-11 01:47:29.135 28586 28586 I Capacitor/Console: File:  - Line 333 - Msg: {"status":503,"statusText":"Service Unavailable","headers":{"content-type":"application/json"},"body":"{\"error\":\"local_agent_unavailable\",\"message\":\"Local agent request failed\"}"}
03-11 01:47:30.316  2741  2741 D wpa_supplicant: wlan0: BSS: Remove id 6580 BSSID 7e:ac:b9:ce:0b:76 SSID '' due to wpa_bss_flush_by_age
03-11 01:47:30.316  2741  2741 D wpa_supplicant: wlan0: BSS: Remove id 6591 BSSID 74:ac:b9:ce:0a:a1 SSID 'The School' due to wpa_bss_flush_by_age
03-11 01:47:31.121 28586 28586 I Capacitor/Console: File:  - Line 349 - Msg: [object Object]
03-11 01:47:31.121 28586 28586 V Capacitor/Plugin: To native (Capacitor plugin): callbackId: 32468752, pluginId: Agent, methodName: request
03-11 01:47:31.121 28586 28586 V Capacitor: callback: 32468752, pluginId: Agent, methodName: request, methodData: {"method":"GET","path":"\/api\/vision\/capture-requests","headers":{},"body":null}
03-11 01:47:31.125 28586 31900 I CapacitorCookies: Getting cookies at: 'http://127.0.0.1:31337/api/vision/capture-requests'
03-11 01:47:31.134 28586 28586 I Capacitor/Console: File:  - Line 333 - Msg: {"status":503,"statusText":"Service Unavailable","headers":{"content-type":"application/json"},"body":"{\"error\":\"local_agent_unavailable\",\"message\":\"Local agent request failed\"}"}
03-11 01:47:32.120 28586 28586 I Capacitor/Console: File:  - Line 349 - Msg: [object Object]
03-11 01:47:32.122 28586 28586 V Capacitor/Plugin: To native (Capacitor plugin): callbackId: 32468753, pluginId: Agent, methodName: request
03-11 01:47:32.122 28586 28586 V Capacitor: callback: 32468753, pluginId: Agent, methodName: request, methodData: {"method":"GET","path":"\/api\/vision\/capture-requests","headers":{},"body":null}
03-11 01:47:32.125 28586 31901 I CapacitorCookies: Getting cookies at: 'http://127.0.0.1:31337/api/vision/capture-requests'
03-11 01:47:32.134 28586 28586 I Capacitor/Console: File:  - Line 333 - Msg: {"status":503,"statusText":"Service Unavailable","headers":{"content-type":"application/json"},"body":"{\"error\":\"local_agent_unavailable\",\"message\":\"Local agent request failed\"}"}
03-11 01:47:32.481 28586 28749 I CapacitorCookies: Getting cookies at: 'http://127.0.0.1:31337/api/health'
03-11 01:47:32.992  1701  1717 I pixel-thermal: cellular-emergency:40.7168 raw data: VIRTUAL-NEUTRAL:40716.8 VIRTUAL-NEUTRAL-SKIN2:40363.5 VIRTUAL-QUIET-NEUTRAL:37817.5 VIRTUAL-SKIN:40716.8 cellular-emergency:40716.8 disp_therm:36914 gnss_tcxo_therm:42006 neutral_therm:38472 quiet_therm:37537 skin_therm1:42212 skin_therm2:44777 
03-11 01:47:32.993  1701  1717 I pixel-thermal: VIRTUAL-SKIN-CPU:40.7168 raw data: VIRTUAL-SKIN:40716.8 VIRTUAL-SKIN-CPU:40716.8 
03-11 01:47:32.993  1701  1717 I pixel-thermal: VIRTUAL-SKIN-CPU power_budget=1213.3 err=0.283245 s_power=800 time_elapsed_ms=7008 p=113.298 i=300 d=0 dt_per_min=nan compensation=0 budget transient=0 control target=3 excluded power budget=0
03-11 01:47:32.993  1701  1717 I pixel-thermal: VIRTUAL-SKIN-CPU binded power rails: (S2M_VDD_CPUCL2: 0.80 mW)(S4M_VDD_CPUCL0: 426.42 mW)(S3M_VDD_CPUCL1: 618.85 mW)
03-11 01:47:32.993  1701  1717 I pixel-thermal: neutral_therm:38.472 raw data: neutral_therm:38472 
03-11 01:47:32.993  1701  1717 I pixel-thermal: VIRTUAL-SKIN:40.7168 raw data: VIRTUAL-SKIN:40716.8 
03-11 01:47:32.993  1701  1717 I pixel-thermal: VIRTUAL-SKIN-CPU-GPU:40.7168 raw data: VIRTUAL-SKIN:40716.8 VIRTUAL-SKIN-CPU-GPU:40716.8 
03-11 01:47:32.993  1701  1717 I pixel-thermal: VIRTUAL-SKIN-CPU-GPU power_budget=2084.97 err=4.28325 s_power=800 time_elapsed_ms=7008 p=1284.97 i=0 d=0 dt_per_min=nan compensation=0 budget transient=0 control target=3 excluded power budget=0
03-11 01:47:32.993  1701  1717 I pixel-thermal: VIRTUAL-SKIN-CPU-GPU binded power rails: (S4M_VDD_CPUCL0: 426.42 mW)(S2M_VDD_CPUCL2: 0.80 mW)(S2S_VDD_G3D: 1.67 mW)(S3M_VDD_CPUCL1: 618.85 mW)
03-11 01:47:32.993  1701  1717 I pixel-thermal: VIRTUAL-SKIN-HINT:40.7168 raw data: VIRTUAL-SKIN:40716.8 VIRTUAL-SKIN-HINT:40716.8 
03-11 01:47:32.993  1701  1717 I pixel-thermal: VIRTUAL-SKIN-CHARGE:40.7168 raw data: VIRTUAL-SKIN:40716.8 VIRTUAL-SKIN-CHARGE:40716.8 
03-11 01:47:32.993  1701  1717 I pixel-thermal: VIRTUAL-SKIN-CHARGE's fcc binded power rail POWER_FOR_CHARGING_THROTTLING: power threshold = 500, avg power = 1377.99
03-11 01:47:32.993  1701  1717 I pixel-thermal: Successfully update cdev thermal-cpufreq-1 sysfs to 2
03-11 01:47:33.724  7243  7346 D IwlanNetworkService[1]: : reg state REGISTRATION_STATE_NOT_REGISTERED_SEARCHING
03-11 01:47:33.725  7243  7346 D IwlanNetworkService[1]: : reg state REGISTRATION_STATE_NOT_REGISTERED_SEARCHING
03-11 01:47:33.741  1206  1248 D RILClient: [OemClient]IND: (clientId = 0, msgId = 3005, dataLength = 24, channel = 1)
03-11 01:47:33.741  1053  3275 D RILClient: [OemClient]IND: (clientId = 11, msgId = 3005, dataLength = 24, channel = 1)
03-11 01:47:33.742  2412  2412 I SHANNON_IMS: 2420 [NETW] #:PURP:# UNSOL {RILC_UNSOL_IMS_SUPPORT_SERVICE} : VoPS : 0  EMC : 0  SIM_IDX : 1  RAT : 14  REG_STATE : 0  CELL_ID : 21554454  LAC/TAC : 21508  PLMN :   (NetworkAdaptor$AdaptorChannel%onMessage:306)
03-11 01:47:33.743  2412  2412 I SHANNON_IMS: 2421 [CONN] #:ORNG:# supportService [VoPS : 0/ EMC : 0/ RAT_INFO : 14/ REG_STATE : 0/ CELL_ID : 21554454/ LAC-TAC Info : 21508/ PLMN : ]  [SLID:1 ] (ImsConnectivityMgr$RegistrationListener%supportService:2897)
03-11 01:47:33.743  2412  2412 I SHANNON_IMS: 2423 [CONN] update Cell Location Info, slotId: 1 [com.shannon.imsservice.conn.ImsConnectivityMgr$RegistrationListener@6804a73] (ImsConnectivityMgr$RegistrationListener%updateCellLocation:2988)
03-11 01:47:33.743  2412  2412 I SHANNON_IMS: 2424 [CONN] Ignore RAT_UNKNOWN or not connected [com.shannon.imsservice.conn.ImsConnectivityMgr$RegistrationListener@6804a73] (ImsConnectivityMgr$RegistrationListener%updateCellLocation:2991)
03-11 01:47:33.751  1217  1265 D DMD     : Flush DMD buffer, size=2097272
03-11 01:47:33.752  1206  1248 D RILClient: [OemClient]IND: (clientId = 0, msgId = 3005, dataLength = 24, channel = 1)
03-11 01:47:33.752  1053  3275 D RILClient: [OemClient]IND: (clientId = 11, msgId = 3005, dataLength = 24, channel = 1)
03-11 01:47:33.753  2412  2412 I SHANNON_IMS: 2427 [NETW] #:PURP:# UNSOL {RILC_UNSOL_IMS_SUPPORT_SERVICE} : VoPS : 0  EMC : 0  SIM_IDX : 1  RAT : 14  REG_STATE : 0  CELL_ID : 21554454  LAC/TAC : 21508  PLMN :   (NetworkAdaptor$AdaptorChannel%onMessage:306)
03-11 01:47:33.753  2412  2412 I SHANNON_IMS: 2428 [CONN] #:ORNG:# supportService [VoPS : 0/ EMC : 0/ RAT_INFO : 14/ REG_STATE : 0/ CELL_ID : 21554454/ LAC-TAC Info : 21508/ PLMN : ]  [SLID:1 ] (ImsConnectivityMgr$RegistrationListener%supportService:2897)
03-11 01:47:33.754  2412  2412 I SHANNON_IMS: 2430 [CONN] update Cell Location Info, slotId: 1 [com.shannon.imsservice.conn.ImsConnectivityMgr$RegistrationListener@6804a73] (ImsConnectivityMgr$RegistrationListener%updateCellLocation:2988)
03-11 01:47:33.754  2412  2412 I SHANNON_IMS: 2431 [CONN] Ignore RAT_UNKNOWN or not connected [com.shannon.imsservice.conn.ImsConnectivityMgr$RegistrationListener@6804a73] (ImsConnectivityMgr$RegistrationListener%updateCellLocation:2991)
03-11 01:47:33.761  2466  2466 D NtnCapabilityResolver: Registered PLMN is empty, skip NTN capability resolution
03-11 01:47:33.761  2466  2466 D NtnCapabilityResolver: Registered PLMN is empty, skip NTN capability resolution
03-11 01:47:33.761  2466  2466 D SatelliteController: registerForSatelliteModemStateChanged: add Listeners for ModemState
03-11 01:47:33.761  2466  2466 E SatelliteController: registerForSatelliteModemStateChanged: mSatelliteSessionController is not initialized yet
03-11 01:47:33.761  2466  2466 E SatelliteController: unregisterForModemStateChanged: mSatelliteSessionController is not initialized yet
03-11 01:47:33.761  2466  2466 D SatelliteController: unregisterForModemStateChanged: remove Listeners for ModemState
03-11 01:47:33.947  2412  2412 W SHANNON_IMS: 2439 [RULE] isLte: false isHomeSupported: false isRoamingSupported: false isImsPdnConnected: false [CellConnectivity VoPS:0 EMC:0 RAT:RAT_LTE  RSRP:-103 SLID:1 ] (CellConnectivity%isRegStateSupported:444)
03-11 01:47:33.947  2412  2412 W SHANNON_IMS: 2440 [RULE] VOC is NOT ready, isRegStateSupported() is false [CellConnectivity VoPS:0 EMC:0 RAT:RAT_LTE  RSRP:-103 SLID:1 ] (CellConnectivity%isVocReady:371)
03-11 01:47:33.954  2412  2412 W SHANNON_IMS: 2444 [RULE] WiFi connect: false, WiFi button: true (WiFiConnectivity%isWiFiEnabled:213)
03-11 01:47:33.956  2412  2412 W SHANNON_IMS: 2446 [RULE] VOC is NOT ready, isValidConnection() is false [WiFiConnectivity  STATE:falseSLID:1 ] (WiFiConnectivity%isVocReady:97)
