--------- beginning of main
03-11 01:46:09.258 28586 28586 I Capacitor/Console: File:  - Line 349 - Msg: [object Object]
03-11 01:46:09.259 28586 28586 V Capacitor/Plugin: To native (Capacitor plugin): callbackId: 32468616, pluginId: Agent, methodName: request
03-11 01:46:09.259 28586 28586 V Capacitor: callback: 32468616, pluginId: Agent, methodName: request, methodData: {"method":"GET","path":"\/api\/health","timeoutMs":10000}
03-11 01:46:09.261 28586 31093 I CapacitorCookies: Getting cookies at: 'http://127.0.0.1:31337/api/health'
03-11 01:46:09.268 28586 28586 I Capacitor/Console: File:  - Line 333 - Msg: {"status":503,"statusText":"Service Unavailable","headers":{"content-type":"application/json"},"body":"{\"error\":\"local_agent_unavailable\",\"message\":\"Local agent request failed\"}"}
03-11 01:46:09.290 28586 28586 I Capacitor/Console: File:  - Line 349 - Msg: [object Object]
03-11 01:46:09.293 28586 28586 V Capacitor/Plugin: To native (Capacitor plugin): callbackId: 32468617, pluginId: Agent, methodName: request
03-11 01:46:09.293 28586 28586 V Capacitor: callback: 32468617, pluginId: Agent, methodName: request, methodData: {"method":"GET","path":"\/api\/computer-use\/approvals","headers":{"content-type":"application\/json","x-elizaos-client-id":"ui-d248e575-019e-4e06-90c6-75a0bc2e7ea7","x-elizaos-ui-language":"en"},"body":null}
03-11 01:46:09.296 28586 31094 I CapacitorCookies: Getting cookies at: 'http://127.0.0.1:31337/api/computer-use/approvals'
03-11 01:46:09.305 28586 28586 I Capacitor/Console: File:  - Line 333 - Msg: {"status":503,"statusText":"Service Unavailable","headers":{"content-type":"application/json"},"body":"{\"error\":\"local_agent_unavailable\",\"message\":\"Local agent request failed\"}"}
03-11 01:46:09.418   616   634 D libnos_datagram: Calling App 0x00 with params 0x0200
03-11 01:46:09.449   616   634 D libnos_datagram: App 0x00 returning 0x0
03-11 01:46:10.687 28586 28586 I Capacitor/Console: File:  - Line 349 - Msg: [object Object]
03-11 01:46:10.688 28586 28586 V Capacitor/Plugin: To native (Capacitor plugin): callbackId: 32468618, pluginId: Agent, methodName: request
03-11 01:46:10.688 28586 28586 V Capacitor: callback: 32468618, pluginId: Agent, methodName: request, methodData: {"method":"GET","path":"\/api\/vision\/capture-requests","headers":{},"body":null}
03-11 01:46:10.692 28586 31107 I CapacitorCookies: Getting cookies at: 'http://127.0.0.1:31337/api/vision/capture-requests'
03-11 01:46:10.699 28586 28586 I Capacitor/Console: File:  - Line 333 - Msg: {"status":503,"statusText":"Service Unavailable","headers":{"content-type":"application/json"},"body":"{\"error\":\"local_agent_unavailable\",\"message\":\"Local agent request failed\"}"}
03-11 01:46:10.789 28586 28586 I Capacitor/Console: File:  - Line 349 - Msg: [object Object]
03-11 01:46:10.790 28586 28586 V Capacitor/Plugin: To native (Capacitor plugin): callbackId: 32468619, pluginId: Agent, methodName: request
03-11 01:46:10.790 28586 28586 V Capacitor: callback: 32468619, pluginId: Agent, methodName: request, methodData: {"method":"GET","path":"\/api\/computer-use\/approvals","headers":{"content-type":"application\/json","x-elizaos-client-id":"ui-d248e575-019e-4e06-90c6-75a0bc2e7ea7","x-elizaos-ui-language":"en"},"body":null}
03-11 01:46:10.792 28586 31108 I CapacitorCookies: Getting cookies at: 'http://127.0.0.1:31337/api/computer-use/approvals'
03-11 01:46:10.804 28586 28586 I Capacitor/Console: File:  - Line 333 - Msg: {"status":503,"statusText":"Service Unavailable","headers":{"content-type":"application/json"},"body":"{\"error\":\"local_agent_unavailable\",\"message\":\"Local agent request failed\"}"}
03-11 01:46:12.187 28586 28586 I Capacitor/Console: File:  - Line 349 - Msg: [object Object]
03-11 01:46:12.188 28586 28586 V Capacitor/Plugin: To native (Capacitor plugin): callbackId: 32468620, pluginId: Agent, methodName: request
03-11 01:46:12.188 28586 28586 V Capacitor: callback: 32468620, pluginId: Agent, methodName: request, methodData: {"method":"GET","path":"\/api\/vision\/capture-requests","headers":{},"body":null}
03-11 01:46:12.192 28586 31117 I CapacitorCookies: Getting cookies at: 'http://127.0.0.1:31337/api/vision/capture-requests'
03-11 01:46:12.201 28586 28586 I Capacitor/Console: File:  - Line 333 - Msg: {"status":503,"statusText":"Service Unavailable","headers":{"content-type":"application/json"},"body":"{\"error\":\"local_agent_unavailable\",\"message\":\"Local agent request failed\"}"}
03-11 01:46:12.289 28586 28586 I Capacitor/Console: File:  - Line 349 - Msg: [object Object]
03-11 01:46:12.290 28586 28586 V Capacitor/Plugin: To native (Capacitor plugin): callbackId: 32468621, pluginId: Agent, methodName: request
03-11 01:46:12.290 28586 28586 V Capacitor: callback: 32468621, pluginId: Agent, methodName: request, methodData: {"method":"GET","path":"\/api\/computer-use\/approvals","headers":{"content-type":"application\/json","x-elizaos-client-id":"ui-d248e575-019e-4e06-90c6-75a0bc2e7ea7","x-elizaos-ui-language":"en"},"body":null}
03-11 01:46:12.294 28586 31122 I CapacitorCookies: Getting cookies at: 'http://127.0.0.1:31337/api/computer-use/approvals'
03-11 01:46:12.302 28586 28586 I Capacitor/Console: File:  - Line 333 - Msg: {"status":503,"statusText":"Service Unavailable","headers":{"content-type":"application/json"},"body":"{\"error\":\"local_agent_unavailable\",\"message\":\"Local agent request failed\"}"}
03-11 01:46:12.361 28586 28749 I CapacitorCookies: Getting cookies at: 'http://127.0.0.1:31337/api/health'
03-11 01:46:12.430  1012  1012 E android.hardware.power.stats-service.pixel: Failed to read uid_time_in_state for attribution, return default EnergyConsumer
03-11 01:46:13.167 28586 28586 I Capacitor/Console: File:  - Line 349 - Msg: [object Object]
03-11 01:46:13.168 28586 28586 V Capacitor/Plugin: To native (Capacitor plugin): callbackId: 32468622, pluginId: Agent, methodName: request
03-11 01:46:13.168 28586 28586 V Capacitor: callback: 32468622, pluginId: Agent, methodName: request, methodData: {"method":"GET","path":"\/api\/apps\/runs","headers":{"content-type":"application\/json","x-elizaos-client-id":"ui-d248e575-019e-4e06-90c6-75a0bc2e7ea7","x-elizaos-ui-language":"en"},"body":null}
03-11 01:46:13.172 28586 31127 I CapacitorCookies: Getting cookies at: 'http://127.0.0.1:31337/api/apps/runs'
03-11 01:46:13.191 28586 28586 I Capacitor/Console: File:  - Line 333 - Msg: {"status":503,"statusText":"Service Unavailable","headers":{"content-type":"application/json"},"body":"{\"error\":\"local_agent_unavailable\",\"message\":\"Local agent request failed\"}"}
03-11 01:46:13.687 28586 28586 I Capacitor/Console: File:  - Line 349 - Msg: [object Object]
03-11 01:46:13.687 28586 28586 V Capacitor/Plugin: To native (Capacitor plugin): callbackId: 32468623, pluginId: Agent, methodName: request
03-11 01:46:13.688 28586 28586 V Capacitor: callback: 32468623, pluginId: Agent, methodName: request, methodData: {"method":"GET","path":"\/api\/vision\/capture-requests","headers":{},"body":null}
03-11 01:46:13.691 28586 31132 I CapacitorCookies: Getting cookies at: 'http://127.0.0.1:31337/api/vision/capture-requests'
03-11 01:46:13.707 28586 28586 I Capacitor/Console: File:  - Line 333 - Msg: {"status":503,"statusText":"Service Unavailable","headers":{"content-type":"application/json"},"body":"{\"error\":\"local_agent_unavailable\",\"message\":\"Local agent request failed\"}"}
03-11 01:46:13.791 28586 28586 I Capacitor/Console: File:  - Line 349 - Msg: [object Object]
03-11 01:46:13.792 28586 28586 V Capacitor/Plugin: To native (Capacitor plugin): callbackId: 32468624, pluginId: Agent, methodName: request
03-11 01:46:13.792 28586 28586 V Capacitor: callback: 32468624, pluginId: Agent, methodName: request, methodData: {"method":"GET","path":"\/api\/computer-use\/approvals","headers":{"content-type":"application\/json","x-elizaos-client-id":"ui-d248e575-019e-4e06-90c6-75a0bc2e7ea7","x-elizaos-ui-language":"en"},"body":null}
03-11 01:46:13.796 28586 31133 I CapacitorCookies: Getting cookies at: 'http://127.0.0.1:31337/api/computer-use/approvals'
03-11 01:46:13.807 28586 28586 I Capacitor/Console: File:  - Line 333 - Msg: {"status":503,"statusText":"Service Unavailable","headers":{"content-type":"application/json"},"body":"{\"error\":\"local_agent_unavailable\",\"message\":\"Local agent request failed\"}"}
03-11 01:46:14.353 28586 28586 I Capacitor/Console: File:  - Line 349 - Msg: [object Object]
03-11 01:46:14.355 28586 28586 V Capacitor/Plugin: To native (Capacitor plugin): callbackId: 32468625, pluginId: Agent, methodName: request
03-11 01:46:14.355 28586 28586 V Capacitor: callback: 32468625, pluginId: Agent, methodName: request, methodData: {"method":"GET","path":"\/api\/health","timeoutMs":10000}
03-11 01:46:14.357 28586 31138 I CapacitorCookies: Getting cookies at: 'http://127.0.0.1:31337/api/health'
03-11 01:46:14.368 28586 28586 I Capacitor/Console: File:  - Line 333 - Msg: {"status":503,"statusText":"Service Unavailable","headers":{"content-type":"application/json"},"body":"{\"error\":\"local_agent_unavailable\",\"message\":\"Local agent request failed\"}"}
03-11 01:46:15.188 28586 28586 I Capacitor/Console: File:  - Line 349 - Msg: [object Object]
03-11 01:46:15.191 28586 28586 V Capacitor/Plugin: To native (Capacitor plugin): callbackId: 32468626, pluginId: Agent, methodName: request
03-11 01:46:15.191 28586 28586 V Capacitor: callback: 32468626, pluginId: Agent, methodName: request, methodData: {"method":"GET","path":"\/api\/vision\/capture-requests","headers":{},"body":null}
03-11 01:46:15.194 28586 31147 I CapacitorCookies: Getting cookies at: 'http://127.0.0.1:31337/api/vision/capture-requests'
03-11 01:46:15.205 28586 28586 I Capacitor/Console: File:  - Line 333 - Msg: {"status":503,"statusText":"Service Unavailable","headers":{"content-type":"application/json"},"body":"{\"error\":\"local_agent_unavailable\",\"message\":\"Local agent request failed\"}"}
03-11 01:46:15.291 28586 28586 I Capacitor/Console: File:  - Line 349 - Msg: [object Object]
03-11 01:46:15.293 28586 28586 V Capacitor/Plugin: To native (Capacitor plugin): callbackId: 32468627, pluginId: Agent, methodName: request
03-11 01:46:15.293 28586 28586 V Capacitor: callback: 32468627, pluginId: Agent, methodName: request, methodData: {"method":"GET","path":"\/api\/computer-use\/approvals","headers":{"content-type":"application\/json","x-elizaos-client-id":"ui-d248e575-019e-4e06-90c6-75a0bc2e7ea7","x-elizaos-ui-language":"en"},"body":null}
03-11 01:46:15.296 28586 31148 I CapacitorCookies: Getting cookies at: 'http://127.0.0.1:31337/api/computer-use/approvals'
03-11 01:46:15.305 28586 28586 I Capacitor/Console: File:  - Line 333 - Msg: {"status":503,"statusText":"Service Unavailable","headers":{"content-type":"application/json"},"body":"{\"error\":\"local_agent_unavailable\",\"message\":\"Local agent request failed\"}"}
03-11 01:46:15.893  1701  1717 I pixel-thermal: cellular-emergency:40.5015 raw data: VIRTUAL-NEUTRAL:40501.5 VIRTUAL-NEUTRAL-SKIN2:40015.4 VIRTUAL-QUIET-NEUTRAL:37637.5 VIRTUAL-SKIN:40501.5 cellular-emergency:40501.5 disp_therm:36870 gnss_tcxo_therm:41891 neutral_therm:38495 quiet_therm:37270 skin_therm1:42143 skin_therm2:43563 
03-11 01:46:15.893  1701  1717 I pixel-thermal: VIRTUAL-SKIN-CPU:40.5015 raw data: VIRTUAL-SKIN:40501.5 VIRTUAL-SKIN-CPU:40501.5 
03-11 01:46:15.894  1701  1717 I pixel-thermal: VIRTUAL-SKIN-CPU power_budget=1299.4 err=0.498497 s_power=800 time_elapsed_ms=7007 p=199.399 i=300 d=0 dt_per_min=nan compensation=0 budget transient=0 control target=3 excluded power budget=0
03-11 01:46:15.894  1701  1717 I pixel-thermal: VIRTUAL-SKIN-CPU binded power rails: (S2M_VDD_CPUCL2: 19.79 mW)(S4M_VDD_CPUCL0: 442.63 mW)(S3M_VDD_CPUCL1: 630.76 mW)
03-11 01:46:15.894  1701  1717 I pixel-thermal: neutral_therm:38.495 raw data: neutral_therm:38495 
03-11 01:46:15.894  1701  1717 I pixel-thermal: VIRTUAL-SKIN:40.5015 raw data: VIRTUAL-SKIN:40501.5 
03-11 01:46:15.894  1701  1717 I pixel-thermal: VIRTUAL-SKIN-CPU-GPU:40.5015 raw data: VIRTUAL-SKIN:40501.5 VIRTUAL-SKIN-CPU-GPU:40501.5 
03-11 01:46:15.894  1701  1717 I pixel-thermal: VIRTUAL-SKIN-CPU-GPU power_budget=2149.55 err=4.4985 s_power=800 time_elapsed_ms=7007 p=1349.55 i=0 d=0 dt_per_min=nan compensation=0 budget transient=0 control target=3 excluded power budget=0
03-11 01:46:15.894  1701  1717 I pixel-thermal: VIRTUAL-SKIN-CPU-GPU binded power rails: (S4M_VDD_CPUCL0: 442.63 mW)(S2M_VDD_CPUCL2: 19.79 mW)(S2S_VDD_G3D: 1.70 mW)(S3M_VDD_CPUCL1: 630.76 mW)
03-11 01:46:15.894  1701  1717 I pixel-thermal: VIRTUAL-SKIN-HINT:40.5015 raw data: VIRTUAL-SKIN:40501.5 VIRTUAL-SKIN-HINT:40501.5 
03-11 01:46:15.894  1701  1717 I pixel-thermal: VIRTUAL-SKIN-CHARGE:40.5015 raw data: VIRTUAL-SKIN:40501.5 VIRTUAL-SKIN-CHARGE:40501.5 
03-11 01:46:15.894  1701  1717 I pixel-thermal: VIRTUAL-SKIN-CHARGE's fcc binded power rail POWER_FOR_CHARGING_THROTTLING: power threshold = 500, avg power = 1424.12
03-11 01:46:16.195  2277  3422 D TemperatureStateSource: sequence=8931 actualDelay=10000
03-11 01:46:16.195  2277  3422 D TemperatureStateSource: Reading temperature: sequence=8932
03-11 01:46:16.196  1701  1701 I pixel-thermal: VIRTUAL-SKIN:40.5015 raw data: VIRTUAL-SKIN:40501.5 
03-11 01:46:16.196  2277  3422 D TemperatureStateSource: getDeviceTemperatures: sequence=8932 deviceTemperatureType=3 temperatureSource=0 temperatures=[40.501503]
03-11 01:46:16.196  2277  3422 D BusinessScope: Enqueuing the block
03-11 01:46:16.196  2277  3422 D TemperatureStateSource: sequence=8932 waitTime=10000
03-11 01:46:16.196  2277  3422 D BusinessScope: Start running the #17992 block
03-11 01:46:16.196  2277  3422 D BusinessScope: Enqueuing the block
03-11 01:46:16.197  2277  3422 D ImpulseStateSource: Notify clients: 8993
03-11 01:46:16.197  2277  3422 D BusinessScope: Finish running the #17992 block
03-11 01:46:16.197  2277  3422 D BusinessScope: Start running the #17993 block
03-11 01:46:16.197  2277  3422 D BusinessScope: Finish running the #17993 block
--------- beginning of system
03-11 01:46:16.252  1676  1922 D ActivityManager: freezing 471 com.google.android.apps.turbo
03-11 01:46:16.254  1676  1980 D InetDiagMessage: Destroyed 0 sockets, proto=IPPROTO_TCP, family=AF_INET, states=14
03-11 01:46:16.255  1676  1980 D InetDiagMessage: Destroyed 0 sockets, proto=IPPROTO_TCP, family=AF_INET6, states=14
03-11 01:46:16.255  1676  1980 D InetDiagMessage: Destroyed live tcp sockets for uids={10148} in 1ms
03-11 01:46:16.689 28586 28586 I Capacitor/Console: File:  - Line 349 - Msg: [object Object]
03-11 01:46:16.691 28586 28586 V Capacitor/Plugin: To native (Capacitor plugin): callbackId: 32468628, pluginId: Agent, methodName: request
03-11 01:46:16.691 28586 28586 V Capacitor: callback: 32468628, pluginId: Agent, methodName: request, methodData: {"method":"GET","path":"\/api\/vision\/capture-requests","headers":{},"body":null}
03-11 01:46:16.694 28586 31161 I CapacitorCookies: Getting cookies at: 'http://127.0.0.1:31337/api/vision/capture-requests'
03-11 01:46:16.710 28586 28586 I Capacitor/Console: File:  - Line 333 - Msg: {"status":503,"statusText":"Service Unavailable","headers":{"content-type":"application/json"},"body":"{\"error\":\"local_agent_unavailable\",\"message\":\"Local agent request failed\"}"}
03-11 01:46:16.792 28586 28586 I Capacitor/Console: File:  - Line 349 - Msg: [object Object]
03-11 01:46:16.794 28586 28586 V Capacitor/Plugin: To native (Capacitor plugin): callbackId: 32468629, pluginId: Agent, methodName: request
03-11 01:46:16.794 28586 28586 V Capacitor: callback: 32468629, pluginId: Agent, methodName: request, methodData: {"method":"GET","path":"\/api\/computer-use\/approvals","headers":{"content-type":"application\/json","x-elizaos-client-id":"ui-d248e575-019e-4e06-90c6-75a0bc2e7ea7","x-elizaos-ui-language":"en"},"body":null}
03-11 01:46:16.797 28586 31162 I CapacitorCookies: Getting cookies at: 'http://127.0.0.1:31337/api/computer-use/approvals'
03-11 01:46:16.809 28586 28586 I Capacitor/Console: File:  - Line 333 - Msg: {"status":503,"statusText":"Service Unavailable","headers":{"content-type":"application/json"},"body":"{\"error\":\"local_agent_unavailable\",\"message\":\"Local agent request failed\"}"}
03-11 01:46:16.955 28586 28586 I Capacitor/Console: File:  - Line 349 - Msg: [object Object]
03-11 01:46:16.955 28586 28586 I Capacitor/Console: File:  - Line 349 - Msg: [object Object]
03-11 01:46:16.956 28586 28586 V Capacitor/Plugin: To native (Capacitor plugin): callbackId: 32468630, pluginId: Agent, methodName: request
03-11 01:46:16.956 28586 28586 V Capacitor: callback: 32468630, pluginId: Agent, methodName: request, methodData: {"method":"GET","path":"\/api\/approvals","headers":{"content-type":"application\/json","x-elizaos-client-id":"ui-d248e575-019e-4e06-90c6-75a0bc2e7ea7","x-elizaos-ui-language":"en"},"body":null}
03-11 01:46:16.956 28586 28586 I Capacitor/Console: File:  - Line 349 - Msg: [object Object]
03-11 01:46:16.957 28586 28586 I Capacitor/Console: File:  - Line 349 - Msg: [object Object]
03-11 01:46:16.957 28586 28586 V Capacitor/Plugin: To native (Capacitor plugin): callbackId: 32468631, pluginId: Agent, methodName: request
03-11 01:46:16.957 28586 28586 V Capacitor: callback: 32468631, pluginId: Agent, methodName: request, methodData: {"method":"GET","path":"\/api\/workbench\/todos","headers":{"content-type":"application\/json","x-elizaos-client-id":"ui-d248e575-019e-4e06-90c6-75a0bc2e7ea7","x-elizaos-ui-language":"en"},"body":null}
03-11 01:46:16.957 28586 28586 V Capacitor/Plugin: To native (Capacitor plugin): callbackId: 32468632, pluginId: Agent, methodName: request
03-11 01:46:16.957 28586 28586 V Capacitor: callback: 32468632, pluginId: Agent, methodName: request, methodData: {"method":"GET","path":"\/api\/relationships\/people","headers":{"content-type":"application\/json","x-elizaos-client-id":"ui-d248e575-019e-4e06-90c6-75a0bc2e7ea7","x-elizaos-ui-language":"en"},"body":null}
03-11 01:46:16.957 28586 28586 V Capacitor/Plugin: To native (Capacitor plugin): callbackId: 32468633, pluginId: Agent, methodName: request
03-11 01:46:16.958 28586 28586 V Capacitor: callback: 32468633, pluginId: Agent, methodName: request, methodData: {"method":"GET","path":"\/api\/relationships\/candidates","headers":{"content-type":"application\/json","x-elizaos-client-id":"ui-d248e575-019e-4e06-90c6-75a0bc2e7ea7","x-elizaos-ui-language":"en"},"body":null}
03-11 01:46:16.961 28586 31163 I CapacitorCookies: Getting cookies at: 'http://127.0.0.1:31337/api/approvals'
03-11 01:46:16.961 28586 31164 I CapacitorCookies: Getting cookies at: 'http://127.0.0.1:31337/api/workbench/todos'
03-11 01:46:16.964 28586 31165 I CapacitorCookies: Getting cookies at: 'http://127.0.0.1:31337/api/relationships/people'
03-11 01:46:16.964 28586 31166 I CapacitorCookies: Getting cookies at: 'http://127.0.0.1:31337/api/relationships/candidates'
03-11 01:46:16.974 28586 28586 I Capacitor/Console: File:  - Line 333 - Msg: {"status":503,"statusText":"Service Unavailable","headers":{"content-type":"application/json"},"body":"{\"error\":\"local_agent_unavailable\",\"message\":\"Local agent request failed\"}"}
03-11 01:46:16.974 28586 28586 I Capacitor/Console: File:  - Line 333 - Msg: {"status":503,"statusText":"Service Unavailable","headers":{"content-type":"application/json"},"body":"{\"error\":\"local_agent_unavailable\",\"message\":\"Local agent request failed\"}"}
03-11 01:46:16.976 28586 28586 I Capacitor/Console: File:  - Line 333 - Msg: {"status":503,"statusText":"Service Unavailable","headers":{"content-type":"application/json"},"body":"{\"error\":\"local_agent_unavailable\",\"message\":\"Local agent request failed\"}"}
03-11 01:46:16.977 28586 28586 I Capacitor/Console: File:  - Line 333 - Msg: {"status":503,"statusText":"Service Unavailable","headers":{"content-type":"application/json"},"body":"{\"error\":\"local_agent_unavailable\",\"message\":\"Local agent request failed\"}"}
03-11 01:46:17.367 28586 28749 I CapacitorCookies: Getting cookies at: 'http://127.0.0.1:31337/api/health'
03-11 01:46:18.169 28586 28586 I Capacitor/Console: File:  - Line 349 - Msg: [object Object]
03-11 01:46:18.171 28586 28586 V Capacitor/Plugin: To native (Capacitor plugin): callbackId: 32468634, pluginId: Agent, methodName: request
03-11 01:46:18.171 28586 28586 V Capacitor: callback: 32468634, pluginId: Agent, methodName: request, methodData: {"method":"GET","path":"\/api\/apps\/runs","headers":{"content-type":"application\/json","x-elizaos-client-id":"ui-d248e575-019e-4e06-90c6-75a0bc2e7ea7","x-elizaos-ui-language":"en"},"body":null}
03-11 01:46:18.175 28586 31179 I CapacitorCookies: Getting cookies at: 'http://127.0.0.1:31337/api/apps/runs'
03-11 01:46:18.189 28586 28586 I Capacitor/Console: File:  - Line 333 - Msg: {"status":503,"statusText":"Service Unavailable","headers":{"content-type":"application/json"},"body":"{\"error\":\"local_agent_unavailable\",\"message\":\"Local agent request failed\"}"}
03-11 01:46:18.190 28586 28586 I Capacitor/Console: File:  - Line 349 - Msg: [object Object]
03-11 01:46:18.192 28586 28586 V Capacitor/Plugin: To native (Capacitor plugin): callbackId: 32468635, pluginId: Agent, methodName: request
03-11 01:46:18.192 28586 28586 V Capacitor: callback: 32468635, pluginId: Agent, methodName: request, methodData: {"method":"GET","path":"\/api\/vision\/capture-requests","headers":{},"body":null}
03-11 01:46:18.196 28586 31180 I CapacitorCookies: Getting cookies at: 'http://127.0.0.1:31337/api/vision/capture-requests'
03-11 01:46:18.205 28586 28586 I Capacitor/Console: File:  - Line 333 - Msg: {"status":503,"statusText":"Service Unavailable","headers":{"content-type":"application/json"},"body":"{\"error\":\"local_agent_unavailable\",\"message\":\"Local agent request failed\"}"}
03-11 01:46:18.290 28586 28586 I Capacitor/Console: File:  - Line 349 - Msg: [object Object]
03-11 01:46:18.292 28586 28586 V Capacitor/Plugin: To native (Capacitor plugin): callbackId: 32468636, pluginId: Agent, methodName: request
03-11 01:46:18.292 28586 28586 V Capacitor: callback: 32468636, pluginId: Agent, methodName: request, methodData: {"method":"GET","path":"\/api\/computer-use\/approvals","headers":{"content-type":"application\/json","x-elizaos-client-id":"ui-d248e575-019e-4e06-90c6-75a0bc2e7ea7","x-elizaos-ui-language":"en"},"body":null}
03-11 01:46:18.295 28586 31181 I CapacitorCookies: Getting cookies at: 'http://127.0.0.1:31337/api/computer-use/approvals'
03-11 01:46:18.303 28586 28586 I Capacitor/Console: File:  - Line 333 - Msg: {"status":503,"statusText":"Service Unavailable","headers":{"content-type":"application/json"},"body":"{\"error\":\"local_agent_unavailable\",\"message\":\"Local agent request failed\"}"}
03-11 01:46:18.918   611 31087 I keystore2: system/security/keystore2/watchdog/src/lib.rs:371 - Watchdog thread idle -> terminating. Have a great day.
03-11 01:46:19.392 28586 28586 I Capacitor/Console: File: https://localhost/assets/index-C5fxwZ4F.js - Line 450 - Msg: [Eliza] Device bridge connecting 
03-11 01:46:19.410 28586 28586 I Capacitor/Console: File: https://localhost/assets/index-C5fxwZ4F.js - Line 450 - Msg: [Eliza] Device bridge disconnected 
03-11 01:46:19.493 28586 28586 I Capacitor/Console: File:  - Line 349 - Msg: [object Object]
03-11 01:46:19.494 28586 28586 V Capacitor/Plugin: To native (Capacitor plugin): callbackId: 32468637, pluginId: Agent, methodName: request
03-11 01:46:19.494 28586 28586 V Capacitor: callback: 32468637, pluginId: Agent, methodName: request, methodData: {"method":"GET","path":"\/api\/health","timeoutMs":10000}
03-11 01:46:19.498 28586 31190 I CapacitorCookies: Getting cookies at: 'http://127.0.0.1:31337/api/health'
03-11 01:46:19.511 28586 28586 I Capacitor/Console: File:  - Line 333 - Msg: {"status":503,"statusText":"Service Unavailable","headers":{"content-type":"application/json"},"body":"{\"error\":\"local_agent_unavailable\",\"message\":\"Local agent request failed\"}"}
03-11 01:46:19.688 28586 28586 I Capacitor/Console: File:  - Line 349 - Msg: [object Object]
03-11 01:46:19.691 28586 28586 V Capacitor/Plugin: To native (Capacitor plugin): callbackId: 32468638, pluginId: Agent, methodName: request
03-11 01:46:19.691 28586 28586 V Capacitor: callback: 32468638, pluginId: Agent, methodName: request, methodData: {"method":"GET","path":"\/api\/vision\/capture-requests","headers":{},"body":null}
03-11 01:46:19.694 28586 31191 I CapacitorCookies: Getting cookies at: 'http://127.0.0.1:31337/api/vision/capture-requests'
03-11 01:46:19.712 28586 28586 I Capacitor/Console: File:  - Line 333 - Msg: {"status":503,"statusText":"Service Unavailable","headers":{"content-type":"application/json"},"body":"{\"error\":\"local_agent_unavailable\",\"message\":\"Local agent request failed\"}"}
03-11 01:46:19.789 28586 28586 I Capacitor/Console: File:  - Line 349 - Msg: [object Object]
03-11 01:46:19.792 28586 28586 V Capacitor/Plugin: To native (Capacitor plugin): callbackId: 32468639, pluginId: Agent, methodName: request
03-11 01:46:19.792 28586 28586 V Capacitor: callback: 32468639, pluginId: Agent, methodName: request, methodData: {"method":"GET","path":"\/api\/computer-use\/approvals","headers":{"content-type":"application\/json","x-elizaos-client-id":"ui-d248e575-019e-4e06-90c6-75a0bc2e7ea7","x-elizaos-ui-language":"en"},"body":null}
03-11 01:46:19.795 28586 31196 I CapacitorCookies: Getting cookies at: 'http://127.0.0.1:31337/api/computer-use/approvals'
03-11 01:46:19.801 28586 28586 I Capacitor/Console: File:  - Line 333 - Msg: {"status":503,"statusText":"Service Unavailable","headers":{"content-type":"application/json"},"body":"{\"error\":\"local_agent_unavailable\",\"message\":\"Local agent request failed\"}"}
03-11 01:46:21.187 28586 28586 I Capacitor/Console: File:  - Line 349 - Msg: [object Object]
03-11 01:46:21.188 28586 28586 V Capacitor/Plugin: To native (Capacitor plugin): callbackId: 32468640, pluginId: Agent, methodName: request
03-11 01:46:21.188 28586 28586 V Capacitor: callback: 32468640, pluginId: Agent, methodName: request, methodData: {"method":"GET","path":"\/api\/vision\/capture-requests","headers":{},"body":null}
03-11 01:46:21.190 28586 31205 I CapacitorCookies: Getting cookies at: 'http://127.0.0.1:31337/api/vision/capture-requests'
03-11 01:46:21.197 28586 28586 I Capacitor/Console: File:  - Line 333 - Msg: {"status":503,"statusText":"Service Unavailable","headers":{"content-type":"application/json"},"body":"{\"error\":\"local_agent_unavailable\",\"message\":\"Local agent request failed\"}"}
03-11 01:46:21.289 28586 28586 I Capacitor/Console: File:  - Line 349 - Msg: [object Object]
03-11 01:46:21.290 28586 28586 V Capacitor/Plugin: To native (Capacitor plugin): callbackId: 32468641, pluginId: Agent, methodName: request
03-11 01:46:21.290 28586 28586 V Capacitor: callback: 32468641, pluginId: Agent, methodName: request, methodData: {"method":"GET","path":"\/api\/computer-use\/approvals","headers":{"content-type":"application\/json","x-elizaos-client-id":"ui-d248e575-019e-4e06-90c6-75a0bc2e7ea7","x-elizaos-ui-language":"en"},"body":null}
03-11 01:46:21.293 28586 31206 I CapacitorCookies: Getting cookies at: 'http://127.0.0.1:31337/api/computer-use/approvals'
03-11 01:46:21.299 28586 28586 I Capacitor/Console: File:  - Line 333 - Msg: {"status":503,"statusText":"Service Unavailable","headers":{"content-type":"application/json"},"body":"{\"error\":\"local_agent_unavailable\",\"message\":\"Local agent request failed\"}"}
03-11 01:46:22.375 28586 28749 I CapacitorCookies: Getting cookies at: 'http://127.0.0.1:31337/api/health'
03-11 01:46:22.687 28586 28586 I Capacitor/Console: File:  - Line 349 - Msg: [object Object]
03-11 01:46:22.688 28586 28586 V Capacitor/Plugin: To native (Capacitor plugin): callbackId: 32468642, pluginId: Agent, methodName: request
03-11 01:46:22.688 28586 28586 V Capacitor: callback: 32468642, pluginId: Agent, methodName: request, methodData: {"method":"GET","path":"\/api\/vision\/capture-requests","headers":{},"body":null}
03-11 01:46:22.691 28586 31219 I CapacitorCookies: Getting cookies at: 'http://127.0.0.1:31337/api/vision/capture-requests'
03-11 01:46:22.702 28586 28586 I Capacitor/Console: File:  - Line 333 - Msg: {"status":503,"statusText":"Service Unavailable","headers":{"content-type":"application/json"},"body":"{\"error\":\"local_agent_unavailable\",\"message\":\"Local agent request failed\"}"}
03-11 01:46:22.789 28586 28586 I Capacitor/Console: File:  - Line 349 - Msg: [object Object]
03-11 01:46:22.790 28586 28586 V Capacitor/Plugin: To native (Capacitor plugin): callbackId: 32468643, pluginId: Agent, methodName: request
03-11 01:46:22.790 28586 28586 V Capacitor: callback: 32468643, pluginId: Agent, methodName: request, methodData: {"method":"GET","path":"\/api\/computer-use\/approvals","headers":{"content-type":"application\/json","x-elizaos-client-id":"ui-d248e575-019e-4e06-90c6-75a0bc2e7ea7","x-elizaos-ui-language":"en"},"body":null}
03-11 01:46:22.795 28586 31220 I CapacitorCookies: Getting cookies at: 'http://127.0.0.1:31337/api/computer-use/approvals'
03-11 01:46:22.829 28586 28586 I Capacitor/Console: File:  - Line 333 - Msg: {"status":503,"statusText":"Service Unavailable","headers":{"content-type":"application/json"},"body":"{\"error\":\"local_agent_unavailable\",\"message\":\"Local agent request failed\"}"}
03-11 01:46:22.906  1701  1717 I pixel-thermal: cellular-emergency:40.4751 raw data: VIRTUAL-NEUTRAL:40475.1 VIRTUAL-NEUTRAL-SKIN2:39999.3 VIRTUAL-QUIET-NEUTRAL:37599.8 VIRTUAL-SKIN:40475.1 cellular-emergency:40475.1 disp_therm:36870 gnss_tcxo_therm:41868 neutral_therm:38472 quiet_therm:37226 skin_therm1:42074 skin_therm2:43563 
03-11 01:46:22.906  1701  1717 I pixel-thermal: VIRTUAL-SKIN-CPU:40.4751 raw data: VIRTUAL-SKIN:40475.1 VIRTUAL-SKIN-CPU:40475.1 
03-11 01:46:22.906  1701  1717 I pixel-thermal: VIRTUAL-SKIN-CPU power_budget=1309.98 err=0.524948 s_power=800 time_elapsed_ms=7011 p=209.979 i=300 d=0 dt_per_min=nan compensation=0 budget transient=0 control target=3 excluded power budget=0
03-11 01:46:22.906  1701  1717 I pixel-thermal: VIRTUAL-SKIN-CPU binded power rails: (S4M_VDD_CPUCL0: 430.44 mW)(S2M_VDD_CPUCL2: 15.07 mW)(S3M_VDD_CPUCL1: 613.10 mW)
03-11 01:46:22.906  1701  1717 I pixel-thermal: neutral_therm:38.472 raw data: neutral_therm:38472 
03-11 01:46:22.906  1701  1717 I pixel-thermal: VIRTUAL-SKIN:40.4751 raw data: VIRTUAL-SKIN:40475.1 
03-11 01:46:22.906  1701  1717 I pixel-thermal: VIRTUAL-SKIN-CPU-GPU:40.4751 raw data: VIRTUAL-SKIN:40475.1 VIRTUAL-SKIN-CPU-GPU:40475.1 
03-11 01:46:22.906  1701  1717 I pixel-thermal: VIRTUAL-SKIN-CPU-GPU power_budget=2157.48 err=4.52495 s_power=800 time_elapsed_ms=7011 p=1357.48 i=0 d=0 dt_per_min=nan compensation=0 budget transient=0 control target=3 excluded power budget=0
03-11 01:46:22.906  1701  1717 I pixel-thermal: VIRTUAL-SKIN-CPU-GPU binded power rails: (S4M_VDD_CPUCL0: 430.44 mW)(S2M_VDD_CPUCL2: 15.07 mW)(S2S_VDD_G3D: 1.72 mW)(S3M_VDD_CPUCL1: 613.10 mW)
03-11 01:46:22.906  1701  1717 I pixel-thermal: VIRTUAL-SKIN-HINT:40.4751 raw data: VIRTUAL-SKIN:40475.1 VIRTUAL-SKIN-HINT:40475.1 
03-11 01:46:22.906  1701  1717 I pixel-thermal: VIRTUAL-SKIN-CHARGE:40.4751 raw data: VIRTUAL-SKIN:40475.1 VIRTUAL-SKIN-CHARGE:40475.1 
03-11 01:46:22.906  1701  1717 I pixel-thermal: VIRTUAL-SKIN-CHARGE's fcc binded power rail POWER_FOR_CHARGING_THROTTLING: power threshold = 500, avg power = 1389.53
03-11 01:46:22.907  1701  1717 I pixel-thermal: Successfully update cdev thermal-cpufreq-1 sysfs to 0
03-11 01:46:23.168 28586 28586 I Capacitor/Console: File:  - Line 349 - Msg: [object Object]
03-11 01:46:23.170 28586 28586 V Capacitor/Plugin: To native (Capacitor plugin): callbackId: 32468644, pluginId: Agent, methodName: request
03-11 01:46:23.170 28586 28586 V Capacitor: callback: 32468644, pluginId: Agent, methodName: request, methodData: {"method":"GET","path":"\/api\/apps\/runs","headers":{"content-type":"application\/json","x-elizaos-client-id":"ui-d248e575-019e-4e06-90c6-75a0bc2e7ea7","x-elizaos-ui-language":"en"},"body":null}
03-11 01:46:23.173 28586 31225 I CapacitorCookies: Getting cookies at: 'http://127.0.0.1:31337/api/apps/runs'
03-11 01:46:23.182 28586 28586 I Capacitor/Console: File:  - Line 333 - Msg: {"status":503,"statusText":"Service Unavailable","headers":{"content-type":"application/json"},"body":"{\"error\":\"local_agent_unavailable\",\"message\":\"Local agent request failed\"}"}
03-11 01:46:24.188 28586 28586 I Capacitor/Console: File:  - Line 349 - Msg: [object Object]
03-11 01:46:24.189 28586 28586 V Capacitor/Plugin: To native (Capacitor plugin): callbackId: 32468645, pluginId: Agent, methodName: request
03-11 01:46:24.189 28586 28586 V Capacitor: callback: 32468645, pluginId: Agent, methodName: request, methodData: {"method":"GET","path":"\/api\/vision\/capture-requests","headers":{},"body":null}
03-11 01:46:24.192 28586 31234 I CapacitorCookies: Getting cookies at: 'http://127.0.0.1:31337/api/vision/capture-requests'
03-11 01:46:24.202 28586 28586 I Capacitor/Console: File:  - Line 333 - Msg: {"status":503,"statusText":"Service Unavailable","headers":{"content-type":"application/json"},"body":"{\"error\":\"local_agent_unavailable\",\"message\":\"Local agent request failed\"}"}
03-11 01:46:24.289 28586 28586 I Capacitor/Console: File:  - Line 349 - Msg: [object Object]
03-11 01:46:24.291 28586 28586 V Capacitor/Plugin: To native (Capacitor plugin): callbackId: 32468646, pluginId: Agent, methodName: request
03-11 01:46:24.291 28586 28586 V Capacitor: callback: 32468646, pluginId: Agent, methodName: request, methodData: {"method":"GET","path":"\/api\/computer-use\/approvals","headers":{"content-type":"application\/json","x-elizaos-client-id":"ui-d248e575-019e-4e06-90c6-75a0bc2e7ea7","x-elizaos-ui-language":"en"},"body":null}
03-11 01:46:24.294 28586 31235 I CapacitorCookies: Getting cookies at: 'http://127.0.0.1:31337/api/computer-use/approvals'
03-11 01:46:24.303 28586 28586 I Capacitor/Console: File:  - Line 333 - Msg: {"status":503,"statusText":"Service Unavailable","headers":{"content-type":"application/json"},"body":"{\"error\":\"local_agent_unavailable\",\"message\":\"Local agent request failed\"}"}
03-11 01:46:24.741 28586 28586 I Capacitor/Console: File:  - Line 349 - Msg: [object Object]
03-11 01:46:24.743 28586 28586 V Capacitor/Plugin: To native (Capacitor plugin): callbackId: 32468647, pluginId: Agent, methodName: request
03-11 01:46:24.743 28586 28586 V Capacitor: callback: 32468647, pluginId: Agent, methodName: request, methodData: {"method":"GET","path":"\/api\/health","timeoutMs":10000}
03-11 01:46:24.746 28586 31240 I CapacitorCookies: Getting cookies at: 'http://127.0.0.1:31337/api/health'
03-11 01:46:24.753 28586 28586 I Capacitor/Console: File:  - Line 333 - Msg: {"status":503,"statusText":"Service Unavailable","headers":{"content-type":"application/json"},"body":"{\"error\":\"local_agent_unavailable\",\"message\":\"Local agent request failed\"}"}
03-11 01:46:25.687 28586 28586 I Capacitor/Console: File:  - Line 349 - Msg: [object Object]
03-11 01:46:25.688 28586 28586 V Capacitor/Plugin: To native (Capacitor plugin): callbackId: 32468648, pluginId: Agent, methodName: request
03-11 01:46:25.688 28586 28586 V Capacitor: callback: 32468648, pluginId: Agent, methodName: request, methodData: {"method":"GET","path":"\/api\/vision\/capture-requests","headers":{},"body":null}
03-11 01:46:25.689 28586 31249 I CapacitorCookies: Getting cookies at: 'http://127.0.0.1:31337/api/vision/capture-requests'
03-11 01:46:25.699 28586 28586 I Capacitor/Console: File:  - Line 333 - Msg: {"status":503,"statusText":"Service Unavailable","headers":{"content-type":"application/json"},"body":"{\"error\":\"local_agent_unavailable\",\"message\":\"Local agent request failed\"}"}
03-11 01:46:25.789 28586 28586 I Capacitor/Console: File:  - Line 349 - Msg: [object Object]
03-11 01:46:25.790 28586 28586 V Capacitor/Plugin: To native (Capacitor plugin): callbackId: 32468649, pluginId: Agent, methodName: request
03-11 01:46:25.790 28586 28586 V Capacitor: callback: 32468649, pluginId: Agent, methodName: request, methodData: {"method":"GET","path":"\/api\/computer-use\/approvals","headers":{"content-type":"application\/json","x-elizaos-client-id":"ui-d248e575-019e-4e06-90c6-75a0bc2e7ea7","x-elizaos-ui-language":"en"},"body":null}
03-11 01:46:25.794 28586 31250 I CapacitorCookies: Getting cookies at: 'http://127.0.0.1:31337/api/computer-use/approvals'
03-11 01:46:25.801 28586 28586 I Capacitor/Console: File:  - Line 333 - Msg: {"status":503,"statusText":"Service Unavailable","headers":{"content-type":"application/json"},"body":"{\"error\":\"local_agent_unavailable\",\"message\":\"Local agent request failed\"}"}
03-11 01:46:26.197  2277  3422 D TemperatureStateSource: sequence=8932 actualDelay=10001
03-11 01:46:26.197  2277  3422 D TemperatureStateSource: Reading temperature: sequence=8933
03-11 01:46:26.198  1701  1701 I pixel-thermal: VIRTUAL-SKIN:40.4693 raw data: VIRTUAL-NEUTRAL:40469.3 VIRTUAL-NEUTRAL-SKIN2:40001.6 VIRTUAL-QUIET-NEUTRAL:37591.3 VIRTUAL-SKIN:40469.3 disp_therm:36847 gnss_tcxo_therm:41845 neutral_therm:38495 quiet_therm:37204 skin_therm1:42074 skin_therm2:43517 
03-11 01:46:26.199  2277  3422 D TemperatureStateSource: getDeviceTemperatures: sequence=8933 deviceTemperatureType=3 temperatureSource=0 temperatures=[40.469303]
03-11 01:46:26.199  2277  3422 D BusinessScope: Enqueuing the block
03-11 01:46:26.199  2277  3422 D TemperatureStateSource: sequence=8933 waitTime=10000
03-11 01:46:26.199  2277  3422 D BusinessScope: Start running the #17994 block
03-11 01:46:26.199  2277  3422 D BusinessScope: Enqueuing the block
03-11 01:46:26.199  2277  3422 D ImpulseStateSource: Notify clients: 8994
03-11 01:46:26.199  2277  3422 D BusinessScope: Finish running the #17994 block
03-11 01:46:26.199  2277  3422 D BusinessScope: Start running the #17995 block
03-11 01:46:26.199  2277  3422 D BusinessScope: Finish running the #17995 block
03-11 01:46:27.188 28586 28586 I Capacitor/Console: File:  - Line 349 - Msg: [object Object]
03-11 01:46:27.190 28586 28586 V Capacitor/Plugin: To native (Capacitor plugin): callbackId: 32468650, pluginId: Agent, methodName: request
03-11 01:46:27.190 28586 28586 V Capacitor: callback: 32468650, pluginId: Agent, methodName: request, methodData: {"method":"GET","path":"\/api\/vision\/capture-requests","headers":{},"body":null}
03-11 01:46:27.193 28586 31263 I CapacitorCookies: Getting cookies at: 'http://127.0.0.1:31337/api/vision/capture-requests'
03-11 01:46:27.202 28586 28586 I Capacitor/Console: File:  - Line 333 - Msg: {"status":503,"statusText":"Service Unavailable","headers":{"content-type":"application/json"},"body":"{\"error\":\"local_agent_unavailable\",\"message\":\"Local agent request failed\"}"}
03-11 01:46:27.290 28586 28586 I Capacitor/Console: File:  - Line 349 - Msg: [object Object]
03-11 01:46:27.291 28586 28586 V Capacitor/Plugin: To native (Capacitor plugin): callbackId: 32468651, pluginId: Agent, methodName: request
03-11 01:46:27.291 28586 28586 V Capacitor: callback: 32468651, pluginId: Agent, methodName: request, methodData: {"method":"GET","path":"\/api\/computer-use\/approvals","headers":{"content-type":"application\/json","x-elizaos-client-id":"ui-d248e575-019e-4e06-90c6-75a0bc2e7ea7","x-elizaos-ui-language":"en"},"body":null}
03-11 01:46:27.295 28586 31264 I CapacitorCookies: Getting cookies at: 'http://127.0.0.1:31337/api/computer-use/approvals'
03-11 01:46:27.305 28586 28586 I Capacitor/Console: File:  - Line 333 - Msg: {"status":503,"statusText":"Service Unavailable","headers":{"content-type":"application/json"},"body":"{\"error\":\"local_agent_unavailable\",\"message\":\"Local agent request failed\"}"}
03-11 01:46:27.383 28586 28749 I CapacitorCookies: Getting cookies at: 'http://127.0.0.1:31337/api/health'
03-11 01:46:28.167 28586 28586 I Capacitor/Console: File:  - Line 349 - Msg: [object Object]
03-11 01:46:28.168 28586 28586 V Capacitor/Plugin: To native (Capacitor plugin): callbackId: 32468652, pluginId: Agent, methodName: request
03-11 01:46:28.168 28586 28586 V Capacitor: callback: 32468652, pluginId: Agent, methodName: request, methodData: {"method":"GET","path":"\/api\/apps\/runs","headers":{"content-type":"application\/json","x-elizaos-client-id":"ui-d248e575-019e-4e06-90c6-75a0bc2e7ea7","x-elizaos-ui-language":"en"},"body":null}
03-11 01:46:28.171 28586 31269 I CapacitorCookies: Getting cookies at: 'http://127.0.0.1:31337/api/apps/runs'
03-11 01:46:28.180 28586 28586 I Capacitor/Console: File:  - Line 333 - Msg: {"status":503,"statusText":"Service Unavailable","headers":{"content-type":"application/json"},"body":"{\"error\":\"local_agent_unavailable\",\"message\":\"Local agent request failed\"}"}
03-11 01:46:28.688 28586 28586 I Capacitor/Console: File:  - Line 349 - Msg: [object Object]
03-11 01:46:28.688 28586 28586 V Capacitor/Plugin: To native (Capacitor plugin): callbackId: 32468653, pluginId: Agent, methodName: request
03-11 01:46:28.688 28586 28586 V Capacitor: callback: 32468653, pluginId: Agent, methodName: request, methodData: {"method":"GET","path":"\/api\/vision\/capture-requests","headers":{},"body":null}
03-11 01:46:28.691 28586 31274 I CapacitorCookies: Getting cookies at: 'http://127.0.0.1:31337/api/vision/capture-requests'
03-11 01:46:28.698 28586 28586 I Capacitor/Console: File:  - Line 333 - Msg: {"status":503,"statusText":"Service Unavailable","headers":{"content-type":"application/json"},"body":"{\"error\":\"local_agent_unavailable\",\"message\":\"Local agent request failed\"}"}
03-11 01:46:28.790 28586 28586 I Capacitor/Console: File:  - Line 349 - Msg: [object Object]
03-11 01:46:28.792 28586 28586 V Capacitor/Plugin: To native (Capacitor plugin): callbackId: 32468654, pluginId: Agent, methodName: request
03-11 01:46:28.792 28586 28586 V Capacitor: callback: 32468654, pluginId: Agent, methodName: request, methodData: {"method":"GET","path":"\/api\/computer-use\/approvals","headers":{"content-type":"application\/json","x-elizaos-client-id":"ui-d248e575-019e-4e06-90c6-75a0bc2e7ea7","x-elizaos-ui-language":"en"},"body":null}
03-11 01:46:28.795 28586 31279 I CapacitorCookies: Getting cookies at: 'http://127.0.0.1:31337/api/computer-use/approvals'
03-11 01:46:28.804 28586 28586 I Capacitor/Console: File:  - Line 333 - Msg: {"status":503,"statusText":"Service Unavailable","headers":{"content-type":"application/json"},"body":"{\"error\":\"local_agent_unavailable\",\"message\":\"Local agent request failed\"}"}
03-11 01:46:29.864 28586 28586 I Capacitor/Console: File:  - Line 349 - Msg: [object Object]
03-11 01:46:29.866 28586 28586 V Capacitor/Plugin: To native (Capacitor plugin): callbackId: 32468655, pluginId: Agent, methodName: request
03-11 01:46:29.866 28586 28586 V Capacitor: callback: 32468655, pluginId: Agent, methodName: request, methodData: {"method":"GET","path":"\/api\/health","timeoutMs":10000}
03-11 01:46:29.869 28586 31288 I CapacitorCookies: Getting cookies at: 'http://127.0.0.1:31337/api/health'
03-11 01:46:29.877 28586 28586 I Capacitor/Console: File:  - Line 333 - Msg: {"status":503,"statusText":"Service Unavailable","headers":{"content-type":"application/json"},"body":"{\"error\":\"local_agent_unavailable\",\"message\":\"Local agent request failed\"}"}
03-11 01:46:29.917  1701  1717 I pixel-thermal: cellular-emergency:40.4693 raw data: VIRTUAL-NEUTRAL:40469.3 VIRTUAL-NEUTRAL-SKIN2:40001.6 VIRTUAL-QUIET-NEUTRAL:37591.3 VIRTUAL-SKIN:40469.3 cellular-emergency:40469.3 disp_therm:36847 gnss_tcxo_therm:41845 neutral_therm:38495 quiet_therm:37204 skin_therm1:42074 skin_therm2:43517 
03-11 01:46:29.917  1701  1717 I pixel-thermal: VIRTUAL-SKIN-CPU:40.4693 raw data: VIRTUAL-SKIN:40469.3 VIRTUAL-SKIN-CPU:40469.3 
03-11 01:46:29.917  1701  1717 I pixel-thermal: VIRTUAL-SKIN-CPU power_budget=1312.28 err=0.530697 s_power=800 time_elapsed_ms=7012 p=212.279 i=300 d=0 dt_per_min=nan compensation=0 budget transient=0 control target=3 excluded power budget=0
03-11 01:46:29.917  1701  1717 I pixel-thermal: VIRTUAL-SKIN-CPU binded power rails: (S2M_VDD_CPUCL2: 14.13 mW)(S4M_VDD_CPUCL0: 471.00 mW)(S3M_VDD_CPUCL1: 786.45 mW)
03-11 01:46:29.917  1701  1717 I pixel-thermal: neutral_therm:38.495 raw data: neutral_therm:38495 
03-11 01:46:29.917  1701  1717 I pixel-thermal: VIRTUAL-SKIN:40.4693 raw data: VIRTUAL-SKIN:40469.3 
03-11 01:46:29.918  1701  1717 I pixel-thermal: VIRTUAL-SKIN-CPU-GPU:40.4693 raw data: VIRTUAL-SKIN:40469.3 VIRTUAL-SKIN-CPU-GPU:40469.3 
03-11 01:46:29.918  1701  1717 I pixel-thermal: VIRTUAL-SKIN-CPU-GPU power_budget=2159.21 err=4.5307 s_power=800 time_elapsed_ms=7012 p=1359.21 i=0 d=0 dt_per_min=nan compensation=0 budget transient=0 control target=3 excluded power budget=0
03-11 01:46:29.918  1701  1717 I pixel-thermal: VIRTUAL-SKIN-CPU-GPU binded power rails: (S4M_VDD_CPUCL0: 471.00 mW)(S2M_VDD_CPUCL2: 14.13 mW)(S2S_VDD_G3D: 1.76 mW)(S3M_VDD_CPUCL1: 786.45 mW)
03-11 01:46:29.918  1701  1717 I pixel-thermal: VIRTUAL-SKIN-HINT:40.4693 raw data: VIRTUAL-SKIN:40469.3 VIRTUAL-SKIN-HINT:40469.3 
03-11 01:46:29.918  1701  1717 I pixel-thermal: VIRTUAL-SKIN-CHARGE:40.4693 raw data: VIRTUAL-SKIN:40469.3 VIRTUAL-SKIN-CHARGE:40469.3 
03-11 01:46:29.918  1701  1717 I pixel-thermal: VIRTUAL-SKIN-CHARGE's fcc binded power rail POWER_FOR_CHARGING_THROTTLING: power threshold = 500, avg power = 1675.82
03-11 01:46:29.918  1701  1717 I pixel-thermal: Successfully update cdev thermal-cpufreq-1 sysfs to 1
03-11 01:46:30.187 28586 28586 I Capacitor/Console: File:  - Line 349 - Msg: [object Object]
03-11 01:46:30.189 28586 28586 V Capacitor/Plugin: To native (Capacitor plugin): callbackId: 32468656, pluginId: Agent, methodName: request
03-11 01:46:30.189 28586 28586 V Capacitor: callback: 32468656, pluginId: Agent, methodName: request, methodData: {"method":"GET","path":"\/api\/vision\/capture-requests","headers":{},"body":null}
03-11 01:46:30.192 28586 31289 I CapacitorCookies: Getting cookies at: 'http://127.0.0.1:31337/api/vision/capture-requests'
03-11 01:46:30.198 28586 28586 I Capacitor/Console: File:  - Line 333 - Msg: {"status":503,"statusText":"Service Unavailable","headers":{"content-type":"application/json"},"body":"{\"error\":\"local_agent_unavailable\",\"message\":\"Local agent request failed\"}"}
03-11 01:46:30.289 28586 28586 I Capacitor/Console: File:  - Line 349 - Msg: [object Object]
03-11 01:46:30.290 28586 28586 V Capacitor/Plugin: To native (Capacitor plugin): callbackId: 32468657, pluginId: Agent, methodName: request
03-11 01:46:30.290 28586 28586 V Capacitor: callback: 32468657, pluginId: Agent, methodName: request, methodData: {"method":"GET","path":"\/api\/computer-use\/approvals","headers":{"content-type":"application\/json","x-elizaos-client-id":"ui-d248e575-019e-4e06-90c6-75a0bc2e7ea7","x-elizaos-ui-language":"en"},"body":null}
03-11 01:46:30.294 28586 31290 I CapacitorCookies: Getting cookies at: 'http://127.0.0.1:31337/api/computer-use/approvals'
03-11 01:46:30.304 28586 28586 I Capacitor/Console: File:  - Line 333 - Msg: {"status":503,"statusText":"Service Unavailable","headers":{"content-type":"application/json"},"body":"{\"error\":\"local_agent_unavailable\",\"message\":\"Local agent request failed\"}"}
03-11 01:46:31.689 28586 28586 I Capacitor/Console: File:  - Line 349 - Msg: [object Object]
03-11 01:46:31.691 28586 28586 V Capacitor/Plugin: To native (Capacitor plugin): callbackId: 32468658, pluginId: Agent, methodName: request
03-11 01:46:31.691 28586 28586 V Capacitor: callback: 32468658, pluginId: Agent, methodName: request, methodData: {"method":"GET","path":"\/api\/vision\/capture-requests","headers":{},"body":null}
03-11 01:46:31.695 28586 31303 I CapacitorCookies: Getting cookies at: 'http://127.0.0.1:31337/api/vision/capture-requests'
03-11 01:46:31.703 28586 28586 I Capacitor/Console: File:  - Line 333 - Msg: {"status":503,"statusText":"Service Unavailable","headers":{"content-type":"application/json"},"body":"{\"error\":\"local_agent_unavailable\",\"message\":\"Local agent request failed\"}"}
03-11 01:46:31.791 28586 28586 I Capacitor/Console: File:  - Line 349 - Msg: [object Object]
03-11 01:46:31.793 28586 28586 V Capacitor/Plugin: To native (Capacitor plugin): callbackId: 32468659, pluginId: Agent, methodName: request
03-11 01:46:31.793 28586 28586 V Capacitor: callback: 32468659, pluginId: Agent, methodName: request, methodData: {"method":"GET","path":"\/api\/computer-use\/approvals","headers":{"content-type":"application\/json","x-elizaos-client-id":"ui-d248e575-019e-4e06-90c6-75a0bc2e7ea7","x-elizaos-ui-language":"en"},"body":null}
03-11 01:46:31.797 28586 31304 I CapacitorCookies: Getting cookies at: 'http://127.0.0.1:31337/api/computer-use/approvals'
03-11 01:46:31.806 28586 28586 I Capacitor/Console: File:  - Line 333 - Msg: {"status":503,"statusText":"Service Unavailable","headers":{"content-type":"application/json"},"body":"{\"error\":\"local_agent_unavailable\",\"message\":\"Local agent request failed\"}"}
03-11 01:46:31.955 28586 28586 I Capacitor/Console: File:  - Line 349 - Msg: [object Object]
03-11 01:46:31.956 28586 28586 V Capacitor/Plugin: To native (Capacitor plugin): callbackId: 32468660, pluginId: Agent, methodName: request
03-11 01:46:31.957 28586 28586 V Capacitor: callback: 32468660, pluginId: Agent, methodName: request, methodData: {"method":"GET","path":"\/api\/workbench\/todos","headers":{"content-type":"application\/json","x-elizaos-client-id":"ui-d248e575-019e-4e06-90c6-75a0bc2e7ea7","x-elizaos-ui-language":"en"},"body":null}
03-11 01:46:31.960 28586 31307 I CapacitorCookies: Getting cookies at: 'http://127.0.0.1:31337/api/workbench/todos'
