03-11 01:46:31.968 28586 28586 I Capacitor/Console: File:  - Line 333 - Msg: {"status":503,"statusText":"Service Unavailable","headers":{"content-type":"application/json"},"body":"{\"error\":\"local_agent_unavailable\",\"message\":\"Local agent request failed\"}"}
03-11 01:46:32.388 28586 28749 I CapacitorCookies: Getting cookies at: 'http://127.0.0.1:31337/api/health'
03-11 01:46:33.169 28586 28586 I Capacitor/Console: File:  - Line 349 - Msg: [object Object]
03-11 01:46:33.171 28586 28586 V Capacitor/Plugin: To native (Capacitor plugin): callbackId: 32468661, pluginId: Agent, methodName: request
03-11 01:46:33.171 28586 28586 V Capacitor: callback: 32468661, pluginId: Agent, methodName: request, methodData: {"method":"GET","path":"\/api\/apps\/runs","headers":{"content-type":"application\/json","x-elizaos-client-id":"ui-d248e575-019e-4e06-90c6-75a0bc2e7ea7","x-elizaos-ui-language":"en"},"body":null}
03-11 01:46:33.175 28586 31318 I CapacitorCookies: Getting cookies at: 'http://127.0.0.1:31337/api/apps/runs'
03-11 01:46:33.183 28586 28586 I Capacitor/Console: File:  - Line 333 - Msg: {"status":503,"statusText":"Service Unavailable","headers":{"content-type":"application/json"},"body":"{\"error\":\"local_agent_unavailable\",\"message\":\"Local agent request failed\"}"}
03-11 01:46:33.188 28586 28586 I Capacitor/Console: File:  - Line 349 - Msg: [object Object]
03-11 01:46:33.190 28586 28586 V Capacitor/Plugin: To native (Capacitor plugin): callbackId: 32468662, pluginId: Agent, methodName: request
03-11 01:46:33.190 28586 28586 V Capacitor: callback: 32468662, pluginId: Agent, methodName: request, methodData: {"method":"GET","path":"\/api\/vision\/capture-requests","headers":{},"body":null}
03-11 01:46:33.193 28586 31319 I CapacitorCookies: Getting cookies at: 'http://127.0.0.1:31337/api/vision/capture-requests'
03-11 01:46:33.205 28586 28586 I Capacitor/Console: File:  - Line 333 - Msg: {"status":503,"statusText":"Service Unavailable","headers":{"content-type":"application/json"},"body":"{\"error\":\"local_agent_unavailable\",\"message\":\"Local agent request failed\"}"}
03-11 01:46:33.289 28586 28586 I Capacitor/Console: File:  - Line 349 - Msg: [object Object]
03-11 01:46:33.290 28586 28586 V Capacitor/Plugin: To native (Capacitor plugin): callbackId: 32468663, pluginId: Agent, methodName: request
03-11 01:46:33.290 28586 28586 V Capacitor: callback: 32468663, pluginId: Agent, methodName: request, methodData: {"method":"GET","path":"\/api\/computer-use\/approvals","headers":{"content-type":"application\/json","x-elizaos-client-id":"ui-d248e575-019e-4e06-90c6-75a0bc2e7ea7","x-elizaos-ui-language":"en"},"body":null}
03-11 01:46:33.295 28586 31320 I CapacitorCookies: Getting cookies at: 'http://127.0.0.1:31337/api/computer-use/approvals'
03-11 01:46:33.302 28586 28586 I Capacitor/Console: File:  - Line 333 - Msg: {"status":503,"statusText":"Service Unavailable","headers":{"content-type":"application/json"},"body":"{\"error\":\"local_agent_unavailable\",\"message\":\"Local agent request failed\"}"}
03-11 01:46:34.159  1012  1012 E android.hardware.power.stats-service.pixel: Failed to read uid_time_in_state for attribution, return default EnergyConsumer
03-11 01:46:34.687 28586 28586 I Capacitor/Console: File:  - Line 349 - Msg: [object Object]
03-11 01:46:34.687 28586 28586 V Capacitor/Plugin: To native (Capacitor plugin): callbackId: 32468664, pluginId: Agent, methodName: request
03-11 01:46:34.687 28586 28586 V Capacitor: callback: 32468664, pluginId: Agent, methodName: request, methodData: {"method":"GET","path":"\/api\/vision\/capture-requests","headers":{},"body":null}
03-11 01:46:34.690 28586 31334 I CapacitorCookies: Getting cookies at: 'http://127.0.0.1:31337/api/vision/capture-requests'
03-11 01:46:34.703 28586 28586 I Capacitor/Console: File:  - Line 333 - Msg: {"status":503,"statusText":"Service Unavailable","headers":{"content-type":"application/json"},"body":"{\"error\":\"local_agent_unavailable\",\"message\":\"Local agent request failed\"}"}
03-11 01:46:34.790 28586 28586 I Capacitor/Console: File:  - Line 349 - Msg: [object Object]
03-11 01:46:34.792 28586 28586 V Capacitor/Plugin: To native (Capacitor plugin): callbackId: 32468665, pluginId: Agent, methodName: request
03-11 01:46:34.793 28586 28586 V Capacitor: callback: 32468665, pluginId: Agent, methodName: request, methodData: {"method":"GET","path":"\/api\/computer-use\/approvals","headers":{"content-type":"application\/json","x-elizaos-client-id":"ui-d248e575-019e-4e06-90c6-75a0bc2e7ea7","x-elizaos-ui-language":"en"},"body":null}
03-11 01:46:34.797 28586 31335 I CapacitorCookies: Getting cookies at: 'http://127.0.0.1:31337/api/computer-use/approvals'
03-11 01:46:34.812 28586 28586 I Capacitor/Console: File:  - Line 333 - Msg: {"status":503,"statusText":"Service Unavailable","headers":{"content-type":"application/json"},"body":"{\"error\":\"local_agent_unavailable\",\"message\":\"Local agent request failed\"}"}
03-11 01:46:34.954 28586 28586 I Capacitor/Console: File:  - Line 349 - Msg: [object Object]
03-11 01:46:34.956 28586 28586 V Capacitor/Plugin: To native (Capacitor plugin): callbackId: 32468666, pluginId: Agent, methodName: request
03-11 01:46:34.956 28586 28586 V Capacitor: callback: 32468666, pluginId: Agent, methodName: request, methodData: {"method":"GET","path":"\/api\/health","timeoutMs":10000}
03-11 01:46:34.958 28586 31336 I CapacitorCookies: Getting cookies at: 'http://127.0.0.1:31337/api/health'
03-11 01:46:34.969 28586 28586 I Capacitor/Console: File:  - Line 333 - Msg: {"status":503,"statusText":"Service Unavailable","headers":{"content-type":"application/json"},"body":"{\"error\":\"local_agent_unavailable\",\"message\":\"Local agent request failed\"}"}
03-11 01:46:36.188 28586 28586 I Capacitor/Console: File:  - Line 349 - Msg: [object Object]
03-11 01:46:36.190 28586 28586 V Capacitor/Plugin: To native (Capacitor plugin): callbackId: 32468667, pluginId: Agent, methodName: request
03-11 01:46:36.190 28586 28586 V Capacitor: callback: 32468667, pluginId: Agent, methodName: request, methodData: {"method":"GET","path":"\/api\/vision\/capture-requests","headers":{},"body":null}
03-11 01:46:36.194 28586 31345 I CapacitorCookies: Getting cookies at: 'http://127.0.0.1:31337/api/vision/capture-requests'
03-11 01:46:36.199  2277  3422 D TemperatureStateSource: sequence=8933 actualDelay=10000
03-11 01:46:36.199  2277  3422 D TemperatureStateSource: Reading temperature: sequence=8934
03-11 01:46:36.202 28586 28586 I Capacitor/Console: File:  - Line 333 - Msg: {"status":503,"statusText":"Service Unavailable","headers":{"content-type":"application/json"},"body":"{\"error\":\"local_agent_unavailable\",\"message\":\"Local agent request failed\"}"}
03-11 01:46:36.202  1701  1701 I pixel-thermal: VIRTUAL-SKIN:40.5014 raw data: VIRTUAL-NEUTRAL:40501.4 VIRTUAL-NEUTRAL-SKIN2:40029.2 VIRTUAL-QUIET-NEUTRAL:37637.5 VIRTUAL-SKIN:40501.4 disp_therm:36892 gnss_tcxo_therm:41845 neutral_therm:38495 quiet_therm:37270 skin_therm1:42143 skin_therm2:43609 
03-11 01:46:36.202  2277  3422 D TemperatureStateSource: getDeviceTemperatures: sequence=8934 deviceTemperatureType=3 temperatureSource=0 temperatures=[40.5014]
03-11 01:46:36.202  2277  3422 D BusinessScope: Enqueuing the block
03-11 01:46:36.202  2277  3422 D TemperatureStateSource: sequence=8934 waitTime=10000
03-11 01:46:36.202  2277  3422 D BusinessScope: Start running the #17996 block
03-11 01:46:36.202  2277  3422 D BusinessScope: Enqueuing the block
03-11 01:46:36.203  2277  3422 D ImpulseStateSource: Notify clients: 8995
03-11 01:46:36.203  2277  3422 D BusinessScope: Finish running the #17996 block
03-11 01:46:36.203  2277  3422 D BusinessScope: Start running the #17997 block
03-11 01:46:36.203  2277  3422 D BusinessScope: Finish running the #17997 block
03-11 01:46:36.289 28586 28586 I Capacitor/Console: File:  - Line 349 - Msg: [object Object]
03-11 01:46:36.290 28586 28586 V Capacitor/Plugin: To native (Capacitor plugin): callbackId: 32468668, pluginId: Agent, methodName: request
03-11 01:46:36.290 28586 28586 V Capacitor: callback: 32468668, pluginId: Agent, methodName: request, methodData: {"method":"GET","path":"\/api\/computer-use\/approvals","headers":{"content-type":"application\/json","x-elizaos-client-id":"ui-d248e575-019e-4e06-90c6-75a0bc2e7ea7","x-elizaos-ui-language":"en"},"body":null}
03-11 01:46:36.294 28586 31350 I CapacitorCookies: Getting cookies at: 'http://127.0.0.1:31337/api/computer-use/approvals'
03-11 01:46:36.303 28586 28586 I Capacitor/Console: File:  - Line 333 - Msg: {"status":503,"statusText":"Service Unavailable","headers":{"content-type":"application/json"},"body":"{\"error\":\"local_agent_unavailable\",\"message\":\"Local agent request failed\"}"}
03-11 01:46:36.312  1676  1762 I WifiService: isFeatureSupported uid=1000 returns [WIFI_FEATURE_INFRA, WIFI_FEATURE_PASSPOINT, WIFI_FEATURE_P2P, WIFI_FEATURE_MOBILE_HOTSPOT, WIFI_FEATURE_AWARE, WIFI_FEATURE_D2D_RTT, WIFI_FEATURE_D2AP_RTT, WIFI_FEATURE_PNO, WIFI_FEATURE_TDLS, WIFI_FEATURE_AP_STA, WIFI_FEATURE_LINK_LAYER_STATS, WIFI_FEATURE_RSSI_MONITOR, WIFI_FEATURE_MKEEP_ALIVE, WIFI_FEATURE_CONFIG_NDO, WIFI_FEATURE_CONTROL_ROAMING, WIFI_FEATURE_IE_WHITELIST, WIFI_FEATURE_SCAN_RAND, WIFI_FEATURE_TX_POWER_LIMIT, WIFI_FEATURE_WPA3_SAE, WIFI_FEATURE_WPA3_SUITE_B, WIFI_FEATURE_OWE, WIFI_FEATURE_LOW_LATENCY, WIFI_FEATURE_DPP, WIFI_FEATURE_P2P_RAND_MAC, WIFI_FEATURE_CONNECTED_RAND_MAC, WIFI_FEATURE_AP_RAND_MAC, WIFI_FEATURE_MBO, WIFI_FEATURE_OCE, WIFI_FEATURE_FILS_SHA256, WIFI_FEATURE_FILS_SHA384, WIFI_FEATURE_SAE_PK, WIFI_FEATURE_STA_BRIDGED_AP, WIFI_FEATURE_BRIDGED_AP, WIFI_FEATURE_ADDITIONAL_STA_LOCAL_ONLY, WIFI_FEATURE_ADDITIONAL_STA_MBB, WIFI_FEATURE_DPP_ENROLLEE_RESPONDER, WIFI_FEATURE_PASSPOINT_TERMS_AND_CONDITIONS, WIFI_FEATURE_SAE_H2E, WIFI_FEATURE_WFD_R2, WIFI_FEATURE_DECORATED_IDENTITY, WIFI_FEATURE_TRUST_ON_FIRST_USE, WIFI_FEATURE_SET_TLS_MINIMUM_VERSION, WIFI_FEATURE_TLS_V1_3, WIFI_FEATURE_DUAL_BAND_SIMULTANEOUS, WIFI_FEATURE_WEP, WIFI_FEATURE_WPA_PERSONAL]
03-11 01:46:36.312  1676  1762 I WifiService: getWifiActivityEnergyInfoAsync uid=1000
03-11 01:46:36.312  1044  2806 I WifiHAL : Creating message to get link statistics; iface = 47
03-11 01:46:36.928  1701  1717 I pixel-thermal: cellular-emergency:40.5014 raw data: VIRTUAL-SKIN:40501.4 cellular-emergency:40501.4 
03-11 01:46:36.928  1701  1717 I pixel-thermal: VIRTUAL-SKIN-CPU:40.5014 raw data: VIRTUAL-SKIN:40501.4 VIRTUAL-SKIN-CPU:40501.4 
03-11 01:46:36.928  1701  1717 I pixel-thermal: VIRTUAL-SKIN-CPU power_budget=1299.44 err=0.4986 s_power=800 time_elapsed_ms=7011 p=199.44 i=300 d=-0 dt_per_min=nan compensation=0 budget transient=0 control target=3 excluded power budget=0
03-11 01:46:36.928  1701  1717 I pixel-thermal: VIRTUAL-SKIN-CPU binded power rails: (S2M_VDD_CPUCL2: 18.73 mW)(S4M_VDD_CPUCL0: 436.47 mW)(S3M_VDD_CPUCL1: 611.38 mW)
03-11 01:46:36.928  1701  1717 I pixel-thermal: neutral_therm:38.495 raw data: neutral_therm:38495 
03-11 01:46:36.928  1701  1717 I pixel-thermal: VIRTUAL-SKIN:40.5014 raw data: VIRTUAL-SKIN:40501.4 
03-11 01:46:36.928  1701  1717 I pixel-thermal: VIRTUAL-SKIN-CPU-GPU:40.5014 raw data: VIRTUAL-SKIN:40501.4 VIRTUAL-SKIN-CPU-GPU:40501.4 
03-11 01:46:36.928  1701  1717 I pixel-thermal: VIRTUAL-SKIN-CPU-GPU power_budget=2149.58 err=4.4986 s_power=800 time_elapsed_ms=7011 p=1349.58 i=0 d=-0 dt_per_min=nan compensation=0 budget transient=0 control target=3 excluded power budget=0
03-11 01:46:36.928  1701  1717 I pixel-thermal: VIRTUAL-SKIN-CPU-GPU binded power rails: (S4M_VDD_CPUCL0: 436.47 mW)(S2M_VDD_CPUCL2: 18.73 mW)(S2S_VDD_G3D: 1.72 mW)(S3M_VDD_CPUCL1: 611.38 mW)
03-11 01:46:36.928  1701  1717 I pixel-thermal: VIRTUAL-SKIN-HINT:40.5014 raw data: VIRTUAL-SKIN:40501.4 VIRTUAL-SKIN-HINT:40501.4 
03-11 01:46:36.928  1701  1717 I pixel-thermal: VIRTUAL-SKIN-CHARGE:40.5014 raw data: VIRTUAL-SKIN:40501.4 VIRTUAL-SKIN-CHARGE:40501.4 
03-11 01:46:36.928  1701  1717 I pixel-thermal: VIRTUAL-SKIN-CHARGE's fcc binded power rail POWER_FOR_CHARGING_THROTTLING: power threshold = 500, avg power = 1397.93
03-11 01:46:36.952 28586 28586 I Capacitor/Console: File:  - Line 349 - Msg: [object Object]
03-11 01:46:36.953 28586 28586 V Capacitor/Plugin: To native (Capacitor plugin): callbackId: 32468669, pluginId: Agent, methodName: request
03-11 01:46:36.953 28586 28586 V Capacitor: callback: 32468669, pluginId: Agent, methodName: request, methodData: {"method":"GET","path":"\/api\/approvals","headers":{"content-type":"application\/json","x-elizaos-client-id":"ui-d248e575-019e-4e06-90c6-75a0bc2e7ea7","x-elizaos-ui-language":"en"},"body":null}
03-11 01:46:36.957 28586 31355 I CapacitorCookies: Getting cookies at: 'http://127.0.0.1:31337/api/approvals'
03-11 01:46:36.964 28586 28586 I Capacitor/Console: File:  - Line 333 - Msg: {"status":503,"statusText":"Service Unavailable","headers":{"content-type":"application/json"},"body":"{\"error\":\"local_agent_unavailable\",\"message\":\"Local agent request failed\"}"}
03-11 01:46:37.405 28586 28749 I CapacitorCookies: Getting cookies at: 'http://127.0.0.1:31337/api/health'
03-11 01:46:37.417  7243  7346 D IwlanNetworkService[1]: : reg state REGISTRATION_STATE_NOT_REGISTERED_SEARCHING
03-11 01:46:37.592  1206  1248 D RILClient: [OemClient]IND: (clientId = 0, msgId = 3005, dataLength = 24, channel = 1)
03-11 01:46:37.593  1053  3275 D RILClient: [OemClient]IND: (clientId = 11, msgId = 3005, dataLength = 24, channel = 1)
03-11 01:46:37.594  2412  2412 I SHANNON_IMS: 2381 [NETW] #:PURP:# UNSOL {RILC_UNSOL_IMS_SUPPORT_SERVICE} : VoPS : 0  EMC : 0  SIM_IDX : 1  RAT : 14  REG_STATE : 0  CELL_ID : 21554454  LAC/TAC : 21508  PLMN :   (NetworkAdaptor$AdaptorChannel%onMessage:306)
03-11 01:46:37.594  2412  2412 I SHANNON_IMS: 2382 [CONN] #:ORNG:# supportService [VoPS : 0/ EMC : 0/ RAT_INFO : 14/ REG_STATE : 0/ CELL_ID : 21554454/ LAC-TAC Info : 21508/ PLMN : ]  [SLID:1 ] (ImsConnectivityMgr$RegistrationListener%supportService:2897)
03-11 01:46:37.595  2412  2412 I SHANNON_IMS: 2384 [CONN] update Cell Location Info, slotId: 1 [com.shannon.imsservice.conn.ImsConnectivityMgr$RegistrationListener@6804a73] (ImsConnectivityMgr$RegistrationListener%updateCellLocation:2988)
03-11 01:46:37.595  2412  2412 I SHANNON_IMS: 2385 [CONN] Ignore RAT_UNKNOWN or not connected [com.shannon.imsservice.conn.ImsConnectivityMgr$RegistrationListener@6804a73] (ImsConnectivityMgr$RegistrationListener%updateCellLocation:2991)
03-11 01:46:37.602  2466  2466 D NtnCapabilityResolver: Registered PLMN is empty, skip NTN capability resolution
03-11 01:46:37.602  2466  2466 D NtnCapabilityResolver: Registered PLMN is empty, skip NTN capability resolution
03-11 01:46:37.602  2466  2466 D SatelliteController: registerForSatelliteModemStateChanged: add Listeners for ModemState
03-11 01:46:37.602  2466  2466 E SatelliteController: registerForSatelliteModemStateChanged: mSatelliteSessionController is not initialized yet
03-11 01:46:37.602  2466  2466 E SatelliteController: unregisterForModemStateChanged: mSatelliteSessionController is not initialized yet
03-11 01:46:37.602  2466  2466 D SatelliteController: unregisterForModemStateChanged: remove Listeners for ModemState
03-11 01:46:37.688 28586 28586 I Capacitor/Console: File:  - Line 349 - Msg: [object Object]
03-11 01:46:37.690 28586 28586 V Capacitor/Plugin: To native (Capacitor plugin): callbackId: 32468670, pluginId: Agent, methodName: request
03-11 01:46:37.690 28586 28586 V Capacitor: callback: 32468670, pluginId: Agent, methodName: request, methodData: {"method":"GET","path":"\/api\/vision\/capture-requests","headers":{},"body":null}
03-11 01:46:37.694 28586 31360 I CapacitorCookies: Getting cookies at: 'http://127.0.0.1:31337/api/vision/capture-requests'
03-11 01:46:37.702 28586 28586 I Capacitor/Console: File:  - Line 333 - Msg: {"status":503,"statusText":"Service Unavailable","headers":{"content-type":"application/json"},"body":"{\"error\":\"local_agent_unavailable\",\"message\":\"Local agent request failed\"}"}
03-11 01:46:37.789 28586 28586 I Capacitor/Console: File:  - Line 349 - Msg: [object Object]
03-11 01:46:37.790 28586 28586 V Capacitor/Plugin: To native (Capacitor plugin): callbackId: 32468671, pluginId: Agent, methodName: request
03-11 01:46:37.790 28586 28586 V Capacitor: callback: 32468671, pluginId: Agent, methodName: request, methodData: {"method":"GET","path":"\/api\/computer-use\/approvals","headers":{"content-type":"application\/json","x-elizaos-client-id":"ui-d248e575-019e-4e06-90c6-75a0bc2e7ea7","x-elizaos-ui-language":"en"},"body":null}
03-11 01:46:37.794 28586 31361 I CapacitorCookies: Getting cookies at: 'http://127.0.0.1:31337/api/computer-use/approvals'
03-11 01:46:37.798  2412  2412 W SHANNON_IMS: 2393 [RULE] isLte: false isHomeSupported: false isRoamingSupported: false isImsPdnConnected: false [CellConnectivity VoPS:0 EMC:0 RAT:RAT_LTE  RSRP:-103 SLID:1 ] (CellConnectivity%isRegStateSupported:444)
03-11 01:46:37.798  2412  2412 W SHANNON_IMS: 2394 [RULE] VOC is NOT ready, isRegStateSupported() is false [CellConnectivity VoPS:0 EMC:0 RAT:RAT_LTE  RSRP:-103 SLID:1 ] (CellConnectivity%isVocReady:371)
03-11 01:46:37.804 28586 28586 I Capacitor/Console: File:  - Line 333 - Msg: {"status":503,"statusText":"Service Unavailable","headers":{"content-type":"application/json"},"body":"{\"error\":\"local_agent_unavailable\",\"message\":\"Local agent request failed\"}"}
03-11 01:46:37.807  2412  2412 W SHANNON_IMS: 2398 [RULE] WiFi connect: false, WiFi button: true (WiFiConnectivity%isWiFiEnabled:213)
03-11 01:46:37.813  2412  2412 W SHANNON_IMS: 2400 [RULE] VOC is NOT ready, isValidConnection() is false [WiFiConnectivity  STATE:falseSLID:1 ] (WiFiConnectivity%isVocReady:97)
03-11 01:46:38.167 28586 28586 I Capacitor/Console: File:  - Line 349 - Msg: [object Object]
03-11 01:46:38.168 28586 28586 V Capacitor/Plugin: To native (Capacitor plugin): callbackId: 32468672, pluginId: Agent, methodName: request
03-11 01:46:38.168 28586 28586 V Capacitor: callback: 32468672, pluginId: Agent, methodName: request, methodData: {"method":"GET","path":"\/api\/apps\/runs","headers":{"content-type":"application\/json","x-elizaos-client-id":"ui-d248e575-019e-4e06-90c6-75a0bc2e7ea7","x-elizaos-ui-language":"en"},"body":null}
03-11 01:46:38.170 28586 31367 I CapacitorCookies: Getting cookies at: 'http://127.0.0.1:31337/api/apps/runs'
03-11 01:46:38.177 28586 28586 I Capacitor/Console: File:  - Line 333 - Msg: {"status":503,"statusText":"Service Unavailable","headers":{"content-type":"application/json"},"body":"{\"error\":\"local_agent_unavailable\",\"message\":\"Local agent request failed\"}"}
03-11 01:46:38.800  2412 31362 W SHANNON_IMS: 2409 [RULE] isLte: false isHomeSupported: false isRoamingSupported: false isImsPdnConnected: false [CellConnectivity VoPS:0 EMC:0 RAT:RAT_LTE  RSRP:-103 SLID:1 ] (CellConnectivity%isRegStateSupported:444)
03-11 01:46:38.801  2412 31362 W SHANNON_IMS: 2410 [RULE] VOC is NOT ready, isRegStateSupported() is false [CellConnectivity VoPS:0 EMC:0 RAT:RAT_LTE  RSRP:-103 SLID:1 ] (CellConnectivity%isVocReady:371)
03-11 01:46:38.807  2412 31362 W SHANNON_IMS: 2414 [RULE] WiFi connect: false, WiFi button: true (WiFiConnectivity%isWiFiEnabled:213)
03-11 01:46:38.809  2412 31362 W SHANNON_IMS: 2416 [RULE] VOC is NOT ready, isValidConnection() is false [WiFiConnectivity  STATE:falseSLID:1 ] (WiFiConnectivity%isVocReady:97)
03-11 01:46:39.190 28586 28586 I Capacitor/Console: File:  - Line 349 - Msg: [object Object]
03-11 01:46:39.192 28586 28586 V Capacitor/Plugin: To native (Capacitor plugin): callbackId: 32468673, pluginId: Agent, methodName: request
03-11 01:46:39.192 28586 28586 V Capacitor: callback: 32468673, pluginId: Agent, methodName: request, methodData: {"method":"GET","path":"\/api\/vision\/capture-requests","headers":{},"body":null}
03-11 01:46:39.195 28586 31376 I CapacitorCookies: Getting cookies at: 'http://127.0.0.1:31337/api/vision/capture-requests'
03-11 01:46:39.202 28586 28586 I Capacitor/Console: File:  - Line 333 - Msg: {"status":503,"statusText":"Service Unavailable","headers":{"content-type":"application/json"},"body":"{\"error\":\"local_agent_unavailable\",\"message\":\"Local agent request failed\"}"}
03-11 01:46:39.290 28586 28586 I Capacitor/Console: File:  - Line 349 - Msg: [object Object]
03-11 01:46:39.292 28586 28586 V Capacitor/Plugin: To native (Capacitor plugin): callbackId: 32468674, pluginId: Agent, methodName: request
03-11 01:46:39.292 28586 28586 V Capacitor: callback: 32468674, pluginId: Agent, methodName: request, methodData: {"method":"GET","path":"\/api\/computer-use\/approvals","headers":{"content-type":"application\/json","x-elizaos-client-id":"ui-d248e575-019e-4e06-90c6-75a0bc2e7ea7","x-elizaos-ui-language":"en"},"body":null}
03-11 01:46:39.295 28586 31377 I CapacitorCookies: Getting cookies at: 'http://127.0.0.1:31337/api/computer-use/approvals'
03-11 01:46:39.303 28586 28586 I Capacitor/Console: File:  - Line 333 - Msg: {"status":503,"statusText":"Service Unavailable","headers":{"content-type":"application/json"},"body":"{\"error\":\"local_agent_unavailable\",\"message\":\"Local agent request failed\"}"}
03-11 01:46:40.039 28586 28586 I Capacitor/Console: File:  - Line 349 - Msg: [object Object]
03-11 01:46:40.040 28586 28586 V Capacitor/Plugin: To native (Capacitor plugin): callbackId: 32468675, pluginId: Agent, methodName: request
03-11 01:46:40.040 28586 28586 V Capacitor: callback: 32468675, pluginId: Agent, methodName: request, methodData: {"method":"GET","path":"\/api\/health","timeoutMs":10000}
03-11 01:46:40.043 28586 31386 I CapacitorCookies: Getting cookies at: 'http://127.0.0.1:31337/api/health'
03-11 01:46:40.052 28586 28586 I Capacitor/Console: File:  - Line 333 - Msg: {"status":503,"statusText":"Service Unavailable","headers":{"content-type":"application/json"},"body":"{\"error\":\"local_agent_unavailable\",\"message\":\"Local agent request failed\"}"}
03-11 01:46:40.688 28586 28586 I Capacitor/Console: File:  - Line 349 - Msg: [object Object]
03-11 01:46:40.690 28586 28586 V Capacitor/Plugin: To native (Capacitor plugin): callbackId: 32468676, pluginId: Agent, methodName: request
03-11 01:46:40.690 28586 28586 V Capacitor: callback: 32468676, pluginId: Agent, methodName: request, methodData: {"method":"GET","path":"\/api\/vision\/capture-requests","headers":{},"body":null}
03-11 01:46:40.693 28586 31391 I CapacitorCookies: Getting cookies at: 'http://127.0.0.1:31337/api/vision/capture-requests'
03-11 01:46:40.701 28586 28586 I Capacitor/Console: File:  - Line 333 - Msg: {"status":503,"statusText":"Service Unavailable","headers":{"content-type":"application/json"},"body":"{\"error\":\"local_agent_unavailable\",\"message\":\"Local agent request failed\"}"}
03-11 01:46:40.790 28586 28586 I Capacitor/Console: File:  - Line 349 - Msg: [object Object]
03-11 01:46:40.792 28586 28586 V Capacitor/Plugin: To native (Capacitor plugin): callbackId: 32468677, pluginId: Agent, methodName: request
03-11 01:46:40.792 28586 28586 V Capacitor: callback: 32468677, pluginId: Agent, methodName: request, methodData: {"method":"GET","path":"\/api\/computer-use\/approvals","headers":{"content-type":"application\/json","x-elizaos-client-id":"ui-d248e575-019e-4e06-90c6-75a0bc2e7ea7","x-elizaos-ui-language":"en"},"body":null}
03-11 01:46:40.794 28586 31392 I CapacitorCookies: Getting cookies at: 'http://127.0.0.1:31337/api/computer-use/approvals'
03-11 01:46:40.808 28586 28586 I Capacitor/Console: File:  - Line 333 - Msg: {"status":503,"statusText":"Service Unavailable","headers":{"content-type":"application/json"},"body":"{\"error\":\"local_agent_unavailable\",\"message\":\"Local agent request failed\"}"}
03-11 01:46:41.737  1676  1752 V GrammaticalInflectionUtils: AttributionSource: android.content.AttributionSource@59c88530 does not have READ_SYSTEM_GRAMMATICAL_GENDER permission.
03-11 01:46:41.738  1676  1752 D CompatChangeReporter: Compat change id reported: 441041342; UID 10233; state: ENABLED
03-11 01:46:41.749   959   959 D Zygote  : Forked child process 31405
03-11 01:46:41.750  1676  1753 I ActivityManager: Start proc 31405:com.whatsapp/u0a233 for broadcast {com.whatsapp/com.whatsapp.alarmservice.AlarmBroadcastReceiver}
03-11 01:46:41.751  1676  2043 D BackgroundInstallControlService: Package event received: 0
03-11 01:46:41.755  1676  1910 D ActivityManager: sync unfroze 471 com.google.android.apps.turbo for 6
03-11 01:46:41.759  1676 16318 W ProcessStats: Tracking association SourceState{bec016d system/1000 ImpBg #136021} whose proc state 6 is better than process ProcessState{358514d com.google.android.apps.turbo/10148 pkg=com.google.android.apps.turbo} proc state 14 (0 skipped)
03-11 01:46:41.773 31405 31405 I Zygote  : Process 31405 created for com.whatsapp
03-11 01:46:41.774 31405 31405 I com.whatsapp: Using CollectorTypeCMC GC.
03-11 01:46:41.775   471  9035 W Turbo.PowerBrainMaintenanceWindowImpl: PowerBrain is not active
03-11 01:46:41.780 31405 31405 D nativeloader: Load libframework-connectivity-tiramisu-jni.so using APEX ns com_android_tethering for caller /apex/com.android.tethering/javalib/framework-connectivity-t.jar: ok
03-11 01:46:41.785  7221  7547 I esrh    : (REDACTED) HDM. appOpsListener %s %s
03-11 01:46:41.785  7221  7547 I esrh    : (REDACTED) HDM. Ignoring irrelevant audio permission changes for package %s
03-11 01:46:41.787 31405 31405 I ActivityThread: Relaunch all activities: onCoreSettingsChange
03-11 01:46:41.792 31405 31405 D ApplicationLoaders: Returning zygote-cached class loader: /system/framework/org.apache.http.legacy.jar
03-11 01:46:41.792 31405 31405 D ApplicationLoaders: Returning zygote-cached class loader: /system_ext/framework/androidx.window.extensions.jar
03-11 01:46:41.792 31405 31405 D ApplicationLoaders: Returning zygote-cached class loader: /system_ext/framework/androidx.window.sidecar.jar
03-11 01:46:41.834 31405 31405 W com.whatsapp: Failed to find entry 'classes.dex': Entry not found
03-11 01:46:41.835 31405 31405 W com.whatsapp: Failed to find entry 'classes.dex': Entry not found
03-11 01:46:41.837 31405 31405 D nativeloader: Configuring clns-9 for other apk /data/app/~~sYLd80O_bhaJJmw2aAt5pA==/com.whatsapp-o6CviuQgpUnwGLVTWzc-ow==/base.apk:/data/app/~~sYLd80O_bhaJJmw2aAt5pA==/com.whatsapp-o6CviuQgpUnwGLVTWzc-ow==/split_config.arm64_v8a.apk:/data/app/~~sYLd80O_bhaJJmw2aAt5pA==/com.whatsapp-o6CviuQgpUnwGLVTWzc-ow==/split_config.xxhdpi.apk. target_sdk_version=36, uses_libraries=, library_path=/data/app/~~sYLd80O_bhaJJmw2aAt5pA==/com.whatsapp-o6CviuQgpUnwGLVTWzc-ow==/lib/arm64:/data/app/~~sYLd80O_bhaJJmw2aAt5pA==/com.whatsapp-o6CviuQgpUnwGLVTWzc-ow==/base.apk!/lib/arm64-v8a:/data/app/~~sYLd80O_bhaJJmw2aAt5pA==/com.whatsapp-o6CviuQgpUnwGLVTWzc-ow==/split_config.arm64_v8a.apk!/lib/arm64-v8a:/data/app/~~sYLd80O_bhaJJmw2aAt5pA==/com.whatsapp-o6CviuQgpUnwGLVTWzc-ow==/split_config.xxhdpi.apk!/lib/arm64-v8a, permitted_path=/data:/mnt/expand:/data/user/0/com.whatsapp
03-11 01:46:41.850 31405 31405 V GraphicsEnvironment: Currently set values for:
03-11 01:46:41.850 31405 31405 V GraphicsEnvironment:   angle_gl_driver_selection_pkgs=[com.android.angle]
03-11 01:46:41.850 31405 31405 V GraphicsEnvironment:   angle_gl_driver_selection_values=[angle]
03-11 01:46:41.850 31405 31405 V GraphicsEnvironment: com.whatsapp is not listed in per-application setting
03-11 01:46:41.850 31405 31405 V GraphicsEnvironment: No special selections for ANGLE, returning default driver choice
03-11 01:46:41.850 31405 31405 V GraphicsEnvironment: Neither updatable production driver nor prerelease driver is supported.
03-11 01:46:41.881 31405 31405 I FirebaseApp: Device unlocked: initializing all Firebase APIs for app [DEFAULT]
03-11 01:46:41.883 31405 31405 I FirebaseInitProvider: FirebaseApp initialization successful
03-11 01:46:41.886 31405 31405 D DesktopExperienceFlags: Toggle override initialized to: false
03-11 01:46:41.891 31405 31405 I ProcessNameUtil: getMyProcessName
03-11 01:46:41.891 31405 31405 I ProcessNameUtil: isSecondaryProcess/process name: com.whatsapp/processing time: 0 ms
03-11 01:46:41.914 31405 31405 W SoLoader: Initializing SoLoader: 0
03-11 01:46:41.914 31405 31405 I SoLoader: Recording new base apk path: /data/app/~~sYLd80O_bhaJJmw2aAt5pA==/com.whatsapp-o6CviuQgpUnwGLVTWzc-ow==/base.apk
03-11 01:46:41.914 31405 31405 I SoLoader: Previously recorded 0 base apk paths.
03-11 01:46:41.915 31405 31405 I SoLoader: Preparing SO source: DirectorySoSource[root = /vendor/lib64 flags = 2]
03-11 01:46:41.915 31405 31405 I SoLoader: Preparing SO source: DirectorySoSource[root = /system_ext/lib64 flags = 2]
03-11 01:46:41.915 31405 31405 I SoLoader: Preparing SO source: DirectorySoSource[root = /system/lib64 flags = 2]
03-11 01:46:41.915 31405 31405 I SoLoader: Preparing SO source: DirectApkSoSource[root = [/data/app/~~sYLd80O_bhaJJmw2aAt5pA==/com.whatsapp-o6CviuQgpUnwGLVTWzc-ow==/base.apk!/lib/arm64-v8a, /data/app/~~sYLd80O_bhaJJmw2aAt5pA==/com.whatsapp-o6CviuQgpUnwGLVTWzc-ow==/split_config.arm64_v8a.apk!/lib/arm64-v8a, /data/app/~~sYLd80O_bhaJJmw2aAt5pA==/com.whatsapp-o6CviuQgpUnwGLVTWzc-ow==/split_config.xxhdpi.apk!/lib/arm64-v8a]]
03-11 01:46:41.925 31405 31405 I SoLoader: Preparing SO source: ApplicationSoSource[DirectorySoSource[root = /data/app/~~sYLd80O_bhaJJmw2aAt5pA==/com.whatsapp-o6CviuQgpUnwGLVTWzc-ow==/lib/arm64 flags = 0]]
03-11 01:46:41.926 31405 31405 W SoLoader: SoLoader initialized: 8
03-11 01:46:41.932 31405 31405 D nativeloader: Load /data/app/~~sYLd80O_bhaJJmw2aAt5pA==/com.whatsapp-o6CviuQgpUnwGLVTWzc-ow==/split_config.arm64_v8a.apk!/lib/arm64-v8a/libsuperpack.so using class loader ns clns-9 (caller=/data/app/~~sYLd80O_bhaJJmw2aAt5pA==/com.whatsapp-o6CviuQgpUnwGLVTWzc-ow==/base.apk): ok
03-11 01:46:41.940 31405 31405 W SoLoader: Loading wa_log on the main thread
03-11 01:46:41.940 31405 31405 W com.whatsapp: type=1400 audit(0.0:8324): avc:  granted  { execute } for  path="/data/data/com.whatsapp/files/decompressed/libs.spo/libwa_log.so" dev="dm-65" ino=1276574 scontext=u:r:untrusted_app:s0:c233,c256,c512,c768 tcontext=u:object_r:app_data_file:s0:c233,c256,c512,c768 tclass=file app=com.whatsapp
03-11 01:46:41.945 31405 31405 D nativeloader: Load /data/data/com.whatsapp/files/decompressed/libs.spo/libwa_log.so using class loader ns clns-9 (caller=/data/app/~~sYLd80O_bhaJJmw2aAt5pA==/com.whatsapp-o6CviuQgpUnwGLVTWzc-ow==/base.apk): ok
03-11 01:46:41.945 31405 31405 W SoLoader: Loading essential on the main thread
03-11 01:46:41.952 31405 31405 W com.whatsapp: type=1400 audit(0.0:8325): avc:  granted  { execute } for  path="/data/data/com.whatsapp/files/decompressed/libs.spo/libc++_shared.so" dev="dm-65" ino=477981 scontext=u:r:untrusted_app:s0:c233,c256,c512,c768 tcontext=u:object_r:app_data_file:s0:c233,c256,c512,c768 tclass=file app=com.whatsapp
03-11 01:46:41.957 31405 31405 D nativeloader: Load /data/data/com.whatsapp/files/decompressed/libs.spo/libc++_shared.so using class loader ns clns-9 (caller=/data/app/~~sYLd80O_bhaJJmw2aAt5pA==/com.whatsapp-o6CviuQgpUnwGLVTWzc-ow==/base.apk): ok
03-11 01:46:41.956 31405 31405 W com.whatsapp: type=1400 audit(0.0:8326): avc:  granted  { execute } for  path="/data/data/com.whatsapp/files/decompressed/libs.spo/libfbjni.so" dev="dm-65" ino=158959 scontext=u:r:untrusted_app:s0:c233,c256,c512,c768 tcontext=u:object_r:app_data_file:s0:c233,c256,c512,c768 tclass=file app=com.whatsapp
03-11 01:46:41.959 31405 31405 D nativeloader: Load /data/data/com.whatsapp/files/decompressed/libs.spo/libfbjni.so using class loader ns clns-9 (caller=/data/app/~~sYLd80O_bhaJJmw2aAt5pA==/com.whatsapp-o6CviuQgpUnwGLVTWzc-ow==/base.apk): ok
03-11 01:46:41.956 31405 31405 W com.whatsapp: type=1400 audit(0.0:8327): avc:  granted  { execute } for  path="/data/data/com.whatsapp/files/decompressed/libs.spo/libfbsofterror.so" dev="dm-65" ino=185155 scontext=u:r:untrusted_app:s0:c233,c256,c512,c768 tcontext=u:object_r:app_data_file:s0:c233,c256,c512,c768 tclass=file app=com.whatsapp
03-11 01:46:41.959 31405 31405 D nativeloader: Load /data/data/com.whatsapp/files/decompressed/libs.spo/libfbsofterror.so using class loader ns clns-9 (caller=/data/app/~~sYLd80O_bhaJJmw2aAt5pA==/com.whatsapp-o6CviuQgpUnwGLVTWzc-ow==/base.apk): ok
03-11 01:46:41.956 31405 31405 W com.whatsapp: type=1400 audit(0.0:8328): avc:  granted  { execute } for  path="/data/data/com.whatsapp/files/decompressed/libs.spo/libglog.so" dev="dm-65" ino=392168 scontext=u:r:untrusted_app:s0:c233,c256,c512,c768 tcontext=u:object_r:app_data_file:s0:c233,c256,c512,c768 tclass=file app=com.whatsapp
03-11 01:46:41.961 31405 31405 D nativeloader: Load /data/data/com.whatsapp/files/decompressed/libs.spo/libglog.so using class loader ns clns-9 (caller=/data/app/~~sYLd80O_bhaJJmw2aAt5pA==/com.whatsapp-o6CviuQgpUnwGLVTWzc-ow==/base.apk): ok
03-11 01:46:41.956 31405 31405 W com.whatsapp: type=1400 audit(0.0:8329): avc:  granted  { execute } for  path="/data/data/com.whatsapp/files/decompressed/libs.spo/libfb.so" dev="dm-65" ino=1064506 scontext=u:r:untrusted_app:s0:c233,c256,c512,c768 tcontext=u:object_r:app_data_file:s0:c233,c256,c512,c768 tclass=file app=com.whatsapp
03-11 01:46:41.962 31405 31405 D nativeloader: Load /data/data/com.whatsapp/files/decompressed/libs.spo/libfb.so using class loader ns clns-9 (caller=/data/app/~~sYLd80O_bhaJJmw2aAt5pA==/com.whatsapp-o6CviuQgpUnwGLVTWzc-ow==/base.apk): ok
03-11 01:46:41.962 31405 31405 W SoLoader: Loading fb on the main thread
03-11 01:46:41.962 31405 31405 I com.whatsapp: Thread[1,tid=31405,Native,Thread*=0xb400007354c0f380,peer=0x728f8810,"main"] recursive attempt to load library "/data/data/com.whatsapp/files/decompressed/libs.spo/libfb.so"
03-11 01:46:41.969 31405 31405 D nativeloader: Load /data/data/com.whatsapp/files/decompressed/libs.spo/libar-bundle3.so using class loader ns clns-9 (caller=/data/app/~~sYLd80O_bhaJJmw2aAt5pA==/com.whatsapp-o6CviuQgpUnwGLVTWzc-ow==/base.apk): ok
03-11 01:46:41.976 31405 31405 D nativeloader: Load /data/data/com.whatsapp/files/decompressed/libs.spo/libar-bundle2.so using class loader ns clns-9 (caller=/data/app/~~sYLd80O_bhaJJmw2aAt5pA==/com.whatsapp-o6CviuQgpUnwGLVTWzc-ow==/base.apk): ok
03-11 01:46:41.978 31405 31405 D nativeloader: Load /data/data/com.whatsapp/files/decompressed/libs.spo/libxplat_third-party_zstd__zstd.so using class loader ns clns-9 (caller=/data/app/~~sYLd80O_bhaJJmw2aAt5pA==/com.whatsapp-o6CviuQgpUnwGLVTWzc-ow==/base.apk): ok
03-11 01:46:41.983 31405 31405 D nativeloader: Load /data/data/com.whatsapp/files/decompressed/libs.spo/libsmartglasses-bundle.so using class loader ns clns-9 (caller=/data/app/~~sYLd80O_bhaJJmw2aAt5pA==/com.whatsapp-o6CviuQgpUnwGLVTWzc-ow==/base.apk): ok
03-11 01:46:41.985 31405 31405 D nativeloader: Load /data/data/com.whatsapp/files/decompressed/libs.spo/libnativeutil-jni.so using class loader ns clns-9 (caller=/data/app/~~sYLd80O_bhaJJmw2aAt5pA==/com.whatsapp-o6CviuQgpUnwGLVTWzc-ow==/base.apk): ok
03-11 01:46:41.985 31405 31405 W SoLoader: Loading fb on the main thread
03-11 01:46:41.986 31405 31405 D nativeloader: Load /data/data/com.whatsapp/files/decompressed/libs.spo/libsimplejni.so using class loader ns clns-9 (caller=/data/app/~~sYLd80O_bhaJJmw2aAt5pA==/com.whatsapp-o6CviuQgpUnwGLVTWzc-ow==/base.apk): ok
03-11 01:46:41.987 31405 31405 D nativeloader: Load /data/data/com.whatsapp/files/decompressed/libs.spo/libgraphutil.so using class loader ns clns-9 (caller=/data/app/~~sYLd80O_bhaJJmw2aAt5pA==/com.whatsapp-o6CviuQgpUnwGLVTWzc-ow==/base.apk): ok
03-11 01:46:41.988 31405 31405 D nativeloader: Load /data/data/com.whatsapp/files/decompressed/libs.spo/libgraphstorecerealutil.so using class loader ns clns-9 (caller=/data/app/~~sYLd80O_bhaJJmw2aAt5pA==/com.whatsapp-o6CviuQgpUnwGLVTWzc-ow==/base.apk): ok
03-11 01:46:41.997 31405 31405 D nativeloader: Load /data/data/com.whatsapp/files/decompressed/libs.spo/libwhatsappmerged.so using class loader ns clns-9 (caller=/data/app/~~sYLd80O_bhaJJmw2aAt5pA==/com.whatsapp-o6CviuQgpUnwGLVTWzc-ow==/base.apk): ok
03-11 01:46:42.000 31405 31405 D nativeloader: Load /data/data/com.whatsapp/files/decompressed/libs.spo/libessential.so using class loader ns clns-9 (caller=/data/app/~~sYLd80O_bhaJJmw2aAt5pA==/com.whatsapp-o6CviuQgpUnwGLVTWzc-ow==/base.apk): ok
03-11 01:46:42.000 31405 31405 I essential-jni: JNI_OnLoad start
03-11 01:46:42.000 31405 31405 I essential-jni: fbjni lambda running
03-11 01:46:42.000 31405 31405 D SigquitBasedANRDetector: Registered
03-11 01:46:42.002 31405 31405 I essential-jni: JNI_OnLoad lambda complete
03-11 01:46:42.014 31405 31405 D SigquitBasedANRDetector: Initialized
03-11 01:46:42.016 31405 31405 I SigquitBasedANRDetector: Function PaletteWriteCrashThreadStacks hooked with result=0
03-11 01:46:42.016 31405 31405 D SigquitBasedANRDetector: Detector started
03-11 01:46:42.017 31405 31405 W SoLoader: Loading rtvip on the main thread
03-11 01:46:42.019 31405 31405 D nativeloader: Load /data/data/com.whatsapp/files/decompressed/libs.spo/librtvip.so using class loader ns clns-9 (caller=/data/app/~~sYLd80O_bhaJJmw2aAt5pA==/com.whatsapp-o6CviuQgpUnwGLVTWzc-ow==/base.apk): ok
03-11 01:46:42.019 31405 31405 W SoLoader: Loading rtvip on the main thread
03-11 01:46:42.020 31405 31405 I rtvip   : done
03-11 01:46:42.020 31405 31405 W SoLoader: Loading vlc on the main thread
03-11 01:46:42.022 31405 31405 D nativeloader: Load /data/data/com.whatsapp/files/decompressed/libs.spo/libvlc.so using class loader ns clns-9 (caller=/data/app/~~sYLd80O_bhaJJmw2aAt5pA==/com.whatsapp-o6CviuQgpUnwGLVTWzc-ow==/base.apk): ok
03-11 01:46:42.022 31405 31405 W SoLoader: Loading native_utils on the main thread
03-11 01:46:42.023 31405 31405 D nativeloader: Load /data/data/com.whatsapp/files/decompressed/libs.spo/libnative_utils.so using class loader ns clns-9 (caller=/data/app/~~sYLd80O_bhaJJmw2aAt5pA==/com.whatsapp-o6CviuQgpUnwGLVTWzc-ow==/base.apk): ok
03-11 01:46:42.024 31405 31405 W SoLoader: Loading curve25519 on the main thread
03-11 01:46:42.025 31405 31405 D nativeloader: Load /data/data/com.whatsapp/files/decompressed/libs.spo/libcurve25519.so using class loader ns clns-9 (caller=/data/app/~~sYLd80O_bhaJJmw2aAt5pA==/com.whatsapp-o6CviuQgpUnwGLVTWzc-ow==/base.apk): ok
03-11 01:46:42.075 31405 31439 W JobInfo : Job 'com.whatsapp/.alarmservice.AlarmService#3' has a deadline with no functional constraints. The deadline won't improve job execution latency. Consider removing the deadline.
03-11 01:46:42.075  1676  2236 W JobInfo : Job 'com.whatsapp/.alarmservice.AlarmService#3' has a deadline with no functional constraints. The deadline won't improve job execution latency. Consider removing the deadline.
03-11 01:46:42.090 31405 31443 D nativeloader: Load /data/data/com.whatsapp/files/decompressed/libs.spo/libfortify.so using class loader ns clns-9 (caller=/data/app/~~sYLd80O_bhaJJmw2aAt5pA==/com.whatsapp-o6CviuQgpUnwGLVTWzc-ow==/base.apk): ok
03-11 01:46:42.115 31405 31443 D nativeloader: Load /data/data/com.whatsapp/files/decompressed/libs.spo/libpytorch.so using class loader ns clns-9 (caller=/data/app/~~sYLd80O_bhaJJmw2aAt5pA==/com.whatsapp-o6CviuQgpUnwGLVTWzc-ow==/base.apk): ok
03-11 01:46:42.121 31405 31443 W libc    : Access denied finding property "ro.mediatek.platform"
03-11 01:46:42.121 31405 31443 W libc    : Access denied finding property "ro.chipname"
03-11 01:46:42.121 31405 31443 W libc    : Access denied finding property "ro.hardware.chipname"
03-11 01:46:42.127 31405 31443 D nativeloader: Load /data/data/com.whatsapp/files/decompressed/libs.spo/libexecutorch.so using class loader ns clns-9 (caller=/data/app/~~sYLd80O_bhaJJmw2aAt5pA==/com.whatsapp-o6CviuQgpUnwGLVTWzc-ow==/base.apk): ok
03-11 01:46:42.131 31405 31443 D nativeloader: Load /data/data/com.whatsapp/files/decompressed/libs.spo/libpyspeech.so using class loader ns clns-9 (caller=/data/app/~~sYLd80O_bhaJJmw2aAt5pA==/com.whatsapp-o6CviuQgpUnwGLVTWzc-ow==/base.apk): ok
03-11 01:46:42.160 31405 31443 D nativeloader: Load /data/data/com.whatsapp/files/decompressed/libs.spo/libwhatsapp.so using class loader ns clns-9 (caller=/data/app/~~sYLd80O_bhaJJmw2aAt5pA==/com.whatsapp-o6CviuQgpUnwGLVTWzc-ow==/base.apk): ok
03-11 01:46:42.176 31405 31450 I WhatsAppJni: EnsureThreadAttached: attached current thread to JVM
03-11 01:46:42.188 28586 28586 I Capacitor/Console: File:  - Line 349 - Msg: [object Object]
03-11 01:46:42.190 28586 28586 V Capacitor/Plugin: To native (Capacitor plugin): callbackId: 32468678, pluginId: Agent, methodName: request
03-11 01:46:42.190 28586 28586 V Capacitor: callback: 32468678, pluginId: Agent, methodName: request, methodData: {"method":"GET","path":"\/api\/vision\/capture-requests","headers":{},"body":null}
03-11 01:46:42.193 28586 31451 I CapacitorCookies: Getting cookies at: 'http://127.0.0.1:31337/api/vision/capture-requests'
03-11 01:46:42.198 31405 31452 I WhatsAppJni: EnsureThreadAttached: attached current thread to JVM
03-11 01:46:42.198 31405 31453 I WhatsAppJni: EnsureThreadAttached: attached current thread to JVM
03-11 01:46:42.200 28586 28586 I Capacitor/Console: File:  - Line 333 - Msg: {"status":503,"statusText":"Service Unavailable","headers":{"content-type":"application/json"},"body":"{\"error\":\"local_agent_unavailable\",\"message\":\"Local agent request failed\"}"}
03-11 01:46:42.291 28586 28586 I Capacitor/Console: File:  - Line 349 - Msg: [object Object]
03-11 01:46:42.291 28586 28586 V Capacitor/Plugin: To native (Capacitor plugin): callbackId: 32468679, pluginId: Agent, methodName: request
03-11 01:46:42.291 28586 28586 V Capacitor: callback: 32468679, pluginId: Agent, methodName: request, methodData: {"method":"GET","path":"\/api\/computer-use\/approvals","headers":{"content-type":"application\/json","x-elizaos-client-id":"ui-d248e575-019e-4e06-90c6-75a0bc2e7ea7","x-elizaos-ui-language":"en"},"body":null}
03-11 01:46:42.294 28586 31458 I CapacitorCookies: Getting cookies at: 'http://127.0.0.1:31337/api/computer-use/approvals'
03-11 01:46:42.305 28586 28586 I Capacitor/Console: File:  - Line 333 - Msg: {"status":503,"statusText":"Service Unavailable","headers":{"content-type":"application/json"},"body":"{\"error\":\"local_agent_unavailable\",\"message\":\"Local agent request failed\"}"}
03-11 01:46:42.371 31405 31456 E msys    : E[N WCIHTTPImplNetworkSession]WCIHTTPTaskImplCreateRegular(556)=>[I] http/task/regular/create/start
03-11 01:46:42.371 31405 31456 E msys    : E[N WCIHTTPImplNetworkSession]WCIHTTPTaskImplCreateRegular(591)=>[I] http/task/regular/create/execute
03-11 01:46:42.372 31405 31456 E msys    : E[N WCIHTTPImplNetworkSession]WCIHTTPTaskImplCreateRegular(614)=>[I] http/task/regular/create/success
03-11 01:46:42.375  1676  2236 D ConnectivityService: requestNetwork for uid/pid:10233/31405 activeRequest: null callbackRequest: 8011 [NetworkRequest [ TRACK_DEFAULT id=8012, [ Capabilities: INTERNET&NOT_RESTRICTED&TRUSTED&NOT_VCN_MANAGED&NOT_BANDWIDTH_CONSTRAINED Uid: 10233 RequestorUid: 10233 RequestorPkg: com.whatsapp UnderlyingNetworks: Null] ], NetworkRequest [ REQUEST id=8013, [ Transports: SATELLITE Capabilities: INTERNET&NOT_RESTRICTED&TRUSTED&NOT_VCN_MANAGED Uid: 10233 RequestorUid: 10233 RequestorPkg: com.whatsapp UnderlyingNetworks: Null] ]] callback flags: 0 order: 2147483647 isUidTracked: false declaredMethods: AVAIL|LOST|UNAVAIL|BLK
03-11 01:46:42.376  1676  1980 D ConnectivityService: NetReassign [no changes] [c 0] [a 0] [i 0]
03-11 01:46:42.398 31405 31443 I PlayCore: UID: [10233]  PID: [31405] SplitInstallListenerRegistry : registerListener
03-11 01:46:42.410 28586 28749 I CapacitorCookies: Getting cookies at: 'http://127.0.0.1:31337/api/health'
03-11 01:46:42.413  1676 16318 D CompatChangeReporter: Compat change id reported: 310703690; UID 10233; state: ENABLED
03-11 01:46:42.415 31405 31455 E com.whatsapp: hiddenapi: Accessing hidden method Lcom/android/org/conscrypt/OpenSSLSocketImpl;->setUseSessionTickets(Z)V (runtime_flags=CorePlatformApi, domain=core-platform, api=max-target-q,core-platform-api) from LX/Gft; (domain=app, TargetSdkVersion=36) using reflection: denied
03-11 01:46:42.415 31405 31455 E com.whatsapp: hiddenapi: Accessing hidden method Lcom/android/org/conscrypt/AbstractConscryptSocket;->setUseSessionTickets(Z)V (runtime_flags=0, domain=core-platform, api=max-target-q) from LX/Gft; (domain=app, TargetSdkVersion=36) using reflection: denied
03-11 01:46:42.429 31405 31464 E msys    : E[N data-request]_HandleDataResponse(2111)=>Data request error for task 40D4CA23-3908-493E-A7B1-24BD811B423D (response type 1): java.net.ConnectException: Failed to connect to /57.144.221.32:443
03-11 01:46:42.431 31405 31456 E msys    : E[N WCIHTTPImplNetworkSession]WCIHTTPTaskImplCreateRegular(556)=>[I] http/task/regular/create/start
03-11 01:46:42.431 31405 31456 E msys    : E[N WCIHTTPImplNetworkSession]WCIHTTPTaskImplCreateRegular(591)=>[I] http/task/regular/create/execute
03-11 01:46:42.431 31405 31456 E msys    : E[N WCIHTTPImplNetworkSession]WCIHTTPTaskImplCreateRegular(614)=>[I] http/task/regular/create/success
03-11 01:46:42.435 31405 31464 E msys    : E[N data-request]_HandleDataResponse(2111)=>Data request error for task 4CB3E5B8-9212-4948-9A54-E281A0B76435 (response type 1): java.net.ConnectException: Failed to connect to /57.144.203.32:443
03-11 01:46:42.435 31405 31456 E msys    : E[N WCIHTTPImplNetworkSession]WCIHTTPTaskImplCreateRegular(556)=>[I] http/task/regular/create/start
03-11 01:46:42.436 31405 31456 E msys    : E[N WCIHTTPImplNetworkSession]WCIHTTPTaskImplCreateRegular(591)=>[I] http/task/regular/create/execute
03-11 01:46:42.436 31405 31456 E msys    : E[N WCIHTTPImplNetworkSession]WCIHTTPTaskImplCreateRegular(614)=>[I] http/task/regular/create/success
03-11 01:46:42.441 31405 31464 E msys    : E[N data-request]_HandleDataResponse(2111)=>Data request error for task A334CC83-B48B-4EA2-97BB-397B760DD3CB (response type 1): java.net.UnknownHostException: Unable to resolve host "dit.whatsapp.net": No address associated with hostname
03-11 01:46:42.443 31405 31456 E msys    : E[I wam]_WAMTransportPrivateLogUploadMessageWithDefaultLevel(55)=>privatestats/wameta/transport/buffer/send response failed, no more endpoints
03-11 01:46:42.660  7158  7983 I AiAiEcho: SmartspaceNotificationPredictor no parser can handle this notification or notification is invalid
03-11 01:46:43.078  7221  7547 I esrh    : (REDACTED) HDM. appOpsListener %s %s
03-11 01:46:43.078  7221  7547 I esrh    : (REDACTED) HDM. Ignoring irrelevant audio permission changes for package %s
03-11 01:46:43.168 28586 28586 I Capacitor/Console: File:  - Line 349 - Msg: [object Object]
03-11 01:46:43.169 28586 28586 V Capacitor/Plugin: To native (Capacitor plugin): callbackId: 32468680, pluginId: Agent, methodName: request
03-11 01:46:43.169 28586 28586 V Capacitor: callback: 32468680, pluginId: Agent, methodName: request, methodData: {"method":"GET","path":"\/api\/apps\/runs","headers":{"content-type":"application\/json","x-elizaos-client-id":"ui-d248e575-019e-4e06-90c6-75a0bc2e7ea7","x-elizaos-ui-language":"en"},"body":null}
03-11 01:46:43.172 28586 31475 I CapacitorCookies: Getting cookies at: 'http://127.0.0.1:31337/api/apps/runs'
03-11 01:46:43.181 28586 28586 I Capacitor/Console: File:  - Line 333 - Msg: {"status":503,"statusText":"Service Unavailable","headers":{"content-type":"application/json"},"body":"{\"error\":\"local_agent_unavailable\",\"message\":\"Local agent request failed\"}"}
03-11 01:46:43.687 28586 28586 I Capacitor/Console: File:  - Line 349 - Msg: [object Object]
03-11 01:46:43.688 28586 28586 V Capacitor/Plugin: To native (Capacitor plugin): callbackId: 32468681, pluginId: Agent, methodName: request
03-11 01:46:43.688 28586 28586 V Capacitor: callback: 32468681, pluginId: Agent, methodName: request, methodData: {"method":"GET","path":"\/api\/vision\/capture-requests","headers":{},"body":null}
03-11 01:46:43.691 28586 31481 I CapacitorCookies: Getting cookies at: 'http://127.0.0.1:31337/api/vision/capture-requests'
03-11 01:46:43.697 28586 28586 I Capacitor/Console: File:  - Line 333 - Msg: {"status":503,"statusText":"Service Unavailable","headers":{"content-type":"application/json"},"body":"{\"error\":\"local_agent_unavailable\",\"message\":\"Local agent request failed\"}"}
03-11 01:46:43.789 28586 28586 I Capacitor/Console: File:  - Line 349 - Msg: [object Object]
03-11 01:46:43.790 28586 28586 V Capacitor/Plugin: To native (Capacitor plugin): callbackId: 32468682, pluginId: Agent, methodName: request
03-11 01:46:43.790 28586 28586 V Capacitor: callback: 32468682, pluginId: Agent, methodName: request, methodData: {"method":"GET","path":"\/api\/computer-use\/approvals","headers":{"content-type":"application\/json","x-elizaos-client-id":"ui-d248e575-019e-4e06-90c6-75a0bc2e7ea7","x-elizaos-ui-language":"en"},"body":null}
03-11 01:46:43.794 28586 31487 I CapacitorCookies: Getting cookies at: 'http://127.0.0.1:31337/api/computer-use/approvals'
03-11 01:46:43.800 28586 28586 I Capacitor/Console: File:  - Line 333 - Msg: {"status":503,"statusText":"Service Unavailable","headers":{"content-type":"application/json"},"body":"{\"error\":\"local_agent_unavailable\",\"message\":\"Local agent request failed\"}"}
03-11 01:46:43.936  1701  1717 I pixel-thermal: cellular-emergency:40.4822 raw data: VIRTUAL-NEUTRAL:40482.2 VIRTUAL-NEUTRAL-SKIN2:40008.5 VIRTUAL-QUIET-NEUTRAL:37575.2 VIRTUAL-SKIN:40482.2 cellular-emergency:40482.2 disp_therm:36803 gnss_tcxo_therm:41868 neutral_therm:38495 quiet_therm:37181 skin_therm1:42120 skin_therm2:43540 
03-11 01:46:43.936  1701  1717 I pixel-thermal: VIRTUAL-SKIN-CPU:40.4822 raw data: VIRTUAL-SKIN:40482.2 VIRTUAL-SKIN-CPU:40482.2 
03-11 01:46:43.936  1701  1717 I pixel-thermal: VIRTUAL-SKIN-CPU power_budget=1307.14 err=0.517845 s_power=800 time_elapsed_ms=7008 p=207.138 i=300 d=0 dt_per_min=nan compensation=0 budget transient=0 control target=3 excluded power budget=0
