03-11 01:46:43.936  1701  1717 I pixel-thermal: VIRTUAL-SKIN-CPU binded power rails: (S2M_VDD_CPUCL2: 18.05 mW)(S4M_VDD_CPUCL0: 441.62 mW)(S3M_VDD_CPUCL1: 623.82 mW)
03-11 01:46:43.936  1701  1717 I pixel-thermal: neutral_therm:38.495 raw data: neutral_therm:38495 
03-11 01:46:43.936  1701  1717 I pixel-thermal: VIRTUAL-SKIN:40.4822 raw data: VIRTUAL-SKIN:40482.2 
03-11 01:46:43.936  1701  1717 I pixel-thermal: VIRTUAL-SKIN-CPU-GPU:40.4822 raw data: VIRTUAL-SKIN:40482.2 VIRTUAL-SKIN-CPU-GPU:40482.2 
03-11 01:46:43.936  1701  1717 I pixel-thermal: VIRTUAL-SKIN-CPU-GPU power_budget=2155.35 err=4.51785 s_power=800 time_elapsed_ms=7008 p=1355.35 i=0 d=0 dt_per_min=nan compensation=0 budget transient=0 control target=3 excluded power budget=0
03-11 01:46:43.936  1701  1717 I pixel-thermal: VIRTUAL-SKIN-CPU-GPU binded power rails: (S4M_VDD_CPUCL0: 441.62 mW)(S2M_VDD_CPUCL2: 18.05 mW)(S2S_VDD_G3D: 1.69 mW)(S3M_VDD_CPUCL1: 623.82 mW)
03-11 01:46:43.936  1701  1717 I pixel-thermal: VIRTUAL-SKIN-HINT:40.4822 raw data: VIRTUAL-SKIN:40482.2 VIRTUAL-SKIN-HINT:40482.2 
03-11 01:46:43.937  1701  1717 I pixel-thermal: VIRTUAL-SKIN-CHARGE:40.4822 raw data: VIRTUAL-SKIN:40482.2 VIRTUAL-SKIN-CHARGE:40482.2 
03-11 01:46:43.937  1701  1717 I pixel-thermal: VIRTUAL-SKIN-CHARGE's fcc binded power rail POWER_FOR_CHARGING_THROTTLING: power threshold = 500, avg power = 1420.75
03-11 01:46:44.157  1676 16318 D ConnectivityService: requestNetwork for uid/pid:10233/31405 activeRequest: null callbackRequest: 8014 [NetworkRequest [ LISTEN_FOR_BEST id=8014, [ Capabilities: INTERNET&NOT_RESTRICTED&TRUSTED&NOT_VPN&NOT_VCN_MANAGED Uid: 10233 RequestorUid: 10233 RequestorPkg: com.whatsapp UnderlyingNetworks: Null] ]] callback flags: 0 order: 2147483647 isUidTracked: false declaredMethods: AVAIL|LOST|NC|LP
03-11 01:46:44.160  1676  1980 D ConnectivityService: NetReassign [no changes] [c 1] [a 0] [i 2]
03-11 01:46:44.221 31405 31442 D WM-PackageManagerHelper: Skipping component enablement for androidx.work.impl.background.systemjob.SystemJobService
03-11 01:46:44.221 31405 31442 D WM-Schedulers: Created SystemJobScheduler and enabled SystemJobService
03-11 01:46:44.224 31405 31491 D WM-ForceStopRunnable: Is default app process = true
03-11 01:46:44.224 31405 31491 D WM-ForceStopRunnable: Performing cleanup operations.
03-11 01:46:44.245 31405 31491 D WM-SystemJobScheduler: Reconciling jobs
03-11 01:46:44.258 31405 31491 D WM-ForceStopRunnable: Found unfinished work, scheduling it.
03-11 01:46:44.268 31405 31491 D WM-SystemJobScheduler: Scheduling work ID 118a8928-c9bd-404b-b7fc-1bffff1e134cJob ID 114110
03-11 01:46:44.274 31405 31491 D WM-SystemJobScheduler: Scheduling work ID 2dafc8ff-a7c3-4622-9ca9-5143a61065beJob ID 114022
03-11 01:46:44.281 31405 31491 D WM-SystemJobScheduler: Scheduling work ID 152c4a01-1c1f-434e-9e49-84a6b1658e05Job ID 114023
03-11 01:46:44.289 31405 31491 D WM-SystemJobScheduler: Scheduling work ID 60bc03b4-a3df-4699-8c99-943c59fbc38dJob ID 114025
03-11 01:46:44.295 31405 31491 D WM-SystemJobScheduler: Scheduling work ID 60349361-0033-4366-bf33-a17a7bdf76c2Job ID 114026
03-11 01:46:44.304 31405 31491 D WM-SystemJobScheduler: Scheduling work ID 816b9cb8-6162-4b9a-95dc-e60282e11589Job ID 114059
03-11 01:46:44.310 31405 31491 D WM-SystemJobScheduler: Scheduling work ID 58db97d8-4a4f-44b8-858b-4091bffe295fJob ID 114060
03-11 01:46:44.317 31405 31491 D WM-SystemJobScheduler: Scheduling work ID 46786c86-8b66-4480-91cf-d86bbb0417d9Job ID 114061
03-11 01:46:44.323 31405 31491 D WM-SystemJobScheduler: Scheduling work ID da32773a-5961-4492-8dcb-befddc88e2a0Job ID 114062
03-11 01:46:44.345 31405 31498 D WM-PackageManagerHelper: Skipping component enablement for androidx.work.impl.background.systemalarm.RescheduleReceiver
03-11 01:46:44.365  1676 16318 W JobInfo : Job 'com.whatsapp/.alarmservice.AlarmService#3' has a deadline with no functional constraints. The deadline won't improve job execution latency. Consider removing the deadline.
03-11 01:46:44.374 31405 31442 E com.whatsapp: No implementation found for void com.facebook.quicklog.QuickPerformanceLoggerNativeProvider.nativeUpdateQPLInstance() (tried Java_com_facebook_quicklog_QuickPerformanceLoggerNativeProvider_nativeUpdateQPLInstance and Java_com_facebook_quicklog_QuickPerformanceLoggerNativeProvider_nativeUpdateQPLInstance__) - is the library loaded, e.g. System.loadLibrary?
03-11 01:46:44.375 31405 31442 W QPLProvider: QuickPerformanceLoggerProvider failed to update native QPL instance, native library. This is expected during early app initialization
03-11 01:46:44.428  1676 16318 W Telecom : TelecomServiceImpl$1: registerPhoneAccount - attempt to set a group from a non-system caller.: TSI.rPA(cw)@K6g
03-11 01:46:44.428  1676 16318 I Telecom : TelecomServiceImpl$1: registerPhoneAccount: account=[[ ] PhoneAccount: ComponentInfo{com.whatsapp/com.whatsapp.calling.telecom.SelfManagedConnectionService}, ***, UserHandle{0} Capabilities: SelfManaged SuppVideo Video  Audio Routes: BESW Schemes: tel  Extras: Bundle[{android.telecom.extra.LOG_SELF_MANAGED_CALLS=false}] GroupId: *** SC Restrictions: [NONE]]: TSI.rPA(cw)@K6g
03-11 01:46:44.432  1676 16318 I Telecom : PhoneAccountRegistrar: Modify account: [ComponentInfo{com.whatsapp/com.whatsapp.calling.telecom.SelfManagedConnectionService}, ***, UserHandle{0}]: TSI.rPA(cw)@K6g
03-11 01:46:44.434  1676 16318 I Telecom : AppLabelProxy: package com.whatsapp: name is WhatsApp: TSI.rPA(cw)@K6g
03-11 01:46:44.449  1676 16318 I Telecom : CallsManager: handlePhoneAccountChanged: phoneAccount=[[X] PhoneAccount: ComponentInfo{com.whatsapp/com.whatsapp.calling.telecom.SelfManagedConnectionService}, ***, UserHandle{0} Capabilities: SelfManaged SuppVideo Video  Audio Routes: BESW Schemes: tel  Extras: Bundle[{android.telecom.extra.LOG_SELF_MANAGED_CALLS=false}] GroupId: *** SC Restrictions: [NONE]]: TSI.rPA(cw)@K6g
03-11 01:46:44.562 31405 31442 W JobInfo : Job 'com.whatsapp/.infra.crash.upload.ExceptionsUploadService#1' has a deadline with no functional constraints. The deadline won't improve job execution latency. Consider removing the deadline.
03-11 01:46:44.563  1676 16318 W JobInfo : Job 'com.whatsapp/.infra.crash.upload.ExceptionsUploadService#1' has a deadline with no functional constraints. The deadline won't improve job execution latency. Consider removing the deadline.
03-11 01:46:44.642 31405 31457 E QPLProvider: QuickPerformanceLogger instance replaced at runtime, this leads to data loss and incorrect telemetry. Initial QPL instance X.Gi7@8e0b969, replacing by X.Gi7@8e0b969
03-11 01:46:44.642 31405 31457 E QPLProvider: java.lang.RuntimeException: QPL instance is replaced in runtime
03-11 01:46:44.642 31405 31457 E QPLProvider: 	at X.1Ap.A01(:77)
03-11 01:46:44.642 31405 31457 E QPLProvider: 	at X.JBD.run(:895)
03-11 01:46:44.642 31405 31457 E QPLProvider: 	at X.Gil.run(:2)
03-11 01:46:44.642 31405 31457 E QPLProvider: 	at X.1lF.run(:47)
03-11 01:46:44.642 31405 31457 E QPLProvider: 	at java.util.concurrent.ThreadPoolExecutor.runWorker(ThreadPoolExecutor.java:1154)
03-11 01:46:44.642 31405 31457 E QPLProvider: 	at java.util.concurrent.ThreadPoolExecutor$Worker.run(ThreadPoolExecutor.java:652)
03-11 01:46:44.642 31405 31457 E QPLProvider: 	at X.1mj.run(:2415)
03-11 01:46:44.642 31405 31457 E QPLProvider: 	at java.lang.Thread.run(Thread.java:1564)
03-11 01:46:44.646 31405 31457 E com.whatsapp: No implementation found for void com.facebook.quicklog.QuickPerformanceLoggerNativeProvider.nativeUpdateQPLInstance() (tried Java_com_facebook_quicklog_QuickPerformanceLoggerNativeProvider_nativeUpdateQPLInstance and Java_com_facebook_quicklog_QuickPerformanceLoggerNativeProvider_nativeUpdateQPLInstance__) - is the library loaded, e.g. System.loadLibrary?
03-11 01:46:44.646 31405 31457 W QPLProvider: QuickPerformanceLoggerProvider failed to update native QPL instance, native library. This is expected during early app initialization
03-11 01:46:44.653 31405 31457 W SoLoader: SoLoader already initialized
03-11 01:46:44.652 31405 31405 W com.whatsapp: type=1400 audit(0.0:8349): avc:  granted  { execute } for  comm=576861747341707020576F726B6572 path="/data/data/com.whatsapp/files/decompressed/libs.spo/libfbsocketthreadlocalscope.so" dev="dm-65" ino=1054598 scontext=u:r:untrusted_app:s0:c233,c256,c512,c768 tcontext=u:object_r:app_data_file:s0:c233,c256,c512,c768 tclass=file app=com.whatsapp
03-11 01:46:44.658 31405 31457 D nativeloader: Load /data/data/com.whatsapp/files/decompressed/libs.spo/libfbsocketthreadlocalscope.so using class loader ns clns-9 (caller=/data/app/~~sYLd80O_bhaJJmw2aAt5pA==/com.whatsapp-o6CviuQgpUnwGLVTWzc-ow==/base.apk): ok
03-11 01:46:44.662 31405 31457 D nativeloader: Load /data/data/com.whatsapp/files/decompressed/libs.spo/libfb_sqlite_3500300.so using class loader ns clns-9 (caller=/data/app/~~sYLd80O_bhaJJmw2aAt5pA==/com.whatsapp-o6CviuQgpUnwGLVTWzc-ow==/base.apk): ok
03-11 01:46:44.656 31405 31405 W com.whatsapp: type=1400 audit(0.0:8350): avc:  granted  { execute } for  comm=576861747341707020576F726B6572 path="/data/data/com.whatsapp/files/decompressed/libs.spo/libfb_sqlite_3500300.so" dev="dm-65" ino=1628263 scontext=u:r:untrusted_app:s0:c233,c256,c512,c768 tcontext=u:object_r:app_data_file:s0:c233,c256,c512,c768 tclass=file app=com.whatsapp
03-11 01:46:44.660 31405 31405 W com.whatsapp: type=1400 audit(0.0:8351): avc:  granted  { execute } for  comm=576861747341707020576F726B6572 path="/data/data/com.whatsapp/files/decompressed/libs.spo/libffsingletonmerged.so" dev="dm-65" ino=2015004 scontext=u:r:untrusted_app:s0:c233,c256,c512,c768 tcontext=u:object_r:app_data_file:s0:c233,c256,c512,c768 tclass=file app=com.whatsapp
03-11 01:46:44.669 31405 31457 D nativeloader: Load /data/data/com.whatsapp/files/decompressed/libs.spo/libffsingletonmerged.so using class loader ns clns-9 (caller=/data/app/~~sYLd80O_bhaJJmw2aAt5pA==/com.whatsapp-o6CviuQgpUnwGLVTWzc-ow==/base.apk): ok
03-11 01:46:44.672 31405 31457 W EndToEnd-Test: Cannot find E2E config file `/data/user/0/com.whatsapp/files/config.json`.
03-11 01:46:44.721 31405 31426 D BluetoothAdapter: HEADSET connected
03-11 01:46:44.733 31405 31517 W System.err: SLF4J(W): No SLF4J providers were found.
03-11 01:46:44.733 31405 31517 W System.err: SLF4J(W): Defaulting to no-operation (NOP) logger implementation
03-11 01:46:44.733 31405 31517 W System.err: SLF4J(W): See https://www.slf4j.org/codes.html#noProviders for further details.
03-11 01:46:44.736 31405 31405 W com.whatsapp: type=1400 audit(0.0:8352): avc:  granted  { execute } for  comm=576861747341707020576F726B6572 path="/data/data/com.whatsapp/files/decompressed/libs.spo/libdav1d.so" dev="dm-65" ino=2018411 scontext=u:r:untrusted_app:s0:c233,c256,c512,c768 tcontext=u:object_r:app_data_file:s0:c233,c256,c512,c768 tclass=file app=com.whatsapp
03-11 01:46:44.740 31405 31442 D nativeloader: Load /data/data/com.whatsapp/files/decompressed/libs.spo/libdav1d.so using class loader ns clns-9 (caller=/data/app/~~sYLd80O_bhaJJmw2aAt5pA==/com.whatsapp-o6CviuQgpUnwGLVTWzc-ow==/base.apk): ok
03-11 01:46:44.746 31405 31442 W SoLoader: Running a recovery step for libaom.so due to com.facebook.soloader.SoLoaderDSONotFoundError: couldn't find DSO to load: libaom.so
03-11 01:46:44.746 31405 31442 W SoLoader: 	existing SO sources: 
03-11 01:46:44.746 31405 31442 W SoLoader: 		SoSource 0: DirectorySoSource[root = /data/data/com.whatsapp/files/decompressed/libs.spo flags = 1]
03-11 01:46:44.746 31405 31442 W SoLoader: 		SoSource 1: ApplicationSoSource[DirectorySoSource[root = /data/app/~~sYLd80O_bhaJJmw2aAt5pA==/com.whatsapp-o6CviuQgpUnwGLVTWzc-ow==/lib/arm64 flags = 0]]
03-11 01:46:44.746 31405 31442 W SoLoader: 		SoSource 2: DirectApkSoSource[root = [/data/app/~~sYLd80O_bhaJJmw2aAt5pA==/com.whatsapp-o6CviuQgpUnwGLVTWzc-ow==/base.apk!/lib/arm64-v8a, /data/app/~~sYLd80O_bhaJJmw2aAt5pA==/com.whatsapp-o6CviuQgpUnwGLVTWzc-ow==/split_config.arm64_v8a.apk!/lib/arm64-v8a, /data/app/~~sYLd80O_bhaJJmw2aAt5pA==/com.whatsapp-o6CviuQgpUnwGLVTWzc-ow==/split_config.xxhdpi.apk!/lib/arm64-v8a]]
03-11 01:46:44.746 31405 31442 W SoLoader: 		SoSource 3: DirectorySoSource[root = /system/lib64 flags = 2]
03-11 01:46:44.746 31405 31442 W SoLoader: 		SoSource 4: DirectorySoSource[root = /system_ext/lib64 flags = 2]
03-11 01:46:44.746 31405 31442 W SoLoader: 		SoSource 5: DirectorySoSource[root = /vendor/lib64 flags = 2]
03-11 01:46:44.746 31405 31442 W SoLoader: 	Native lib dir: /data/app/~~sYLd80O_bhaJJmw2aAt5pA==/com.whatsapp-o6CviuQgpUnwGLVTWzc-ow==/lib/arm64
03-11 01:46:44.746 31405 31442 W soloader.recovery.CheckBaseApkExists: Base apk exists: /data/app/~~sYLd80O_bhaJJmw2aAt5pA==/com.whatsapp-o6CviuQgpUnwGLVTWzc-ow==/base.apk
03-11 01:46:44.747 31405 31442 W SoLoader: Running a recovery step for libaom.so due to com.facebook.soloader.SoLoaderDSONotFoundError: couldn't find DSO to load: libaom.so
03-11 01:46:44.747 31405 31442 W SoLoader: 	existing SO sources: 
03-11 01:46:44.747 31405 31442 W SoLoader: 		SoSource 0: DirectorySoSource[root = /data/data/com.whatsapp/files/decompressed/libs.spo flags = 1]
03-11 01:46:44.747 31405 31442 W SoLoader: 		SoSource 1: ApplicationSoSource[DirectorySoSource[root = /data/app/~~sYLd80O_bhaJJmw2aAt5pA==/com.whatsapp-o6CviuQgpUnwGLVTWzc-ow==/lib/arm64 flags = 0]]
03-11 01:46:44.747 31405 31442 W SoLoader: 		SoSource 2: DirectApkSoSource[root = [/data/app/~~sYLd80O_bhaJJmw2aAt5pA==/com.whatsapp-o6CviuQgpUnwGLVTWzc-ow==/base.apk!/lib/arm64-v8a, /data/app/~~sYLd80O_bhaJJmw2aAt5pA==/com.whatsapp-o6CviuQgpUnwGLVTWzc-ow==/split_config.arm64_v8a.apk!/lib/arm64-v8a, /data/app/~~sYLd80O_bhaJJmw2aAt5pA==/com.whatsapp-o6CviuQgpUnwGLVTWzc-ow==/split_config.xxhdpi.apk!/lib/arm64-v8a]]
03-11 01:46:44.747 31405 31442 W SoLoader: 		SoSource 3: DirectorySoSource[root = /system/lib64 flags = 2]
03-11 01:46:44.747 31405 31442 W SoLoader: 		SoSource 4: DirectorySoSource[root = /system_ext/lib64 flags = 2]
03-11 01:46:44.747 31405 31442 W SoLoader: 		SoSource 5: DirectorySoSource[root = /vendor/lib64 flags = 2]
03-11 01:46:44.747 31405 31442 W SoLoader: 	Native lib dir: /data/app/~~sYLd80O_bhaJJmw2aAt5pA==/com.whatsapp-o6CviuQgpUnwGLVTWzc-ow==/lib/arm64
03-11 01:46:44.747 31405 31442 E SoLoader: Checking /data/app missing libraries.
03-11 01:46:44.747 31405 31442 E SoLoader: Successfully recovered from /data/app disk failure.
03-11 01:46:44.748 31405 31442 W SoLoader: Running a recovery step for libaom.so due to com.facebook.soloader.SoLoaderDSONotFoundError: couldn't find DSO to load: libaom.so
03-11 01:46:44.748 31405 31442 W SoLoader: 	existing SO sources: 
03-11 01:46:44.748 31405 31442 W SoLoader: 		SoSource 0: DirectorySoSource[root = /data/data/com.whatsapp/files/decompressed/libs.spo flags = 1]
03-11 01:46:44.748 31405 31442 W SoLoader: 		SoSource 1: ApplicationSoSource[DirectorySoSource[root = /data/app/~~sYLd80O_bhaJJmw2aAt5pA==/com.whatsapp-o6CviuQgpUnwGLVTWzc-ow==/lib/arm64 flags = 0]]
03-11 01:46:44.748 31405 31442 W SoLoader: 		SoSource 2: DirectApkSoSource[root = [/data/app/~~sYLd80O_bhaJJmw2aAt5pA==/com.whatsapp-o6CviuQgpUnwGLVTWzc-ow==/base.apk!/lib/arm64-v8a, /data/app/~~sYLd80O_bhaJJmw2aAt5pA==/com.whatsapp-o6CviuQgpUnwGLVTWzc-ow==/split_config.arm64_v8a.apk!/lib/arm64-v8a, /data/app/~~sYLd80O_bhaJJmw2aAt5pA==/com.whatsapp-o6CviuQgpUnwGLVTWzc-ow==/split_config.xxhdpi.apk!/lib/arm64-v8a]]
03-11 01:46:44.748 31405 31442 W SoLoader: 		SoSource 3: DirectorySoSource[root = /system/lib64 flags = 3]
03-11 01:46:44.748 31405 31442 W SoLoader: 		SoSource 4: DirectorySoSource[root = /system_ext/lib64 flags = 3]
03-11 01:46:44.748 31405 31442 W SoLoader: 		SoSource 5: DirectorySoSource[root = /vendor/lib64 flags = 3]
03-11 01:46:44.748 31405 31442 W SoLoader: 	Native lib dir: /data/app/~~sYLd80O_bhaJJmw2aAt5pA==/com.whatsapp-o6CviuQgpUnwGLVTWzc-ow==/lib/arm64
03-11 01:46:44.748 31405 31442 E SoLoader: Checking /data/data missing libraries.
03-11 01:46:44.748 31405 31442 E SoLoader: No libraries missing from unpacking so paths while recovering /data/data failure
03-11 01:46:44.749 31405 31442 W SoLoader: Running a recovery step for libaom.so due to com.facebook.soloader.SoLoaderDSONotFoundError: couldn't find DSO to load: libaom.so
03-11 01:46:44.749 31405 31442 W SoLoader: 	existing SO sources: 
03-11 01:46:44.749 31405 31442 W SoLoader: 		SoSource 0: DirectorySoSource[root = /data/data/com.whatsapp/files/decompressed/libs.spo flags = 1]
03-11 01:46:44.749 31405 31442 W SoLoader: 		SoSource 1: ApplicationSoSource[DirectorySoSource[root = /data/app/~~sYLd80O_bhaJJmw2aAt5pA==/com.whatsapp-o6CviuQgpUnwGLVTWzc-ow==/lib/arm64 flags = 0]]
03-11 01:46:44.749 31405 31442 W SoLoader: 		SoSource 2: DirectApkSoSource[root = [/data/app/~~sYLd80O_bhaJJmw2aAt5pA==/com.whatsapp-o6CviuQgpUnwGLVTWzc-ow==/base.apk!/lib/arm64-v8a, /data/app/~~sYLd80O_bhaJJmw2aAt5pA==/com.whatsapp-o6CviuQgpUnwGLVTWzc-ow==/split_config.arm64_v8a.apk!/lib/arm64-v8a, /data/app/~~sYLd80O_bhaJJmw2aAt5pA==/com.whatsapp-o6CviuQgpUnwGLVTWzc-ow==/split_config.xxhdpi.apk!/lib/arm64-v8a]]
03-11 01:46:44.749 31405 31442 W SoLoader: 		SoSource 3: DirectorySoSource[root = /system/lib64 flags = 3]
03-11 01:46:44.749 31405 31442 W SoLoader: 		SoSource 4: DirectorySoSource[root = /system_ext/lib64 flags = 3]
03-11 01:46:44.749 31405 31442 W SoLoader: 		SoSource 5: DirectorySoSource[root = /vendor/lib64 flags = 3]
03-11 01:46:44.749 31405 31442 W SoLoader: 	Native lib dir: /data/app/~~sYLd80O_bhaJJmw2aAt5pA==/com.whatsapp-o6CviuQgpUnwGLVTWzc-ow==/lib/arm64
03-11 01:46:44.749 31405 31442 W SoLoader: Failed to recover
03-11 01:46:44.754 31405 31442 D nativeloader: Load libaom.so using class loader ns clns-9 (caller=/data/app/~~sYLd80O_bhaJJmw2aAt5pA==/com.whatsapp-o6CviuQgpUnwGLVTWzc-ow==/base.apk): dlopen failed: library "libaom.so" not found
03-11 01:46:44.758 28586 28586 I Capacitor/Console: File: https://localhost/assets/index-C5fxwZ4F.js - Line 450 - Msg: [Eliza] Device bridge connecting 
03-11 01:46:44.765 28586 28586 I Capacitor/Console: File: https://localhost/assets/index-C5fxwZ4F.js - Line 450 - Msg: [Eliza] Device bridge disconnected 
03-11 01:46:44.788 31405 31405 W com.whatsapp: type=1400 audit(0.0:8353): avc:  granted  { execute } for  comm=576861747341707020576F726B6572 path="/data/data/com.whatsapp/files/decompressed/libs.spo/libwzav1.so" dev="dm-65" ino=1417339 scontext=u:r:untrusted_app:s0:c233,c256,c512,c768 tcontext=u:object_r:app_data_file:s0:c233,c256,c512,c768 tclass=file app=com.whatsapp
03-11 01:46:44.793 31405 31442 D nativeloader: Load /data/data/com.whatsapp/files/decompressed/libs.spo/libwzav1.so using class loader ns clns-9 (caller=/data/app/~~sYLd80O_bhaJJmw2aAt5pA==/com.whatsapp-o6CviuQgpUnwGLVTWzc-ow==/base.apk): ok
03-11 01:46:44.796 31405 31442 D nativeloader: Load /data/data/com.whatsapp/files/decompressed/libs.spo/libwzav1_v2.so using class loader ns clns-9 (caller=/data/app/~~sYLd80O_bhaJJmw2aAt5pA==/com.whatsapp-o6CviuQgpUnwGLVTWzc-ow==/base.apk): ok
03-11 01:46:45.148 28586 28586 I Capacitor/Console: File:  - Line 349 - Msg: [object Object]
03-11 01:46:45.151 28586 28586 V Capacitor/Plugin: To native (Capacitor plugin): callbackId: 32468683, pluginId: Agent, methodName: request
03-11 01:46:45.151 28586 28586 V Capacitor: callback: 32468683, pluginId: Agent, methodName: request, methodData: {"method":"GET","path":"\/api\/health","timeoutMs":10000}
03-11 01:46:45.154 28586 31530 I CapacitorCookies: Getting cookies at: 'http://127.0.0.1:31337/api/health'
03-11 01:46:45.162 28586 28586 I Capacitor/Console: File:  - Line 333 - Msg: {"status":503,"statusText":"Service Unavailable","headers":{"content-type":"application/json"},"body":"{\"error\":\"local_agent_unavailable\",\"message\":\"Local agent request failed\"}"}
03-11 01:46:45.188 28586 28586 I Capacitor/Console: File:  - Line 349 - Msg: [object Object]
03-11 01:46:45.190 28586 28586 V Capacitor/Plugin: To native (Capacitor plugin): callbackId: 32468684, pluginId: Agent, methodName: request
03-11 01:46:45.190 28586 28586 V Capacitor: callback: 32468684, pluginId: Agent, methodName: request, methodData: {"method":"GET","path":"\/api\/vision\/capture-requests","headers":{},"body":null}
03-11 01:46:45.193 28586 31532 I CapacitorCookies: Getting cookies at: 'http://127.0.0.1:31337/api/vision/capture-requests'
03-11 01:46:45.211 28586 28586 I Capacitor/Console: File:  - Line 333 - Msg: {"status":503,"statusText":"Service Unavailable","headers":{"content-type":"application/json"},"body":"{\"error\":\"local_agent_unavailable\",\"message\":\"Local agent request failed\"}"}
03-11 01:46:45.291 28586 28586 I Capacitor/Console: File:  - Line 349 - Msg: [object Object]
03-11 01:46:45.293 28586 28586 V Capacitor/Plugin: To native (Capacitor plugin): callbackId: 32468685, pluginId: Agent, methodName: request
03-11 01:46:45.293 28586 28586 V Capacitor: callback: 32468685, pluginId: Agent, methodName: request, methodData: {"method":"GET","path":"\/api\/computer-use\/approvals","headers":{"content-type":"application\/json","x-elizaos-client-id":"ui-d248e575-019e-4e06-90c6-75a0bc2e7ea7","x-elizaos-ui-language":"en"},"body":null}
03-11 01:46:45.297 28586 31533 I CapacitorCookies: Getting cookies at: 'http://127.0.0.1:31337/api/computer-use/approvals'
03-11 01:46:45.304 28586 28586 I Capacitor/Console: File:  - Line 333 - Msg: {"status":503,"statusText":"Service Unavailable","headers":{"content-type":"application/json"},"body":"{\"error\":\"local_agent_unavailable\",\"message\":\"Local agent request failed\"}"}
03-11 01:46:45.677  1217  1265 D DMD     : Flush DMD buffer, size=2098203
03-11 01:46:46.203  2277  3422 D TemperatureStateSource: sequence=8934 actualDelay=10001
03-11 01:46:46.203  2277  3422 D TemperatureStateSource: Reading temperature: sequence=8935
03-11 01:46:46.204  1701  1701 I pixel-thermal: VIRTUAL-SKIN:40.5556 raw data: VIRTUAL-NEUTRAL:40555.6 VIRTUAL-NEUTRAL-SKIN2:40118.6 VIRTUAL-QUIET-NEUTRAL:37606.7 VIRTUAL-SKIN:40555.6 disp_therm:36803 gnss_tcxo_therm:41891 neutral_therm:38495 quiet_therm:37226 skin_therm1:42189 skin_therm2:43907 
03-11 01:46:46.204  2277  3422 D TemperatureStateSource: getDeviceTemperatures: sequence=8935 deviceTemperatureType=3 temperatureSource=0 temperatures=[40.555603]
03-11 01:46:46.204  2277  3422 D BusinessScope: Enqueuing the block
03-11 01:46:46.204  2277  3422 D TemperatureStateSource: sequence=8935 waitTime=10000
03-11 01:46:46.204  2277  3422 D BusinessScope: Start running the #17998 block
03-11 01:46:46.204  2277  3422 D BusinessScope: Enqueuing the block
03-11 01:46:46.204  2277  3422 D ImpulseStateSource: Notify clients: 8996
03-11 01:46:46.204  2277  3422 D BusinessScope: Finish running the #17998 block
03-11 01:46:46.204  2277  3422 D BusinessScope: Start running the #17999 block
03-11 01:46:46.205  2277  3422 D BusinessScope: Finish running the #17999 block
03-11 01:46:46.687 28586 28586 I Capacitor/Console: File:  - Line 349 - Msg: [object Object]
03-11 01:46:46.690 28586 28586 V Capacitor/Plugin: To native (Capacitor plugin): callbackId: 32468686, pluginId: Agent, methodName: request
03-11 01:46:46.690 28586 28586 V Capacitor: callback: 32468686, pluginId: Agent, methodName: request, methodData: {"method":"GET","path":"\/api\/vision\/capture-requests","headers":{},"body":null}
03-11 01:46:46.693 28586 31555 I CapacitorCookies: Getting cookies at: 'http://127.0.0.1:31337/api/vision/capture-requests'
03-11 01:46:46.701 28586 28586 I Capacitor/Console: File:  - Line 333 - Msg: {"status":503,"statusText":"Service Unavailable","headers":{"content-type":"application/json"},"body":"{\"error\":\"local_agent_unavailable\",\"message\":\"Local agent request failed\"}"}
03-11 01:46:46.789 28586 28586 I Capacitor/Console: File:  - Line 349 - Msg: [object Object]
03-11 01:46:46.790 28586 28586 V Capacitor/Plugin: To native (Capacitor plugin): callbackId: 32468687, pluginId: Agent, methodName: request
03-11 01:46:46.790 28586 28586 V Capacitor: callback: 32468687, pluginId: Agent, methodName: request, methodData: {"method":"GET","path":"\/api\/computer-use\/approvals","headers":{"content-type":"application\/json","x-elizaos-client-id":"ui-d248e575-019e-4e06-90c6-75a0bc2e7ea7","x-elizaos-ui-language":"en"},"body":null}
03-11 01:46:46.793 28586 31556 I CapacitorCookies: Getting cookies at: 'http://127.0.0.1:31337/api/computer-use/approvals'
03-11 01:46:46.800 28586 28586 I Capacitor/Console: File:  - Line 333 - Msg: {"status":503,"statusText":"Service Unavailable","headers":{"content-type":"application/json"},"body":"{\"error\":\"local_agent_unavailable\",\"message\":\"Local agent request failed\"}"}
03-11 01:46:46.952 28586 28586 I Capacitor/Console: File:  - Line 349 - Msg: [object Object]
03-11 01:46:46.954 28586 28586 V Capacitor/Plugin: To native (Capacitor plugin): callbackId: 32468688, pluginId: Agent, methodName: request
03-11 01:46:46.954 28586 28586 V Capacitor: callback: 32468688, pluginId: Agent, methodName: request, methodData: {"method":"GET","path":"\/api\/workbench\/todos","headers":{"content-type":"application\/json","x-elizaos-client-id":"ui-d248e575-019e-4e06-90c6-75a0bc2e7ea7","x-elizaos-ui-language":"en"},"body":null}
03-11 01:46:46.955 28586 28586 I Capacitor/Console: File:  - Line 349 - Msg: [object Object]
03-11 01:46:46.955 28586 28586 I Capacitor/Console: File:  - Line 349 - Msg: [object Object]
03-11 01:46:46.956 28586 28586 V Capacitor/Plugin: To native (Capacitor plugin): callbackId: 32468689, pluginId: Agent, methodName: request
03-11 01:46:46.956 28586 28586 V Capacitor: callback: 32468689, pluginId: Agent, methodName: request, methodData: {"method":"GET","path":"\/api\/relationships\/people","headers":{"content-type":"application\/json","x-elizaos-client-id":"ui-d248e575-019e-4e06-90c6-75a0bc2e7ea7","x-elizaos-ui-language":"en"},"body":null}
03-11 01:46:46.957 28586 31561 I CapacitorCookies: Getting cookies at: 'http://127.0.0.1:31337/api/workbench/todos'
03-11 01:46:46.958 28586 31562 I CapacitorCookies: Getting cookies at: 'http://127.0.0.1:31337/api/relationships/people'
03-11 01:46:46.958 28586 28586 V Capacitor/Plugin: To native (Capacitor plugin): callbackId: 32468690, pluginId: Agent, methodName: request
03-11 01:46:46.958 28586 28586 V Capacitor: callback: 32468690, pluginId: Agent, methodName: request, methodData: {"method":"GET","path":"\/api\/relationships\/candidates","headers":{"content-type":"application\/json","x-elizaos-client-id":"ui-d248e575-019e-4e06-90c6-75a0bc2e7ea7","x-elizaos-ui-language":"en"},"body":null}
03-11 01:46:46.960 28586 31564 I CapacitorCookies: Getting cookies at: 'http://127.0.0.1:31337/api/relationships/candidates'
03-11 01:46:46.966 28586 28586 I Capacitor/Console: File:  - Line 333 - Msg: {"status":503,"statusText":"Service Unavailable","headers":{"content-type":"application/json"},"body":"{\"error\":\"local_agent_unavailable\",\"message\":\"Local agent request failed\"}"}
03-11 01:46:46.969 28586 28586 I Capacitor/Console: File:  - Line 333 - Msg: {"status":503,"statusText":"Service Unavailable","headers":{"content-type":"application/json"},"body":"{\"error\":\"local_agent_unavailable\",\"message\":\"Local agent request failed\"}"}
03-11 01:46:46.970 28586 28586 I Capacitor/Console: File:  - Line 333 - Msg: {"status":503,"statusText":"Service Unavailable","headers":{"content-type":"application/json"},"body":"{\"error\":\"local_agent_unavailable\",\"message\":\"Local agent request failed\"}"}
03-11 01:46:47.078  1676  1980 D InetDiagMessage: Destroyed 0 sockets, proto=IPPROTO_TCP, family=AF_INET, states=14
03-11 01:46:47.078  1676  1980 D InetDiagMessage: Destroyed 0 sockets, proto=IPPROTO_TCP, family=AF_INET6, states=14
03-11 01:46:47.078  1676  1980 D InetDiagMessage: Destroyed live tcp sockets for uids={10233} in 1ms
03-11 01:46:47.079  1676  1980 D InetDiagMessage: Destroyed 0 sockets, proto=IPPROTO_TCP, family=AF_INET, states=14
03-11 01:46:47.079  1676  1980 D InetDiagMessage: Destroyed 0 sockets, proto=IPPROTO_TCP, family=AF_INET6, states=14
03-11 01:46:47.079  1676  1980 D InetDiagMessage: Destroyed live tcp sockets for uids={20233} in 1ms
03-11 01:46:47.193  7158  7983 I AiAiEcho: SmartspaceNotificationPredictor no parser can handle this notification or notification is invalid
03-11 01:46:47.427 28586 28749 I CapacitorCookies: Getting cookies at: 'http://127.0.0.1:31337/api/health'
03-11 01:46:48.168 28586 28586 I Capacitor/Console: File:  - Line 349 - Msg: [object Object]
03-11 01:46:48.168 28586 28586 V Capacitor/Plugin: To native (Capacitor plugin): callbackId: 32468691, pluginId: Agent, methodName: request
03-11 01:46:48.168 28586 28586 V Capacitor: callback: 32468691, pluginId: Agent, methodName: request, methodData: {"method":"GET","path":"\/api\/apps\/runs","headers":{"content-type":"application\/json","x-elizaos-client-id":"ui-d248e575-019e-4e06-90c6-75a0bc2e7ea7","x-elizaos-ui-language":"en"},"body":null}
03-11 01:46:48.171 28586 31576 I CapacitorCookies: Getting cookies at: 'http://127.0.0.1:31337/api/apps/runs'
03-11 01:46:48.179 28586 28586 I Capacitor/Console: File:  - Line 333 - Msg: {"status":503,"statusText":"Service Unavailable","headers":{"content-type":"application/json"},"body":"{\"error\":\"local_agent_unavailable\",\"message\":\"Local agent request failed\"}"}
03-11 01:46:48.187 28586 28586 I Capacitor/Console: File:  - Line 349 - Msg: [object Object]
03-11 01:46:48.189 28586 28586 V Capacitor/Plugin: To native (Capacitor plugin): callbackId: 32468692, pluginId: Agent, methodName: request
03-11 01:46:48.189 28586 28586 V Capacitor: callback: 32468692, pluginId: Agent, methodName: request, methodData: {"method":"GET","path":"\/api\/vision\/capture-requests","headers":{},"body":null}
03-11 01:46:48.193 28586 31577 I CapacitorCookies: Getting cookies at: 'http://127.0.0.1:31337/api/vision/capture-requests'
03-11 01:46:48.201 28586 28586 I Capacitor/Console: File:  - Line 333 - Msg: {"status":503,"statusText":"Service Unavailable","headers":{"content-type":"application/json"},"body":"{\"error\":\"local_agent_unavailable\",\"message\":\"Local agent request failed\"}"}
03-11 01:46:48.289 28586 28586 I Capacitor/Console: File:  - Line 349 - Msg: [object Object]
03-11 01:46:48.290 28586 28586 V Capacitor/Plugin: To native (Capacitor plugin): callbackId: 32468693, pluginId: Agent, methodName: request
03-11 01:46:48.290 28586 28586 V Capacitor: callback: 32468693, pluginId: Agent, methodName: request, methodData: {"method":"GET","path":"\/api\/computer-use\/approvals","headers":{"content-type":"application\/json","x-elizaos-client-id":"ui-d248e575-019e-4e06-90c6-75a0bc2e7ea7","x-elizaos-ui-language":"en"},"body":null}
03-11 01:46:48.294 28586 31578 I CapacitorCookies: Getting cookies at: 'http://127.0.0.1:31337/api/computer-use/approvals'
03-11 01:46:48.301 28586 28586 I Capacitor/Console: File:  - Line 333 - Msg: {"status":503,"statusText":"Service Unavailable","headers":{"content-type":"application/json"},"body":"{\"error\":\"local_agent_unavailable\",\"message\":\"Local agent request failed\"}"}
03-11 01:46:49.687 28586 28586 I Capacitor/Console: File:  - Line 349 - Msg: [object Object]
03-11 01:46:49.689 28586 28586 V Capacitor/Plugin: To native (Capacitor plugin): callbackId: 32468694, pluginId: Agent, methodName: request
03-11 01:46:49.689 28586 28586 V Capacitor: callback: 32468694, pluginId: Agent, methodName: request, methodData: {"method":"GET","path":"\/api\/vision\/capture-requests","headers":{},"body":null}
03-11 01:46:49.693 28586 31592 I CapacitorCookies: Getting cookies at: 'http://127.0.0.1:31337/api/vision/capture-requests'
03-11 01:46:49.703 28586 28586 I Capacitor/Console: File:  - Line 333 - Msg: {"status":503,"statusText":"Service Unavailable","headers":{"content-type":"application/json"},"body":"{\"error\":\"local_agent_unavailable\",\"message\":\"Local agent request failed\"}"}
03-11 01:46:49.789 28586 28586 I Capacitor/Console: File:  - Line 349 - Msg: [object Object]
03-11 01:46:49.791 28586 28586 V Capacitor/Plugin: To native (Capacitor plugin): callbackId: 32468695, pluginId: Agent, methodName: request
03-11 01:46:49.791 28586 28586 V Capacitor: callback: 32468695, pluginId: Agent, methodName: request, methodData: {"method":"GET","path":"\/api\/computer-use\/approvals","headers":{"content-type":"application\/json","x-elizaos-client-id":"ui-d248e575-019e-4e06-90c6-75a0bc2e7ea7","x-elizaos-ui-language":"en"},"body":null}
03-11 01:46:49.796 28586 31593 I CapacitorCookies: Getting cookies at: 'http://127.0.0.1:31337/api/computer-use/approvals'
03-11 01:46:49.805 28586 28586 I Capacitor/Console: File:  - Line 333 - Msg: {"status":503,"statusText":"Service Unavailable","headers":{"content-type":"application/json"},"body":"{\"error\":\"local_agent_unavailable\",\"message\":\"Local agent request failed\"}"}
03-11 01:46:50.245 28586 28586 I Capacitor/Console: File:  - Line 349 - Msg: [object Object]
03-11 01:46:50.247 28586 28586 V Capacitor/Plugin: To native (Capacitor plugin): callbackId: 32468696, pluginId: Agent, methodName: request
03-11 01:46:50.247 28586 28586 V Capacitor: callback: 32468696, pluginId: Agent, methodName: request, methodData: {"method":"GET","path":"\/api\/health","timeoutMs":10000}
03-11 01:46:50.251 28586 31599 I CapacitorCookies: Getting cookies at: 'http://127.0.0.1:31337/api/health'
03-11 01:46:50.258 28586 28586 I Capacitor/Console: File:  - Line 333 - Msg: {"status":503,"statusText":"Service Unavailable","headers":{"content-type":"application/json"},"body":"{\"error\":\"local_agent_unavailable\",\"message\":\"Local agent request failed\"}"}
03-11 01:46:50.946  1701  1717 I pixel-thermal: cellular-emergency:40.6325 raw data: VIRTUAL-NEUTRAL:40632.5 VIRTUAL-NEUTRAL-SKIN2:40208 VIRTUAL-QUIET-NEUTRAL:37637.5 VIRTUAL-SKIN:40632.5 cellular-emergency:40632.5 disp_therm:36803 gnss_tcxo_therm:41960 neutral_therm:38495 quiet_therm:37270 skin_therm1:42281 skin_therm2:44205 
03-11 01:46:50.946  1701  1717 I pixel-thermal: VIRTUAL-SKIN-CPU:40.6325 raw data: VIRTUAL-SKIN:40632.5 VIRTUAL-SKIN-CPU:40632.5 
03-11 01:46:50.946  1701  1717 I pixel-thermal: VIRTUAL-SKIN-CPU power_budget=1247 err=0.367496 s_power=800 time_elapsed_ms=7008 p=146.999 i=300 d=-0 dt_per_min=nan compensation=0 budget transient=0 control target=3 excluded power budget=0
03-11 01:46:50.946  1701  1717 I pixel-thermal: VIRTUAL-SKIN-CPU binded power rails: (S2M_VDD_CPUCL2: 17.57 mW)(S4M_VDD_CPUCL0: 446.79 mW)(S3M_VDD_CPUCL1: 626.82 mW)
03-11 01:46:50.946  1701  1717 I pixel-thermal: neutral_therm:38.495 raw data: neutral_therm:38495 
03-11 01:46:50.946  1701  1717 I pixel-thermal: VIRTUAL-SKIN:40.6325 raw data: VIRTUAL-SKIN:40632.5 
03-11 01:46:50.946  1701  1717 I pixel-thermal: VIRTUAL-SKIN-CPU-GPU:40.6325 raw data: VIRTUAL-SKIN:40632.5 VIRTUAL-SKIN-CPU-GPU:40632.5 
03-11 01:46:50.946  1701  1717 I pixel-thermal: VIRTUAL-SKIN-CPU-GPU power_budget=2110.25 err=4.3675 s_power=800 time_elapsed_ms=7008 p=1310.25 i=0 d=-0 dt_per_min=nan compensation=0 budget transient=0 control target=3 excluded power budget=0
03-11 01:46:50.946  1701  1717 I pixel-thermal: VIRTUAL-SKIN-CPU-GPU binded power rails: (S4M_VDD_CPUCL0: 446.79 mW)(S2M_VDD_CPUCL2: 17.57 mW)(S2S_VDD_G3D: 1.69 mW)(S3M_VDD_CPUCL1: 626.82 mW)
03-11 01:46:50.946  1701  1717 I pixel-thermal: VIRTUAL-SKIN-HINT:40.6325 raw data: VIRTUAL-SKIN:40632.5 VIRTUAL-SKIN-HINT:40632.5 
03-11 01:46:50.946  1701  1717 I pixel-thermal: VIRTUAL-SKIN-CHARGE:40.6325 raw data: VIRTUAL-SKIN:40632.5 VIRTUAL-SKIN-CHARGE:40632.5 
03-11 01:46:50.946  1701  1717 I pixel-thermal: VIRTUAL-SKIN-CHARGE's fcc binded power rail POWER_FOR_CHARGING_THROTTLING: power threshold = 500, avg power = 1424.68
03-11 01:46:51.188 28586 28586 I Capacitor/Console: File:  - Line 349 - Msg: [object Object]
03-11 01:46:51.190 28586 28586 V Capacitor/Plugin: To native (Capacitor plugin): callbackId: 32468697, pluginId: Agent, methodName: request
03-11 01:46:51.190 28586 28586 V Capacitor: callback: 32468697, pluginId: Agent, methodName: request, methodData: {"method":"GET","path":"\/api\/vision\/capture-requests","headers":{},"body":null}
03-11 01:46:51.194 28586 31608 I CapacitorCookies: Getting cookies at: 'http://127.0.0.1:31337/api/vision/capture-requests'
03-11 01:46:51.203 28586 28586 I Capacitor/Console: File:  - Line 333 - Msg: {"status":503,"statusText":"Service Unavailable","headers":{"content-type":"application/json"},"body":"{\"error\":\"local_agent_unavailable\",\"message\":\"Local agent request failed\"}"}
03-11 01:46:51.291 28586 28586 I Capacitor/Console: File:  - Line 349 - Msg: [object Object]
03-11 01:46:51.294 28586 28586 V Capacitor/Plugin: To native (Capacitor plugin): callbackId: 32468698, pluginId: Agent, methodName: request
03-11 01:46:51.294 28586 28586 V Capacitor: callback: 32468698, pluginId: Agent, methodName: request, methodData: {"method":"GET","path":"\/api\/computer-use\/approvals","headers":{"content-type":"application\/json","x-elizaos-client-id":"ui-d248e575-019e-4e06-90c6-75a0bc2e7ea7","x-elizaos-ui-language":"en"},"body":null}
03-11 01:46:51.297 28586 31609 I CapacitorCookies: Getting cookies at: 'http://127.0.0.1:31337/api/computer-use/approvals'
03-11 01:46:51.306 28586 28586 I Capacitor/Console: File:  - Line 333 - Msg: {"status":503,"statusText":"Service Unavailable","headers":{"content-type":"application/json"},"body":"{\"error\":\"local_agent_unavailable\",\"message\":\"Local agent request failed\"}"}
03-11 01:46:51.679  2246  2775 I BluetoothAdapterProperties: getBondedDevices: length=13
03-11 01:46:51.681  2246  2775 I BluetoothAdapterProperties: getBondedDevices: length=13
03-11 01:46:51.838  1676  1922 D ActivityManager: freezing 471 com.google.android.apps.turbo
03-11 01:46:51.841  1676  1980 D InetDiagMessage: Destroyed 0 sockets, proto=IPPROTO_TCP, family=AF_INET, states=14
03-11 01:46:51.841  1676  1980 D InetDiagMessage: Destroyed 0 sockets, proto=IPPROTO_TCP, family=AF_INET6, states=14
03-11 01:46:51.841  1676  1980 D InetDiagMessage: Destroyed live tcp sockets for uids={10148} in 1ms
03-11 01:46:52.077  1676  1922 D ActivityManager: freezing 31405 com.whatsapp
03-11 01:46:52.080  1676  1980 D InetDiagMessage: Destroyed 0 sockets, proto=IPPROTO_TCP, family=AF_INET, states=14
03-11 01:46:52.081  1676  1980 D InetDiagMessage: Destroyed 0 sockets, proto=IPPROTO_TCP, family=AF_INET6, states=14
03-11 01:46:52.081  1676  1980 D InetDiagMessage: Destroyed live tcp sockets for uids={10233} in 1ms
03-11 01:46:52.432 28586 28749 I CapacitorCookies: Getting cookies at: 'http://127.0.0.1:31337/api/health'
03-11 01:46:52.689 28586 28586 I Capacitor/Console: File:  - Line 349 - Msg: [object Object]
03-11 01:46:52.692 28586 28586 V Capacitor/Plugin: To native (Capacitor plugin): callbackId: 32468699, pluginId: Agent, methodName: request
03-11 01:46:52.692 28586 28586 V Capacitor: callback: 32468699, pluginId: Agent, methodName: request, methodData: {"method":"GET","path":"\/api\/vision\/capture-requests","headers":{},"body":null}
03-11 01:46:52.695 28586 31619 I CapacitorCookies: Getting cookies at: 'http://127.0.0.1:31337/api/vision/capture-requests'
03-11 01:46:52.702 28586 28586 I Capacitor/Console: File:  - Line 333 - Msg: {"status":503,"statusText":"Service Unavailable","headers":{"content-type":"application/json"},"body":"{\"error\":\"local_agent_unavailable\",\"message\":\"Local agent request failed\"}"}
03-11 01:46:52.790 28586 28586 I Capacitor/Console: File:  - Line 349 - Msg: [object Object]
03-11 01:46:52.792 28586 28586 V Capacitor/Plugin: To native (Capacitor plugin): callbackId: 32468700, pluginId: Agent, methodName: request
03-11 01:46:52.792 28586 28586 V Capacitor: callback: 32468700, pluginId: Agent, methodName: request, methodData: {"method":"GET","path":"\/api\/computer-use\/approvals","headers":{"content-type":"application\/json","x-elizaos-client-id":"ui-d248e575-019e-4e06-90c6-75a0bc2e7ea7","x-elizaos-ui-language":"en"},"body":null}
03-11 01:46:52.796 28586 31624 I CapacitorCookies: Getting cookies at: 'http://127.0.0.1:31337/api/computer-use/approvals'
03-11 01:46:52.804 28586 28586 I Capacitor/Console: File:  - Line 333 - Msg: {"status":503,"statusText":"Service Unavailable","headers":{"content-type":"application/json"},"body":"{\"error\":\"local_agent_unavailable\",\"message\":\"Local agent request failed\"}"}
03-11 01:46:53.167 28586 28586 I Capacitor/Console: File:  - Line 349 - Msg: [object Object]
03-11 01:46:53.168 28586 28586 V Capacitor/Plugin: To native (Capacitor plugin): callbackId: 32468701, pluginId: Agent, methodName: request
03-11 01:46:53.168 28586 28586 V Capacitor: callback: 32468701, pluginId: Agent, methodName: request, methodData: {"method":"GET","path":"\/api\/apps\/runs","headers":{"content-type":"application\/json","x-elizaos-client-id":"ui-d248e575-019e-4e06-90c6-75a0bc2e7ea7","x-elizaos-ui-language":"en"},"body":null}
03-11 01:46:53.171 28586 31625 I CapacitorCookies: Getting cookies at: 'http://127.0.0.1:31337/api/apps/runs'
03-11 01:46:53.179 28586 28586 I Capacitor/Console: File:  - Line 333 - Msg: {"status":503,"statusText":"Service Unavailable","headers":{"content-type":"application/json"},"body":"{\"error\":\"local_agent_unavailable\",\"message\":\"Local agent request failed\"}"}
03-11 01:46:54.187 28586 28586 I Capacitor/Console: File:  - Line 349 - Msg: [object Object]
03-11 01:46:54.188 28586 28586 V Capacitor/Plugin: To native (Capacitor plugin): callbackId: 32468702, pluginId: Agent, methodName: request
03-11 01:46:54.188 28586 28586 V Capacitor: callback: 32468702, pluginId: Agent, methodName: request, methodData: {"method":"GET","path":"\/api\/vision\/capture-requests","headers":{},"body":null}
03-11 01:46:54.192 28586 31634 I CapacitorCookies: Getting cookies at: 'http://127.0.0.1:31337/api/vision/capture-requests'
03-11 01:46:54.198 28586 28586 I Capacitor/Console: File:  - Line 333 - Msg: {"status":503,"statusText":"Service Unavailable","headers":{"content-type":"application/json"},"body":"{\"error\":\"local_agent_unavailable\",\"message\":\"Local agent request failed\"}"}
03-11 01:46:54.289 28586 28586 I Capacitor/Console: File:  - Line 349 - Msg: [object Object]
03-11 01:46:54.290 28586 28586 V Capacitor/Plugin: To native (Capacitor plugin): callbackId: 32468703, pluginId: Agent, methodName: request
03-11 01:46:54.290 28586 28586 V Capacitor: callback: 32468703, pluginId: Agent, methodName: request, methodData: {"method":"GET","path":"\/api\/computer-use\/approvals","headers":{"content-type":"application\/json","x-elizaos-client-id":"ui-d248e575-019e-4e06-90c6-75a0bc2e7ea7","x-elizaos-ui-language":"en"},"body":null}
03-11 01:46:54.294 28586 31635 I CapacitorCookies: Getting cookies at: 'http://127.0.0.1:31337/api/computer-use/approvals'
03-11 01:46:54.302 28586 28586 I Capacitor/Console: File:  - Line 333 - Msg: {"status":503,"statusText":"Service Unavailable","headers":{"content-type":"application/json"},"body":"{\"error\":\"local_agent_unavailable\",\"message\":\"Local agent request failed\"}"}
03-11 01:46:55.325 28586 28586 I Capacitor/Console: File:  - Line 349 - Msg: [object Object]
03-11 01:46:55.327 28586 28586 V Capacitor/Plugin: To native (Capacitor plugin): callbackId: 32468704, pluginId: Agent, methodName: request
03-11 01:46:55.327 28586 28586 V Capacitor: callback: 32468704, pluginId: Agent, methodName: request, methodData: {"method":"GET","path":"\/api\/health","timeoutMs":10000}
03-11 01:46:55.330 28586 31644 I CapacitorCookies: Getting cookies at: 'http://127.0.0.1:31337/api/health'
03-11 01:46:55.339 28586 28586 I Capacitor/Console: File:  - Line 333 - Msg: {"status":503,"statusText":"Service Unavailable","headers":{"content-type":"application/json"},"body":"{\"error\":\"local_agent_unavailable\",\"message\":\"Local agent request failed\"}"}
03-11 01:46:55.688 28586 28586 I Capacitor/Console: File:  - Line 349 - Msg: [object Object]
03-11 01:46:55.688 28586 28586 V Capacitor/Plugin: To native (Capacitor plugin): callbackId: 32468705, pluginId: Agent, methodName: request
03-11 01:46:55.688 28586 28586 V Capacitor: callback: 32468705, pluginId: Agent, methodName: request, methodData: {"method":"GET","path":"\/api\/vision\/capture-requests","headers":{},"body":null}
03-11 01:46:55.691 28586 31649 I CapacitorCookies: Getting cookies at: 'http://127.0.0.1:31337/api/vision/capture-requests'
03-11 01:46:55.698 28586 28586 I Capacitor/Console: File:  - Line 333 - Msg: {"status":503,"statusText":"Service Unavailable","headers":{"content-type":"application/json"},"body":"{\"error\":\"local_agent_unavailable\",\"message\":\"Local agent request failed\"}"}
03-11 01:46:55.789 28586 28586 I Capacitor/Console: File:  - Line 349 - Msg: [object Object]
03-11 01:46:55.790 28586 28586 V Capacitor/Plugin: To native (Capacitor plugin): callbackId: 32468706, pluginId: Agent, methodName: request
03-11 01:46:55.790 28586 28586 V Capacitor: callback: 32468706, pluginId: Agent, methodName: request, methodData: {"method":"GET","path":"\/api\/computer-use\/approvals","headers":{"content-type":"application\/json","x-elizaos-client-id":"ui-d248e575-019e-4e06-90c6-75a0bc2e7ea7","x-elizaos-ui-language":"en"},"body":null}
03-11 01:46:55.794 28586 31650 I CapacitorCookies: Getting cookies at: 'http://127.0.0.1:31337/api/computer-use/approvals'
03-11 01:46:55.801 28586 28586 I Capacitor/Console: File:  - Line 333 - Msg: {"status":503,"statusText":"Service Unavailable","headers":{"content-type":"application/json"},"body":"{\"error\":\"local_agent_unavailable\",\"message\":\"Local agent request failed\"}"}
03-11 01:46:56.204  2277  2432 D TemperatureStateSource: sequence=8935 actualDelay=10000
03-11 01:46:56.205  2277  2432 D TemperatureStateSource: Reading temperature: sequence=8936
03-11 01:46:56.206  1701  1701 I pixel-thermal: VIRTUAL-SKIN:40.6325 raw data: VIRTUAL-NEUTRAL:40632.5 VIRTUAL-NEUTRAL-SKIN2:40208 VIRTUAL-QUIET-NEUTRAL:37637.5 VIRTUAL-SKIN:40632.5 disp_therm:36803 gnss_tcxo_therm:41960 neutral_therm:38495 quiet_therm:37270 skin_therm1:42281 skin_therm2:44205 
03-11 01:46:56.206  2277  2432 D TemperatureStateSource: getDeviceTemperatures: sequence=8936 deviceTemperatureType=3 temperatureSource=0 temperatures=[40.632504]
03-11 01:46:56.206  2277  2432 D BusinessScope: Enqueuing the block
03-11 01:46:56.206  2277  2432 D TemperatureStateSource: sequence=8936 waitTime=10000
03-11 01:46:56.206  2277  2432 D BusinessScope: Start running the #18000 block
03-11 01:46:56.207  1701  1701 I pixel-thermal: VIRTUAL-SKIN:40.6325 raw data: VIRTUAL-SKIN:40632.5 
03-11 01:46:56.207  2277  2432 I TemperatureStateSource: temperature was set
03-11 01:46:56.207  2277  2432 D BusinessScope: Enqueuing the block
03-11 01:46:56.207  2277  2432 D ImpulseStateSource: Notify clients: 8997
03-11 01:46:56.207  2277  2432 D BusinessScope: Finish running the #18000 block
03-11 01:46:56.207  2277  2432 D BusinessScope: Start running the #18001 block
03-11 01:46:56.208  2277  3422 D ImpulseConnection: bindService: com.google.android.apps.turbo
03-11 01:46:56.209  1676  2043 D BackgroundInstallControlService: Package event received: 0
03-11 01:46:56.209  1676 10199 D ActivityManager: sync unfroze 471 com.google.android.apps.turbo for 6
03-11 01:46:56.211  1676  2043 D BackgroundInstallControlService: Package event received: 0
03-11 01:46:56.213  1676 16318 W ProcessStats: Tracking association SourceState{b56fe68 com.google.android.pixelsystemservice/10419 ImpFg #136032} whose proc state 5 is better than process ProcessState{358514d com.google.android.apps.turbo/10148 pkg=com.google.android.apps.turbo} proc state 14 (1 skipped)
03-11 01:46:56.213  2277  2277 D ImpulseConnection: onServiceConnected: ComponentInfo{com.google.android.apps.turbo/com.google.android.apps.turbo.adaptiveplatform.impulse.ImpulseClientService} service is null false
03-11 01:46:56.214  2277  2437 D BusinessScope: Finish running the #18001 block
03-11 01:46:56.218   471 31655 W Turbo.DeviceHealthLeversManagerImpl: applyLeversWithMaintenanceWindow: ignore the same request
03-11 01:46:56.952 28586 28586 I Capacitor/Console: File:  - Line 349 - Msg: [object Object]
03-11 01:46:56.953 28586 28586 V Capacitor/Plugin: To native (Capacitor plugin): callbackId: 32468707, pluginId: Agent, methodName: request
03-11 01:46:56.953 28586 28586 V Capacitor: callback: 32468707, pluginId: Agent, methodName: request, methodData: {"method":"GET","path":"\/api\/approvals","headers":{"content-type":"application\/json","x-elizaos-client-id":"ui-d248e575-019e-4e06-90c6-75a0bc2e7ea7","x-elizaos-ui-language":"en"},"body":null}
03-11 01:46:56.956 28586 31661 I CapacitorCookies: Getting cookies at: 'http://127.0.0.1:31337/api/approvals'
03-11 01:46:56.967 28586 28586 I Capacitor/Console: File:  - Line 333 - Msg: {"status":503,"statusText":"Service Unavailable","headers":{"content-type":"application/json"},"body":"{\"error\":\"local_agent_unavailable\",\"message\":\"Local agent request failed\"}"}
03-11 01:46:57.189 28586 28586 I Capacitor/Console: File:  - Line 349 - Msg: [object Object]
03-11 01:46:57.191 28586 28586 V Capacitor/Plugin: To native (Capacitor plugin): callbackId: 32468708, pluginId: Agent, methodName: request
03-11 01:46:57.191 28586 28586 V Capacitor: callback: 32468708, pluginId: Agent, methodName: request, methodData: {"method":"GET","path":"\/api\/vision\/capture-requests","headers":{},"body":null}
03-11 01:46:57.195 28586 31666 I CapacitorCookies: Getting cookies at: 'http://127.0.0.1:31337/api/vision/capture-requests'
03-11 01:46:57.204 28586 28586 I Capacitor/Console: File:  - Line 333 - Msg: {"status":503,"statusText":"Service Unavailable","headers":{"content-type":"application/json"},"body":"{\"error\":\"local_agent_unavailable\",\"message\":\"Local agent request failed\"}"}
03-11 01:46:57.289 28586 28586 I Capacitor/Console: File:  - Line 349 - Msg: [object Object]
03-11 01:46:57.291 28586 28586 V Capacitor/Plugin: To native (Capacitor plugin): callbackId: 32468709, pluginId: Agent, methodName: request
