06-30 01:34:53.641 15145 15163 I TestRunner: started: showcaseActivityRendersPersistedPolicy(ai.eliza.plugins.websiteblocker.WebsiteBlockerStateStoreInstrumentedTest)
06-30 01:34:53.655 15145 15163 W Settings: Setting always_finish_activities has moved from android.provider.Settings.System to android.provider.Settings.Global, returning read-only value.
06-30 01:34:53.674   893   945 D SplashScreenView: Build android.window.SplashScreenView{49c6ff6 V.E...... ......ID 0,0-0,0}
06-30 01:34:53.674   893   945 D SplashScreenView: Icon: view: null drawable: null size: 0
06-30 01:34:53.674   893   945 D SplashScreenView: Branding: view: android.view.View{efccff7 G.ED..... ......I. 0,0-0,0 #10204ef android:id/splashscreen_branding_view} drawable: null size w: 0 h: 0
06-30 01:34:53.685   420   420 I BpBinder: onLastStrongRef automatically unlinking death recipients:
06-30 01:34:53.685 15145 15168 D libEGL  : loaded /vendor/lib64/egl/libEGL_emulation.so
06-30 01:34:53.687 15145 15168 D libEGL  : loaded /vendor/lib64/egl/libGLESv1_CM_emulation.so
06-30 01:34:53.688 15145 15168 D libEGL  : loaded /vendor/lib64/egl/libGLESv2_emulation.so
06-30 01:34:53.689 15145 15145 D LifecycleMonitor: Lifecycle status change: ai.eliza.plugins.websiteblocker.WebsiteBlockerShowcaseActivity@183286c in: PRE_ON_CREATE
06-30 01:34:53.691 15145 15145 V ActivityScenario: Activity lifecycle changed event received but ignored because the reported transition was not ON_CREATE while the last known transition was PRE_ON_CREATE
06-30 01:34:53.724  1171  2044 D EGL_emulation: app_time_stats: avg=315.87ms min=5.56ms max=2351.68ms count=8
06-30 01:34:53.741 15145 15145 D CompatibilityChangeReporter: Compat change id reported: 210923482; UID 10221; state: ENABLED
06-30 01:34:53.745 15145 15145 D CompatibilityChangeReporter: Compat change id reported: 171228096; UID 10221; state: ENABLED
06-30 01:34:53.759 15145 15145 D LifecycleMonitor: Lifecycle status change: ai.eliza.plugins.websiteblocker.WebsiteBlockerShowcaseActivity@183286c in: CREATED
06-30 01:34:53.759 15145 15145 V ActivityScenario: Update currentActivityStage to CREATED, currentActivity=ai.eliza.plugins.websiteblocker.WebsiteBlockerShowcaseActivity@183286c
06-30 01:34:53.761 15145 15145 D LifecycleMonitor: Lifecycle status change: ai.eliza.plugins.websiteblocker.WebsiteBlockerShowcaseActivity@183286c in: STARTED
06-30 01:34:53.761 15145 15145 V ActivityScenario: Update currentActivityStage to STARTED, currentActivity=ai.eliza.plugins.websiteblocker.WebsiteBlockerShowcaseActivity@183286c
06-30 01:34:53.765 15145 15145 D LifecycleMonitor: Lifecycle status change: ai.eliza.plugins.websiteblocker.WebsiteBlockerShowcaseActivity@183286c in: RESUMED
06-30 01:34:53.765 15145 15145 V ActivityScenario: Update currentActivityStage to RESUMED, currentActivity=ai.eliza.plugins.websiteblocker.WebsiteBlockerShowcaseActivity@183286c
06-30 01:34:53.771 15145 15145 D CompatibilityChangeReporter: Compat change id reported: 237531167; UID 10221; state: DISABLED
06-30 01:34:53.774 15145 15145 W OpenGLRenderer: Unknown dataspace 0
06-30 01:34:53.824   893   977 D EGL_emulation: app_time_stats: avg=2291.78ms min=2291.78ms max=2291.78ms count=1
06-30 01:34:53.827 15145 15166 W OpenGLRenderer: Failed to initialize 101010-2 format, error = EGL_SUCCESS
06-30 01:34:53.854   157   157 I hwservicemanager: getTransport: Cannot find entry android.hardware.graphics.mapper@4.0::IMapper/default in either framework or device VINTF manifest.
06-30 01:34:53.854 15145 15166 I Gralloc4: mapper 4.x is not supported
06-30 01:34:54.021   893   977 D EGL_emulation: app_time_stats: avg=183.41ms min=32.60ms max=1084.69ms count=9
06-30 01:34:54.027   893  4280 D KeyguardService: setOccluded(true)
06-30 01:34:54.028   893  4280 D KeyguardViewMediator: setOccluded(true)
06-30 01:34:54.028   893   893 D KeyguardViewMediator: handleSetOccluded(true)
06-30 01:34:54.159   549   568 W ziparchive: Unable to open '/data/app/~~Wtnhh6XgeyRBNoU90XCEyA==/ai.eliza.plugins.websiteblocker.test-65x72pYBfNo_SLHW6MoY9A==/base.dm': No such file or directory
06-30 01:34:54.164   549   568 I ActivityTaskManager: Displayed ai.eliza.plugins.websiteblocker.test/ai.eliza.plugins.websiteblocker.WebsiteBlockerShowcaseActivity for user 0: +492ms
06-30 01:34:54.169  1171  2452 D OneSearchSuggestProvider: Shut down the binder channel
06-30 01:34:54.170  1171  1198 I IPCThreadState: oneway function results for code 2 on binder at 0x7dba111beda0 will be dropped but finished with status UNKNOWN_TRANSACTION
06-30 01:34:54.174   549  2261 I ImeTracker: ai.eliza.plugins.websiteblocker.test:ec4d2dcd: onRequestHide at ORIGIN_SERVER_HIDE_INPUT reason HIDE_UNSPECIFIED_WINDOW
06-30 01:34:54.174   549  2261 I ImeTracker: ai.eliza.plugins.websiteblocker.test:ec4d2dcd: onCancelled at PHASE_SERVER_SHOULD_HIDE
06-30 01:34:54.183  1654  1654 I GoogleInputMethodService: GoogleInputMethodService.onFinishInput():3227
06-30 01:34:54.184  1171  1229 I ImeTracker: com.google.android.apps.nexuslauncher:9d7d00d: onRequestHide at ORIGIN_CLIENT_HIDE_SOFT_INPUT reason HIDE_SOFT_INPUT
06-30 01:34:54.184  1171  1229 I ImeTracker: com.google.android.apps.nexuslauncher:9d7d00d: onFailed at PHASE_CLIENT_VIEW_SERVED
06-30 01:34:54.190  1095  1382 D BtGatt.ScanManager: uid 10128 isForeground true scanMode -1
06-30 01:34:54.192  1095  1382 D BtGatt.ScanManager: uid 10128 isForeground true scanMode -1
06-30 01:34:54.193  1654  1654 I GoogleInputMethodService: GoogleInputMethodService.updateDeviceLockedStatus():2087 repeatCheckTimes = 0, unlocked = true
06-30 01:34:54.193  1654  1654 I GoogleInputMethodService: GoogleInputMethodService.onStartInput():1877 onStartInput(EditorInfo{inputType=0x0(NULL) imeOptions=0x0 privateImeOptions=null actionName=UNSPECIFIED actionLabel=null actionId=0 initialSelStart=-1 initialSelEnd=-1 initialCapsMode=0x0 hintText=null label=null packageName=ai.eliza.plugins.websiteblocker.test fieldId=0 fieldName=null extras=null}, false)
06-30 01:34:54.193  1654  1654 I GoogleInputMethodService: GoogleInputMethodService.shouldHideHeaderOnInitialState():4008 ShouldHideHeaderOnInitialState = false
06-30 01:34:54.194  1654  1654 I GoogleInputMethodService: GoogleInputMethodService.updateDeviceLockedStatus():2087 repeatCheckTimes = 2, unlocked = true
06-30 01:34:54.209  1913 15071 I PBSessionCacheImpl: Deleted sessionId[8415245778896146] from persistence.
06-30 01:34:54.223  1913  2931 I A       : Using proto config with mendel
06-30 01:34:54.224  1913  2931 I A       : Using proto config with mendel
06-30 01:34:54.224  1913  2931 W SearchServiceCore: Abort, client detached.
06-30 01:34:54.226  1913  2931 I MicroDetectionState: Should stop hotword detection immediately - true
06-30 01:34:54.226  1913  2931 I A       : Using proto config with mendel
06-30 01:34:54.227  1913  2931 I A       : Using proto config with mendel
06-30 01:34:54.237 15145 15145 D LifecycleMonitor: Lifecycle status change: ai.eliza.plugins.websiteblocker.WebsiteBlockerShowcaseActivity@183286c in: PAUSED
06-30 01:34:54.237 15145 15145 V ActivityScenario: Update currentActivityStage to PAUSED, currentActivity=ai.eliza.plugins.websiteblocker.WebsiteBlockerShowcaseActivity@183286c
06-30 01:34:54.254   420   420 I BpBinder: onLastStrongRef automatically unlinking death recipients:
06-30 01:34:54.258 15145 15145 D LifecycleMonitor: Lifecycle status change: androidx.test.core.app.InstrumentationActivityInvoker$EmptyActivity@6e94391 in: PRE_ON_CREATE
06-30 01:34:54.259 15145 15145 V ActivityScenario: Activity lifecycle changed event received but ignored because the intent does not match. startActivityIntent=Intent { act=android.intent.action.MAIN cat=[android.intent.category.LAUNCHER] flg=0x10008000 cmp=ai.eliza.plugins.websiteblocker.test/ai.eliza.plugins.websiteblocker.WebsiteBlockerShowcaseActivity }, activity.getIntent()=Intent { act=android.intent.action.MAIN cat=[android.intent.category.LAUNCHER] flg=0x10000000 cmp=ai.eliza.plugins.websiteblocker.test/androidx.test.core.app.InstrumentationActivityInvoker$EmptyActivity }, activity=androidx.test.core.app.InstrumentationActivityInvoker$EmptyActivity@6e94391
06-30 01:34:54.272 15145 15145 D LifecycleMonitor: Lifecycle status change: androidx.test.core.app.InstrumentationActivityInvoker$EmptyActivity@6e94391 in: CREATED
06-30 01:34:54.273 15145 15145 V ActivityScenario: Activity lifecycle changed event received but ignored because the intent does not match. startActivityIntent=Intent { act=android.intent.action.MAIN cat=[android.intent.category.LAUNCHER] flg=0x10008000 cmp=ai.eliza.plugins.websiteblocker.test/ai.eliza.plugins.websiteblocker.WebsiteBlockerShowcaseActivity }, activity.getIntent()=Intent { act=android.intent.action.MAIN cat=[android.intent.category.LAUNCHER] flg=0x10000000 cmp=ai.eliza.plugins.websiteblocker.test/androidx.test.core.app.InstrumentationActivityInvoker$EmptyActivity }, activity=androidx.test.core.app.InstrumentationActivityInvoker$EmptyActivity@6e94391
06-30 01:34:54.275 15145 15145 D LifecycleMonitor: Lifecycle status change: androidx.test.core.app.InstrumentationActivityInvoker$EmptyActivity@6e94391 in: STARTED
06-30 01:34:54.276 15145 15145 V ActivityScenario: Activity lifecycle changed event received but ignored because the intent does not match. startActivityIntent=Intent { act=android.intent.action.MAIN cat=[android.intent.category.LAUNCHER] flg=0x10008000 cmp=ai.eliza.plugins.websiteblocker.test/ai.eliza.plugins.websiteblocker.WebsiteBlockerShowcaseActivity }, activity.getIntent()=Intent { act=android.intent.action.MAIN cat=[android.intent.category.LAUNCHER] flg=0x10000000 cmp=ai.eliza.plugins.websiteblocker.test/androidx.test.core.app.InstrumentationActivityInvoker$EmptyActivity }, activity=androidx.test.core.app.InstrumentationActivityInvoker$EmptyActivity@6e94391
06-30 01:34:54.281 15145 15145 D LifecycleMonitor: Lifecycle status change: androidx.test.core.app.InstrumentationActivityInvoker$EmptyActivity@6e94391 in: RESUMED
06-30 01:34:54.281 15145 15145 V ActivityScenario: Activity lifecycle changed event received but ignored because the intent does not match. startActivityIntent=Intent { act=android.intent.action.MAIN cat=[android.intent.category.LAUNCHER] flg=0x10008000 cmp=ai.eliza.plugins.websiteblocker.test/ai.eliza.plugins.websiteblocker.WebsiteBlockerShowcaseActivity }, activity.getIntent()=Intent { act=android.intent.action.MAIN cat=[android.intent.category.LAUNCHER] flg=0x10000000 cmp=ai.eliza.plugins.websiteblocker.test/androidx.test.core.app.InstrumentationActivityInvoker$EmptyActivity }, activity=androidx.test.core.app.InstrumentationActivityInvoker$EmptyActivity@6e94391
06-30 01:34:54.321  1095  1382 D BtGatt.ScanManager: uid 10128 isForeground true scanMode -1
06-30 01:34:54.321  1095  1382 D BtGatt.ScanManager: uid 10128 isForeground true scanMode -1
06-30 01:34:54.326  5359  5457 I FontLog : Received query Noto Color Emoji Compat, URI content://com.google.android.gms.fonts [CONTEXT service_id=132 ]
06-30 01:34:54.327  5359  5457 I FontLog : Query [emojicompat-emoji-font] resolved to {Noto Color Emoji Compat, wdth 100.0, wght 400, ital 0.0, bestEffort false} [CONTEXT service_id=132 ]
06-30 01:34:54.331  5359  5457 I FontLog : Fetch {Noto Color Emoji Compat, wdth 100.0, wght 400, ital 0.0, bestEffort false} end status Status{statusCode=SUCCESS, resolution=null} [CONTEXT service_id=132 ]
06-30 01:34:54.348  5359  5562 I FontLog : Pulling font file for id = 11, cache size = 6 [CONTEXT service_id=132 ]
06-30 01:34:54.357  5359  5562 I FontLog : Pulling font file for id = 11, cache size = 6 [CONTEXT service_id=132 ]
06-30 01:34:54.359   549   568 I ActivityTaskManager: Displayed ai.eliza.plugins.websiteblocker.test/androidx.test.core.app.InstrumentationActivityInvoker$EmptyActivity for user 0: +138ms
06-30 01:34:54.372 15145 15145 D LifecycleMonitor: Lifecycle status change: androidx.test.core.app.InstrumentationActivityInvoker$EmptyActivity@6e94391 in: PAUSED
06-30 01:34:54.372 15145 15145 V ActivityScenario: Activity lifecycle changed event received but ignored because the intent does not match. startActivityIntent=Intent { act=android.intent.action.MAIN cat=[android.intent.category.LAUNCHER] flg=0x10008000 cmp=ai.eliza.plugins.websiteblocker.test/ai.eliza.plugins.websiteblocker.WebsiteBlockerShowcaseActivity }, activity.getIntent()=Intent { act=android.intent.action.MAIN cat=[android.intent.category.LAUNCHER] flg=0x10000000 cmp=ai.eliza.plugins.websiteblocker.test/androidx.test.core.app.InstrumentationActivityInvoker$EmptyActivity }, activity=androidx.test.core.app.InstrumentationActivityInvoker$EmptyActivity@6e94391
06-30 01:34:54.385   420   420 I BpBinder: onLastStrongRef automatically unlinking death recipients:
06-30 01:34:54.386   549  1860 W AppSearchIcing: icing-search-engine.cc:283: Error: 5, Message: Document (com.google.android.googlequicksearchbox$OneSearchZeroStateGoogleSuggestions/default, zp) not found.
06-30 01:34:54.394  1171  2452 D OneSearchSuggestProvider: Created the binder channel successfully for end point service =com.google.android.apps.search.googleapp.search.suggest.plugins.onesearch.server.OneSearchSuggestService , mChannel=z1{delegate=s1{logId=49, target=directaddress:///AndroidComponentAddress%5BIntent%20%7B%20act=grpc.io.action.BIND%20cmp=com.google.android.googlequicksearchbox/com.google.android.apps.search.googleapp.search.suggest.plugins.onesearch.server.OneSearchSuggestService%20%7D%5D}} , mOneSearchConnection=X1.T@495027a
06-30 01:34:54.413  1819  2113 I AiAiEcho: Predicting[0]:
06-30 01:34:54.414  1819  2113 I AiAiEcho: EchoTargets:
06-30 01:34:54.414  1819  2113 I AiAiEcho: Filtered by AiAi flag check:
06-30 01:34:54.414  1819  2113 I AiAiEcho: Ranked targets strategy: SORT, count: 0, ranking metadata:
06-30 01:34:54.415  1819  2113 I AiAiEcho: #postPredictionTargets: Sending updates to UISurface home with targets# 0 (types=[])
06-30 01:34:54.445  1913  1913 I A       : Created gRPC endpoint to "search" for service class com.google.android.apps.search.googleapp.search.suggest.plugins.onesearch.server.OneSearchSuggestService
06-30 01:34:54.456  1913  2931 I A       : Using proto config with mendel
06-30 01:34:54.460  1913  2931 I A       : Using proto config with mendel
06-30 01:34:54.507   549  2563 I ImeTracker: com.google.android.apps.nexuslauncher:90fbd39a: onRequestHide at ORIGIN_SERVER_HIDE_INPUT reason HIDE_UNSPECIFIED_WINDOW
06-30 01:34:54.507   549  2563 I ImeTracker: com.google.android.apps.nexuslauncher:90fbd39a: onCancelled at PHASE_SERVER_SHOULD_HIDE
06-30 01:34:54.513  1654  1654 I GoogleInputMethodService: GoogleInputMethodService.onFinishInput():3227
06-30 01:34:54.515  1654  1654 I GoogleInputMethodService: GoogleInputMethodService.updateDeviceLockedStatus():2087 repeatCheckTimes = 0, unlocked = true
06-30 01:34:54.515  1654  1654 I GoogleInputMethodService: GoogleInputMethodService.onStartInput():1877 onStartInput(EditorInfo{inputType=0x0(NULL) imeOptions=0x0 privateImeOptions=null actionName=UNSPECIFIED actionLabel=null actionId=0 initialSelStart=-1 initialSelEnd=-1 initialCapsMode=0x0 hintText=null label=null packageName=com.google.android.apps.nexuslauncher fieldId=0 fieldName=null extras=null}, false)
06-30 01:34:54.515  1654  1654 I GoogleInputMethodService: GoogleInputMethodService.shouldHideHeaderOnInitialState():4008 ShouldHideHeaderOnInitialState = false
06-30 01:34:54.515  1654  1654 I GoogleInputMethodService: GoogleInputMethodService.updateDeviceLockedStatus():2087 repeatCheckTimes = 2, unlocked = true
06-30 01:34:54.564   893   944 W WindowOnBackDispatcher: sendCancelIfRunning: isInProgress=falsecallback=android.view.ViewRootImpl$$ExternalSyntheticLambda17@4179582
06-30 01:34:54.566   549  2363 W InputManager-JNI: Input channel object 'c3fb840 Splash Screen ai.eliza.plugins.websiteblocker.test (client)' was disposed without first being removed with the input manager!
06-30 01:34:54.568  1171  1171 D SearchTargetUtil:  query= size=15
06-30 01:34:54.568  1171  1171 D SearchTargetUtil: layoutType=short_icon_row resultType=131072 packageName=com.google.android.googlequicksearchbox extras=Bundle{suggestion_type=33,suggest_truncate_start=false,is_answer=false,is_entity=false,is_personal=false,suggest_raw_text=mtg banned restricted announcement,group_id=web3034498,response_id=641d96c3-d746-4704-acc3-9cd7175d8094,support_query_builder=false,} searchAction=mtg banned restricted announcement searchActionExtras=Bundle{learn_more_url=https://support.google.com/websearch/answer/106230?hl=106230,suggestion_action_text=Report this,should_start_for_result=true,allow_pinning=true,skip_logging_in_target_handler=false,suggestion_action_rpc=2,}ParentID: null targetID: 20ed1594-989f-465c-968c-59d82648d42c
06-30 01:34:54.568  1171  1171 D SearchTargetUtil: layoutType=short_icon_row resultType=131072 packageName=com.google.android.googlequicksearchbox extras=Bundle{suggestion_type=33,suggest_truncate_start=false,is_answer=false,is_entity=false,is_personal=false,suggest_raw_text=smores cold brew starbucks,group_id=web3034498,response_id=641d96c3-d746-4704-acc3-9cd7175d8094,support_query_builder=false,} searchAction=smores cold brew starbucks searchActionExtras=Bundle{learn_more_url=https://support.google.com/websearch/answer/106230?hl=106230,suggestion_action_text=Report this,should_start_for_result=true,allow_pinning=true,skip_logging_in_target_handler=false,suggestion_action_rpc=2,}ParentID: null targetID: 01da1600-b97a-42c2-92ef-e52fadc6e8ee
06-30 01:34:54.568  1171  1171 D SearchTargetUtil: layoutType=short_icon_row resultType=131072 packageName=com.google.android.googlequicksearchbox extras=Bundle{suggestion_type=33,suggest_truncate_start=false,is_answer=false,is_entity=false,is_personal=false,suggest_raw_text=cave,group_id=web3034498,response_id=641d96c3-d746-4704-acc3-9cd7175d8094,support_query_builder=false,} searchAction=cave searchActionExtras=Bundle{learn_more_url=https://support.google.com/websearch/answer/106230?hl=106230,suggestion_action_text=Report this,should_start_for_result=true,allow_pinning=true,skip_logging_in_target_handler=false,suggestion_action_rpc=2,}ParentID: null targetID: 9edc06e0-1ee2-4961-ad34-c7471d5e4867
06-30 01:34:54.568  1171  1171 D SearchTargetUtil: layoutType=short_icon_row resultType=131072 packageName=com.google.android.googlequicksearchbox extras=Bundle{suggestion_type=33,suggest_truncate_start=false,is_answer=false,is_entity=false,is_personal=false,suggest_raw_text=ultracold cesium atoms quantum state,group_id=web3034498,response_id=641d96c3-d746-4704-acc3-9cd7175d8094,support_query_builder=false,} searchAction=ultracold cesium atoms quantum state searchActionExtras=Bundle{learn_more_url=https://support.google.com/websearch/answer/106230?hl=106230,suggestion_action_text=Report this,should_start_for_result=true,allow_pinning=true,skip_logging_in_target_handler=false,suggestion_action_rpc=2,}ParentID: null targetID: f8a32589-fa0c-43c0-a33a-fc8fc41cf6ee
06-30 01:34:54.568  1171  1171 D SearchTargetUtil: layoutType=short_icon_row resultType=131072 packageName=com.google.android.googlequicksearchbox extras=Bundle{suggestion_type=33,suggest_truncate_start=false,is_answer=false,is_entity=false,is_personal=false,suggest_raw_text=warhammer july miniature of the month,group_id=web3034498,response_id=641d96c3-d746-4704-acc3-9cd7175d8094,support_query_builder=false,} searchAction=warhammer july miniature of the month searchActionExtras=Bundle{learn_more_url=https://support.google.com/websearch/answer/106230?hl=106230,suggestion_action_text=Report this,should_start_for_result=true,allow_pinning=true,skip_logging_in_target_handler=false,suggestion_action_rpc=2,}ParentID: null targetID: bc0b6df8-0fdc-44b0-bfdc-ebc3ca823baf
06-30 01:34:54.568  1171  1171 D SearchTargetUtil: layoutType=short_icon_row resultType=131072 packageName=com.google.android.googlequicksearchbox extras=Bundle{suggestion_type=33,suggest_truncate_start=false,is_answer=false,is_entity=false,is_personal=false,suggest_raw_text=jaron ennis vergil ortiz jr,group_id=web3034498,response_id=641d96c3-d746-4704-acc3-9cd7175d8094,support_query_builder=false,} searchAction=jaron ennis vergil ortiz jr searchActionExtras=Bundle{learn_more_url=https://support.google.com/websearch/answer/106230?hl=106230,suggestion_action_text=Report this,should_start_for_result=true,allow_pinning=true,skip_logging_in_target_handler=false,suggestion_action_rpc=2,}ParentID: null targetID: 1700ee2c-f762-45ee-80a6-3686caac5e83
06-30 01:34:54.568  1171  1171 D SearchTargetUtil: layoutType=short_icon_row resultType=131072 packageName=com.google.android.googlequicksearchbox extras=Bundle{suggestion_type=33,suggest_truncate_start=false,is_answer=false,is_entity=false,is_personal=false,suggest_raw_text=weather winter storm warning,group_id=web3034498,response_id=641d96c3-d746-4704-acc3-9cd7175d8094,support_query_builder=false,} searchAction=weather winter storm warning searchActionExtras=Bundle{learn_more_url=https://support.google.com/websearch/answer/106230?hl=106230,suggestion_action_text=Report this,should_start_for_result=true,allow_pinning=true,skip_logging_in_target_handler=false,suggestion_action_rpc=2,}ParentID: null targetID: 4848a043-e6ff-444f-8823-bf9a72efb70c
06-30 01:34:54.568  1171  1171 D SearchTargetUtil: layoutType=short_icon_row resultType=131072 packageName=com.google.android.googlequicksearchbox extras=Bundle{suggestion_type=33,suggest_truncate_start=false,is_answer=false,is_entity=false,is_personal=false,suggest_raw_text=comcast nbcuniversal spin off,group_id=web3034498,response_id=641d96c3-d746-4704-acc3-9cd7175d8094,support_query_builder=false,} searchAction=comcast nbcuniversal spin off searchActionExtras=Bundle{learn_more_url=https://support.google.com/websearch/answer/106230?hl=106230,suggestion_action_text=Report this,should_start_for_result=true,allow_pinning=true,skip_logging_in_target_handler=false,suggestion_action_rpc=2,}ParentID: null targetID: 34c7255f-df86-47d3-9304-6427c06b1b65
06-30 01:34:54.569  1171  1171 D SearchTargetUtil: layoutType=short_icon_row resultType=131072 packageName=com.google.android.googlequicksearchbox extras=Bundle{suggestion_type=33,suggest_truncate_start=false,is_answer=false,is_entity=false,is_personal=false,suggest_raw_text=jacqueline harpman book popularity,group_id=web3034498,response_id=641d96c3-d746-4704-acc3-9cd7175d8094,support_query_builder=false,} searchAction=jacqueline harpman book popularity searchActionExtras=Bundle{learn_more_url=https://support.google.com/websearch/answer/106230?hl=106230,suggestion_action_text=Report this,should_start_for_result=true,allow_pinning=true,skip_logging_in_target_handler=false,suggestion_action_rpc=2,}ParentID: null targetID: 118fe860-c911-4bfd-8827-4a53ff3e2a4f
06-30 01:34:54.569  1171  1171 D SearchTargetUtil: layoutType=short_icon_row resultType=131072 packageName=com.google.android.googlequicksearchbox extras=Bundle{suggestion_type=33,suggest_truncate_start=false,is_answer=false,is_entity=false,is_personal=false,suggest_raw_text=playstation plus monthly games,group_id=web3034498,response_id=641d96c3-d746-4704-acc3-9cd7175d8094,support_query_builder=false,} searchAction=playstation plus monthly games searchActionExtras=Bundle{learn_more_url=https://support.google.com/websearch/answer/106230?hl=106230,suggestion_action_text=Report this,should_start_for_result=true,allow_pinning=true,skip_logging_in_target_handler=false,suggestion_action_rpc=2,}ParentID: null targetID: b1c22e34-eff6-4ad8-b6a0-22e754967a88
06-30 01:34:54.569  1171  1171 D SearchTargetUtil: layoutType=short_icon_row resultType=131072 packageName=com.google.android.googlequicksearchbox extras=Bundle{suggestion_type=33,suggest_truncate_start=false,is_answer=false,is_entity=false,is_personal=false,suggest_raw_text=mt olivet baptist church lexington ky,group_id=web3034498,response_id=641d96c3-d746-4704-acc3-9cd7175d8094,support_query_builder=false,} searchAction=mt olivet baptist church lexington ky searchActionExtras=Bundle{learn_more_url=https://support.google.com/websearch/answer/106230?hl=106230,suggestion_action_text=Report this,should_start_for_result=true,allow_pinning=true,skip_logging_in_target_handler=false,suggestion_action_rpc=2,}ParentID: null targetID: eb9ac977-8b9c-4a79-9228-d46a6cde1224
06-30 01:34:54.569  1171  1171 D SearchTargetUtil: layoutType=short_icon_row resultType=131072 packageName=com.google.android.googlequicksearchbox extras=Bundle{suggestion_type=33,suggest_truncate_start=false,is_answer=false,is_entity=false,is_personal=false,suggest_raw_text=antarctica titanosaur fossil discovery,group_id=web3034498,response_id=641d96c3-d746-4704-acc3-9cd7175d8094,support_query_builder=false,} searchAction=antarctica titanosaur fossil discovery searchActionExtras=Bundle{learn_more_url=https://support.google.com/websearch/answer/106230?hl=106230,suggestion_action_text=Report this,should_start_for_result=true,allow_pinning=true,skip_logging_in_target_handler=false,suggestion_action_rpc=2,}ParentID: null targetID: 939d54ba-f087-434e-9c2d-6e53c6ea6fc7
06-30 01:34:54.569  1171  1171 D SearchTargetUtil: layoutType=short_icon_row resultType=131072 packageName=com.google.android.googlequicksearchbox extras=Bundle{suggestion_type=33,suggest_truncate_start=false,is_answer=false,is_entity=false,is_personal=false,suggest_raw_text=ea college football 27 early access,group_id=web3034498,response_id=641d96c3-d746-4704-acc3-9cd7175d8094,support_query_builder=false,} searchAction=ea college football 27 early access searchActionExtras=Bundle{learn_more_url=https://support.google.com/websearch/answer/106230?hl=106230,suggestion_action_text=Report this,should_start_for_result=true,allow_pinning=true,skip_logging_in_target_handler=false,suggestion_action_rpc=2,}ParentID: null targetID: 8ef13276-6fcf-4563-846b-e0dd74b45530
06-30 01:34:54.569  1171  1171 D SearchTargetUtil: layoutType=short_icon_row resultType=131072 packageName=com.google.android.googlequicksearchbox extras=Bundle{suggestion_type=33,suggest_truncate_start=false,is_answer=false,is_entity=false,is_personal=false,suggest_raw_text=july 2026 lego sets releases,group_id=web3034498,response_id=641d96c3-d746-4704-acc3-9cd7175d8094,support_query_builder=false,} searchAction=july 2026 lego sets releases searchActionExtras=Bundle{learn_more_url=https://support.google.com/websearch/answer/106230?hl=106230,suggestion_action_text=Report this,should_start_for_result=true,allow_pinning=true,skip_logging_in_target_handler=false,suggestion_action_rpc=2,}ParentID: null targetID: 8ca0da11-7df9-4fb3-a319-9609da51f564
06-30 01:34:54.569  1171  1171 D SearchTargetUtil: layoutType=short_icon_row resultType=131072 packageName=com.google.android.googlequicksearchbox extras=Bundle{suggestion_type=33,suggest_truncate_start=false,is_answer=false,is_entity=false,is_personal=false,suggest_raw_text=amazon prime settlement claim,group_id=web3034498,response_id=641d96c3-d746-4704-acc3-9cd7175d8094,support_query_builder=false,} searchAction=amazon prime settlement claim searchActionExtras=Bundle{learn_more_url=https://support.google.com/websearch/answer/106230?hl=106230,suggestion_action_text=Report this,should_start_for_result=true,allow_pinning=true,skip_logging_in_target_handler=false,suggestion_action_rpc=2,}ParentID: null targetID: 12c9ad17-2c2b-49bf-90b5-8707e8f013c2
06-30 01:34:54.818   893   893 D StatusBarIconController: ignoring old pipeline callbacks, because the new mobile icons are enabled
06-30 01:34:54.862   893  1028 D KeyguardService: setOccluded(false)
06-30 01:34:54.862   893  1028 D KeyguardViewMediator: setOccluded(false)
06-30 01:34:54.863   893   893 D KeyguardViewMediator: handleSetOccluded(false)
06-30 01:34:54.878 15145 15145 D LifecycleMonitor: Lifecycle status change: ai.eliza.plugins.websiteblocker.WebsiteBlockerShowcaseActivity@183286c in: STOPPED
06-30 01:34:54.879 15145 15145 V ActivityScenario: Update currentActivityStage to STOPPED, currentActivity=ai.eliza.plugins.websiteblocker.WebsiteBlockerShowcaseActivity@183286c
06-30 01:34:54.882 15145 15145 D LifecycleMonitor: Lifecycle status change: ai.eliza.plugins.websiteblocker.WebsiteBlockerShowcaseActivity@183286c in: DESTROYED
06-30 01:34:54.882 15145 15145 V ActivityScenario: Update currentActivityStage to DESTROYED, currentActivity=null
06-30 01:34:54.885   893   977 D EGL_emulation: app_time_stats: avg=68.67ms min=8.86ms max=410.17ms count=15
06-30 01:34:54.889 15145 15145 W WindowOnBackDispatcher: sendCancelIfRunning: isInProgress=falsecallback=android.view.ViewRootImpl$$ExternalSyntheticLambda17@1e01c46
06-30 01:34:54.891   549  2363 W InputManager-JNI: Input channel object 'a44dc0f ai.eliza.plugins.websiteblocker.test/ai.eliza.plugins.websiteblocker.WebsiteBlockerShowcaseActivity (client)' was disposed without first being removed with the input manager!
06-30 01:34:54.892 15145 15163 I TestRunner: finished: showcaseActivityRendersPersistedPolicy(ai.eliza.plugins.websiteblocker.WebsiteBlockerStateStoreInstrumentedTest)
