06-30 18:58:38.744 16517 16529 D CCodecConfig:   c2::u32 input.delay.value = 0
06-30 18:58:38.744 16517 16529 D CCodecConfig:   string input.media-type.value = "video/raw"
06-30 18:58:38.744 16517 16529 D CCodecConfig:   string output.media-type.value = "video/avc"
06-30 18:58:38.744 16517 16529 D CCodecConfig:   c2::u32 raw.color.matrix = 0
06-30 18:58:38.744 16517 16529 D CCodecConfig:   c2::u32 raw.color.primaries = 0
06-30 18:58:38.744 16517 16529 D CCodecConfig:   c2::u32 raw.color.range = 0
06-30 18:58:38.744 16517 16529 D CCodecConfig:   c2::u32 raw.color.transfer = 0
06-30 18:58:38.744 16517 16529 D CCodecConfig:   c2::u32 raw.size.height = 16
06-30 18:58:38.744 16517 16529 D CCodecConfig:   c2::u32 raw.size.width = 16
06-30 18:58:38.744 16517 16529 D CCodecConfig: }
06-30 18:58:38.744 16517 16529 W ColorUtils: expected specified color aspects (0:0:0:0)
06-30 18:58:38.760 16517 16517 D CodecSeeding: Seed: codec c2.android.avc.encoder, mediatype video/avc, overrideable 1
06-30 18:58:38.760 16517 16517 D CodecProperties: setTuningValue(vq-target-bpp,0)
06-30 18:58:38.760 16517 16517 D CodecProperties: setTuningValue(vq-target-bpp-1080p,1.90)
06-30 18:58:38.760 16517 16517 D CodecProperties: setTuningValue(vq-target-bpp-720p,2.25)
06-30 18:58:38.760 16517 16517 D CodecProperties: setTuningValue(vq-target-bpp-540p,2.65)
06-30 18:58:38.760 16517 16517 D CodecProperties: setTuningValue(vq-target-bpp-480p,3.00)
06-30 18:58:38.760 16517 16517 D CodecProperties: setTuningValue(vq-target-bpp-320x240,0)
06-30 18:58:38.760 16517 16517 D CodecProperties: setTuningValue(vq-target-qpmax,-1)
06-30 18:58:38.760 16517 16517 D CodecProperties: setTuningValue(vq-target-qpmax-1080p,45)
06-30 18:58:38.760 16517 16517 D CodecProperties: setTuningValue(vq-target-qpmax-720p,43)
06-30 18:58:38.760 16517 16517 D CodecProperties: setTuningValue(vq-target-qpmax-540p,42)
06-30 18:58:38.760 16517 16517 D CodecProperties: setTuningValue(vq-target-qpmax-480p,38)
06-30 18:58:38.760 16517 16517 D CodecProperties: setTuningValue(vq-bitrate-phaseout,1.75)
06-30 18:58:38.761 16517 16517 D CodecProperties: setTuningValue(vq-boost-missing-qp,0.20)
06-30 18:58:38.761 16517 16517 D CodecProperties: setFeatureValue(intra-refresh,0)
06-30 18:58:38.761 16517 16517 D CodecProperties: setFeatureValue(qp-bounds,0)
06-30 18:58:38.761 16517 16517 D CodecProperties: setFeatureValue(_vq_eligible.device,1)
06-30 18:58:38.761 16517 16517 D CodecProperties: setFeatureValue(_quality.target,1)
06-30 18:58:38.761 16517 16517 D CodecSeeding: Seed: codec c2.android.avc.encoder, mediatype video/avc, overrideable 0
06-30 18:58:38.761 16517 16517 D MediaCodec: shapeMediaFormat: deltas(1): AMessage(what = 0x00000000) = {
06-30 18:58:38.761 16517 16517 D MediaCodec:     int32_t android._encoding-quality-level = 0
06-30 18:58:38.761 16517 16517 D MediaCodec:   }
06-30 18:58:38.761 16517 16528 D MediaCodec: flushMediametrics
06-30 18:58:38.762 16517 16529 D CCodec  : [c2.android.avc.encoder] buffers are bound to CCodec for this session
06-30 18:58:38.763 16517 16529 D CCodecConfig: no c2 equivalents for color-format
06-30 18:58:38.764 16517 16529 D CCodecConfig: no c2 equivalents for max-bframes
06-30 18:58:38.764 16517 16529 D CCodecConfig: no c2 equivalents for flags
06-30 18:58:38.764 16517 16529 D CCodecConfig: no c2 equivalents for encoder
06-30 18:58:38.764 16517 16529 D CCodecConfig: c2 config diff is   c2::u32 coded.bitrate.value = 4000000
06-30 18:58:38.764 16517 16529 D CCodecConfig:   c2::float coded.frame-rate.value = 60
06-30 18:58:38.764 16517 16529 D CCodecConfig:   c2::i64 coding.sync-frame-interval.value = 10000000
06-30 18:58:38.764 16517 16529 D CCodecConfig:   c2::u32 raw.size.height = 640
06-30 18:58:38.764 16517 16529 D CCodecConfig:   c2::u32 raw.size.width = 320
06-30 18:58:38.765 16517 16529 W ColorUtils: expected specified color aspects (0:0:0:0)
06-30 18:58:38.767 16517 16529 D CCodec  : encoding statistics level = 0
06-30 18:58:38.767 16517 16529 D CCodec  : setup formats input: AMessage(what = 0x00000000) = {
06-30 18:58:38.767 16517 16529 D CCodec  :   Rect crop(0, 0, 319, 639)
06-30 18:58:38.767 16517 16529 D CCodec  :   int32_t color-standard = 0
06-30 18:58:38.767 16517 16529 D CCodec  :   int32_t color-range = 0
06-30 18:58:38.767 16517 16529 D CCodec  :   int32_t color-transfer = 0
06-30 18:58:38.767 16517 16529 D CCodec  :   int32_t frame-rate = 60
06-30 18:58:38.767 16517 16529 D CCodec  :   int32_t height = 640
06-30 18:58:38.767 16517 16529 D CCodec  :   int32_t intra-refresh-period = 0
06-30 18:58:38.767 16517 16529 D CCodec  :   string mime = "video/raw"
06-30 18:58:38.767 16517 16529 D CCodec  :   int32_t video-qp-average = 0
06-30 18:58:38.767 16517 16529 D CCodec  :   int32_t width = 320
06-30 18:58:38.767 16517 16529 D CCodec  :   int32_t android._dataspace = 0
06-30 18:58:38.767 16517 16529 D CCodec  :   int32_t using-sw-read-often = 1
06-30 18:58:38.767 16517 16529 D CCodec  :   int64_t android._C2MemoryUsage = 1
06-30 18:58:38.767 16517 16529 D CCodec  :   int32_t color-format = 2130708361
06-30 18:58:38.767 16517 16529 D CCodec  :   int32_t android._color-format = 2130708361
06-30 18:58:38.767 16517 16529 D CCodec  : }
06-30 18:58:38.767 16517 16529 D CCodec  : setup formats output: AMessage(what = 0x00000000) = {
06-30 18:58:38.767 16517 16529 D CCodec  :   int32_t bitrate = 4000000
06-30 18:58:38.767 16517 16529 D CCodec  :   Rect crop(0, 0, 319, 639)
06-30 18:58:38.767 16517 16529 D CCodec  :   int32_t color-standard = 0
06-30 18:58:38.767 16517 16529 D CCodec  :   int32_t color-range = 0
06-30 18:58:38.767 16517 16529 D CCodec  :   int32_t color-transfer = 0
06-30 18:58:38.767 16517 16529 D CCodec  :   int32_t frame-rate = 60
06-30 18:58:38.767 16517 16529 D CCodec  :   int32_t height = 640
06-30 18:58:38.767 16517 16529 D CCodec  :   int32_t intra-refresh-period = 0
06-30 18:58:38.767 16517 16529 D CCodec  :   int32_t level = 4096
06-30 18:58:38.767 16517 16529 D CCodec  :   int32_t max-bitrate = 4000000
06-30 18:58:38.767 16517 16529 D CCodec  :   string mime = "video/avc"
06-30 18:58:38.767 16517 16529 D CCodec  :   int32_t profile = 65536
06-30 18:58:38.767 16517 16529 D CCodec  :   int32_t video-qp-average = 0
06-30 18:58:38.767 16517 16529 D CCodec  :   int32_t width = 320
06-30 18:58:38.767 16517 16529 D CCodec  : }
06-30 18:58:38.769 16517 16529 I CCodecConfig: query failed after returning 13 values (BAD_INDEX)
06-30 18:58:38.770 16517 16529 D CCodec  : input format changed to AMessage(what = 0x00000000) = {
06-30 18:58:38.770 16517 16529 D CCodec  :   Rect crop(0, 0, 319, 639)
06-30 18:58:38.770 16517 16529 D CCodec  :   int32_t color-standard = 4
06-30 18:58:38.770 16517 16529 D CCodec  :   int32_t color-range = 2
06-30 18:58:38.770 16517 16529 D CCodec  :   int32_t color-transfer = 3
06-30 18:58:38.770 16517 16529 D CCodec  :   int32_t frame-rate = 60
06-30 18:58:38.770 16517 16529 D CCodec  :   int32_t height = 640
06-30 18:58:38.770 16517 16529 D CCodec  :   int32_t intra-refresh-period = 0
06-30 18:58:38.770 16517 16529 D CCodec  :   string mime = "video/raw"
06-30 18:58:38.770 16517 16529 D CCodec  :   int32_t video-qp-average = 0
06-30 18:58:38.770 16517 16529 D CCodec  :   int32_t width = 320
06-30 18:58:38.770 16517 16529 D CCodec  :   int32_t android._dataspace = 259
06-30 18:58:38.770 16517 16529 D CCodec  :   int32_t using-sw-read-often = 1
06-30 18:58:38.770 16517 16529 D CCodec  :   int64_t android._C2MemoryUsage = 1
06-30 18:58:38.770 16517 16529 D CCodec  :   int32_t color-format = 2130708361
06-30 18:58:38.770 16517 16529 D CCodec  :   int32_t android._color-format = 2130708361
06-30 18:58:38.770 16517 16529 D CCodec  : }
06-30 18:58:38.771 16517 16529 D GraphicBufferSource: setting dataspace: 0x103, acquired=0
06-30 18:58:38.771 16517 16529 D CCodec  : ISConfig not changed
06-30 18:58:38.773 16517 16529 W Codec2Client: query -- param skipped: index = 1342179345.
06-30 18:58:38.773 16517 16529 W Codec2Client: query -- param skipped: index = 2415921170.
06-30 18:58:38.773 16517 16529 D CCodecBufferChannel: [c2.android.avc.encoder#881] Using basic input block pool with poolID 1 => got 1 - OK (0)
06-30 18:58:38.774 16517 16529 D C2Store : Using DMABUF Heaps
06-30 18:58:38.783 16517 16529 I CCodecBufferChannel: [c2.android.avc.encoder#881] Created output block pool with allocatorID 16 => poolID 60 - OK
06-30 18:58:38.783 16517 16529 D CCodecBufferChannel: [c2.android.avc.encoder#881] Configured output block pool ids 60 => OK
06-30 18:58:38.787   467   823 W ResourceManagerService: Ignoring request to add new resource entry with value <= 0
06-30 18:58:38.791   545   554 I system_server: Background young concurrent copying GC freed 435502(19MB) AllocSpace objects, 177(3760KB) LOS objects, 44% free, 28MB/51MB, paused 115us,146us total 101.471ms
06-30 18:58:38.811   424   424 W SurfaceFlinger: Invalid layer stack -1
06-30 18:58:38.842  1490 13994 I MediaProvider: Deleted 0 0 0 1 0 0 0 items on external_primary due to com.android.shell
06-30 18:58:39.079     0     0 I servicemanager: Could not find android.hardware.graphics.allocator.IAllocator/default in the VINTF manifest.
06-30 18:58:38.856   162   162 I hwservicemanager: getTransport: Cannot find entry android.hardware.graphics.mapper@4.0::IMapper/default in either framework or device VINTF manifest.
06-30 18:58:38.857 16517 16527 I Gralloc4: mapper 4.x is not supported
06-30 18:58:38.863  1490 20500 W MediaProvider: isAppCloneUserPair for user 0: false
06-30 18:58:38.869 16517 16517 D MPEG4Writer: PreAllocation enabled
06-30 18:58:38.880  1184 16535 I NetworkScheduler.Stats: Task com.google.android.gms/com.google.android.gms.ipa.base.IpaGcmTaskService started execution. cause:9 exec_start_elapsed_seconds: 54849 [CONTEXT service_id=218 ]
06-30 18:58:38.905  1184 16233 I NetworkScheduler.Stats: Task com.google.android.gms/com.google.android.gms.ipa.base.IpaGcmTaskService finished executing. cause:9 result: 1 elapsed_millis: 29 uptime_millis: 29 exec_start_elapsed_seconds: 54849 [CONTEXT service_id=218 ]
06-30 18:58:38.992 16517 16527 D GraphicBufferSource: got buffer with new dataSpace #103
06-30 18:58:38.992 16517 16527 D C2OMXNode: dataspace changed to 0x103 pixel format: 0x1
06-30 18:58:38.994   162   162 I hwservicemanager: getTransport: Cannot find entry android.hardware.graphics.mapper@4.0::IMapper/default in either framework or device VINTF manifest.
06-30 18:58:39.009   473 16534 D SimpleC2Component: Using output block pool with poolID 60 => got 60 - 0
06-30 18:58:39.010   473 16534 D SimpleC2Component: applied 2 configUpdates => BAD_INDEX (6)
06-30 18:58:39.011   473 16534 D C2SoftAvcEnc: Params width 320 height 640 level 41 colorFormat 0 bframes 0
06-30 18:58:39.025 16339 16380 D Capacitor: Handling local request: https://localhost/api/vision/capture-requests
06-30 18:58:39.028 16339 16382 D Capacitor: Handling local request: https://localhost/brand/favicons/favicon.ico
06-30 18:58:39.029 16339 16380 D Capacitor: Handling local request: https://localhost/brand/favicons/favicon-32x32.png
06-30 18:58:39.030 16339 16382 D Capacitor: Handling local request: https://localhost/brand/favicons/favicon.svg
06-30 18:58:39.030 16339 16379 D Capacitor: Handling local request: https://localhost/brand/favicons/favicon-16x16.png
06-30 18:58:39.041   473 16534 E C2SoftAvcEnc: Unable to set air params = 0x1ad
06-30 18:58:39.150 16517 16529 D CCodecConfig: c2 config diff is   Buffer coded.init-data.value = {
06-30 18:58:39.150 16517 16529 D CCodecConfig:     00000000:  00 00 00 01 67 42 c0 29  8d 68 14 05 1a 42 0c 02  ....gB.).h...B..
06-30 18:58:39.150 16517 16529 D CCodecConfig:     00000010:  0c 0f 08 84 6a 00 00 00  01 68 ce 01 a8 35 c8     ....j....h...5.
06-30 18:58:39.150 16517 16529 D CCodecConfig:   }
06-30 18:58:39.156 16517 16517 D MPEG4Writer: fpathconf _PC_FILESIZEBITS:64
06-30 18:58:39.156 16517 16517 D MPEG4Writer: File size limit set to 4503599627370495 bytes implicitly
06-30 18:58:39.157 16517 16517 D MPEG4Writer: MP4WtrCtrlHlpLooper Started
06-30 18:58:39.157 16517 16517 I MPEG4Writer: limits: 4503599627370495/0 bytes/us, bit rate: -1 bps and the estimated moov size 3192 bytes
06-30 18:58:39.172 16517 16554 I MPEG4Writer: setStartTimestampUs: 54849246241
06-30 18:58:39.172 16517 16554 I MPEG4Writer: Earliest track starting time: 54849246241
06-30 18:58:39.200   764   764 D StatusBarIconController: ignoring old pipeline callbacks, because the new mobile icons are enabled
06-30 18:58:39.639 16381 16401 I chromium: [INFO:audio_latency.cc(179)] audioHardwareBufferSize = 4360
06-30 18:58:39.643 16339 16364 D EGL_emulation: app_time_stats: avg=19.20ms min=6.45ms max=36.92ms count=35
06-30 18:58:39.714 16339 16399 I AAudio  : AAudioStreamBuilder_openStream() called ----------------------------------------
06-30 18:58:39.715 16339 16399 I AudioStreamBuilder: rate   =  48000, channels  = 2, channelMask = 0x80000003, format   = 5, sharing = SH, dir = OUTPUT
06-30 18:58:39.715 16339 16399 I AudioStreamBuilder: device =      0, sessionId = -1, perfMode = 12, callback: ON with frames = 4360
06-30 18:58:39.716 16339 16399 I AudioStreamBuilder: usage  =      1, contentType = 0, inputPreset = 0, allowedCapturePolicy = 0
06-30 18:58:39.716 16339 16399 I AudioStreamBuilder: privacy sensitive = false, opPackageName = (null), attributionTag = (null)
06-30 18:58:39.717 16339 16399 D ai.elizaos.app: PlayerBase::PlayerBase()
06-30 18:58:39.718 16339 16399 D AudioStreamTrack: open(), request notificationFrames = -8, frameCount = 0
06-30 18:58:39.725   420  2272 W AudioFlinger: createTrack_l(): mismatch between requested flags (00000104) and output flags (00000002)
06-30 18:58:39.726   420  2272 D AudioFlinger: Client defaulted notificationFrames to 960 for frameCount 4360
06-30 18:58:39.728   420  2272 D AF::TrackHandle: OpPlayAudio: track:61 usage:1 not muted
06-30 18:58:39.748 16339 16399 D AudioStreamTrack: open() flags changed from 0x00000104 to 0x00000000
06-30 18:58:39.748 16339 16399 D AudioStreamTrack: open() perfMode changed from 12 to 10
06-30 18:58:39.748 16339 16399 D AAudioStream: setState(s#1) from 0 to 2
06-30 18:58:39.752 16339 16399 I AAudio  : AAudioStreamBuilder_openStream() returns 0 = AAUDIO_OK for s#1 ----------------
06-30 18:58:39.756 16339 16399 D AAudio  : AAudioStream_requestStart(s#1) called --------------
06-30 18:58:39.756 16339 16399 D AAudioStream: setState(s#1) from 2 to 3
06-30 18:58:39.767   420   859 D audioserver: FGS Logger Transaction failed
06-30 18:58:39.767   420   859 D audioserver: -129
06-30 18:58:39.772 16339 16359 D AudioStreamLegacy: onAudioDeviceUpdate(deviceId = 2)
06-30 18:58:39.773 16339 16399 D AAudio  : AAudioStream_requestStart(s#1) returned 0 ---------
06-30 18:58:39.775 16339 16641 D AAudioStream: setState(s#1) from 3 to 4
06-30 18:58:39.832   420   513 D AudioFlinger: mixer(0x74a0f0cfc930) throttle end: throttle time(11)
06-30 18:58:39.884 16339 16379 D Capacitor: Handling local request: https://localhost/api/computer-use/approvals
06-30 18:58:39.886   420   513 D AudioFlinger: mixer(0x74a0f0cfc930) throttle end: throttle time(8)
06-30 18:58:40.239     0     0 W healthd : battery l=100 v=5000 t=25.0 h=2 st=2 c=900000 fc=3000000 cc=10 chg=a
06-30 18:58:40.063 16339 16379 D Capacitor: Handling local request: https://localhost/api/status
06-30 18:58:40.508   545   631 D ActivityManager: freezing 7579 com.google.android.webview:webview_service
06-30 18:58:40.515 16339 16339 W ai.elizaos.app: Accessing hidden method Landroid/view/MotionEvent;->getEventTimeNano()J (unsupported, reflection, allowed)
06-30 18:58:40.517  1251  1251 D TaplEvents: TIS / TouchInteractionService.onInputEvent: MotionEvent { action=ACTION_DOWN, actionButton=0, id[0]=0, x[0]=160.0, y[0]=591.0, toolType[0]=TOOL_TYPE_FINGER, buttonState=0, classification=NONE, metaState=0, flags=0x0, edgeFlags=0x0, pointerCount=1, historySize=0, eventTime=54850752, downTime=54850752, deviceId=-1, source=0x1002, displayId=0, eventId=-525056805 }
06-30 18:58:40.529 16339 16380 D Capacitor: Handling local request: https://localhost/api/vision/capture-requests
06-30 18:58:40.657 16339 16364 D EGL_emulation: app_time_stats: avg=18.09ms min=4.76ms max=82.46ms count=45
06-30 18:58:40.781  1251  1251 D TaplEvents: TIS / TouchInteractionService.onInputEvent: MotionEvent { action=ACTION_UP, actionButton=0, id[0]=0, x[0]=10.0, y[0]=585.0, toolType[0]=TOOL_TYPE_FINGER, buttonState=0, classification=NONE, metaState=0, flags=0x0, edgeFlags=0x0, pointerCount=1, historySize=0, eventTime=54851032, downTime=54850752, deviceId=-1, source=0x1002, displayId=0, eventId=-822012453 }
06-30 18:58:41.384   764   764 D StatusBarIconController: ignoring old pipeline callback because the new wifi icon is enabled
06-30 18:58:41.400 16339 16379 D Capacitor: Handling local request: https://localhost/api/computer-use/approvals
06-30 18:58:41.428   420   513 D AudioFlinger: mixer(0x74a0f0cfc930) throttle end: throttle time(2)
06-30 18:58:41.553 16339 16379 D Capacitor: Handling local request: https://localhost/api/status
06-30 18:58:41.644 16274 16276 I AidlLazyServiceRegistrar: Process has 0 (of 1 available) client(s) in use after notification artd has clients: 0
06-30 18:58:41.644 16274 16276 I AidlLazyServiceRegistrar: Trying to shut down the service. No clients in use for any service in process.
06-30 18:58:41.869     0     0 I servicemanager: Notifying artd they don't (previously: do) have clients when we now have no record of a client
06-30 18:58:41.871     0     0 I servicemanager: Unregistering artd
06-30 18:58:41.871     0     0 I BpBinder: onLastStrongRef automatically unlinking death recipients:
06-30 18:58:41.876     0     0 I init    : Service 'artd' (pid 16274) exited with status 0 oneshot service took 17.277000 seconds in background
06-30 18:58:41.880     0     0 I init    : Sending signal 9 to service 'artd' (pid 16274) process group...
06-30 18:58:41.646 16274 16276 I AidlLazyServiceRegistrar: Unregistered all clients and exiting
06-30 18:58:41.883     0     0 I libprocessgroup: Successfully killed process cgroup uid 1082 pid 16274 in 0ms
06-30 18:58:41.667 16339 16364 D EGL_emulation: app_time_stats: avg=22.52ms min=4.79ms max=176.95ms count=37
06-30 18:58:41.848 16339 16379 D Capacitor: Handling local request: https://localhost/api/apps/runs
06-30 18:58:41.962 16863 16863 W BpBinder: Linking to death on android.gui.ISurfaceComposer but there are no threads (yet?) listening to incoming transactions. See ProcessState::startThreadPool and ProcessState::setThreadPoolMaxThreadCount. Generally you should setup the binder threadpool before other initialization steps.
06-30 18:58:41.963 16863 16863 W ProcessState: Extra binder thread started, but 0 threads requested. Do not use *startThreadPool when zero threads are requested.
06-30 18:58:41.994   162   162 I hwservicemanager: getTransport: Cannot find entry android.hardware.graphics.mapper@4.0::IMapper/default in either framework or device VINTF manifest.
06-30 18:58:41.995 16863 16924 I Gralloc4: mapper 4.x is not supported
06-30 18:58:42.218     0     0 I servicemanager: Could not find android.hardware.graphics.allocator.IAllocator/default in the VINTF manifest.
06-30 18:58:42.014 16339 16379 D Capacitor: Handling local request: https://localhost/api/vision/capture-requests
