--------- beginning of main
06-30 17:46:28.333 31359 31397 D Capacitor: Handling local request: https://localhost/assets/TasksPageView-CqiNrWw0.js
06-30 17:46:28.337 31359 31397 D Capacitor: Handling local request: https://localhost/assets/TrajectoriesView-BCGChWpp.js
06-30 17:46:28.341 31359 31396 D Capacitor: Handling local request: https://localhost/assets/trajectory-format-D0hgw1gv.js
06-30 17:46:28.346 31359 31398 D Capacitor: Handling local request: https://localhost/assets/trajectory-sidebar-item-BuJ0khF6.js
06-30 17:46:28.358 31359 31396 D Capacitor: Handling local request: https://localhost/assets/TrajectoryDetailView-CHxsMlM6.js
06-30 17:46:28.392 31359 31359 I Capacitor/Console: File: https://localhost/assets/index-C4faXH1d.js - Line 196 - Msg: [renderer-build] 25556d71cefa built 2026-07-01T00:28:47.854Z (variant=direct, target=android)
06-30 17:46:28.398 31359 31399 D Capacitor: Handling local request: https://localhost/brand/favicons/favicon.ico
06-30 17:46:28.398 31359 31396 D Capacitor: Handling local request: https://localhost/brand/favicons/favicon-16x16.png
06-30 17:46:28.399 31359 31398 D Capacitor: Handling local request: https://localhost/brand/favicons/favicon-32x32.png
06-30 17:46:28.402 31359 31397 D Capacitor: Handling local request: https://localhost/brand/favicons/favicon.svg
06-30 17:46:28.417 31359 31359 I Capacitor/Console: File: https://localhost/assets/index-C4faXH1d.js - Line 455 - Msg: [shell] window shell mode: main (search="")
06-30 17:46:28.418 31359 31359 I Capacitor/Console: File:  - Line 349 - Msg: [object Object]
06-30 17:46:28.422 31359 31359 V Capacitor/Plugin: To native (Capacitor plugin): callbackId: 43827096, pluginId: Preferences, methodName: get
06-30 17:46:28.423 31359 31359 V Capacitor: callback: 43827096, pluginId: Preferences, methodName: get, methodData: {"key":"eliza:first-run-complete"}
06-30 17:46:28.449   893   893 D StatusBarIconController: ignoring old pipeline callback because the new wifi icon is enabled
06-30 17:46:28.465 31359 31359 I Capacitor/Console: File:  - Line 333 - Msg: {"value":null}
06-30 17:46:28.466 31359 31359 I Capacitor/Console: File:  - Line 349 - Msg: [object Object]
06-30 17:46:28.466 31359 31359 V Capacitor/Plugin: To native (Capacitor plugin): callbackId: 43827097, pluginId: Preferences, methodName: get
06-30 17:46:28.467 31359 31359 V Capacitor: callback: 43827097, pluginId: Preferences, methodName: get, methodData: {"key":"eliza.control.settings.v1"}
06-30 17:46:28.467 31359 31359 I Capacitor/Console: File:  - Line 349 - Msg: [object Object]
06-30 17:46:28.467 31359 31359 V Capacitor/Plugin: To native (Capacitor plugin): callbackId: 43827098, pluginId: Preferences, methodName: get
06-30 17:46:28.467 31359 31359 V Capacitor: callback: 43827098, pluginId: Preferences, methodName: get, methodData: {"key":"eliza.device.identity"}
06-30 17:46:28.468 31359 31359 I Capacitor/Console: File:  - Line 349 - Msg: [object Object]
06-30 17:46:28.468 31359 31359 V Capacitor/Plugin: To native (Capacitor plugin): callbackId: 43827099, pluginId: Preferences, methodName: get
06-30 17:46:28.468 31359 31359 V Capacitor: callback: 43827099, pluginId: Preferences, methodName: get, methodData: {"key":"eliza.device.auth"}
06-30 17:46:28.469 31359 31359 I Capacitor/Console: File:  - Line 349 - Msg: [object Object]
06-30 17:46:28.469 31359 31359 V Capacitor/Plugin: To native (Capacitor plugin): callbackId: 43827100, pluginId: Preferences, methodName: get
06-30 17:46:28.469 31359 31359 V Capacitor: callback: 43827100, pluginId: Preferences, methodName: get, methodData: {"key":"elizaos:active-server"}
06-30 17:46:28.470 31359 31359 I Capacitor/Console: File:  - Line 349 - Msg: [object Object]
06-30 17:46:28.470 31359 31359 V Capacitor/Plugin: To native (Capacitor plugin): callbackId: 43827101, pluginId: Preferences, methodName: get
06-30 17:46:28.470 31359 31359 V Capacitor: callback: 43827101, pluginId: Preferences, methodName: get, methodData: {"key":"eliza:first-run-complete"}
06-30 17:46:28.470 31359 31359 I Capacitor/Console: File:  - Line 349 - Msg: [object Object]
06-30 17:46:28.471 31359 31359 V Capacitor/Plugin: To native (Capacitor plugin): callbackId: 43827102, pluginId: Preferences, methodName: get
06-30 17:46:28.471 31359 31359 V Capacitor: callback: 43827102, pluginId: Preferences, methodName: get, methodData: {"key":"eliza:setup:step"}
06-30 17:46:28.471 31359 31359 I Capacitor/Console: File:  - Line 349 - Msg: [object Object]
06-30 17:46:28.471 31359 31359 V Capacitor/Plugin: To native (Capacitor plugin): callbackId: 43827103, pluginId: Preferences, methodName: get
06-30 17:46:28.472 31359 31359 V Capacitor: callback: 43827103, pluginId: Preferences, methodName: get, methodData: {"key":"eliza:mobile-runtime-mode"}
06-30 17:46:28.472 31359 31359 I Capacitor/Console: File:  - Line 349 - Msg: [object Object]
06-30 17:46:28.472 31359 31359 V Capacitor/Plugin: To native (Capacitor plugin): callbackId: 43827104, pluginId: Preferences, methodName: get
06-30 17:46:28.472 31359 31359 V Capacitor: callback: 43827104, pluginId: Preferences, methodName: get, methodData: {"key":"eliza:chat:activeConversationId"}
06-30 17:46:28.473 31359 31359 I Capacitor/Console: File:  - Line 349 - Msg: [object Object]
06-30 17:46:28.473 31359 31359 V Capacitor/Plugin: To native (Capacitor plugin): callbackId: 43827105, pluginId: Preferences, methodName: get
06-30 17:46:28.473 31359 31359 V Capacitor: callback: 43827105, pluginId: Preferences, methodName: get, methodData: {"key":"eliza:ios-local-agent:conversations:v1"}
06-30 17:46:28.473 31359 31359 I Capacitor/Console: File:  - Line 349 - Msg: [object Object]
06-30 17:46:28.474 31359 31359 V Capacitor/Plugin: To native (Capacitor plugin): callbackId: 43827106, pluginId: Preferences, methodName: get
06-30 17:46:28.474 31359 31359 V Capacitor: callback: 43827106, pluginId: Preferences, methodName: get, methodData: {"key":"eliza:ios-local-agent:active-model:v1"}
06-30 17:46:28.475 31359 31359 I Capacitor/Console: File:  - Line 349 - Msg: [object Object]
06-30 17:46:28.476 31359 31359 V Capacitor/Plugin: To native (Capacitor plugin): callbackId: 43827107, pluginId: Preferences, methodName: get
06-30 17:46:28.476 31359 31359 V Capacitor: callback: 43827107, pluginId: Preferences, methodName: get, methodData: {"key":"eliza:ios-local-agent:assignments:v1"}
06-30 17:46:28.476 31359 31359 I Capacitor/Console: File:  - Line 349 - Msg: [object Object]
06-30 17:46:28.477 31359 31359 V Capacitor/Plugin: To native (Capacitor plugin): callbackId: 43827108, pluginId: Preferences, methodName: get
06-30 17:46:28.477 31359 31359 V Capacitor: callback: 43827108, pluginId: Preferences, methodName: get, methodData: {"key":"eliza:ios-local-agent:browser-workspace:v1"}
06-30 17:46:28.478 31359 31359 I Capacitor/Console: File:  - Line 349 - Msg: [object Object]
06-30 17:46:28.478 31359 31359 V Capacitor/Plugin: To native (Capacitor plugin): callbackId: 43827109, pluginId: Preferences, methodName: get
06-30 17:46:28.479 31359 31359 V Capacitor: callback: 43827109, pluginId: Preferences, methodName: get, methodData: {"key":"eliza:ios-local-agent:wallet-market-overview:v1"}
06-30 17:46:28.479 31359 31359 I Capacitor/Console: File:  - Line 349 - Msg: [object Object]
06-30 17:46:28.480 31359 31359 V Capacitor/Plugin: To native (Capacitor plugin): callbackId: 43827110, pluginId: Preferences, methodName: get
06-30 17:46:28.480 31359 31359 V Capacitor: callback: 43827110, pluginId: Preferences, methodName: get, methodData: {"key":"eliza:ios-local-agent:eliza-1-bundles:v1"}
06-30 17:46:28.480 31359 31359 I Capacitor/Console: File:  - Line 349 - Msg: [object Object]
06-30 17:46:28.481 31359 31359 V Capacitor/Plugin: To native (Capacitor plugin): callbackId: 43827111, pluginId: Preferences, methodName: get
06-30 17:46:28.481 31359 31359 V Capacitor: callback: 43827111, pluginId: Preferences, methodName: get, methodData: {"key":"eliza:ios-full-bun-smoke:request"}
06-30 17:46:28.481 31359 31359 I Capacitor/Console: File:  - Line 349 - Msg: [object Object]
06-30 17:46:28.482 31359 31359 V Capacitor/Plugin: To native (Capacitor plugin): callbackId: 43827112, pluginId: Preferences, methodName: get
06-30 17:46:28.482 31359 31359 V Capacitor: callback: 43827112, pluginId: Preferences, methodName: get, methodData: {"key":"eliza:ios-full-bun-smoke:result"}
06-30 17:46:28.482 31359 31359 I Capacitor/Console: File:  - Line 349 - Msg: [object Object]
06-30 17:46:28.483 31359 31359 V Capacitor/Plugin: To native (Capacitor plugin): callbackId: 43827113, pluginId: Preferences, methodName: get
06-30 17:46:28.483 31359 31359 V Capacitor: callback: 43827113, pluginId: Preferences, methodName: get, methodData: {"key":"eliza:ios-onboarding-smoke:request"}
06-30 17:46:28.484 31359 31359 I Capacitor/Console: File:  - Line 349 - Msg: [object Object]
06-30 17:46:28.484 31359 31359 V Capacitor/Plugin: To native (Capacitor plugin): callbackId: 43827114, pluginId: Preferences, methodName: get
06-30 17:46:28.484 31359 31359 V Capacitor: callback: 43827114, pluginId: Preferences, methodName: get, methodData: {"key":"eliza:ios-onboarding-smoke:result"}
--------- beginning of system
06-30 17:46:28.567   549  1291 D CompatibilityChangeReporter: Compat change id reported: 161252188; UID 10234; state: DISABLED
06-30 17:46:28.567   549  1291 W ActivityTaskManager: callingPackage for (uid=2000, pid=31478) has no WPC
06-30 17:46:28.570   549  1291 I ActivityTaskManager: START u0 {flg=0x10000000 cmp=ai.elizaos.app/.MainActivity} with LAUNCH_SINGLE_TASK from uid 2000 (BAL_ALLOW_PERMISSION) result code=3
06-30 17:46:28.571   893   935 V WindowManagerShell: Transition requested: android.os.BinderProxy@6955248 TransitionRequestInfo { type = OPEN, triggerTask = TaskInfo{userId=0 taskId=81 displayId=0 isRunning=true baseIntent=Intent { flg=0x10000000 cmp=ai.elizaos.app/.MainActivity } baseActivity=ComponentInfo{ai.elizaos.app/ai.elizaos.app.MainActivity} topActivity=ComponentInfo{ai.elizaos.app/ai.elizaos.app.MainActivity} origActivity=null realActivity=ComponentInfo{ai.elizaos.app/ai.elizaos.app.MainActivity} numActivities=1 lastActiveTime=63679570 supportsMultiWindow=true resizeMode=1 isResizeable=true minWidth=-1 minHeight=-1 defaultMinSize=220 token=WCT{android.window.IWindowContainerToken$Stub$Proxy@85628e1} topActivityType=1 pictureInPictureParams=null shouldDockBigOverlays=false launchIntoPipHostTaskId=-1 lastParentTaskIdBeforePip=-1 displayCutoutSafeInsets=Rect(0, 128 - 0, 0) topActivityInfo=ActivityInfo{c2a2606 ai.elizaos.app.MainActivity} launchCookies=[] positionInParent=Point(0, 0) parentTaskId=-1 isFocused=true isVisible=true isVisibleRequested=true isSleeping=false topActivityInSizeCompat=false topActivityEligibleForLetterboxEducation= false topActivityLetterboxed= false isFromDoubleTap= false topActivityLetterboxVerticalPosition= -1 topActivityLetterboxHorizontalPosition= -1 topActivityLetterboxWidth=-1 topActivityLetterboxHeight=-1 locusId=null displayAreaFeatureId=1 cameraCompatControlState=hidden}, remoteTransition = null, displayChange = null }
06-30 17:46:28.572   893   935 D WindowManagerShell: onActivityRestartAttempt: ComponentInfo{ai.elizaos.app/ai.elizaos.app.MainActivity}
06-30 17:46:28.573   893   935 V WindowManagerShell: onTransitionReady android.os.BinderProxy@6955248: {id=288 t=OPEN f=0x0 trk=0 r=[] c=[]}
06-30 17:46:28.573   893   935 V WindowManagerShell: No transition roots in (#288)android.os.BinderProxy@6955248@0 so abort
06-30 17:46:28.573   549   568 V WindowManager: Sent Transition #288 createdAt=06-30 17:46:28.569 via request=TransitionRequestInfo { type = OPEN, triggerTask = TaskInfo{userId=0 taskId=81 displayId=0 isRunning=true baseIntent=Intent { flg=0x10000000 cmp=ai.elizaos.app/.MainActivity } baseActivity=ComponentInfo{ai.elizaos.app/ai.elizaos.app.MainActivity} topActivity=ComponentInfo{ai.elizaos.app/ai.elizaos.app.MainActivity} origActivity=null realActivity=ComponentInfo{ai.elizaos.app/ai.elizaos.app.MainActivity} numActivities=1 lastActiveTime=63679570 supportsMultiWindow=true resizeMode=1 isResizeable=true minWidth=-1 minHeight=-1 defaultMinSize=220 token=WCT{RemoteToken{88bdff Task{b63f9c #81 type=standard A=10234:ai.elizaos.app}}} topActivityType=1 pictureInPictureParams=null shouldDockBigOverlays=false launchIntoPipHostTaskId=-1 lastParentTaskIdBeforePip=-1 displayCutoutSafeInsets=Rect(0, 128 - 0, 0) topActivityInfo=ActivityInfo{656c7cc ai.elizaos.app.MainActivity} launchCookies=[] positionInParent=Point(0, 0) parentTaskId=-1 isFocused=true isVisible=true isVisibleRequested=true isSleeping=false topActivityInSizeCompat=false topActivityEligibleForLetterboxEducation= false topActivityLetterboxed= false isFromDoubleTap= false topActivityLetterboxVerticalPosition= -1 topActivityLetterboxHorizontalPosition= -1 topActivityLetterboxWidth=-1 topActivityLetterboxHeight=-1 locusId=null displayAreaFeatureId=1 cameraCompatControlState=hidden}, remoteTransition = null, displayChange = null }
06-30 17:46:28.573   549   568 V WindowManager:     startWCT=WindowContainerTransaction { changes = {} hops = [] errorCallbackToken=null taskFragmentOrganizer=null }
06-30 17:46:28.573   893   935 V WindowManagerShell: Transition animation finished (aborted=true), notifying core (#288)android.os.BinderProxy@6955248@0
06-30 17:46:28.573   549   568 V WindowManager:     info={id=288 t=OPEN f=0x0 trk=0 r=[] c=[]}
06-30 17:46:28.574   549   568 V WindowManager: Finish Transition #288: created at 06-30 17:46:28.569 collect-started=0.045ms request-sent=1.425ms started=2.913ms ready=2.894ms sent=3.884ms finished=5.391ms
06-30 17:46:28.575   893   935 V WindowManagerShell: Track 0 became idle
06-30 17:46:28.575   893   935 V WindowManagerShell: All active transition animations finished
06-30 17:46:28.621 31359 31359 I Capacitor/Console: File:  - Line 333 - Msg: {"value":null}
06-30 17:46:28.621 31359 31359 I Capacitor/Console: File:  - Line 333 - Msg: {"value":null}
06-30 17:46:28.621 31359 31359 I Capacitor/Console: File:  - Line 333 - Msg: {"value":null}
06-30 17:46:28.621 31359 31359 I Capacitor/Console: File:  - Line 333 - Msg: {"value":null}
06-30 17:46:28.622 31359 31359 I Capacitor/Console: File:  - Line 333 - Msg: {"value":null}
06-30 17:46:28.622 31359 31359 I Capacitor/Console: File:  - Line 333 - Msg: {"value":null}
06-30 17:46:28.622 31359 31359 I Capacitor/Console: File:  - Line 333 - Msg: {"value":null}
06-30 17:46:28.622 31359 31359 I Capacitor/Console: File:  - Line 333 - Msg: {"value":null}
06-30 17:46:28.622 31359 31359 I Capacitor/Console: File:  - Line 333 - Msg: {"value":null}
06-30 17:46:28.623 31359 31359 I Capacitor/Console: File:  - Line 333 - Msg: {"value":null}
06-30 17:46:28.623 31359 31359 I Capacitor/Console: File:  - Line 333 - Msg: {"value":null}
06-30 17:46:28.623 31359 31359 I Capacitor/Console: File:  - Line 333 - Msg: {"value":null}
06-30 17:46:28.623 31359 31359 I Capacitor/Console: File:  - Line 333 - Msg: {"value":null}
06-30 17:46:28.623 31359 31359 I Capacitor/Console: File:  - Line 333 - Msg: {"value":null}
06-30 17:46:28.623 31359 31359 I Capacitor/Console: File:  - Line 333 - Msg: {"value":null}
06-30 17:46:28.624 31359 31359 I Capacitor/Console: File:  - Line 333 - Msg: {"value":null}
06-30 17:46:28.644 31359 31396 D Capacitor: Handling local request: https://localhost/assets/index-MSPkt2mZ.js
06-30 17:46:28.727   549  3389 E TaskPersister: File error accessing recents directory (directory doesn't exist?).
06-30 17:46:28.730 31359 31396 D Capacitor: Handling local request: https://localhost/api/first-run/status
06-30 17:46:28.755 31359 31359 I Capacitor/Console: File:  - Line 333 - Msg: {"value":null}
06-30 17:46:28.755 31359 31359 I Capacitor/Console: File:  - Line 333 - Msg: {"value":null}
06-30 17:46:28.756 31359 31359 I Capacitor/Console: File:  - Line 349 - Msg: [object Object]
06-30 17:46:28.757 31359 31359 V Capacitor/Plugin: To native (Capacitor plugin): callbackId: 43827115, pluginId: Preferences, methodName: get
06-30 17:46:28.757 31359 31359 V Capacitor: callback: 43827115, pluginId: Preferences, methodName: get, methodData: {"key":"eliza:ios-full-bun-smoke:request"}
06-30 17:46:28.762 31359 31359 V Capacitor/AppPlugin: Notifying listeners for event pause
06-30 17:46:28.762 31359 31359 D Capacitor/AppPlugin: No listeners found for event pause
06-30 17:46:28.770 31359 31359 D Capacitor: App paused
06-30 17:46:28.771 31359 31359 D Capacitor/AppPlugin: Firing change: true
06-30 17:46:28.772 31359 31359 V Capacitor/AppPlugin: Notifying listeners for event appStateChange
06-30 17:46:28.772 31359 31359 D Capacitor/AppPlugin: No listeners found for event appStateChange
06-30 17:46:28.772 31359 31359 V Capacitor/AppPlugin: Notifying listeners for event resume
06-30 17:46:28.772 31359 31359 D Capacitor/AppPlugin: No listeners found for event resume
06-30 17:46:28.773   549  1291 D ConnectivityService: requestNetwork for uid/pid:10234/31359 activeRequest: null callbackRequest: 2125 [NetworkRequest [ REQUEST id=2126, [ Capabilities: INTERNET&NOT_RESTRICTED&TRUSTED&NOT_VCN_MANAGED Uid: 10234 RequestorUid: 10234 RequestorPkg: ai.elizaos.app UnderlyingNetworks: Null] ]] callback flags: 0 order: 2147483647
06-30 17:46:28.775   549   818 D WifiNetworkFactory: got request NetworkRequest [ REQUEST id=2126, [ Capabilities: INTERNET&NOT_RESTRICTED&TRUSTED&NOT_VCN_MANAGED Uid: 10234 RequestorUid: 10234 RequestorPkg: ai.elizaos.app UnderlyingNetworks: Null] ]
06-30 17:46:28.775   549   818 D UntrustedWifiNetworkFactory: got request NetworkRequest [ REQUEST id=2126, [ Capabilities: INTERNET&NOT_RESTRICTED&TRUSTED&NOT_VCN_MANAGED Uid: 10234 RequestorUid: 10234 RequestorPkg: ai.elizaos.app UnderlyingNetworks: Null] ]
06-30 17:46:28.775   549   818 D OemPaidWifiNetworkFactory: got request NetworkRequest [ REQUEST id=2126, [ Capabilities: INTERNET&NOT_RESTRICTED&TRUSTED&NOT_VCN_MANAGED Uid: 10234 RequestorUid: 10234 RequestorPkg: ai.elizaos.app UnderlyingNetworks: Null] ]
06-30 17:46:28.775   549   818 D MultiInternetWifiNetworkFactory: got request NetworkRequest [ REQUEST id=2126, [ Capabilities: INTERNET&NOT_RESTRICTED&TRUSTED&NOT_VCN_MANAGED Uid: 10234 RequestorUid: 10234 RequestorPkg: ai.elizaos.app UnderlyingNetworks: Null] ]
06-30 17:46:28.775   549   825 D ConnectivityService: NetReassign [2126 : null → 107] [c 0] [a 1] [i 1]
06-30 17:46:28.776 31359 31379 D EGL_emulation: app_time_stats: avg=104.24ms min=19.72ms max=576.69ms count=15
06-30 17:46:28.779 31359 31451 V Capacitor/NetworkPlugin: Notifying listeners for event networkStatusChange
06-30 17:46:28.781 31359 31451 D Capacitor/NetworkPlugin: No listeners found for event networkStatusChange
06-30 17:46:28.784 31359 31359 D Capacitor: App resumed
06-30 17:46:28.787 31359 31359 I Capacitor/Console: File:  - Line 333 - Msg: {"value":null}
06-30 17:46:28.788 31359 31359 I Capacitor/Console: File:  - Line 349 - Msg: [object Object]
06-30 17:46:28.788 31359 31359 V Capacitor/Plugin: To native (Capacitor plugin): callbackId: 43827116, pluginId: StatusBar, methodName: setStyle
06-30 17:46:28.789 31359 31359 V Capacitor: callback: 43827116, pluginId: StatusBar, methodName: setStyle, methodData: {"style":"DARK"}
06-30 17:46:28.800 31359 31397 D Capacitor: Handling local request: https://localhost/assets/poppins-latin-500-normal-C8OXljZJ.woff2
06-30 17:46:28.800 31359 31398 D Capacitor: Handling local request: https://localhost/assets/poppins-latin-400-normal-cpxAROuN.woff2
06-30 17:46:28.818 31359 31359 I Capacitor/Console: File:  - Line 349 - Msg: [object Object]
06-30 17:46:28.819 31359 31359 V Capacitor/Plugin: To native (Capacitor plugin): callbackId: 43827117, pluginId: Preferences, methodName: remove
06-30 17:46:28.819 31359 31359 V Capacitor: callback: 43827117, pluginId: Preferences, methodName: remove, methodData: {"key":"eliza:first-run-complete"}
06-30 17:46:28.823   893   977 D EGL_emulation: app_time_stats: avg=107.85ms min=5.00ms max=935.83ms count=12
06-30 17:46:28.958 31359 31396 D Capacitor: Handling local request: https://localhost/assets/poppins-latin-600-normal-zEkxB9Mr.woff2
06-30 17:46:29.038 31359 31397 D Capacitor: Handling local request: https://localhost/api/suggestions
06-30 17:46:29.040 31359 31397 D Capacitor: Handling local request: https://localhost/api/local-inference/hub
06-30 17:46:29.042 31359 31396 D Capacitor: Handling local request: https://localhost/api/runtime/mode
06-30 17:46:29.045 31359 31397 D Capacitor: Handling local request: https://localhost/api/approvals
06-30 17:46:29.045 31359 31398 D Capacitor: Handling local request: https://localhost/api/apps/feed/agent/activity?limit=5
06-30 17:46:29.047 31359 31399 D Capacitor: Handling local request: https://localhost/api/catalog/apps
06-30 17:46:29.048 31359 31398 D Capacitor: Handling local request: https://localhost/api/apps/runs
06-30 17:46:29.049 31359 31399 D Capacitor: Handling local request: https://localhost/api/relationships/candidates
06-30 17:46:29.049 31359 31397 D Capacitor: Handling local request: https://localhost/api/connectors/google/accounts
06-30 17:46:29.050 31359 31402 D Capacitor: Handling local request: https://localhost/api/workbench/todos
06-30 17:46:29.050 31359 31396 D Capacitor: Handling local request: https://localhost/api/apps
06-30 17:46:29.051 31359 31402 D Capacitor: Handling local request: https://localhost/api/commands?surface=gui
06-30 17:46:29.051 31359 31398 D Capacitor: Handling local request: https://localhost/api/apps
06-30 17:46:29.052 31359 31418 D Capacitor: Handling local request: https://localhost/api/relationships/people
06-30 17:46:29.053 31359 31399 D Capacitor: Handling local request: https://localhost/api/apps/installed
06-30 17:46:29.054 31359 31402 D Capacitor: Handling local request: https://localhost/api/backups
06-30 17:46:29.055 31359 31418 D Capacitor: Handling local request: https://localhost/api/notifications?limit=100
06-30 17:46:29.063 31359 31396 D Capacitor: Handling local request: https://localhost/api/conversations
06-30 17:46:29.063 31359 31397 D Capacitor: Handling local request: https://localhost/api/config
06-30 17:46:29.095 31359 31396 D Capacitor: Handling local request: https://localhost/api/local-inference/downloads/stream
06-30 17:46:29.096 31359 31397 D Capacitor: Handling local request: https://localhost/api/computer-use/approvals/stream
06-30 17:46:29.392 31359 31359 I Capacitor/Console: File:  - Line 349 - Msg: [object Object]
06-30 17:46:29.396 31359 31359 V Capacitor/Plugin: To native (Capacitor plugin): callbackId: 43827118, pluginId: TalkMode, methodName: checkPermissions
06-30 17:46:29.396 31359 31359 V Capacitor: callback: 43827118, pluginId: TalkMode, methodName: checkPermissions, methodData: {}
06-30 17:46:29.397 31359 31359 I Capacitor/Console: File:  - Line 349 - Msg: [object Object]
06-30 17:46:29.399 31359 31359 V Capacitor/Plugin: To native (Capacitor plugin): callbackId: 43827119, pluginId: Swabble, methodName: addListener
06-30 17:46:29.400 31359 31359 V Capacitor: callback: 43827119, pluginId: Swabble, methodName: addListener, methodData: {"eventName":"wakeWord"}
06-30 17:46:29.406 31359 31359 I Capacitor/Console: File:  - Line 349 - Msg: [object Object]
06-30 17:46:29.420 31359 31359 V Capacitor/Plugin: To native (Capacitor plugin): callbackId: 43827120, pluginId: Keyboard, methodName: addListener
06-30 17:46:29.420 31359 31359 V Capacitor: callback: 43827120, pluginId: Keyboard, methodName: addListener, methodData: {"eventName":"keyboardWillShow"}
06-30 17:46:29.424 31359 31359 I Capacitor/Console: File:  - Line 349 - Msg: [object Object]
06-30 17:46:29.424 31359 31359 V Capacitor/Plugin: To native (Capacitor plugin): callbackId: 43827121, pluginId: Keyboard, methodName: addListener
06-30 17:46:29.425 31359 31359 V Capacitor: callback: 43827121, pluginId: Keyboard, methodName: addListener, methodData: {"eventName":"keyboardWillHide"}
06-30 17:46:29.425 31359 31359 I Capacitor/Console: File:  - Line 333 - Msg: undefined
06-30 17:46:29.426 31359 31359 I Capacitor/Console: File:  - Line 349 - Msg: [object Object]
06-30 17:46:29.426 31359 31359 V Capacitor/Plugin: To native (Capacitor plugin): callbackId: 43827122, pluginId: StatusBar, methodName: setOverlaysWebView
06-30 17:46:29.426 31359 31359 V Capacitor: callback: 43827122, pluginId: StatusBar, methodName: setOverlaysWebView, methodData: {"overlay":true}
06-30 17:46:29.427 31359 31359 I Capacitor/Console: File:  - Line 333 - Msg: undefined
06-30 17:46:29.439 31359 31359 I Choreographer: Skipped 35 frames!  The application may be doing too much work on its main thread.
06-30 17:46:29.440   363 31491 I resolv  : GetAddrInfoHandler::run: {107 107 107 983147 10234 0}
06-30 17:46:29.441   363 31492 I resolv  : res_nmkquery: (QUERY, IN, AAAA)
06-30 17:46:29.445   363 31493 I resolv  : res_nmkquery: (QUERY, IN, A)
06-30 17:46:29.450 31359 31398 D Capacitor: Handling local request: https://localhost/brand/favicons/favicon-16x16.png
06-30 17:46:29.451 31359 31494 D Capacitor: Handling local request: https://localhost/brand/favicons/favicon.ico
06-30 17:46:29.452 31359 31402 D Capacitor: Handling local request: https://localhost/brand/favicons/favicon-32x32.png
06-30 17:46:29.453 31359 31396 D Capacitor: Handling local request: https://localhost/brand/favicons/favicon.svg
06-30 17:46:29.455 31359 31359 V Capacitor/StatusBarPlugin: Notifying listeners for event statusBarOverlayChanged
06-30 17:46:29.455 31359 31359 D Capacitor/StatusBarPlugin: No listeners found for event statusBarOverlayChanged
06-30 17:46:29.481   363 31493 I resolv  : res_nsend: used send_dg 113 terrno: 0
06-30 17:46:29.481   363 31493 I resolv  : doQuery: rcode=0, ancount=4, return value=113
06-30 17:46:29.498 31359 31396 D Capacitor: Handling local request: https://localhost/api/computer-use/approvals
06-30 17:46:29.513 31359 31396 D Capacitor: Handling local request: https://localhost/api/catalog/apps
06-30 17:46:29.513 31359 31398 D Capacitor: Handling local request: https://localhost/api/custom-actions
06-30 17:46:29.549 31359 31396 D Capacitor: Handling local request: https://localhost/api/local-inference/hub
06-30 17:46:29.578 31359 31396 D Capacitor: Handling local request: https://localhost/api/local-inference/downloads/stream
06-30 17:46:29.721   363 31492 I resolv  : res_nsend: used send_dg 161 terrno: 0
06-30 17:46:29.721   363 31492 I resolv  : doQuery: rcode=0, ancount=4, return value=161
06-30 17:46:30.132 31359 31396 D Capacitor: Handling local request: https://localhost/api/vision/capture-requests
06-30 17:46:30.999 31359 31396 D Capacitor: Handling local request: https://localhost/api/computer-use/approvals
06-30 17:46:31.451   893   893 D StatusBarIconController: ignoring old pipeline callback because the new wifi icon is enabled
06-30 17:46:31.631 31359 31396 D Capacitor: Handling local request: https://localhost/api/vision/capture-requests
06-30 17:46:32.067 31359 31396 D Capacitor: Handling local request: https://localhost/assets/ui-BnV-XPe4.js
06-30 17:46:32.072 31359 31396 D Capacitor: Handling local request: https://localhost/assets/ui-sln8eHWU.js
06-30 17:46:32.076 31359 31396 D Capacitor: Handling local request: https://localhost/assets/ui-Bhct4ewm.js
06-30 17:46:32.080 31359 31396 D Capacitor: Handling local request: https://localhost/assets/register-DvScaYE3.js
06-30 17:46:32.498 31359 31396 D Capacitor: Handling local request: https://localhost/api/computer-use/approvals
06-30 17:46:33.131 31359 31396 D Capacitor: Handling local request: https://localhost/api/vision/capture-requests
06-30 17:46:33.339 31359 31379 D EGL_emulation: app_time_stats: avg=910.05ms min=24.22ms max=3900.73ms count=5
06-30 17:46:33.342 31359 31359 I Capacitor/Console: File:  - Line 333 - Msg: {"microphone":"granted","speechRecognition":"granted"}
06-30 17:46:33.344 31359 31359 I Capacitor/Console: File:  - Line 333 - Msg: undefined
06-30 17:46:33.344 31359 31359 I Capacitor/Console: File:  - Line 349 - Msg: [object Object]
06-30 17:46:33.345 31359 31359 V Capacitor/Plugin: To native (Capacitor plugin): callbackId: 43827123, pluginId: StatusBar, methodName: setBackgroundColor
06-30 17:46:33.345 31359 31359 V Capacitor: callback: 43827123, pluginId: StatusBar, methodName: setBackgroundColor, methodData: {"color":"#00000000"}
06-30 17:46:33.346 31359 31359 E Capacitor/Console: File: https://localhost/ - Line 0 - Msg: EventSource's response has a MIME type ("text/html") that is not "text/event-stream". Aborting the connection.
06-30 17:46:33.347 31359 31359 E Capacitor/Console: File: https://localhost/ - Line 0 - Msg: EventSource's response has a MIME type ("text/html") that is not "text/event-stream". Aborting the connection.
06-30 17:46:33.358 31359 31359 I Choreographer: Skipped 233 frames!  The application may be doing too much work on its main thread.
06-30 17:46:33.364 31359 31373 I OpenGLRenderer: Davey! duration=4490ms; Flags=0, FrameTimelineVsyncId=588395, IntendedVsync=63683051823383, Vsync=63683635156693, InputEventId=0, HandleInputStart=63683642516752, AnimationStart=63683642521989, PerformTraversalsStart=63683644381590, DrawStart=63683644605758, FrameDeadline=63683651823359, FrameInterval=63683641720334, FrameStartTime=16666666, SyncQueued=63683645231333, SyncStart=63683645288495, IssueDrawCommandsStart=63683645358397, SwapBuffers=63687538957651, FrameCompleted=63687542767866, DequeueBufferDuration=7761, QueueBufferDuration=344760, GpuCompleted=63687542544065, SwapBuffersCompleted=63687542767866, DisplayPresentTime=0, CommandSubmissionCompleted=63687538957651, 
06-30 17:46:33.398 31359 31523 D ProfileInstaller: Installing profile for ai.elizaos.app
06-30 17:46:33.423 31359 31359 E Capacitor/Console: File: https://localhost/ - Line 0 - Msg: EventSource's response has a MIME type ("text/html") that is not "text/event-stream". Aborting the connection.
06-30 17:46:33.424 31359 31359 I Capacitor/Console: File:  - Line 333 - Msg: undefined
06-30 17:46:33.425 31359 31359 I Capacitor/Console: File:  - Line 349 - Msg: [object Object]
06-30 17:46:33.426 31359 31359 V Capacitor/Plugin: To native (Capacitor plugin): callbackId: 43827124, pluginId: Keyboard, methodName: addListener
06-30 17:46:33.426 31359 31359 V Capacitor: callback: 43827124, pluginId: Keyboard, methodName: addListener, methodData: {"eventName":"keyboardWillShow"}
06-30 17:46:33.426 31359 31359 I Capacitor/Console: File:  - Line 349 - Msg: [object Object]
06-30 17:46:33.427 31359 31359 V Capacitor/Plugin: To native (Capacitor plugin): callbackId: 43827125, pluginId: Keyboard, methodName: addListener
06-30 17:46:33.427 31359 31359 V Capacitor: callback: 43827125, pluginId: Keyboard, methodName: addListener, methodData: {"eventName":"keyboardWillHide"}
06-30 17:46:33.432 31359 31398 D Capacitor: Handling local request: https://localhost/assets/register-CMQghqGH.js
06-30 17:46:33.436 31359 31398 D Capacitor: Handling local request: https://localhost/assets/index-GmBM3NES.js
06-30 17:46:33.437 31359 31399 D Capacitor: Handling local request: https://localhost/assets/index-8Y2yTJ6H.js
06-30 17:46:33.444 31359 31396 D Capacitor: Handling local request: https://localhost/assets/index-DkBI2bY5.js
06-30 17:46:33.847 31359 31373 I OpenGLRenderer: Davey! duration=3947ms; Flags=0, FrameTimelineVsyncId=588467, IntendedVsync=63683668490025, Vsync=63687551823203, InputEventId=0, HandleInputStart=63687562318920, AnimationStart=63687562323897, PerformTraversalsStart=63687564276792, DrawStart=63687564525359, FrameDeadline=63687601823201, FrameInterval=63687561574608, FrameStartTime=16666666, SyncQueued=63687565017470, SyncStart=63687583937308, IssueDrawCommandsStart=63687584020809, SwapBuffers=63687612678696, FrameCompleted=63687635349853, DequeueBufferDuration=7309, QueueBufferDuration=319528, GpuCompleted=63687635349853, SwapBuffersCompleted=63687624622053, DisplayPresentTime=0, CommandSubmissionCompleted=63687612678696, 
06-30 17:46:33.853 31359 31359 I Capacitor/Console: File:  - Line 349 - Msg: [object Object]
06-30 17:46:33.854 31359 31359 V Capacitor/Plugin: To native (Capacitor plugin): callbackId: 43827126, pluginId: App, methodName: addListener
06-30 17:46:33.854 31359 31359 V Capacitor: callback: 43827126, pluginId: App, methodName: addListener, methodData: {"eventName":"appStateChange"}
06-30 17:46:33.855 31359 31359 I Capacitor/Console: File:  - Line 349 - Msg: [object Object]
06-30 17:46:33.856 31359 31359 V Capacitor/Plugin: To native (Capacitor plugin): callbackId: 43827127, pluginId: App, methodName: addListener
06-30 17:46:33.856 31359 31359 V Capacitor: callback: 43827127, pluginId: App, methodName: addListener, methodData: {"eventName":"backButton"}
06-30 17:46:33.857 31359 31359 I Capacitor/Console: File:  - Line 349 - Msg: [object Object]
06-30 17:46:33.857 31359 31359 V Capacitor/Plugin: To native (Capacitor plugin): callbackId: 43827128, pluginId: App, methodName: addListener
06-30 17:46:33.858 31359 31359 V Capacitor: callback: 43827128, pluginId: App, methodName: addListener, methodData: {"eventName":"appUrlOpen"}
06-30 17:46:33.858 31359 31359 I Capacitor/Console: File:  - Line 349 - Msg: [object Object]
06-30 17:46:33.859 31359 31359 V Capacitor/Plugin: To native (Capacitor plugin): callbackId: 43827129, pluginId: App, methodName: getLaunchUrl
06-30 17:46:33.859 31359 31359 V Capacitor: callback: 43827129, pluginId: App, methodName: getLaunchUrl, methodData: {}
06-30 17:46:33.860 31359 31359 W Capacitor/Console: File: https://localhost/assets/index-C4faXH1d.js - Line 455 - Msg: [Eliza] Agent not available: "Agent" plugin is not implemented on android
06-30 17:46:33.861 31359 31359 W Capacitor/Console: File: https://localhost/assets/index-C4faXH1d.js - Line 455 - Msg: [Eliza] Background runner unavailable: "CapacitorBackgroundRunner" plugin is not implemented on android
06-30 17:46:33.862 31359 31359 I Capacitor/Console: File:  - Line 349 - Msg: [object Object]
06-30 17:46:33.863 31359 31359 V Capacitor/Plugin: To native (Capacitor plugin): callbackId: 43827130, pluginId: Preferences, methodName: set
06-30 17:46:33.863 31359 31359 V Capacitor: callback: 43827130, pluginId: Preferences, methodName: set, methodData: {"key":"eliza:first-run-complete","value":"1"}
06-30 17:46:33.865 31359 31359 I Capacitor/Console: File:  - Line 349 - Msg: [object Object]
06-30 17:46:33.872 31359 31359 V Capacitor/Plugin: To native (Capacitor plugin): callbackId: 43827131, pluginId: Preferences, methodName: set
06-30 17:46:33.873 31359 31359 V Capacitor: callback: 43827131, pluginId: Preferences, methodName: set, methodData: {"key":"eliza:onboarding-complete","value":"1"}
06-30 17:46:33.874 31359 31359 I Capacitor/Console: File:  - Line 349 - Msg: [object Object]
06-30 17:46:33.874 31359 31359 V Capacitor/Plugin: To native (Capacitor plugin): callbackId: 43827132, pluginId: Preferences, methodName: set
06-30 17:46:33.875 31359 31359 V Capacitor: callback: 43827132, pluginId: Preferences, methodName: set, methodData: {"key":"eliza:ui-shell-mode","value":"native"}
06-30 17:46:33.875 31359 31359 I Capacitor/Console: File:  - Line 349 - Msg: [object Object]
06-30 17:46:33.876 31359 31359 V Capacitor/Plugin: To native (Capacitor plugin): callbackId: 43827133, pluginId: Preferences, methodName: set
06-30 17:46:33.876 31359 31359 V Capacitor: callback: 43827133, pluginId: Preferences, methodName: set, methodData: {"key":"eliza:mobile-runtime-mode","value":"remote"}
06-30 17:46:33.877 31359 31359 I Capacitor/Console: File:  - Line 349 - Msg: [object Object]
06-30 17:46:33.878 31359 31359 V Capacitor/Plugin: To native (Capacitor plugin): callbackId: 43827134, pluginId: Preferences, methodName: set
06-30 17:46:33.878 31359 31359 V Capacitor: callback: 43827134, pluginId: Preferences, methodName: set, methodData: {"key":"elizaos:active-server","value":"{\"id\":\"remote:host\",\"kind\":\"remote\",\"label\":\"Host agent\",\"apiBase\":\"http:\/\/127.0.0.1:31337\"}"}
06-30 17:46:33.879 31359 31359 I Capacitor/Console: File:  - Line 349 - Msg: [object Object]
06-30 17:46:33.880 31359 31359 V Capacitor/Plugin: To native (Capacitor plugin): callbackId: 43827135, pluginId: Preferences, methodName: set
06-30 17:46:33.880 31359 31359 V Capacitor: callback: 43827135, pluginId: Preferences, methodName: set, methodData: {"key":"eliza:first-run-complete","value":"1"}
06-30 17:46:33.881 31359 31359 I Capacitor/Console: File:  - Line 349 - Msg: [object Object]
06-30 17:46:33.882 31359 31359 V Capacitor/Plugin: To native (Capacitor plugin): callbackId: 43827136, pluginId: Preferences, methodName: set
06-30 17:46:33.882 31359 31359 V Capacitor: callback: 43827136, pluginId: Preferences, methodName: set, methodData: {"key":"eliza:mobile-runtime-mode","value":"remote"}
06-30 17:46:33.882 31359 31359 I Capacitor/Console: File:  - Line 349 - Msg: [object Object]
06-30 17:46:33.883 31359 31359 V Capacitor/Plugin: To native (Capacitor plugin): callbackId: 43827137, pluginId: Preferences, methodName: set
06-30 17:46:33.884 31359 31359 V Capacitor: callback: 43827137, pluginId: Preferences, methodName: set, methodData: {"key":"elizaos:active-server","value":"{\"id\":\"remote:host\",\"kind\":\"remote\",\"label\":\"Host agent\",\"apiBase\":\"http:\/\/127.0.0.1:31337\"}"}
06-30 17:46:33.884 31359 31359 I Capacitor/Console: File:  - Line 349 - Msg: [object Object]
06-30 17:46:33.885 31359 31359 V Capacitor/Plugin: To native (Capacitor plugin): callbackId: 43827138, pluginId: Network, methodName: addListener
06-30 17:46:33.885 31359 31359 V Capacitor: callback: 43827138, pluginId: Network, methodName: addListener, methodData: {"eventName":"networkStatusChange"}
06-30 17:46:33.887 31359 31359 W Capacitor/Console: File: https://localhost/assets/index-C4faXH1d.js - Line 455 - Msg: [Eliza] Blocker backends plugin not available: e.registerNativeWebsiteBlockerBackend is not a function
06-30 17:46:33.921 31359 31359 I Capacitor/Console: File:  - Line 333 - Msg: undefined
06-30 17:46:33.921 31359 31359 I Capacitor/Console: File:  - Line 333 - Msg: undefined
06-30 17:46:33.921 31359 31359 I Capacitor/Console: File:  - Line 333 - Msg: undefined
06-30 17:46:33.922 31359 31359 I Capacitor/Console: File:  - Line 333 - Msg: undefined
06-30 17:46:33.922 31359 31359 I Capacitor/Console: File:  - Line 333 - Msg: undefined
06-30 17:46:33.922 31359 31359 I Capacitor/Console: File:  - Line 333 - Msg: undefined
06-30 17:46:33.922 31359 31359 I Capacitor/Console: File:  - Line 333 - Msg: undefined
06-30 17:46:33.923 31359 31359 I Capacitor/Console: File:  - Line 333 - Msg: undefined
06-30 17:46:33.923 31359 31359 I Capacitor/Console: File:  - Line 333 - Msg: undefined
06-30 17:46:33.933 31359 31396 D Capacitor: Handling local request: https://localhost/assets/register-Br2Yot8a.js
06-30 17:46:33.958 31359 31397 D Capacitor: Handling local request: https://localhost/assets/ui-0WB7YQU9.js
06-30 17:46:33.967 31359 31396 D Capacitor: Handling local request: https://localhost/assets/PhoneCompanionApp-CNAZ9psK.js
06-30 17:46:33.969 31359 31398 D Capacitor: Handling local request: https://localhost/assets/PhoneSpatialView-B2_PXKhX.js
06-30 17:46:33.971 31359 31399 D Capacitor: Handling local request: https://localhost/assets/register-Bty1AjUI.js
06-30 17:46:33.972 31359 31397 D Capacitor: Handling local request: https://localhost/assets/index-C5vQHyWo.js
06-30 17:46:33.974 31359 31402 D Capacitor: Handling local request: https://localhost/assets/register-BUg1hMc-.js
06-30 17:46:33.984 31359 31397 D Capacitor: Handling local request: https://localhost/api/apps/runs
06-30 17:46:34.014 31359 31396 D Capacitor: Handling local request: https://localhost/api/computer-use/approvals
06-30 17:46:34.028 31359 31396 D Capacitor: Handling local request: https://localhost/assets/index-DYWWYr1R.js
06-30 17:46:34.029 31359 31398 D Capacitor: Handling local request: https://localhost/assets/input-group-CrA15zH6.js
06-30 17:46:34.030 31359 31397 D Capacitor: Handling local request: https://localhost/assets/FilesView-2JT_wgxV.js
06-30 17:46:34.222 31359 31396 D Capacitor: Handling local request: https://localhost/assets/register-Cu5pCLzs.js
06-30 17:46:34.224 31359 31397 D Capacitor: Handling local request: https://localhost/assets/register-BUKjZzDC.js
06-30 17:46:34.339 31359 31396 D Capacitor: Handling local request: https://localhost/assets/register-BlGnrvE8.js
06-30 17:46:34.342 31359 31396 D Capacitor: Handling local request: https://localhost/assets/register-DeVsUTTx.js
06-30 17:46:34.372 31359 31379 D EGL_emulation: app_time_stats: avg=68.78ms min=36.57ms max=429.76ms count=15
06-30 17:46:34.460 31359 31396 D Capacitor: Handling local request: https://localhost/assets/register-CiREtpVr.js
06-30 17:46:34.464 31359 31396 D Capacitor: Handling local request: https://localhost/assets/register-CQoXE2xk.js
06-30 17:46:34.649 31359 31396 D Capacitor: Handling local request: https://localhost/api/vision/capture-requests
06-30 17:46:34.674 31359 31396 D Capacitor: Handling local request: https://localhost/assets/register-wOCkWgcT.js
06-30 17:46:34.677 31359 31396 D Capacitor: Handling local request: https://localhost/assets/register-Dj7AJ2Yl.js
06-30 17:46:34.799   363   403 I netd    : setProcSysNet(4, 2, wlan0, retrans_time_ms, 750) <0.17ms>
06-30 17:46:34.804   363   403 I netd    : setProcSysNet(4, 2, wlan0, ucast_solicit, 10) <0.09ms>
06-30 17:46:34.805   363   403 I netd    : setProcSysNet(6, 2, wlan0, retrans_time_ms, 750) <0.09ms>
06-30 17:46:34.805   363   403 I netd    : setProcSysNet(6, 2, wlan0, ucast_solicit, 10) <0.03ms>
06-30 17:46:34.839 31359 31396 D Capacitor: Handling local request: https://localhost/assets/register-DkqrAIKi.js
06-30 17:46:34.865   549   636 D ActivityManager: freezing 16027 com.google.android.documentsui
06-30 17:46:34.884 31359 31396 D Capacitor: Handling local request: https://localhost/
06-30 17:46:34.904   549   636 D ActivityManager: freezing 15717 com.google.android.permissioncontroller
--------- beginning of kernel
06-30 17:46:35.023     0     0 I logd    : start watching /data/system/packages.list ...
06-30 17:46:35.027     0     0 I logd    : ReadPackageList, total packages: 203
06-30 17:46:34.990 31359 31397 D Capacitor: Handling local request: https://localhost/assets/vendor-react-Dh8venqn.js
06-30 17:46:34.996 31359 31398 D Capacitor: Handling local request: https://localhost/assets/index-C4faXH1d.js
06-30 17:46:34.998 31359 31399 D Capacitor: Handling local request: https://localhost/assets/vendor-lucide-BPakN3Wh.js
06-30 17:46:34.998 31359 31402 D Capacitor: Handling local request: https://localhost/assets/vendor-crypto-SdLLF6R8.js
06-30 17:46:34.999 31359 31418 D Capacitor: Handling local request: https://localhost/assets/index-DNh-YHq9.css
06-30 17:46:35.233   893   893 D StatusBarIconController: ignoring old pipeline callbacks, because the new mobile icons are enabled
06-30 17:46:35.330   181 31297 I keystore2: system/security/keystore2/src/watchdog.rs:319 - Watchdog thread idle -> terminating. Have a great day.
06-30 17:46:35.401 31359 31379 D EGL_emulation: app_time_stats: avg=40.95ms min=32.42ms max=48.58ms count=25
06-30 17:46:35.422 31359 31396 D Capacitor: Handling local request: https://localhost/eliza-renderer-build.json
06-30 17:46:35.430 31359 31396 D Capacitor: Handling local request: https://localhost/assets/browser-BfdiAxBe.js
06-30 17:46:35.430 31359 31398 D Capacitor: Handling local request: https://localhost/assets/eliza-cloud-model-route-DDEJ0LV1.js
06-30 17:46:35.431 31359 31396 D Capacitor: Handling local request: https://localhost/assets/EmbeddedAppViewer-YrvJ0G1g.js
06-30 17:46:35.432 31359 31398 D Capacitor: Handling local request: https://localhost/assets/task-widget-BAi_OFAw.js
06-30 17:46:35.432 31359 31397 D Capacitor: Handling local request: https://localhost/assets/index-CqFaJBgY.js
06-30 17:46:35.433 31359 31396 D Capacitor: Handling local request: https://localhost/assets/DiffReviewPanel-CLR_ytJU.js
06-30 17:46:35.434 31359 31399 D Capacitor: Handling local request: https://localhost/assets/useChatSidebarVisibility-Cwa_crkv.js
06-30 17:46:35.436 31359 31418 D Capacitor: Handling local request: https://localhost/assets/DatabasePageView-DzQKtjFo.js
06-30 17:46:35.437 31359 31418 D Capacitor: Handling local request: https://localhost/assets/DatabaseView-CRfHkz_s.js
06-30 17:46:35.438 31359 31396 D Capacitor: Handling local request: https://localhost/assets/RelationshipsView-CjBNKf9u.js
06-30 17:46:35.439 31359 31397 D Capacitor: Handling local request: https://localhost/assets/tooltip-extended-BON4B-Mc.js
06-30 17:46:35.439 31359 31399 D Capacitor: Handling local request: https://localhost/assets/RuntimeView-CX58fh_w.js
06-30 17:46:35.439 31359 31398 D Capacitor: Handling local request: https://localhost/assets/TerminalPluginView-DFnwnqrA.js
06-30 17:46:35.439 31359 31402 D Capacitor: Handling local request: https://localhost/assets/index-DteK30cG.js
06-30 17:46:35.442 31359 31418 D Capacitor: Handling local request: https://localhost/assets/TasksPageView-CqiNrWw0.js
06-30 17:46:35.446 31359 31397 D Capacitor: Handling local request: https://localhost/assets/TrajectoriesView-BCGChWpp.js
06-30 17:46:35.451 31359 31402 D Capacitor: Handling local request: https://localhost/assets/trajectory-format-D0hgw1gv.js
06-30 17:46:35.452 31359 31399 D Capacitor: Handling local request: https://localhost/assets/trajectory-sidebar-item-BuJ0khF6.js
06-30 17:46:35.453 31359 31418 D Capacitor: Handling local request: https://localhost/assets/TrajectoryDetailView-CHxsMlM6.js
06-30 17:46:35.500 31359 31396 D Capacitor: Handling local request: https://localhost/brand/favicons/favicon-16x16.png
06-30 17:46:35.504 31359 31397 D Capacitor: Handling local request: https://localhost/brand/favicons/favicon-32x32.png
06-30 17:46:35.506 31359 31397 D Capacitor: Handling local request: https://localhost/brand/favicons/favicon.ico
06-30 17:46:35.507 31359 31397 D Capacitor: Handling local request: https://localhost/brand/favicons/favicon.svg
06-30 17:46:35.520 31359 31359 I Capacitor/Console: File: https://localhost/assets/index-C4faXH1d.js - Line 196 - Msg: [renderer-build] 25556d71cefa built 2026-07-01T00:28:47.854Z (variant=direct, target=android)
06-30 17:46:35.521 31359 31359 I Capacitor/Console: File: https://localhost/assets/index-C4faXH1d.js - Line 455 - Msg: [shell] window shell mode: main (search="")
06-30 17:46:35.522 31359 31359 I Capacitor/Console: File:  - Line 349 - Msg: [object Object]
06-30 17:46:35.523 31359 31359 V Capacitor/Plugin: To native (Capacitor plugin): callbackId: 90972866, pluginId: Preferences, methodName: get
06-30 17:46:35.523 31359 31359 V Capacitor: callback: 90972866, pluginId: Preferences, methodName: get, methodData: {"key":"eliza:first-run-complete"}
06-30 17:46:35.600 31359 31359 I Capacitor/Console: File:  - Line 333 - Msg: {"value":"1"}
06-30 17:46:35.600 31359 31359 I Capacitor/Console: File:  - Line 349 - Msg: [object Object]
06-30 17:46:35.601 31359 31359 V Capacitor/Plugin: To native (Capacitor plugin): callbackId: 90972867, pluginId: Preferences, methodName: get
06-30 17:46:35.601 31359 31359 V Capacitor: callback: 90972867, pluginId: Preferences, methodName: get, methodData: {"key":"eliza.control.settings.v1"}
06-30 17:46:35.602 31359 31359 I Capacitor/Console: File:  - Line 349 - Msg: [object Object]
06-30 17:46:35.602 31359 31359 V Capacitor/Plugin: To native (Capacitor plugin): callbackId: 90972868, pluginId: Preferences, methodName: get
06-30 17:46:35.602 31359 31359 V Capacitor: callback: 90972868, pluginId: Preferences, methodName: get, methodData: {"key":"eliza.device.identity"}
06-30 17:46:35.603 31359 31359 I Capacitor/Console: File:  - Line 349 - Msg: [object Object]
06-30 17:46:35.603 31359 31359 V Capacitor/Plugin: To native (Capacitor plugin): callbackId: 90972869, pluginId: Preferences, methodName: get
06-30 17:46:35.603 31359 31359 V Capacitor: callback: 90972869, pluginId: Preferences, methodName: get, methodData: {"key":"eliza.device.auth"}
06-30 17:46:35.603 31359 31359 I Capacitor/Console: File:  - Line 349 - Msg: [object Object]
06-30 17:46:35.607 31359 31359 V Capacitor/Plugin: To native (Capacitor plugin): callbackId: 90972870, pluginId: Preferences, methodName: get
06-30 17:46:35.608 31359 31359 V Capacitor: callback: 90972870, pluginId: Preferences, methodName: get, methodData: {"key":"elizaos:active-server"}
06-30 17:46:35.609 31359 31359 I Capacitor/Console: File:  - Line 349 - Msg: [object Object]
06-30 17:46:35.609 31359 31359 V Capacitor/Plugin: To native (Capacitor plugin): callbackId: 90972871, pluginId: Preferences, methodName: get
06-30 17:46:35.609 31359 31359 V Capacitor: callback: 90972871, pluginId: Preferences, methodName: get, methodData: {"key":"eliza:first-run-complete"}
06-30 17:46:35.609 31359 31359 I Capacitor/Console: File:  - Line 349 - Msg: [object Object]
06-30 17:46:35.610 31359 31359 V Capacitor/Plugin: To native (Capacitor plugin): callbackId: 90972872, pluginId: Preferences, methodName: get
06-30 17:46:35.610 31359 31359 V Capacitor: callback: 90972872, pluginId: Preferences, methodName: get, methodData: {"key":"eliza:setup:step"}
06-30 17:46:35.610 31359 31359 I Capacitor/Console: File:  - Line 349 - Msg: [object Object]
06-30 17:46:35.611 31359 31359 V Capacitor/Plugin: To native (Capacitor plugin): callbackId: 90972873, pluginId: Preferences, methodName: get
06-30 17:46:35.613 31359 31359 V Capacitor: callback: 90972873, pluginId: Preferences, methodName: get, methodData: {"key":"eliza:mobile-runtime-mode"}
06-30 17:46:35.613 31359 31359 I Capacitor/Console: File:  - Line 349 - Msg: [object Object]
06-30 17:46:35.614 31359 31359 V Capacitor/Plugin: To native (Capacitor plugin): callbackId: 90972874, pluginId: Preferences, methodName: get
06-30 17:46:35.614 31359 31359 V Capacitor: callback: 90972874, pluginId: Preferences, methodName: get, methodData: {"key":"eliza:chat:activeConversationId"}
06-30 17:46:35.614 31359 31359 I Capacitor/Console: File:  - Line 349 - Msg: [object Object]
