06-30 18:58:31.164 16339 16398 D Capacitor: Handling local request: https://localhost/assets/DatabaseView-BVn73tIA.js
06-30 18:58:31.165 16339 16382 D Capacitor: Handling local request: https://localhost/assets/tooltip-extended-DDNQCwBQ.js
06-30 18:58:31.166 16339 16408 D Capacitor: Handling local request: https://localhost/assets/index-Bhiy7_SE.js
06-30 18:58:31.167 16339 16407 D Capacitor: Handling local request: https://localhost/assets/DatabasePageView-DYK_4F7d.js
06-30 18:58:31.170 16339 16380 D Capacitor: Handling local request: https://localhost/assets/trajectory-format-D0hgw1gv.js
06-30 18:58:31.172 16339 16379 D Capacitor: Handling local request: https://localhost/assets/TrajectoriesView-DuiygrJl.js
06-30 18:58:31.172 16339 16407 D Capacitor: Handling local request: https://localhost/assets/trajectory-sidebar-item-Bcj-t62G.js
06-30 18:58:31.174 16339 16398 D Capacitor: Handling local request: https://localhost/assets/TrajectoryDetailView-CKFagVZp.js
06-30 18:58:31.280  2749 16419 I ControllerWrapperImpl: Done initializing en-us-x-hol-seanet-embedded
06-30 18:58:31.312 16339 16380 D Capacitor: Handling local request: https://localhost/brand/favicons/favicon-16x16.png
06-30 18:58:31.314 16339 16379 D Capacitor: Handling local request: https://localhost/brand/favicons/favicon-32x32.png
06-30 18:58:31.314 16339 16408 D Capacitor: Handling local request: https://localhost/brand/favicons/favicon.ico
06-30 18:58:31.316 16339 16398 D Capacitor: Handling local request: https://localhost/brand/favicons/favicon.svg
06-30 18:58:31.438 16339 16339 I Capacitor/Console: File: https://localhost/assets/index-Dtqs9oPj.js - Line 196 - Msg: [renderer-build] e9ba06f0ea0f built 2026-07-01T01:40:40.067Z (variant=direct, target=android)
06-30 18:58:31.438 16339 16339 I Capacitor/Console: File: https://localhost/assets/index-Dtqs9oPj.js - Line 455 - Msg: [shell] window shell mode: main (search="")
06-30 18:58:31.438 16339 16339 I Capacitor/Console: File:  - Line 349 - Msg: [object Object]
06-30 18:58:31.441 16339 16339 V Capacitor/Plugin: To native (Capacitor plugin): callbackId: 35803378, pluginId: Preferences, methodName: get
06-30 18:58:31.441 16339 16339 V Capacitor: callback: 35803378, pluginId: Preferences, methodName: get, methodData: {"key":"eliza:first-run-complete"}
06-30 18:58:31.474 16339 16364 D EGL_emulation: app_time_stats: avg=82.13ms min=5.08ms max=817.97ms count=22
06-30 18:58:31.475 16339 16339 I Capacitor/Console: File:  - Line 333 - Msg: {"value":null}
06-30 18:58:31.475 16339 16339 I Capacitor/Console: File:  - Line 349 - Msg: [object Object]
06-30 18:58:31.476 16339 16339 V Capacitor/Plugin: To native (Capacitor plugin): callbackId: 35803379, pluginId: Preferences, methodName: get
06-30 18:58:31.477 16339 16339 V Capacitor: callback: 35803379, pluginId: Preferences, methodName: get, methodData: {"key":"eliza.control.settings.v1"}
06-30 18:58:31.477 16339 16339 I Capacitor/Console: File:  - Line 349 - Msg: [object Object]
06-30 18:58:31.478 16339 16339 V Capacitor/Plugin: To native (Capacitor plugin): callbackId: 35803380, pluginId: Preferences, methodName: get
06-30 18:58:31.478 16339 16339 V Capacitor: callback: 35803380, pluginId: Preferences, methodName: get, methodData: {"key":"eliza.device.identity"}
06-30 18:58:31.478 16339 16339 I Capacitor/Console: File:  - Line 349 - Msg: [object Object]
06-30 18:58:31.479 16339 16339 V Capacitor/Plugin: To native (Capacitor plugin): callbackId: 35803381, pluginId: Preferences, methodName: get
06-30 18:58:31.479 16339 16339 V Capacitor: callback: 35803381, pluginId: Preferences, methodName: get, methodData: {"key":"eliza.device.auth"}
06-30 18:58:31.479 16339 16339 I Capacitor/Console: File:  - Line 349 - Msg: [object Object]
06-30 18:58:31.479 16339 16339 V Capacitor/Plugin: To native (Capacitor plugin): callbackId: 35803382, pluginId: Preferences, methodName: get
06-30 18:58:31.480 16339 16339 V Capacitor: callback: 35803382, pluginId: Preferences, methodName: get, methodData: {"key":"elizaos:active-server"}
06-30 18:58:31.480 16339 16339 I Capacitor/Console: File:  - Line 349 - Msg: [object Object]
06-30 18:58:31.481 16339 16339 V Capacitor/Plugin: To native (Capacitor plugin): callbackId: 35803383, pluginId: Preferences, methodName: get
06-30 18:58:31.481 16339 16339 V Capacitor: callback: 35803383, pluginId: Preferences, methodName: get, methodData: {"key":"eliza:first-run-complete"}
06-30 18:58:31.481 16339 16339 I Capacitor/Console: File:  - Line 349 - Msg: [object Object]
06-30 18:58:31.481 16339 16339 V Capacitor/Plugin: To native (Capacitor plugin): callbackId: 35803384, pluginId: Preferences, methodName: get
06-30 18:58:31.482 16339 16339 V Capacitor: callback: 35803384, pluginId: Preferences, methodName: get, methodData: {"key":"eliza:setup:step"}
06-30 18:58:31.482 16339 16339 I Capacitor/Console: File:  - Line 349 - Msg: [object Object]
06-30 18:58:31.482 16339 16339 V Capacitor/Plugin: To native (Capacitor plugin): callbackId: 35803385, pluginId: Preferences, methodName: get
06-30 18:58:31.483 16339 16339 V Capacitor: callback: 35803385, pluginId: Preferences, methodName: get, methodData: {"key":"eliza:mobile-runtime-mode"}
06-30 18:58:31.483 16339 16339 I Capacitor/Console: File:  - Line 349 - Msg: [object Object]
06-30 18:58:31.484 16339 16339 V Capacitor/Plugin: To native (Capacitor plugin): callbackId: 35803386, pluginId: Preferences, methodName: get
06-30 18:58:31.484 16339 16339 V Capacitor: callback: 35803386, pluginId: Preferences, methodName: get, methodData: {"key":"eliza:chat:activeConversationId"}
06-30 18:58:31.484 16339 16339 I Capacitor/Console: File:  - Line 349 - Msg: [object Object]
06-30 18:58:31.485 16339 16339 V Capacitor/Plugin: To native (Capacitor plugin): callbackId: 35803387, pluginId: Preferences, methodName: get
06-30 18:58:31.485 16339 16339 V Capacitor: callback: 35803387, pluginId: Preferences, methodName: get, methodData: {"key":"eliza:ios-local-agent:conversations:v1"}
06-30 18:58:31.485 16339 16339 I Capacitor/Console: File:  - Line 349 - Msg: [object Object]
06-30 18:58:31.486 16339 16339 V Capacitor/Plugin: To native (Capacitor plugin): callbackId: 35803388, pluginId: Preferences, methodName: get
06-30 18:58:31.486 16339 16339 V Capacitor: callback: 35803388, pluginId: Preferences, methodName: get, methodData: {"key":"eliza:ios-local-agent:active-model:v1"}
06-30 18:58:31.487 16339 16339 I Capacitor/Console: File:  - Line 349 - Msg: [object Object]
06-30 18:58:31.487 16339 16339 V Capacitor/Plugin: To native (Capacitor plugin): callbackId: 35803389, pluginId: Preferences, methodName: get
06-30 18:58:31.487 16339 16339 V Capacitor: callback: 35803389, pluginId: Preferences, methodName: get, methodData: {"key":"eliza:ios-local-agent:assignments:v1"}
06-30 18:58:31.488 16339 16339 I Capacitor/Console: File:  - Line 349 - Msg: [object Object]
06-30 18:58:31.489 16339 16339 V Capacitor/Plugin: To native (Capacitor plugin): callbackId: 35803390, pluginId: Preferences, methodName: get
06-30 18:58:31.489 16339 16339 V Capacitor: callback: 35803390, pluginId: Preferences, methodName: get, methodData: {"key":"eliza:ios-local-agent:browser-workspace:v1"}
06-30 18:58:31.489 16339 16339 I Capacitor/Console: File:  - Line 349 - Msg: [object Object]
06-30 18:58:31.490 16339 16339 V Capacitor/Plugin: To native (Capacitor plugin): callbackId: 35803391, pluginId: Preferences, methodName: get
06-30 18:58:31.490 16339 16339 V Capacitor: callback: 35803391, pluginId: Preferences, methodName: get, methodData: {"key":"eliza:ios-local-agent:wallet-market-overview:v1"}
06-30 18:58:31.490 16339 16339 I Capacitor/Console: File:  - Line 349 - Msg: [object Object]
06-30 18:58:31.491 16339 16339 V Capacitor/Plugin: To native (Capacitor plugin): callbackId: 35803392, pluginId: Preferences, methodName: get
06-30 18:58:31.491 16339 16339 V Capacitor: callback: 35803392, pluginId: Preferences, methodName: get, methodData: {"key":"eliza:ios-local-agent:eliza-1-bundles:v1"}
06-30 18:58:31.492 16339 16339 I Capacitor/Console: File:  - Line 349 - Msg: [object Object]
06-30 18:58:31.492 16339 16339 V Capacitor/Plugin: To native (Capacitor plugin): callbackId: 35803393, pluginId: Preferences, methodName: get
06-30 18:58:31.492 16339 16339 V Capacitor: callback: 35803393, pluginId: Preferences, methodName: get, methodData: {"key":"eliza:ios-full-bun-smoke:request"}
06-30 18:58:31.493 16339 16339 I Capacitor/Console: File:  - Line 349 - Msg: [object Object]
06-30 18:58:31.494 16339 16339 V Capacitor/Plugin: To native (Capacitor plugin): callbackId: 35803394, pluginId: Preferences, methodName: get
06-30 18:58:31.494 16339 16339 V Capacitor: callback: 35803394, pluginId: Preferences, methodName: get, methodData: {"key":"eliza:ios-full-bun-smoke:result"}
06-30 18:58:31.495 16339 16339 I Capacitor/Console: File:  - Line 349 - Msg: [object Object]
06-30 18:58:31.495 16339 16339 V Capacitor/Plugin: To native (Capacitor plugin): callbackId: 35803395, pluginId: Preferences, methodName: get
06-30 18:58:31.495 16339 16339 V Capacitor: callback: 35803395, pluginId: Preferences, methodName: get, methodData: {"key":"eliza:ios-onboarding-smoke:request"}
06-30 18:58:31.496 16339 16339 I Capacitor/Console: File:  - Line 349 - Msg: [object Object]
06-30 18:58:31.497 16339 16339 V Capacitor/Plugin: To native (Capacitor plugin): callbackId: 35803396, pluginId: Preferences, methodName: get
06-30 18:58:31.497 16339 16339 V Capacitor: callback: 35803396, pluginId: Preferences, methodName: get, methodData: {"key":"eliza:ios-onboarding-smoke:result"}
06-30 18:58:31.502 16339 16339 I Capacitor/Console: File:  - Line 333 - Msg: {"value":null}
06-30 18:58:31.502 16339 16339 I Capacitor/Console: File:  - Line 333 - Msg: {"value":null}
06-30 18:58:31.502 16339 16339 I Capacitor/Console: File:  - Line 333 - Msg: {"value":null}
06-30 18:58:31.502 16339 16339 I Capacitor/Console: File:  - Line 333 - Msg: {"value":null}
06-30 18:58:31.502 16339 16339 I Capacitor/Console: File:  - Line 333 - Msg: {"value":null}
06-30 18:58:31.503 16339 16339 I Capacitor/Console: File:  - Line 333 - Msg: {"value":null}
06-30 18:58:31.503 16339 16339 I Capacitor/Console: File:  - Line 333 - Msg: {"value":null}
06-30 18:58:31.503 16339 16339 I Capacitor/Console: File:  - Line 333 - Msg: {"value":null}
06-30 18:58:31.503 16339 16339 I Capacitor/Console: File:  - Line 333 - Msg: {"value":null}
06-30 18:58:31.503 16339 16339 I Capacitor/Console: File:  - Line 333 - Msg: {"value":null}
06-30 18:58:31.504 16339 16339 I Capacitor/Console: File:  - Line 333 - Msg: {"value":null}
06-30 18:58:31.504 16339 16339 I Capacitor/Console: File:  - Line 333 - Msg: {"value":null}
06-30 18:58:31.504 16339 16339 I Capacitor/Console: File:  - Line 333 - Msg: {"value":null}
06-30 18:58:31.504 16339 16339 I Capacitor/Console: File:  - Line 333 - Msg: {"value":null}
06-30 18:58:31.504 16339 16339 I Capacitor/Console: File:  - Line 333 - Msg: {"value":null}
06-30 18:58:31.507 16339 16339 I Capacitor/Console: File:  - Line 333 - Msg: {"value":null}
06-30 18:58:31.507 16339 16339 I Capacitor/Console: File:  - Line 333 - Msg: {"value":null}
06-30 18:58:31.507 16339 16339 I Capacitor/Console: File:  - Line 333 - Msg: {"value":null}
06-30 18:58:31.518 16339 16339 I Capacitor/Console: File:  - Line 349 - Msg: [object Object]
06-30 18:58:31.519 16339 16379 D Capacitor: Handling local request: https://localhost/assets/index-Bpate01f.js
06-30 18:58:31.520 16339 16339 V Capacitor/Plugin: To native (Capacitor plugin): callbackId: 35803397, pluginId: Preferences, methodName: get
06-30 18:58:31.520 16339 16339 V Capacitor: callback: 35803397, pluginId: Preferences, methodName: get, methodData: {"key":"eliza:ios-full-bun-smoke:request"}
06-30 18:58:31.623 16339 16379 D Capacitor: Handling local request: https://localhost/api/first-run/status
06-30 18:58:31.628 16339 16380 D Capacitor: Handling local request: https://localhost/assets/poppins-latin-400-normal-cpxAROuN.woff2
06-30 18:58:31.629 16339 16379 D Capacitor: Handling local request: https://localhost/assets/poppins-latin-500-normal-C8OXljZJ.woff2
06-30 18:58:31.638 16339 16339 I Capacitor/Console: File:  - Line 333 - Msg: {"value":null}
06-30 18:58:31.653 16339 16339 I Capacitor/Console: File:  - Line 349 - Msg: [object Object]
06-30 18:58:31.654 16339 16339 V Capacitor/Plugin: To native (Capacitor plugin): callbackId: 35803398, pluginId: StatusBar, methodName: setStyle
06-30 18:58:31.654 16339 16339 V Capacitor: callback: 35803398, pluginId: StatusBar, methodName: setStyle, methodData: {"style":"DARK"}
06-30 18:58:31.654 16339 16339 I Capacitor/Console: File:  - Line 349 - Msg: [object Object]
06-30 18:58:31.654 16339 16339 V Capacitor/Plugin: To native (Capacitor plugin): callbackId: 35803399, pluginId: Preferences, methodName: remove
06-30 18:58:31.654 16339 16339 V Capacitor: callback: 35803399, pluginId: Preferences, methodName: remove, methodData: {"key":"eliza:first-run-complete"}
06-30 18:58:31.684   764   855 D EGL_emulation: app_time_stats: avg=139.41ms min=3.94ms max=1302.23ms count=10
06-30 18:58:31.820 16339 16379 D Capacitor: Handling local request: https://localhost/assets/poppins-latin-600-normal-zEkxB9Mr.woff2
06-30 18:58:31.909 16339 16379 D Capacitor: Handling local request: https://localhost/api/runtime/mode
06-30 18:58:31.910 16339 16380 D Capacitor: Handling local request: https://localhost/api/suggestions
06-30 18:58:31.913 16339 16379 D Capacitor: Handling local request: https://localhost/api/local-inference/hub
06-30 18:58:31.913 16339 16380 D Capacitor: Handling local request: https://localhost/api/approvals
06-30 18:58:31.917 16339 16379 D Capacitor: Handling local request: https://localhost/api/apps/feed/agent/activity?limit=5
06-30 18:58:31.921 16339 16379 D Capacitor: Handling local request: https://localhost/api/catalog/apps
06-30 18:58:31.921 16339 16380 D Capacitor: Handling local request: https://localhost/api/apps
06-30 18:58:31.922 16339 16379 D Capacitor: Handling local request: https://localhost/api/apps/runs
06-30 18:58:31.923 16339 16380 D Capacitor: Handling local request: https://localhost/api/workbench/todos
06-30 18:58:31.924 16339 16379 D Capacitor: Handling local request: https://localhost/api/relationships/people
06-30 18:58:31.924 16339 16380 D Capacitor: Handling local request: https://localhost/api/relationships/candidates
06-30 18:58:31.926 16339 16379 D Capacitor: Handling local request: https://localhost/api/connectors/google/accounts
06-30 18:58:31.927 16339 16380 D Capacitor: Handling local request: https://localhost/api/apps
06-30 18:58:31.928 16339 16379 D Capacitor: Handling local request: https://localhost/api/apps/installed
06-30 18:58:31.928 16339 16380 D Capacitor: Handling local request: https://localhost/api/commands?surface=gui
06-30 18:58:31.929 16339 16379 D Capacitor: Handling local request: https://localhost/api/backups
06-30 18:58:31.930 16339 16380 D Capacitor: Handling local request: https://localhost/api/notifications?limit=100
06-30 18:58:31.930 16339 16379 D Capacitor: Handling local request: https://localhost/api/conversations
06-30 18:58:31.931 16339 16380 D Capacitor: Handling local request: https://localhost/api/config
06-30 18:58:31.969 16339 16379 D Capacitor: Handling local request: https://localhost/api/local-inference/downloads/stream
06-30 18:58:31.972 16339 16379 D Capacitor: Handling local request: https://localhost/api/computer-use/approvals/stream
06-30 18:58:32.234 16339 16339 I Capacitor/Console: File:  - Line 349 - Msg: [object Object]
06-30 18:58:32.236 16339 16339 V Capacitor/Plugin: To native (Capacitor plugin): callbackId: 35803400, pluginId: TalkMode, methodName: checkPermissions
06-30 18:58:32.236 16339 16339 V Capacitor: callback: 35803400, pluginId: TalkMode, methodName: checkPermissions, methodData: {}
06-30 18:58:32.237 16339 16339 I Capacitor/Console: File:  - Line 349 - Msg: [object Object]
06-30 18:58:32.237 16339 16339 V Capacitor/Plugin: To native (Capacitor plugin): callbackId: 35803401, pluginId: Swabble, methodName: addListener
06-30 18:58:32.238 16339 16339 V Capacitor: callback: 35803401, pluginId: Swabble, methodName: addListener, methodData: {"eventName":"wakeWord"}
06-30 18:58:32.238 16339 16339 I Capacitor/Console: File:  - Line 349 - Msg: [object Object]
06-30 18:58:32.239 16339 16339 V Capacitor/Plugin: To native (Capacitor plugin): callbackId: 35803402, pluginId: Keyboard, methodName: addListener
06-30 18:58:32.239 16339 16339 V Capacitor: callback: 35803402, pluginId: Keyboard, methodName: addListener, methodData: {"eventName":"keyboardWillShow"}
06-30 18:58:32.239 16339 16339 I Capacitor/Console: File:  - Line 349 - Msg: [object Object]
06-30 18:58:32.240 16339 16339 V Capacitor/Plugin: To native (Capacitor plugin): callbackId: 35803403, pluginId: Keyboard, methodName: addListener
06-30 18:58:32.240 16339 16339 V Capacitor: callback: 35803403, pluginId: Keyboard, methodName: addListener, methodData: {"eventName":"keyboardWillHide"}
06-30 18:58:32.241 16339 16339 I Capacitor/Console: File:  - Line 333 - Msg: undefined
06-30 18:58:32.242 16339 16339 I Capacitor/Console: File:  - Line 349 - Msg: [object Object]
06-30 18:58:32.242 16339 16339 V Capacitor/Plugin: To native (Capacitor plugin): callbackId: 35803404, pluginId: StatusBar, methodName: setOverlaysWebView
06-30 18:58:32.243 16339 16339 V Capacitor: callback: 35803404, pluginId: StatusBar, methodName: setOverlaysWebView, methodData: {"overlay":true}
06-30 18:58:32.243 16339 16339 I Capacitor/Console: File:  - Line 333 - Msg: undefined
06-30 18:58:32.253 16339 16339 I Choreographer: Skipped 34 frames!  The application may be doing too much work on its main thread.
06-30 18:58:32.271 16339 16339 V Capacitor/StatusBarPlugin: Notifying listeners for event statusBarOverlayChanged
06-30 18:58:32.271 16339 16339 D Capacitor/StatusBarPlugin: No listeners found for event statusBarOverlayChanged
06-30 18:58:32.290   358 16455 I resolv  : GetAddrInfoHandler::run: {101 101 101 983141 10192 0}
06-30 18:58:32.292   358 16456 I resolv  : res_nmkquery: (QUERY, IN, AAAA)
06-30 18:58:32.293   358 16457 I resolv  : res_nmkquery: (QUERY, IN, A)
06-30 18:58:32.306   358 16457 I resolv  : res_nsend: used send_dg 113 terrno: 0
06-30 18:58:32.308   358 16457 I resolv  : doQuery: rcode=0, ancount=4, return value=113
06-30 18:58:32.319   358 16456 I resolv  : res_nsend: used send_dg 161 terrno: 0
06-30 18:58:32.319   358 16456 I resolv  : doQuery: rcode=0, ancount=4, return value=161
06-30 18:58:32.362 16339 16379 D Capacitor: Handling local request: https://localhost/api/computer-use/approvals
06-30 18:58:32.363   764   764 D StatusBarIconController: ignoring old pipeline callback because the new wifi icon is enabled
06-30 18:58:32.413 16339 16382 D Capacitor: Handling local request: https://localhost/api/local-inference/hub
06-30 18:58:32.414 16339 16379 D Capacitor: Handling local request: https://localhost/api/catalog/apps
06-30 18:58:32.414 16339 16382 D Capacitor: Handling local request: https://localhost/api/custom-actions
06-30 18:58:32.510 16339 16379 D Capacitor: Handling local request: https://localhost/api/local-inference/downloads/stream
06-30 18:58:32.603   545  5686 W ActivityTaskManager: callingPackage for (uid=2000, pid=16470) has no WPC
06-30 18:58:32.607   545  5686 I ActivityTaskManager: START u0 {flg=0x10000000 cmp=ai.elizaos.app/.MainActivity} with LAUNCH_SINGLE_TASK from uid 2000 (BAL_ALLOW_PERMISSION) result code=3
06-30 18:58:32.607   764   806 V WindowManagerShell: Transition requested: android.os.BinderProxy@6275df8 TransitionRequestInfo { type = OPEN, triggerTask = TaskInfo{userId=0 taskId=67 displayId=0 isRunning=true baseIntent=Intent { flg=0x10000000 cmp=ai.elizaos.app/.MainActivity } baseActivity=ComponentInfo{ai.elizaos.app/ai.elizaos.app.MainActivity} topActivity=ComponentInfo{ai.elizaos.app/ai.elizaos.app.MainActivity} origActivity=null realActivity=ComponentInfo{ai.elizaos.app/ai.elizaos.app.MainActivity} numActivities=1 lastActiveTime=54835771 supportsMultiWindow=true resizeMode=1 isResizeable=true minWidth=-1 minHeight=-1 defaultMinSize=220 token=WCT{android.window.IWindowContainerToken$Stub$Proxy@334c2d1} topActivityType=1 pictureInPictureParams=null shouldDockBigOverlays=false launchIntoPipHostTaskId=-1 lastParentTaskIdBeforePip=-1 displayCutoutSafeInsets=null topActivityInfo=ActivityInfo{f78d136 ai.elizaos.app.MainActivity} launchCookies=[] positionInParent=Point(0, 0) parentTaskId=-1 isFocused=true isVisible=true isVisibleRequested=true isSleeping=false topActivityInSizeCompat=false topActivityEligibleForLetterboxEducation= false topActivityLetterboxed= false isFromDoubleTap= false topActivityLetterboxVerticalPosition= -1 topActivityLetterboxHorizontalPosition= -1 topActivityLetterboxWidth=-1 topActivityLetterboxHeight=-1 locusId=null displayAreaFeatureId=1 cameraCompatControlState=hidden}, remoteTransition = null, displayChange = null }
06-30 18:58:32.608   764   806 D WindowManagerShell: onActivityRestartAttempt: ComponentInfo{ai.elizaos.app/ai.elizaos.app.MainActivity}
06-30 18:58:32.609   424   424 I BpBinder: onLastStrongRef automatically unlinking death recipients:
06-30 18:58:32.611   545   564 V WindowManager: Sent Transition #265 createdAt=06-30 18:58:32.604 via request=TransitionRequestInfo { type = OPEN, triggerTask = TaskInfo{userId=0 taskId=67 displayId=0 isRunning=true baseIntent=Intent { flg=0x10000000 cmp=ai.elizaos.app/.MainActivity } baseActivity=ComponentInfo{ai.elizaos.app/ai.elizaos.app.MainActivity} topActivity=ComponentInfo{ai.elizaos.app/ai.elizaos.app.MainActivity} origActivity=null realActivity=ComponentInfo{ai.elizaos.app/ai.elizaos.app.MainActivity} numActivities=1 lastActiveTime=54835771 supportsMultiWindow=true resizeMode=1 isResizeable=true minWidth=-1 minHeight=-1 defaultMinSize=220 token=WCT{RemoteToken{9ae12a7 Task{c26d260 #67 type=standard A=10192:ai.elizaos.app}}} topActivityType=1 pictureInPictureParams=null shouldDockBigOverlays=false launchIntoPipHostTaskId=-1 lastParentTaskIdBeforePip=-1 displayCutoutSafeInsets=null topActivityInfo=ActivityInfo{cf70354 ai.elizaos.app.MainActivity} launchCookies=[] positionInParent=Point(0, 0) parentTaskId=-1 isFocused=true isVisible=true isVisibleRequested=true isSleeping=false topActivityInSizeCompat=false topActivityEligibleForLetterboxEducation= false topActivityLetterboxed= false isFromDoubleTap= false topActivityLetterboxVerticalPosition= -1 topActivityLetterboxHorizontalPosition= -1 topActivityLetterboxWidth=-1 topActivityLetterboxHeight=-1 locusId=null displayAreaFeatureId=1 cameraCompatControlState=hidden}, remoteTransition = null, displayChange = null }
06-30 18:58:32.611   545   564 V WindowManager:     startWCT=WindowContainerTransaction { changes = {} hops = [] errorCallbackToken=null taskFragmentOrganizer=null }
06-30 18:58:32.611   545   564 V WindowManager:     info={id=265 t=OPEN f=0x0 trk=0 r=[] c=[]}
06-30 18:58:32.612   764   806 V WindowManagerShell: onTransitionReady android.os.BinderProxy@6275df8: {id=265 t=OPEN f=0x0 trk=0 r=[] c=[]}
06-30 18:58:32.612   764   806 V WindowManagerShell: No transition roots in (#265)android.os.BinderProxy@6275df8@0 so abort
06-30 18:58:32.612   764   806 V WindowManagerShell: Transition animation finished (aborted=true), notifying core (#265)android.os.BinderProxy@6275df8@0
06-30 18:58:32.613   545   564 V WindowManager: Finish Transition #265: created at 06-30 18:58:32.604 collect-started=0.037ms request-sent=2.046ms started=3.27ms ready=3.233ms sent=4.875ms finished=7.915ms
06-30 18:58:32.613   764   806 V WindowManagerShell: Track 0 became idle
06-30 18:58:32.613   764   806 V WindowManagerShell: All active transition animations finished
06-30 18:58:33.013 16339 16379 D Capacitor: Handling local request: https://localhost/api/vision/capture-requests
06-30 18:58:33.861 16339 16379 D Capacitor: Handling local request: https://localhost/api/computer-use/approvals
06-30 18:58:34.000   545   631 D ActivityManager: freezing 19752 com.google.process.gservices
06-30 18:58:34.514 16339 16379 D Capacitor: Handling local request: https://localhost/api/vision/capture-requests
06-30 18:58:34.625 16339 16380 D Capacitor: Handling local request: https://localhost/assets/ui-CZHKgNJv.js
06-30 18:58:34.626 16339 16382 D Capacitor: Handling local request: https://localhost/assets/ui-DkEe0Iay.js
06-30 18:58:34.627 16339 16379 D Capacitor: Handling local request: https://localhost/assets/ui-DketOMCd.js
06-30 18:58:34.628 16339 16379 D Capacitor: Handling local request: https://localhost/assets/register-74YtUCDk.js
06-30 18:58:34.966     0     0 I logd    : start watching /data/system/packages.list ...
06-30 18:58:34.969     0     0 I logd    : ReadPackageList, total packages: 200
06-30 18:58:34.772   545   631 D ActivityManager: freezing 19662 com.google.android.apps.photos
06-30 18:58:34.869   545   631 D ActivityManager: freezing 19686 com.google.android.documentsui
06-30 18:58:34.972   545   631 D ActivityManager: freezing 909 com.google.android.permissioncontroller
06-30 18:58:35.040   184 16277 I keystore2: system/security/keystore2/src/watchdog.rs:319 - Watchdog thread idle -> terminating. Have a great day.
06-30 18:58:35.291 16339 16364 D EGL_emulation: app_time_stats: avg=309.82ms min=4.58ms max=3023.00ms count=12
06-30 18:58:35.296 16339 16358 I OpenGLRenderer: Davey! duration=3604ms; Flags=0, FrameTimelineVsyncId=21851015, IntendedVsync=54841929979816, Vsync=54842496646460, InputEventId=0, HandleInputStart=54842507760031, AnimationStart=54842507764268, PerformTraversalsStart=54842510212949, DrawStart=54842510645393, FrameDeadline=54842546646458, FrameInterval=54842507396565, FrameStartTime=16666666, SyncQueued=54842511192120, SyncStart=54842522657376, IssueDrawCommandsStart=54842522738671, SwapBuffers=54845544394566, FrameCompleted=54845545628406, DequeueBufferDuration=6055, QueueBufferDuration=314421, GpuCompleted=54845545450878, SwapBuffersCompleted=54845545628406, DisplayPresentTime=72904454231491234, CommandSubmissionCompleted=54845544394566,
06-30 18:58:35.296 16339 16339 I Capacitor/Console: File:  - Line 333 - Msg: {"microphone":"granted","speechRecognition":"granted"}
06-30 18:58:35.297 16339 16339 I Capacitor/Console: File:  - Line 333 - Msg: undefined
06-30 18:58:35.297 16339 16339 I Capacitor/Console: File:  - Line 349 - Msg: [object Object]
06-30 18:58:35.298 16339 16339 V Capacitor/Plugin: To native (Capacitor plugin): callbackId: 35803405, pluginId: StatusBar, methodName: setBackgroundColor
06-30 18:58:35.298 16339 16339 V Capacitor: callback: 35803405, pluginId: StatusBar, methodName: setBackgroundColor, methodData: {"color":"#00000000"}
06-30 18:58:35.299 16339 16339 E Capacitor/Console: File: https://localhost/ - Line 0 - Msg: EventSource's response has a MIME type ("text/html") that is not "text/event-stream". Aborting the connection.
06-30 18:58:35.300 16339 16339 E Capacitor/Console: File: https://localhost/ - Line 0 - Msg: EventSource's response has a MIME type ("text/html") that is not "text/event-stream". Aborting the connection.
06-30 18:58:35.305 16339 16339 I Choreographer: Skipped 181 frames!  The application may be doing too much work on its main thread.
06-30 18:58:35.307   545  5686 D CompatibilityChangeReporter: Compat change id reported: 161145287; UID 10192; state: ENABLED
06-30 18:58:35.315 16339 16339 V Capacitor/AppPlugin: Notifying listeners for event pause
06-30 18:58:35.315 16339 16339 D Capacitor/AppPlugin: No listeners found for event pause
06-30 18:58:35.318 16339 16339 D Capacitor: App paused
06-30 18:58:35.318 16339 16339 D Capacitor/AppPlugin: Firing change: true
06-30 18:58:35.318 16339 16339 V Capacitor/AppPlugin: Notifying listeners for event appStateChange
06-30 18:58:35.319 16339 16339 D Capacitor/AppPlugin: No listeners found for event appStateChange
06-30 18:58:35.319 16339 16339 V Capacitor/AppPlugin: Notifying listeners for event resume
06-30 18:58:35.319 16339 16339 D Capacitor/AppPlugin: No listeners found for event resume
06-30 18:58:35.320   545  5686 D ConnectivityService: requestNetwork for uid/pid:10192/16339 activeRequest: null callbackRequest: 807 [NetworkRequest [ REQUEST id=808, [ Capabilities: INTERNET&NOT_RESTRICTED&TRUSTED&NOT_VCN_MANAGED Uid: 10192 RequestorUid: 10192 RequestorPkg: ai.elizaos.app UnderlyingNetworks: Null] ]] callback flags: 0 order: 2147483647
06-30 18:58:35.321   545   683 D WifiNetworkFactory: got request NetworkRequest [ REQUEST id=808, [ Capabilities: INTERNET&NOT_RESTRICTED&TRUSTED&NOT_VCN_MANAGED Uid: 10192 RequestorUid: 10192 RequestorPkg: ai.elizaos.app UnderlyingNetworks: Null] ]
06-30 18:58:35.321   545   683 D UntrustedWifiNetworkFactory: got request NetworkRequest [ REQUEST id=808, [ Capabilities: INTERNET&NOT_RESTRICTED&TRUSTED&NOT_VCN_MANAGED Uid: 10192 RequestorUid: 10192 RequestorPkg: ai.elizaos.app UnderlyingNetworks: Null] ]
06-30 18:58:35.322   545   690 D ConnectivityService: NetReassign [808 : null → 101] [c 0] [a 1] [i 1]
06-30 18:58:35.322   545   683 D OemPaidWifiNetworkFactory: got request NetworkRequest [ REQUEST id=808, [ Capabilities: INTERNET&NOT_RESTRICTED&TRUSTED&NOT_VCN_MANAGED Uid: 10192 RequestorUid: 10192 RequestorPkg: ai.elizaos.app UnderlyingNetworks: Null] ]
06-30 18:58:35.322   545   683 D MultiInternetWifiNetworkFactory: got request NetworkRequest [ REQUEST id=808, [ Capabilities: INTERNET&NOT_RESTRICTED&TRUSTED&NOT_VCN_MANAGED Uid: 10192 RequestorUid: 10192 RequestorPkg: ai.elizaos.app UnderlyingNetworks: Null] ]
06-30 18:58:35.323   545  5686 D CompatibilityChangeReporter: Compat change id reported: 261072174; UID 10192; state: ENABLED
06-30 18:58:35.323 16339 16339 D Capacitor: App resumed
06-30 18:58:35.334   545  2263 D CompatibilityChangeReporter: Compat change id reported: 197654537; UID 10192; state: ENABLED
06-30 18:58:35.349 16339 16433 V Capacitor/NetworkPlugin: Notifying listeners for event networkStatusChange
06-30 18:58:35.349 16339 16433 D Capacitor/NetworkPlugin: No listeners found for event networkStatusChange
06-30 18:58:35.361 16339 16495 D ProfileInstaller: Installing profile for ai.elizaos.app
06-30 18:58:35.366 16339 16379 D Capacitor: Handling local request: https://localhost/assets/index-cts6KgtQ.js
06-30 18:58:35.371 16339 16379 D Capacitor: Handling local request: https://localhost/assets/register-6XcsfZ_k.js
06-30 18:58:35.374 16339 16379 D Capacitor: Handling local request: https://localhost/assets/index-DWSrPj_u.js
06-30 18:58:35.379 16339 16379 D Capacitor: Handling local request: https://localhost/assets/index-Bewyj1V5.js
06-30 18:58:35.394 16339 16379 D Capacitor: Handling local request: https://localhost/api/computer-use/approvals
06-30 18:58:36.014 16339 16379 D Capacitor: Handling local request: https://localhost/api/vision/capture-requests
06-30 18:58:36.593 16339 16364 D EGL_emulation: app_time_stats: avg=433.81ms min=6.14ms max=1259.52ms count=3
06-30 18:58:36.594 16339 16339 I Capacitor/Console: File:  - Line 333 - Msg: undefined
06-30 18:58:36.594 16339 16339 I Capacitor/Console: File:  - Line 349 - Msg: [object Object]
06-30 18:58:36.595 16339 16339 V Capacitor/Plugin: To native (Capacitor plugin): callbackId: 35803406, pluginId: Keyboard, methodName: addListener
06-30 18:58:36.595 16339 16339 V Capacitor: callback: 35803406, pluginId: Keyboard, methodName: addListener, methodData: {"eventName":"keyboardWillShow"}
06-30 18:58:36.595 16339 16339 I Capacitor/Console: File:  - Line 349 - Msg: [object Object]
06-30 18:58:36.596 16339 16339 V Capacitor/Plugin: To native (Capacitor plugin): callbackId: 35803407, pluginId: Keyboard, methodName: addListener
06-30 18:58:36.596 16339 16339 V Capacitor: callback: 35803407, pluginId: Keyboard, methodName: addListener, methodData: {"eventName":"keyboardWillHide"}
06-30 18:58:36.599 16339 16339 I Capacitor/Console: File:  - Line 349 - Msg: [object Object]
06-30 18:58:36.599 16339 16339 V Capacitor/Plugin: To native (Capacitor plugin): callbackId: 35803408, pluginId: App, methodName: addListener
06-30 18:58:36.599 16339 16339 V Capacitor: callback: 35803408, pluginId: App, methodName: addListener, methodData: {"eventName":"appStateChange"}
06-30 18:58:36.600 16339 16339 I Capacitor/Console: File:  - Line 349 - Msg: [object Object]
06-30 18:58:36.600 16339 16339 V Capacitor/Plugin: To native (Capacitor plugin): callbackId: 35803409, pluginId: App, methodName: addListener
06-30 18:58:36.601 16339 16339 V Capacitor: callback: 35803409, pluginId: App, methodName: addListener, methodData: {"eventName":"backButton"}
06-30 18:58:36.601 16339 16339 I Capacitor/Console: File:  - Line 349 - Msg: [object Object]
06-30 18:58:36.602 16339 16339 V Capacitor/Plugin: To native (Capacitor plugin): callbackId: 35803410, pluginId: App, methodName: addListener
06-30 18:58:36.602 16339 16339 V Capacitor: callback: 35803410, pluginId: App, methodName: addListener, methodData: {"eventName":"appUrlOpen"}
06-30 18:58:36.602 16339 16339 I Capacitor/Console: File:  - Line 349 - Msg: [object Object]
06-30 18:58:36.602 16339 16339 V Capacitor/Plugin: To native (Capacitor plugin): callbackId: 35803411, pluginId: App, methodName: getLaunchUrl
06-30 18:58:36.603 16339 16339 V Capacitor: callback: 35803411, pluginId: App, methodName: getLaunchUrl, methodData: {}
06-30 18:58:36.603 16339 16339 W Capacitor/Console: File: https://localhost/assets/index-Dtqs9oPj.js - Line 455 - Msg: [Eliza] Agent not available: "Agent" plugin is not implemented on android
06-30 18:58:36.603 16339 16339 W Capacitor/Console: File: https://localhost/assets/index-Dtqs9oPj.js - Line 455 - Msg: [Eliza] Background runner unavailable: "CapacitorBackgroundRunner" plugin is not implemented on android
06-30 18:58:36.604 16339 16339 E Capacitor/Console: File: https://localhost/ - Line 0 - Msg: EventSource's response has a MIME type ("text/html") that is not "text/event-stream". Aborting the connection.
06-30 18:58:36.608 16339 16339 I Choreographer: Skipped 74 frames!  The application may be doing too much work on its main thread.
06-30 18:58:36.614 16339 16358 I OpenGLRenderer: Davey! duration=1267ms; Flags=0, FrameTimelineVsyncId=21851143, IntendedVsync=54845579979670, Vsync=54845579979670, InputEventId=0, HandleInputStart=54845591149494, AnimationStart=54845591153960, PerformTraversalsStart=54845591701154, DrawStart=54845593628709, FrameDeadline=54845613313002, FrameInterval=54845591126337, FrameStartTime=16666666, SyncQueued=54845597579137, SyncStart=54845597707820, IssueDrawCommandsStart=54845597782377, SwapBuffers=54846844780688, FrameCompleted=54846847356320, DequeueBufferDuration=5249, QueueBufferDuration=283755, GpuCompleted=54846847027963, SwapBuffersCompleted=54846847356320, DisplayPresentTime=72057628414509967, CommandSubmissionCompleted=54846844780688,
06-30 18:58:36.624   545   567 W ProcessStats: Tracking association SourceState{539cc5c ai.elizaos.app/10192 BTop #18581} whose proc state 2 is better than process ProcessState{440372f com.google.android.gms.persistent/10128 pkg=com.google.android.gms} proc state 4 (83 skipped)
06-30 18:58:36.645 16339 16339 I Capacitor/Console: File:  - Line 333 - Msg: undefined
06-30 18:58:36.692 16339 16339 I Capacitor/Console: File:  - Line 349 - Msg: [object Object]
06-30 18:58:36.692 16339 16379 D Capacitor: Handling local request: https://localhost/brand/favicons/favicon-16x16.png
06-30 18:58:36.702 16339 16379 D Capacitor: Handling local request: https://localhost/brand/favicons/favicon-32x32.png
06-30 18:58:36.703 16339 16398 D Capacitor: Handling local request: https://localhost/brand/favicons/favicon.svg
06-30 18:58:36.703 16339 16382 D Capacitor: Handling local request: https://localhost/brand/favicons/favicon.ico
06-30 18:58:36.705 16339 16339 V Capacitor/Plugin: To native (Capacitor plugin): callbackId: 35803412, pluginId: Network, methodName: addListener
06-30 18:58:36.705 16339 16339 V Capacitor: callback: 35803412, pluginId: Network, methodName: addListener, methodData: {"eventName":"networkStatusChange"}
06-30 18:58:36.705 16339 16339 W Capacitor/Console: File: https://localhost/assets/index-Dtqs9oPj.js - Line 455 - Msg: [Eliza] Blocker backends plugin not available: e.registerNativeWebsiteBlockerBackend is not a function
06-30 18:58:36.706 16339 16379 D Capacitor: Handling local request: https://localhost/assets/register-Cppao6K2.js
06-30 18:58:36.709 16339 16382 D Capacitor: Handling local request: https://localhost/assets/PhoneCompanionApp-6VpV9974.js
06-30 18:58:36.709 16339 16379 D Capacitor: Handling local request: https://localhost/assets/ui-DiQvlshP.js
06-30 18:58:36.710 16339 16379 D Capacitor: Handling local request: https://localhost/assets/index-axllggf3.js
06-30 18:58:36.714 16339 16398 D Capacitor: Handling local request: https://localhost/assets/PhoneSpatialView-CUVx1PEQ.js
06-30 18:58:36.844 16339 16379 D Capacitor: Handling local request: https://localhost/api/apps/runs
06-30 18:58:36.867 16339 16380 D Capacitor: Handling local request: https://localhost/api/computer-use/approvals
06-30 18:58:36.871 16339 16379 D Capacitor: Handling local request: https://localhost/assets/index-CUiUKrGT.js
06-30 18:58:36.874 16339 16379 D Capacitor: Handling local request: https://localhost/assets/FilesView-BILpFXBd.js
06-30 18:58:36.875 16339 16379 D Capacitor: Handling local request: https://localhost/assets/input-group-DsJC83d3.js
06-30 18:58:36.907 16339 16379 D Capacitor: Handling local request: https://localhost/assets/register-_IZSdYPB.js
06-30 18:58:36.908 16339 16379 D Capacitor: Handling local request: https://localhost/assets/register-oHy3MB84.js
06-30 18:58:37.016 16339 16339 I Capacitor/Console: File:  - Line 349 - Msg: [object Object]
06-30 18:58:37.017 16339 16339 V Capacitor/Plugin: To native (Capacitor plugin): callbackId: 35803413, pluginId: Preferences, methodName: set
06-30 18:58:37.018 16339 16339 V Capacitor: callback: 35803413, pluginId: Preferences, methodName: set, methodData: {"key":"eliza:onboarding-complete","value":"1"}
06-30 18:58:37.018 16339 16339 I Capacitor/Console: File:  - Line 349 - Msg: [object Object]
06-30 18:58:37.019 16339 16339 V Capacitor/Plugin: To native (Capacitor plugin): callbackId: 35803414, pluginId: Preferences, methodName: set
06-30 18:58:37.019 16339 16339 V Capacitor: callback: 35803414, pluginId: Preferences, methodName: set, methodData: {"key":"eliza:first-run-complete","value":"1"}
06-30 18:58:37.020 16339 16339 I Capacitor/Console: File:  - Line 349 - Msg: [object Object]
06-30 18:58:37.021 16339 16339 V Capacitor/Plugin: To native (Capacitor plugin): callbackId: 35803415, pluginId: Preferences, methodName: set
06-30 18:58:37.021 16339 16339 V Capacitor: callback: 35803415, pluginId: Preferences, methodName: set, methodData: {"key":"eliza:ui-shell-mode","value":"native"}
06-30 18:58:37.021 16339 16339 I Capacitor/Console: File:  - Line 349 - Msg: [object Object]
06-30 18:58:37.022 16339 16339 V Capacitor/Plugin: To native (Capacitor plugin): callbackId: 35803416, pluginId: Preferences, methodName: set
06-30 18:58:37.022 16339 16339 V Capacitor: callback: 35803416, pluginId: Preferences, methodName: set, methodData: {"key":"eliza:mobile-runtime-mode","value":"remote"}
06-30 18:58:37.022 16339 16339 I Capacitor/Console: File:  - Line 349 - Msg: [object Object]
06-30 18:58:37.023 16339 16339 V Capacitor/Plugin: To native (Capacitor plugin): callbackId: 35803417, pluginId: Preferences, methodName: set
06-30 18:58:37.023 16339 16339 V Capacitor: callback: 35803417, pluginId: Preferences, methodName: set, methodData: {"key":"elizaos:active-server","value":"{\"id\":\"remote:host\",\"kind\":\"remote\",\"label\":\"Host agent\",\"apiBase\":\"http:\/\/127.0.0.1:31337\"}"}
06-30 18:58:37.024 16339 16339 I Capacitor/Console: File:  - Line 349 - Msg: [object Object]
06-30 18:58:37.028 16339 16339 V Capacitor/Plugin: To native (Capacitor plugin): callbackId: 35803418, pluginId: Preferences, methodName: set
06-30 18:58:37.028 16339 16339 V Capacitor: callback: 35803418, pluginId: Preferences, methodName: set, methodData: {"key":"eliza:first-run-complete","value":"1"}
06-30 18:58:37.028 16339 16339 I Capacitor/Console: File:  - Line 349 - Msg: [object Object]
06-30 18:58:37.029 16339 16339 V Capacitor/Plugin: To native (Capacitor plugin): callbackId: 35803419, pluginId: Preferences, methodName: set
06-30 18:58:37.029 16339 16339 V Capacitor: callback: 35803419, pluginId: Preferences, methodName: set, methodData: {"key":"eliza:first-run-complete","value":"1"}
06-30 18:58:37.030 16339 16339 I Capacitor/Console: File:  - Line 349 - Msg: [object Object]
06-30 18:58:37.030 16339 16339 V Capacitor/Plugin: To native (Capacitor plugin): callbackId: 35803420, pluginId: Preferences, methodName: set
06-30 18:58:37.030 16339 16339 V Capacitor: callback: 35803420, pluginId: Preferences, methodName: set, methodData: {"key":"eliza:mobile-runtime-mode","value":"remote"}
06-30 18:58:37.031 16339 16339 I Capacitor/Console: File:  - Line 349 - Msg: [object Object]
06-30 18:58:37.031 16339 16339 V Capacitor/Plugin: To native (Capacitor plugin): callbackId: 35803421, pluginId: Preferences, methodName: set
06-30 18:58:37.032 16339 16339 V Capacitor: callback: 35803421, pluginId: Preferences, methodName: set, methodData: {"key":"elizaos:active-server","value":"{\"id\":\"remote:host\",\"kind\":\"remote\",\"label\":\"Host agent\",\"apiBase\":\"http:\/\/127.0.0.1:31337\"}"}
06-30 18:58:37.042 16339 16339 I Capacitor/Console: File:  - Line 333 - Msg: undefined
06-30 18:58:37.052 16339 16339 I Capacitor/Console: File:  - Line 333 - Msg: undefined
06-30 18:58:37.053 16339 16339 I Capacitor/Console: File:  - Line 333 - Msg: undefined
06-30 18:58:37.053 16339 16339 I Capacitor/Console: File:  - Line 333 - Msg: undefined
06-30 18:58:37.053 16339 16339 I Capacitor/Console: File:  - Line 333 - Msg: undefined
06-30 18:58:37.070 16339 16379 D Capacitor: Handling local request: https://localhost/api/apps/favorites
06-30 18:58:37.070 16339 16339 I Capacitor/Console: File:  - Line 333 - Msg: undefined
06-30 18:58:37.071 16339 16339 I Capacitor/Console: File:  - Line 333 - Msg: undefined
06-30 18:58:37.071 16339 16339 I Capacitor/Console: File:  - Line 333 - Msg: undefined
06-30 18:58:37.072 16339 16339 I Capacitor/Console: File:  - Line 333 - Msg: undefined
06-30 18:58:37.073 16339 16380 D Capacitor: Handling local request: https://localhost/api/status
06-30 18:58:37.074 16339 16379 D Capacitor: Handling local request: https://localhost/api/config
06-30 18:58:37.085 16339 16339 W Capacitor/Console: File: https://localhost/assets/vendor-crypto-BIGM8b0U.js - Line 5 - Msg: %c Warn font-size: 12px; color: #ffaa00; [persistence] failed to fetch server favorite apps: Unexpected token '<', "<!doctype "... is not valid JSON
06-30 18:58:37.089 16339 16379 D Capacitor: Handling local request: https://localhost/assets/register-CBgbvRH6.js
06-30 18:58:37.090 16339 16380 D Capacitor: Handling local request: https://localhost/assets/register-DISSmywK.js
06-30 18:58:37.146 16339 16380 D Capacitor: Handling local request: https://localhost/assets/register-G8oMIBHn.js
06-30 18:58:37.147 16339 16379 D Capacitor: Handling local request: https://localhost/assets/register-BC_qxwdj.js
06-30 18:58:37.232 16339 16380 D Capacitor: Handling local request: https://localhost/assets/register-C5krzRId.js
06-30 18:58:37.232 16339 16379 D Capacitor: Handling local request: https://localhost/assets/register-4HtmQsZl.js
06-30 18:58:37.335 16339 16379 D Capacitor: Handling local request: https://localhost/assets/register-DsdsloCb.js
06-30 18:58:37.336 16339 16380 D Capacitor: Handling local request: https://localhost/assets/register-BhdREi3d.js
06-30 18:58:37.381   358   358 I netd    : setProcSysNet(4, 2, wlan0, retrans_time_ms, 750) <0.14ms>
06-30 18:58:37.382   358   358 I netd    : setProcSysNet(4, 2, wlan0, ucast_solicit, 10) <0.04ms>
06-30 18:58:37.382   358   358 I netd    : setProcSysNet(6, 2, wlan0, retrans_time_ms, 750) <0.23ms>
06-30 18:58:37.382   358   358 I netd    : setProcSysNet(6, 2, wlan0, ucast_solicit, 10) <0.02ms>
06-30 18:58:37.432 16339 16379 D Capacitor: Handling local request: https://localhost/assets/register-hI48YOE4.js
06-30 18:58:37.513 16339 16379 D Capacitor: Handling local request: https://localhost/api/vision/capture-requests
06-30 18:58:37.605 16339 16364 D EGL_emulation: app_time_stats: avg=12.92ms min=4.76ms max=163.52ms count=52
06-30 18:58:38.365 16339 16379 D Capacitor: Handling local request: https://localhost/api/computer-use/approvals
06-30 18:58:38.557 16339 16379 D Capacitor: Handling local request: https://localhost/api/status
06-30 18:58:38.565  1490 13993 W MediaProvider: isAppCloneUserPair for user 0: false
06-30 18:58:38.603 16517 16517 D MediaCodecList: codecHandlesFormat: no format, so no extra checks
06-30 18:58:38.608 16517 16529 D CCodec  : allocate(c2.android.avc.encoder)
06-30 18:58:38.610 16517 16529 I Codec2Client: Available Codec2 services: "default" "software"
06-30 18:58:38.619 16339 16364 D EGL_emulation: app_time_stats: avg=12.46ms min=4.89ms max=34.20ms count=59
06-30 18:58:38.632 16517 16529 I CCodec  : setting up 'default' as default (vendor) store
06-30 18:58:38.638  1184 16234 I NetworkScheduler.Stats: Task com.google.android.gms/com.google.android.gms.ipa.base.IpaGcmTaskService started execution. cause:9 exec_start_elapsed_seconds: 54848 [CONTEXT service_id=218 ]
06-30 18:58:38.658  1184  1184 D BoundBrokerSvc: onBind: Intent { act=com.google.android.gms.scheduler.ACTION_PROXY_SCHEDULE dat=chimera-action:/... cmp=com.google.android.gms/.chimera.PersistentApiService }
06-30 18:58:38.658  1184  1184 D BoundBrokerSvc: Loading bound service for intent: Intent { act=com.google.android.gms.scheduler.ACTION_PROXY_SCHEDULE dat=chimera-action:/... cmp=com.google.android.gms/.chimera.PersistentApiService }
06-30 18:58:38.671   473   816 I mediaswcodec: missing struct descriptor #Param::CoreIndex(--004) for field values of struct #Param::CoreIndex(F-12004)
06-30 18:58:38.674   473   816 I mediaswcodec: missing struct descriptor #Param::CoreIndex(--1812) for field values of struct #Param::CoreIndex(F-11812)
06-30 18:58:38.676  1184 16233 I NetworkScheduler.Stats: Task com.google.android.gms/com.google.android.gms.ipa.base.IpaGcmTaskService finished executing. cause:9 result: 1 elapsed_millis: 30 uptime_millis: 26 exec_start_elapsed_seconds: 54848 [CONTEXT service_id=218 ]
06-30 18:58:38.684   473   816 I mediaswcodec: missing struct descriptor #Param::CoreIndex(--004) for field values of struct #Param::CoreIndex(F-12004)
06-30 18:58:38.684   473   816 I mediaswcodec: missing struct descriptor #Param::CoreIndex(--1812) for field values of struct #Param::CoreIndex(F-11812)
06-30 18:58:38.714 16517 16529 I CCodec  : Created component [c2.android.avc.encoder]
06-30 18:58:38.714 16517 16529 D CCodecConfig: read media type: video/avc
06-30 18:58:38.718 16517 16529 D ReflectedParamUpdater: extent() != 1 for single value type: algo.buffers.max-count.values
06-30 18:58:38.721 16517 16529 D ReflectedParamUpdater: extent() != 1 for single value type: output.subscribed-indices.values
06-30 18:58:38.722 16517 16529 D ReflectedParamUpdater: extent() != 1 for single value type: input.buffers.allocator-ids.values
06-30 18:58:38.722 16517 16529 D ReflectedParamUpdater: extent() != 1 for single value type: output.buffers.allocator-ids.values
06-30 18:58:38.722 16517 16529 D ReflectedParamUpdater: extent() != 1 for single value type: algo.buffers.allocator-ids.values
06-30 18:58:38.722 16517 16529 D ReflectedParamUpdater: extent() != 1 for single value type: output.buffers.pool-ids.values
06-30 18:58:38.722 16517 16529 D ReflectedParamUpdater: extent() != 1 for single value type: algo.buffers.pool-ids.values
06-30 18:58:38.732 16339 16382 D Capacitor: Handling local request: https://localhost/brand/favicons/favicon-16x16.png
06-30 18:58:38.733 16339 16380 D Capacitor: Handling local request: https://localhost/brand/favicons/favicon-32x32.png
06-30 18:58:38.733 16339 16379 D Capacitor: Handling local request: https://localhost/brand/favicons/favicon.ico
06-30 18:58:38.734 16517 16529 D ReflectedParamUpdater: ignored struct field coding.gop.values
06-30 18:58:38.735 16339 16398 D Capacitor: Handling local request: https://localhost/brand/favicons/favicon.svg
06-30 18:58:38.737 16517 16529 D ReflectedParamUpdater: ignored struct field coding.qp.values
06-30 18:58:38.740 16517 16529 D CCodecConfig: ignoring local param raw.color (0xc2001809) as it is already supported
06-30 18:58:38.744 16517 16529 I CCodecConfig: query failed after returning 12 values (BAD_INDEX)
06-30 18:58:38.744 16517 16529 D CCodecConfig: c2 config diff is Dict {
06-30 18:58:38.744 16517 16529 D CCodecConfig:   c2::i32 coded.average-qp.value = 0
06-30 18:58:38.744 16517 16529 D CCodecConfig:   c2::u32 coded.bitrate.value = 64000
06-30 18:58:38.744 16517 16529 D CCodecConfig:   c2::float coded.frame-rate.value = 1
06-30 18:58:38.744 16517 16529 D CCodecConfig:   c2::u32 coded.picture-type.value = 0
06-30 18:58:38.744 16517 16529 D CCodecConfig:   c2::u32 coded.pl.level = 20492
06-30 18:58:38.744 16517 16529 D CCodecConfig:   c2::u32 coded.pl.profile = 20481
06-30 18:58:38.744 16517 16529 D CCodecConfig:   c2::u32 coded.vui.color.matrix = 0
06-30 18:58:38.744 16517 16529 D CCodecConfig:   c2::u32 coded.vui.color.primaries = 0
06-30 18:58:38.744 16517 16529 D CCodecConfig:   c2::u32 coded.vui.color.range = 0
06-30 18:58:38.744 16517 16529 D CCodecConfig:   c2::u32 coded.vui.color.transfer = 0
06-30 18:58:38.744 16517 16529 D CCodecConfig:   c2::u32 coding.intra-refresh.mode = 0
06-30 18:58:38.744 16517 16529 D CCodecConfig:   c2::float coding.intra-refresh.period = 0
06-30 18:58:38.744 16517 16529 D CCodecConfig:   c2::u32 coding.request-sync-frame.value = 0
06-30 18:58:38.744 16517 16529 D CCodecConfig:   c2::i64 coding.sync-frame-interval.value = 1000000
