06-30 18:42:21.885 15235 15235 I Capacitor/Console: File:  - Line 333 - Msg: {"microphone":"granted","speechRecognition":"granted"}
06-30 18:42:21.887 15235 15235 E Capacitor/Console: File: https://localhost/ - Line 0 - Msg: EventSource's response has a MIME type ("text/html") that is not "text/event-stream". Aborting the connection.
06-30 18:42:21.888 15235 15235 E Capacitor/Console: File: https://localhost/ - Line 0 - Msg: EventSource's response has a MIME type ("text/html") that is not "text/event-stream". Aborting the connection.
06-30 18:42:21.889 15235 15235 I Capacitor/Console: File:  - Line 333 - Msg: undefined
06-30 18:42:21.889 15235 15235 I Capacitor/Console: File:  - Line 349 - Msg: [object Object]
06-30 18:42:21.890 15235 15235 V Capacitor/Plugin: To native (Capacitor plugin): callbackId: 25384642, pluginId: StatusBar, methodName: setOverlaysWebView
06-30 18:42:21.890 15235 15235 V Capacitor: callback: 25384642, pluginId: StatusBar, methodName: setOverlaysWebView, methodData: {"overlay":true}
06-30 18:42:21.900 15235 15235 I Choreographer: Skipped 237 frames!  The application may be doing too much work on its main thread.
06-30 18:42:21.900 15235 15364 I OpenGLRenderer: Davey! duration=4604ms; Flags=0, FrameTimelineVsyncId=21400521, IntendedVsync=53867530018792, Vsync=53868146685434, InputEventId=0, HandleInputStart=53868156304112, AnimationStart=53868156309363, PerformTraversalsStart=53868165557222, DrawStart=53868165909904, FrameDeadline=53868146685434, FrameInterval=53868155608120, FrameStartTime=16666666, SyncQueued=53868166359070, SyncStart=53868166389915, IssueDrawCommandsStart=53868166444835, SwapBuffers=53872133052360, FrameCompleted=53872134237443, DequeueBufferDuration=4211, QueueBufferDuration=224721, GpuCompleted=53872134100409, SwapBuffersCompleted=53872134237443, DisplayPresentTime=0, CommandSubmissionCompleted=53872133052360, 
06-30 18:42:21.904   545   846 D CompatibilityChangeReporter: Compat change id reported: 161145287; UID 10192; state: ENABLED
06-30 18:42:21.904   545   746 D CompatibilityChangeReporter: Compat change id reported: 197654537; UID 10192; state: ENABLED
06-30 18:42:21.912 15235 15435 D ProfileInstaller: Installing profile for ai.elizaos.app
06-30 18:42:21.913 15235 15235 V Capacitor/StatusBarPlugin: Notifying listeners for event statusBarOverlayChanged
06-30 18:42:21.914 15235 15235 D Capacitor/StatusBarPlugin: No listeners found for event statusBarOverlayChanged
06-30 18:42:21.926 15235 15235 E Capacitor/Console: File: https://localhost/ - Line 0 - Msg: EventSource's response has a MIME type ("text/html") that is not "text/event-stream". Aborting the connection.
06-30 18:42:22.174 15235 15248 I OpenGLRenderer: Davey! duration=3983ms; Flags=0, FrameTimelineVsyncId=21400559, IntendedVsync=53868196685432, Vsync=53872146685274, InputEventId=0, HandleInputStart=53872154577054, AnimationStart=53872154580146, PerformTraversalsStart=53872156392818, DrawStart=53872156663685, FrameDeadline=53872180018606, FrameInterval=53872154181063, FrameStartTime=16666666, SyncQueued=53872157027949, SyncStart=53872157064265, IssueDrawCommandsStart=53872157281265, SwapBuffers=53872163003881, FrameCompleted=53872180175416, DequeueBufferDuration=2878554, QueueBufferDuration=173453, GpuCompleted=53872180175416, SwapBuffersCompleted=53872166894813, DisplayPresentTime=0, CommandSubmissionCompleted=53872163003881, 
06-30 18:42:22.182 15235 15235 I Capacitor/Console: File:  - Line 333 - Msg: undefined
06-30 18:42:22.183 15235 15235 I Capacitor/Console: File:  - Line 349 - Msg: [object Object]
06-30 18:42:22.184 15235 15235 V Capacitor/Plugin: To native (Capacitor plugin): callbackId: 25384643, pluginId: StatusBar, methodName: setBackgroundColor
06-30 18:42:22.184 15235 15235 V Capacitor: callback: 25384643, pluginId: StatusBar, methodName: setBackgroundColor, methodData: {"color":"#00000000"}
06-30 18:42:22.191 15235 15294 D Capacitor: Handling local request: https://localhost/
06-30 18:42:22.223 15235 15297 D Capacitor: Handling local request: https://localhost/assets/index-Dtqs9oPj.js
06-30 18:42:22.227 15235 15294 D Capacitor: Handling local request: https://localhost/assets/vendor-react-Dh8venqn.js
06-30 18:42:22.228 15235 15297 D Capacitor: Handling local request: https://localhost/assets/vendor-lucide-BPakN3Wh.js
06-30 18:42:22.230 15235 15297 D Capacitor: Handling local request: https://localhost/assets/vendor-crypto-BIGM8b0U.js
06-30 18:42:22.239 15235 15294 D Capacitor: Handling local request: https://localhost/assets/index-DNh-YHq9.css
06-30 18:42:22.887 15235 15277 D EGL_emulation: app_time_stats: avg=16.57ms min=4.64ms max=266.89ms count=44
06-30 18:42:23.054   358   358 I netd    : setProcSysNet(4, 2, wlan0, retrans_time_ms, 750) <0.35ms>
06-30 18:42:23.054   358   358 I netd    : setProcSysNet(4, 2, wlan0, ucast_solicit, 10) <0.08ms>
06-30 18:42:23.055   358   358 I netd    : setProcSysNet(6, 2, wlan0, retrans_time_ms, 750) <0.33ms>
06-30 18:42:23.055   358   358 I netd    : setProcSysNet(6, 2, wlan0, ucast_solicit, 10) <0.06ms>
06-30 18:42:23.069 15235 15294 D Capacitor: Handling local request: https://localhost/eliza-renderer-build.json
06-30 18:42:23.074 15235 15300 D Capacitor: Handling local request: https://localhost/assets/browser-BtT5BIzx.js
06-30 18:42:23.075 15235 15303 D Capacitor: Handling local request: https://localhost/assets/eliza-cloud-model-route-DDEJ0LV1.js
06-30 18:42:23.075 15235 15321 D Capacitor: Handling local request: https://localhost/assets/EmbeddedAppViewer-DS6qzrdq.js
06-30 18:42:23.077 15235 15322 D Capacitor: Handling local request: https://localhost/assets/task-widget-DL_GfPjH.js
06-30 18:42:23.078 15235 15321 D Capacitor: Handling local request: https://localhost/assets/DiffReviewPanel-CLBdPXJs.js
06-30 18:42:23.079 15235 15303 D Capacitor: Handling local request: https://localhost/assets/useChatSidebarVisibility-Cy00GSfz.js
06-30 18:42:23.081 15235 15297 D Capacitor: Handling local request: https://localhost/assets/index-sOCUT5z4.js
06-30 18:42:23.087 15235 15294 D Capacitor: Handling local request: https://localhost/assets/tooltip-extended-DDNQCwBQ.js
06-30 18:42:23.088 15235 15303 D Capacitor: Handling local request: https://localhost/assets/TerminalPluginView-Bt7omul4.js
06-30 18:42:23.093 15235 15294 D Capacitor: Handling local request: https://localhost/assets/index-Bhiy7_SE.js
06-30 18:42:23.097 15235 15322 D Capacitor: Handling local request: https://localhost/assets/RuntimeView-YXsFqmaY.js
06-30 18:42:23.100 15235 15321 D Capacitor: Handling local request: https://localhost/assets/DatabasePageView-DYK_4F7d.js
06-30 18:42:23.101 15235 15322 D Capacitor: Handling local request: https://localhost/assets/TrajectoriesView-DuiygrJl.js
06-30 18:42:23.102 15235 15300 D Capacitor: Handling local request: https://localhost/assets/RelationshipsView-YjZ7xIwk.js
06-30 18:42:23.103 15235 15303 D Capacitor: Handling local request: https://localhost/assets/TasksPageView-D1YIcQFu.js
06-30 18:42:23.104 15235 15321 D Capacitor: Handling local request: https://localhost/assets/trajectory-format-D0hgw1gv.js
06-30 18:42:23.104 15235 15297 D Capacitor: Handling local request: https://localhost/assets/DatabaseView-BVn73tIA.js
06-30 18:42:23.105 15235 15300 D Capacitor: Handling local request: https://localhost/assets/trajectory-sidebar-item-Bcj-t62G.js
06-30 18:42:23.106 15235 15294 D Capacitor: Handling local request: https://localhost/assets/TrajectoryDetailView-CKFagVZp.js
06-30 18:42:23.143 15235 15294 D Capacitor: Handling local request: https://localhost/brand/favicons/favicon-16x16.png
06-30 18:42:23.147 15235 15294 D Capacitor: Handling local request: https://localhost/brand/favicons/favicon-32x32.png
06-30 18:42:23.148 15235 15297 D Capacitor: Handling local request: https://localhost/brand/favicons/favicon.ico
06-30 18:42:23.150 15235 15235 I Capacitor/Console: File: https://localhost/assets/index-Dtqs9oPj.js - Line 196 - Msg: [renderer-build] e9ba06f0ea0f built 2026-07-01T01:40:40.067Z (variant=direct, target=android)
06-30 18:42:23.151 15235 15235 I Capacitor/Console: File: https://localhost/assets/index-Dtqs9oPj.js - Line 455 - Msg: [shell] window shell mode: main (search="")
06-30 18:42:23.151 15235 15235 I Capacitor/Console: File:  - Line 349 - Msg: [object Object]
06-30 18:42:23.152 15235 15294 D Capacitor: Handling local request: https://localhost/brand/favicons/favicon.svg
06-30 18:42:23.163 15235 15235 V Capacitor/Plugin: To native (Capacitor plugin): callbackId: 12870708, pluginId: Preferences, methodName: get
06-30 18:42:23.164 15235 15235 V Capacitor: callback: 12870708, pluginId: Preferences, methodName: get, methodData: {"key":"eliza:first-run-complete"}
06-30 18:42:23.180 15235 15235 I Capacitor/Console: File:  - Line 333 - Msg: {"value":null}
06-30 18:42:23.180 15235 15235 I Capacitor/Console: File:  - Line 349 - Msg: [object Object]
06-30 18:42:23.181 15235 15235 V Capacitor/Plugin: To native (Capacitor plugin): callbackId: 12870709, pluginId: Preferences, methodName: get
06-30 18:42:23.181 15235 15235 V Capacitor: callback: 12870709, pluginId: Preferences, methodName: get, methodData: {"key":"eliza.control.settings.v1"}
06-30 18:42:23.182 15235 15235 I Capacitor/Console: File:  - Line 349 - Msg: [object Object]
06-30 18:42:23.183 15235 15235 V Capacitor/Plugin: To native (Capacitor plugin): callbackId: 12870710, pluginId: Preferences, methodName: get
06-30 18:42:23.183 15235 15235 V Capacitor: callback: 12870710, pluginId: Preferences, methodName: get, methodData: {"key":"eliza.device.identity"}
06-30 18:42:23.183 15235 15235 I Capacitor/Console: File:  - Line 349 - Msg: [object Object]
06-30 18:42:23.184 15235 15235 V Capacitor/Plugin: To native (Capacitor plugin): callbackId: 12870711, pluginId: Preferences, methodName: get
06-30 18:42:23.184 15235 15235 V Capacitor: callback: 12870711, pluginId: Preferences, methodName: get, methodData: {"key":"eliza.device.auth"}
06-30 18:42:23.184 15235 15235 I Capacitor/Console: File:  - Line 349 - Msg: [object Object]
06-30 18:42:23.184 15235 15235 V Capacitor/Plugin: To native (Capacitor plugin): callbackId: 12870712, pluginId: Preferences, methodName: get
06-30 18:42:23.185 15235 15235 V Capacitor: callback: 12870712, pluginId: Preferences, methodName: get, methodData: {"key":"elizaos:active-server"}
06-30 18:42:23.186 15235 15235 I Capacitor/Console: File:  - Line 349 - Msg: [object Object]
06-30 18:42:23.186 15235 15235 V Capacitor/Plugin: To native (Capacitor plugin): callbackId: 12870713, pluginId: Preferences, methodName: get
06-30 18:42:23.186 15235 15235 V Capacitor: callback: 12870713, pluginId: Preferences, methodName: get, methodData: {"key":"eliza:first-run-complete"}
06-30 18:42:23.190 15235 15235 I Capacitor/Console: File:  - Line 349 - Msg: [object Object]
06-30 18:42:23.191 15235 15235 V Capacitor/Plugin: To native (Capacitor plugin): callbackId: 12870714, pluginId: Preferences, methodName: get
06-30 18:42:23.191 15235 15235 V Capacitor: callback: 12870714, pluginId: Preferences, methodName: get, methodData: {"key":"eliza:setup:step"}
06-30 18:42:23.191 15235 15235 I Capacitor/Console: File:  - Line 349 - Msg: [object Object]
06-30 18:42:23.192 15235 15235 V Capacitor/Plugin: To native (Capacitor plugin): callbackId: 12870715, pluginId: Preferences, methodName: get
06-30 18:42:23.192 15235 15235 V Capacitor: callback: 12870715, pluginId: Preferences, methodName: get, methodData: {"key":"eliza:mobile-runtime-mode"}
06-30 18:42:23.193 15235 15235 I Capacitor/Console: File:  - Line 349 - Msg: [object Object]
06-30 18:42:23.193 15235 15235 V Capacitor/Plugin: To native (Capacitor plugin): callbackId: 12870716, pluginId: Preferences, methodName: get
06-30 18:42:23.194 15235 15235 V Capacitor: callback: 12870716, pluginId: Preferences, methodName: get, methodData: {"key":"eliza:chat:activeConversationId"}
06-30 18:42:23.194 15235 15235 I Capacitor/Console: File:  - Line 349 - Msg: [object Object]
06-30 18:42:23.195 15235 15235 V Capacitor/Plugin: To native (Capacitor plugin): callbackId: 12870717, pluginId: Preferences, methodName: get
06-30 18:42:23.195 15235 15235 V Capacitor: callback: 12870717, pluginId: Preferences, methodName: get, methodData: {"key":"eliza:ios-local-agent:conversations:v1"}
06-30 18:42:23.195 15235 15235 I Capacitor/Console: File:  - Line 349 - Msg: [object Object]
06-30 18:42:23.196 15235 15235 V Capacitor/Plugin: To native (Capacitor plugin): callbackId: 12870718, pluginId: Preferences, methodName: get
06-30 18:42:23.196 15235 15235 V Capacitor: callback: 12870718, pluginId: Preferences, methodName: get, methodData: {"key":"eliza:ios-local-agent:active-model:v1"}
06-30 18:42:23.196 15235 15235 I Capacitor/Console: File:  - Line 349 - Msg: [object Object]
06-30 18:42:23.197 15235 15235 V Capacitor/Plugin: To native (Capacitor plugin): callbackId: 12870719, pluginId: Preferences, methodName: get
06-30 18:42:23.197 15235 15235 V Capacitor: callback: 12870719, pluginId: Preferences, methodName: get, methodData: {"key":"eliza:ios-local-agent:assignments:v1"}
06-30 18:42:23.198 15235 15235 I Capacitor/Console: File:  - Line 349 - Msg: [object Object]
06-30 18:42:23.198 15235 15235 V Capacitor/Plugin: To native (Capacitor plugin): callbackId: 12870720, pluginId: Preferences, methodName: get
06-30 18:42:23.199 15235 15235 V Capacitor: callback: 12870720, pluginId: Preferences, methodName: get, methodData: {"key":"eliza:ios-local-agent:browser-workspace:v1"}
06-30 18:42:23.199 15235 15235 I Capacitor/Console: File:  - Line 349 - Msg: [object Object]
06-30 18:42:23.199 15235 15235 V Capacitor/Plugin: To native (Capacitor plugin): callbackId: 12870721, pluginId: Preferences, methodName: get
06-30 18:42:23.200 15235 15235 V Capacitor: callback: 12870721, pluginId: Preferences, methodName: get, methodData: {"key":"eliza:ios-local-agent:wallet-market-overview:v1"}
06-30 18:42:23.200 15235 15235 I Capacitor/Console: File:  - Line 349 - Msg: [object Object]
06-30 18:42:23.201 15235 15235 V Capacitor/Plugin: To native (Capacitor plugin): callbackId: 12870722, pluginId: Preferences, methodName: get
06-30 18:42:23.201 15235 15235 V Capacitor: callback: 12870722, pluginId: Preferences, methodName: get, methodData: {"key":"eliza:ios-local-agent:eliza-1-bundles:v1"}
06-30 18:42:23.201 15235 15235 I Capacitor/Console: File:  - Line 349 - Msg: [object Object]
06-30 18:42:23.202 15235 15235 V Capacitor/Plugin: To native (Capacitor plugin): callbackId: 12870723, pluginId: Preferences, methodName: get
06-30 18:42:23.202 15235 15235 V Capacitor: callback: 12870723, pluginId: Preferences, methodName: get, methodData: {"key":"eliza:ios-full-bun-smoke:request"}
06-30 18:42:23.202 15235 15235 I Capacitor/Console: File:  - Line 349 - Msg: [object Object]
06-30 18:42:23.203 15235 15235 V Capacitor/Plugin: To native (Capacitor plugin): callbackId: 12870724, pluginId: Preferences, methodName: get
06-30 18:42:23.203 15235 15235 V Capacitor: callback: 12870724, pluginId: Preferences, methodName: get, methodData: {"key":"eliza:ios-full-bun-smoke:result"}
06-30 18:42:23.203 15235 15235 I Capacitor/Console: File:  - Line 349 - Msg: [object Object]
06-30 18:42:23.204 15235 15235 V Capacitor/Plugin: To native (Capacitor plugin): callbackId: 12870725, pluginId: Preferences, methodName: get
06-30 18:42:23.204 15235 15235 V Capacitor: callback: 12870725, pluginId: Preferences, methodName: get, methodData: {"key":"eliza:ios-onboarding-smoke:request"}
06-30 18:42:23.204 15235 15235 I Capacitor/Console: File:  - Line 349 - Msg: [object Object]
06-30 18:42:23.205 15235 15235 V Capacitor/Plugin: To native (Capacitor plugin): callbackId: 12870726, pluginId: Preferences, methodName: get
06-30 18:42:23.205 15235 15235 V Capacitor: callback: 12870726, pluginId: Preferences, methodName: get, methodData: {"key":"eliza:ios-onboarding-smoke:result"}
06-30 18:42:23.210 15235 15235 I Capacitor/Console: File:  - Line 333 - Msg: {"value":null}
06-30 18:42:23.210 15235 15235 I Capacitor/Console: File:  - Line 333 - Msg: {"value":null}
06-30 18:42:23.211 15235 15235 I Capacitor/Console: File:  - Line 333 - Msg: {"value":null}
06-30 18:42:23.211 15235 15235 I Capacitor/Console: File:  - Line 333 - Msg: {"value":null}
06-30 18:42:23.212 15235 15235 I Capacitor/Console: File:  - Line 333 - Msg: {"value":null}
06-30 18:42:23.212 15235 15235 I Capacitor/Console: File:  - Line 333 - Msg: {"value":null}
06-30 18:42:23.212 15235 15235 I Capacitor/Console: File:  - Line 333 - Msg: {"value":"remote"}
06-30 18:42:23.213 15235 15235 I Capacitor/Console: File:  - Line 333 - Msg: {"value":null}
06-30 18:42:23.213 15235 15235 I Capacitor/Console: File:  - Line 333 - Msg: {"value":null}
06-30 18:42:23.214 15235 15235 I Capacitor/Console: File:  - Line 333 - Msg: {"value":null}
06-30 18:42:23.214 15235 15235 I Capacitor/Console: File:  - Line 333 - Msg: {"value":null}
06-30 18:42:23.214 15235 15235 I Capacitor/Console: File:  - Line 333 - Msg: {"value":null}
06-30 18:42:23.219 15235 15235 I Capacitor/Console: File:  - Line 333 - Msg: {"value":null}
06-30 18:42:23.221 15235 15235 I Capacitor/Console: File:  - Line 333 - Msg: {"value":null}
06-30 18:42:23.222 15235 15235 I Capacitor/Console: File:  - Line 333 - Msg: {"value":null}
06-30 18:42:23.222 15235 15235 I Capacitor/Console: File:  - Line 333 - Msg: {"value":null}
06-30 18:42:23.226 15235 15235 I Capacitor/Console: File:  - Line 333 - Msg: {"value":null}
06-30 18:42:23.226 15235 15235 I Capacitor/Console: File:  - Line 333 - Msg: {"value":null}
06-30 18:42:23.238 15235 15294 D Capacitor: Handling local request: https://localhost/assets/index-Bpate01f.js
06-30 18:42:23.241 15235 15235 I Capacitor/Console: File:  - Line 349 - Msg: [object Object]
06-30 18:42:23.242 15235 15235 V Capacitor/Plugin: To native (Capacitor plugin): callbackId: 12870727, pluginId: Preferences, methodName: get
06-30 18:42:23.242 15235 15235 V Capacitor: callback: 12870727, pluginId: Preferences, methodName: get, methodData: {"key":"eliza:ios-full-bun-smoke:request"}
06-30 18:42:23.265 15235 15294 D Capacitor: Handling local request: https://localhost/api/first-run/status
06-30 18:42:23.267 15235 15235 I Capacitor/Console: File:  - Line 333 - Msg: {"value":null}
06-30 18:42:23.268 15235 15297 D Capacitor: Handling local request: https://localhost/assets/poppins-latin-500-normal-C8OXljZJ.woff2
06-30 18:42:23.269 15235 15294 D Capacitor: Handling local request: https://localhost/assets/poppins-latin-400-normal-cpxAROuN.woff2
06-30 18:42:23.304 15235 15235 I Capacitor/Console: File:  - Line 349 - Msg: [object Object]
06-30 18:42:23.306 15235 15235 V Capacitor/Plugin: To native (Capacitor plugin): callbackId: 12870728, pluginId: StatusBar, methodName: setStyle
06-30 18:42:23.306 15235 15235 V Capacitor: callback: 12870728, pluginId: StatusBar, methodName: setStyle, methodData: {"style":"DARK"}
06-30 18:42:23.334 15235 15235 I Capacitor/Console: File:  - Line 349 - Msg: [object Object]
06-30 18:42:23.335 15235 15235 V Capacitor/Plugin: To native (Capacitor plugin): callbackId: 12870729, pluginId: Preferences, methodName: remove
06-30 18:42:23.335 15235 15235 V Capacitor: callback: 12870729, pluginId: Preferences, methodName: remove, methodData: {"key":"eliza:first-run-complete"}
06-30 18:42:23.335 15235 15235 I Capacitor/Console: File:  - Line 333 - Msg: undefined
06-30 18:42:23.336 15235 15235 I Capacitor/Console: File:  - Line 349 - Msg: [object Object]
06-30 18:42:23.340 15235 15235 V Capacitor/Plugin: To native (Capacitor plugin): callbackId: 12870730, pluginId: StatusBar, methodName: setOverlaysWebView
06-30 18:42:23.341 15235 15235 V Capacitor: callback: 12870730, pluginId: StatusBar, methodName: setOverlaysWebView, methodData: {"overlay":true}
06-30 18:42:23.358 15235 15235 V Capacitor/StatusBarPlugin: Notifying listeners for event statusBarOverlayChanged
06-30 18:42:23.358 15235 15235 D Capacitor/StatusBarPlugin: No listeners found for event statusBarOverlayChanged
06-30 18:42:23.433 15235 15294 D Capacitor: Handling local request: https://localhost/assets/poppins-latin-600-normal-zEkxB9Mr.woff2
06-30 18:42:23.470 15235 15235 I Capacitor/Console: File:  - Line 349 - Msg: [object Object]
06-30 18:42:23.472 15235 15235 V Capacitor/Plugin: To native (Capacitor plugin): callbackId: 12870731, pluginId: TalkMode, methodName: checkPermissions
06-30 18:42:23.472 15235 15235 V Capacitor: callback: 12870731, pluginId: TalkMode, methodName: checkPermissions, methodData: {}
06-30 18:42:23.473 15235 15235 I Capacitor/Console: File:  - Line 349 - Msg: [object Object]
06-30 18:42:23.474 15235 15235 V Capacitor/Plugin: To native (Capacitor plugin): callbackId: 12870732, pluginId: Swabble, methodName: addListener
06-30 18:42:23.474 15235 15235 V Capacitor: callback: 12870732, pluginId: Swabble, methodName: addListener, methodData: {"eventName":"wakeWord"}
06-30 18:42:23.494 15235 15294 D Capacitor: Handling local request: https://localhost/api/runtime/mode
06-30 18:42:23.495 15235 15294 D Capacitor: Handling local request: https://localhost/api/suggestions
06-30 18:42:23.498 15235 15303 D Capacitor: Handling local request: https://localhost/api/local-inference/hub
06-30 18:42:23.499 15235 15303 D Capacitor: Handling local request: https://localhost/api/approvals
06-30 18:42:23.500 15235 15321 D Capacitor: Handling local request: https://localhost/api/apps/feed/agent/activity?limit=5
06-30 18:42:23.501 15235 15322 D Capacitor: Handling local request: https://localhost/api/catalog/apps
06-30 18:42:23.502 15235 15303 D Capacitor: Handling local request: https://localhost/api/apps
06-30 18:42:23.504 15235 15297 D Capacitor: Handling local request: https://localhost/api/apps/runs
06-30 18:42:23.507 15235 15294 D Capacitor: Handling local request: https://localhost/api/workbench/todos
06-30 18:42:23.508 15235 15235 I Capacitor/Console: File:  - Line 349 - Msg: [object Object]
06-30 18:42:23.510 15235 15235 V Capacitor/Plugin: To native (Capacitor plugin): callbackId: 12870733, pluginId: Keyboard, methodName: addListener
06-30 18:42:23.510 15235 15235 V Capacitor: callback: 12870733, pluginId: Keyboard, methodName: addListener, methodData: {"eventName":"keyboardWillShow"}
06-30 18:42:23.510 15235 15235 I Capacitor/Console: File:  - Line 349 - Msg: [object Object]
06-30 18:42:23.511 15235 15235 V Capacitor/Plugin: To native (Capacitor plugin): callbackId: 12870734, pluginId: Keyboard, methodName: addListener
06-30 18:42:23.511 15235 15235 V Capacitor: callback: 12870734, pluginId: Keyboard, methodName: addListener, methodData: {"eventName":"keyboardWillHide"}
06-30 18:42:23.512 15235 15300 D Capacitor: Handling local request: https://localhost/api/relationships/people
06-30 18:42:23.513 15235 15297 D Capacitor: Handling local request: https://localhost/api/connectors/google/accounts
06-30 18:42:23.513 15235 15322 D Capacitor: Handling local request: https://localhost/api/relationships/candidates
06-30 18:42:23.514 15235 15297 D Capacitor: Handling local request: https://localhost/api/notifications?limit=100
06-30 18:42:23.514 15235 15297 D Capacitor: Handling local request: https://localhost/api/conversations
06-30 18:42:23.515 15235 15322 D Capacitor: Handling local request: https://localhost/api/config
06-30 18:42:23.515 15235 15300 D Capacitor: Handling local request: https://localhost/api/backups
06-30 18:42:23.516 15235 15321 D Capacitor: Handling local request: https://localhost/api/apps
06-30 18:42:23.517 15235 15303 D Capacitor: Handling local request: https://localhost/api/apps/installed
06-30 18:42:23.518 15235 15294 D Capacitor: Handling local request: https://localhost/api/commands?surface=gui
06-30 18:42:23.549 15235 15235 I Capacitor/Console: File:  - Line 333 - Msg: undefined
06-30 18:42:23.549 15235 15235 I Capacitor/Console: File:  - Line 333 - Msg: undefined
06-30 18:42:23.550 15235 15235 I Capacitor/Console: File:  - Line 349 - Msg: [object Object]
06-30 18:42:23.551 15235 15235 V Capacitor/Plugin: To native (Capacitor plugin): callbackId: 12870735, pluginId: StatusBar, methodName: setBackgroundColor
06-30 18:42:23.551 15235 15235 V Capacitor: callback: 12870735, pluginId: StatusBar, methodName: setBackgroundColor, methodData: {"color":"#00000000"}
06-30 18:42:23.578 15235 15235 I Capacitor/Console: File:  - Line 333 - Msg: {"microphone":"granted","speechRecognition":"granted"}
06-30 18:42:23.587 15235 15294 D Capacitor: Handling local request: https://localhost/api/local-inference/downloads/stream
06-30 18:42:23.590 15235 15297 D Capacitor: Handling local request: https://localhost/api/computer-use/approvals/stream
06-30 18:42:23.655 15235 15294 D Capacitor: Handling local request: https://localhost/assets/index-cts6KgtQ.js
06-30 18:42:23.659 15235 15294 D Capacitor: Handling local request: https://localhost/assets/register-6XcsfZ_k.js
06-30 18:42:23.660 15235 15300 D Capacitor: Handling local request: https://localhost/assets/index-DWSrPj_u.js
06-30 18:42:23.661 15235 15294 D Capacitor: Handling local request: https://localhost/assets/index-Bewyj1V5.js
06-30 18:42:23.699 15235 15235 I Capacitor/Console: File:  - Line 333 - Msg: undefined
06-30 18:42:23.700 15235 15235 I Capacitor/Console: File:  - Line 349 - Msg: [object Object]
06-30 18:42:23.700 15235 15235 V Capacitor/Plugin: To native (Capacitor plugin): callbackId: 12870736, pluginId: Keyboard, methodName: addListener
06-30 18:42:23.701 15235 15235 V Capacitor: callback: 12870736, pluginId: Keyboard, methodName: addListener, methodData: {"eventName":"keyboardWillShow"}
06-30 18:42:23.701 15235 15235 I Capacitor/Console: File:  - Line 349 - Msg: [object Object]
06-30 18:42:23.701 15235 15235 V Capacitor/Plugin: To native (Capacitor plugin): callbackId: 12870737, pluginId: Keyboard, methodName: addListener
06-30 18:42:23.702 15235 15235 V Capacitor: callback: 12870737, pluginId: Keyboard, methodName: addListener, methodData: {"eventName":"keyboardWillHide"}
06-30 18:42:23.702 15235 15235 I Capacitor/Console: File:  - Line 349 - Msg: [object Object]
06-30 18:42:23.703 15235 15235 V Capacitor/Plugin: To native (Capacitor plugin): callbackId: 12870738, pluginId: App, methodName: addListener
06-30 18:42:23.704 15235 15235 V Capacitor: callback: 12870738, pluginId: App, methodName: addListener, methodData: {"eventName":"appStateChange"}
06-30 18:42:23.705 15235 15235 I Capacitor/Console: File:  - Line 349 - Msg: [object Object]
06-30 18:42:23.705 15235 15235 V Capacitor/Plugin: To native (Capacitor plugin): callbackId: 12870739, pluginId: App, methodName: addListener
06-30 18:42:23.705 15235 15235 V Capacitor: callback: 12870739, pluginId: App, methodName: addListener, methodData: {"eventName":"backButton"}
06-30 18:42:23.706 15235 15235 I Capacitor/Console: File:  - Line 349 - Msg: [object Object]
06-30 18:42:23.706 15235 15235 V Capacitor/Plugin: To native (Capacitor plugin): callbackId: 12870740, pluginId: App, methodName: addListener
06-30 18:42:23.706 15235 15235 V Capacitor: callback: 12870740, pluginId: App, methodName: addListener, methodData: {"eventName":"appUrlOpen"}
06-30 18:42:23.708 15235 15235 I Capacitor/Console: File:  - Line 349 - Msg: [object Object]
06-30 18:42:23.709 15235 15235 V Capacitor/Plugin: To native (Capacitor plugin): callbackId: 12870741, pluginId: App, methodName: getLaunchUrl
06-30 18:42:23.709 15235 15235 V Capacitor: callback: 12870741, pluginId: App, methodName: getLaunchUrl, methodData: {}
06-30 18:42:23.709 15235 15235 W Capacitor/Console: File: https://localhost/assets/index-Dtqs9oPj.js - Line 455 - Msg: [Eliza] Agent not available: "Agent" plugin is not implemented on android
06-30 18:42:23.709 15235 15235 W Capacitor/Console: File: https://localhost/assets/index-Dtqs9oPj.js - Line 455 - Msg: [Eliza] Background runner unavailable: "CapacitorBackgroundRunner" plugin is not implemented on android
06-30 18:42:23.804 15235 15294 D Capacitor: Handling local request: https://localhost/api/computer-use/approvals
06-30 18:42:23.841 15235 15294 D Capacitor: Handling local request: https://localhost/api/catalog/apps
06-30 18:42:23.848 15235 15294 D Capacitor: Handling local request: https://localhost/api/custom-actions
06-30 18:42:23.884  1490  1800 W MediaProvider: isAppCloneUserPair for user 0: false
06-30 18:42:23.920 15454 15454 D MediaCodecList: codecHandlesFormat: no format, so no extra checks
06-30 18:42:23.930 15235 15294 D Capacitor: Handling local request: https://localhost/api/local-inference/downloads/stream
06-30 18:42:23.933 15454 15463 D CCodec  : allocate(c2.android.avc.encoder)
06-30 18:42:23.944 15454 15463 I Codec2Client: Available Codec2 services: "default" "software"
06-30 18:42:23.954 15454 15463 I CCodec  : setting up 'default' as default (vendor) store
06-30 18:42:23.962 15235 15277 D EGL_emulation: app_time_stats: avg=19.77ms min=3.01ms max=215.91ms count=43
06-30 18:42:23.972  1184  1184 D BoundBrokerSvc: onBind: Intent { act=com.google.android.gms.scheduler.ACTION_PROXY_SCHEDULE dat=chimera-action:/... cmp=com.google.android.gms/.chimera.PersistentApiService }
06-30 18:42:23.973  1184  1184 D BoundBrokerSvc: Loading bound service for intent: Intent { act=com.google.android.gms.scheduler.ACTION_PROXY_SCHEDULE dat=chimera-action:/... cmp=com.google.android.gms/.chimera.PersistentApiService }
06-30 18:42:23.976  1184 15131 I NetworkScheduler.Stats: Task com.google.android.gms/com.google.android.gms.ipa.base.IpaGcmTaskService started execution. cause:9 exec_start_elapsed_seconds: 53874 [CONTEXT service_id=218 ]
06-30 18:42:23.982  1184 15132 I NetworkScheduler.Stats: Task com.google.android.gms/com.google.android.gms.ipa.base.IpaGcmTaskService finished executing. cause:9 result: 1 elapsed_millis: 33 uptime_millis: 33 exec_start_elapsed_seconds: 53874 [CONTEXT service_id=218 ]
06-30 18:42:23.982   473  8699 I mediaswcodec: missing struct descriptor #Param::CoreIndex(--004) for field values of struct #Param::CoreIndex(F-12004)
06-30 18:42:23.983   473  8699 I mediaswcodec: missing struct descriptor #Param::CoreIndex(--1812) for field values of struct #Param::CoreIndex(F-11812)
06-30 18:42:23.986 15235 15235 E Capacitor/Console: File: https://localhost/ - Line 0 - Msg: EventSource's response has a MIME type ("text/html") that is not "text/event-stream". Aborting the connection.
06-30 18:42:23.987 15235 15235 E Capacitor/Console: File: https://localhost/ - Line 0 - Msg: EventSource's response has a MIME type ("text/html") that is not "text/event-stream". Aborting the connection.
06-30 18:42:23.990 15235 15235 I Capacitor/Console: File:  - Line 333 - Msg: undefined
06-30 18:42:23.994   473  8699 I mediaswcodec: missing struct descriptor #Param::CoreIndex(--004) for field values of struct #Param::CoreIndex(F-12004)
06-30 18:42:23.994   473  8699 I mediaswcodec: missing struct descriptor #Param::CoreIndex(--1812) for field values of struct #Param::CoreIndex(F-11812)
06-30 18:42:24.001 15454 15463 I CCodec  : Created component [c2.android.avc.encoder]
06-30 18:42:24.002 15454 15463 D CCodecConfig: read media type: video/avc
06-30 18:42:24.003 15235 15235 I Capacitor/Console: File:  - Line 349 - Msg: [object Object]
06-30 18:42:24.005 15235 15235 V Capacitor/Plugin: To native (Capacitor plugin): callbackId: 12870742, pluginId: Network, methodName: addListener
06-30 18:42:24.005 15235 15235 V Capacitor: callback: 12870742, pluginId: Network, methodName: addListener, methodData: {"eventName":"networkStatusChange"}
06-30 18:42:24.005 15235 15235 W Capacitor/Console: File: https://localhost/assets/index-Dtqs9oPj.js - Line 455 - Msg: [Eliza] Blocker backends plugin not available: e.registerNativeWebsiteBlockerBackend is not a function
06-30 18:42:24.006 15454 15463 D ReflectedParamUpdater: extent() != 1 for single value type: algo.buffers.max-count.values
06-30 18:42:24.006 15454 15463 D ReflectedParamUpdater: extent() != 1 for single value type: output.subscribed-indices.values
06-30 18:42:24.006 15454 15463 D ReflectedParamUpdater: extent() != 1 for single value type: input.buffers.allocator-ids.values
06-30 18:42:24.006 15454 15463 D ReflectedParamUpdater: extent() != 1 for single value type: output.buffers.allocator-ids.values
06-30 18:42:24.006 15454 15463 D ReflectedParamUpdater: extent() != 1 for single value type: algo.buffers.allocator-ids.values
06-30 18:42:24.006 15454 15463 D ReflectedParamUpdater: extent() != 1 for single value type: output.buffers.pool-ids.values
06-30 18:42:24.006 15454 15463 D ReflectedParamUpdater: extent() != 1 for single value type: algo.buffers.pool-ids.values
06-30 18:42:24.013 15454 15463 D ReflectedParamUpdater: ignored struct field coding.gop.values
06-30 18:42:24.014 15454 15463 D ReflectedParamUpdater: ignored struct field coding.qp.values
06-30 18:42:24.015 15454 15463 D CCodecConfig: ignoring local param raw.color (0xc2001809) as it is already supported
06-30 18:42:24.020 15454 15463 I CCodecConfig: query failed after returning 12 values (BAD_INDEX)
06-30 18:42:24.022 15454 15463 D CCodecConfig: c2 config diff is Dict {
06-30 18:42:24.022 15454 15463 D CCodecConfig:   c2::i32 coded.average-qp.value = 0
06-30 18:42:24.022 15454 15463 D CCodecConfig:   c2::u32 coded.bitrate.value = 64000
06-30 18:42:24.022 15454 15463 D CCodecConfig:   c2::float coded.frame-rate.value = 1
06-30 18:42:24.022 15454 15463 D CCodecConfig:   c2::u32 coded.picture-type.value = 0
06-30 18:42:24.022 15454 15463 D CCodecConfig:   c2::u32 coded.pl.level = 20492
06-30 18:42:24.022 15454 15463 D CCodecConfig:   c2::u32 coded.pl.profile = 20481
06-30 18:42:24.022 15454 15463 D CCodecConfig:   c2::u32 coded.vui.color.matrix = 0
06-30 18:42:24.022 15454 15463 D CCodecConfig:   c2::u32 coded.vui.color.primaries = 0
06-30 18:42:24.022 15454 15463 D CCodecConfig:   c2::u32 coded.vui.color.range = 0
06-30 18:42:24.022 15454 15463 D CCodecConfig:   c2::u32 coded.vui.color.transfer = 0
06-30 18:42:24.022 15454 15463 D CCodecConfig:   c2::u32 coding.intra-refresh.mode = 0
06-30 18:42:24.022 15454 15463 D CCodecConfig:   c2::float coding.intra-refresh.period = 0
06-30 18:42:24.022 15454 15463 D CCodecConfig:   c2::u32 coding.request-sync-frame.value = 0
06-30 18:42:24.022 15454 15463 D CCodecConfig:   c2::i64 coding.sync-frame-interval.value = 1000000
06-30 18:42:24.022 15454 15463 D CCodecConfig:   c2::u32 input.delay.value = 0
06-30 18:42:24.022 15454 15463 D CCodecConfig:   string input.media-type.value = "video/raw"
06-30 18:42:24.022 15454 15463 D CCodecConfig:   string output.media-type.value = "video/avc"
06-30 18:42:24.022 15454 15463 D CCodecConfig:   c2::u32 raw.color.matrix = 0
06-30 18:42:24.022 15454 15463 D CCodecConfig:   c2::u32 raw.color.primaries = 0
06-30 18:42:24.022 15454 15463 D CCodecConfig:   c2::u32 raw.color.range = 0
06-30 18:42:24.022 15454 15463 D CCodecConfig:   c2::u32 raw.color.transfer = 0
06-30 18:42:24.022 15454 15463 D CCodecConfig:   c2::u32 raw.size.height = 16
06-30 18:42:24.022 15454 15463 D CCodecConfig:   c2::u32 raw.size.width = 16
06-30 18:42:24.022 15454 15463 D CCodecConfig: }
06-30 18:42:24.022 15454 15463 W ColorUtils: expected specified color aspects (0:0:0:0)
06-30 18:42:24.026 15235 15235 E Capacitor/Console: File: https://localhost/ - Line 0 - Msg: EventSource's response has a MIME type ("text/html") that is not "text/event-stream". Aborting the connection.
06-30 18:42:24.051 15454 15454 D CodecSeeding: Seed: codec c2.android.avc.encoder, mediatype video/avc, overrideable 1
06-30 18:42:24.051 15454 15454 D CodecProperties: setTuningValue(vq-target-bpp,0)
06-30 18:42:24.052 15454 15454 D CodecProperties: setTuningValue(vq-target-bpp-1080p,1.90)
06-30 18:42:24.052 15454 15454 D CodecProperties: setTuningValue(vq-target-bpp-720p,2.25)
06-30 18:42:24.052 15454 15454 D CodecProperties: setTuningValue(vq-target-bpp-540p,2.65)
06-30 18:42:24.052 15454 15454 D CodecProperties: setTuningValue(vq-target-bpp-480p,3.00)
06-30 18:42:24.052 15454 15454 D CodecProperties: setTuningValue(vq-target-bpp-320x240,0)
06-30 18:42:24.053 15454 15454 D CodecProperties: setTuningValue(vq-target-qpmax,-1)
06-30 18:42:24.053 15454 15454 D CodecProperties: setTuningValue(vq-target-qpmax-1080p,45)
06-30 18:42:24.053 15454 15454 D CodecProperties: setTuningValue(vq-target-qpmax-720p,43)
06-30 18:42:24.053 15454 15454 D CodecProperties: setTuningValue(vq-target-qpmax-540p,42)
06-30 18:42:24.053 15454 15454 D CodecProperties: setTuningValue(vq-target-qpmax-480p,38)
06-30 18:42:24.053 15454 15454 D CodecProperties: setTuningValue(vq-bitrate-phaseout,1.75)
06-30 18:42:24.053 15454 15454 D CodecProperties: setTuningValue(vq-boost-missing-qp,0.20)
06-30 18:42:24.053 15454 15454 D CodecProperties: setFeatureValue(intra-refresh,0)
06-30 18:42:24.053 15454 15454 D CodecProperties: setFeatureValue(qp-bounds,0)
06-30 18:42:24.053 15454 15454 D CodecProperties: setFeatureValue(_vq_eligible.device,1)
06-30 18:42:24.053 15454 15454 D CodecProperties: setFeatureValue(_quality.target,1)
06-30 18:42:24.053 15454 15454 D CodecSeeding: Seed: codec c2.android.avc.encoder, mediatype video/avc, overrideable 0
06-30 18:42:24.055 15454 15454 D MediaCodec: shapeMediaFormat: deltas(1): AMessage(what = 0x00000000) = {
06-30 18:42:24.055 15454 15454 D MediaCodec:     int32_t android._encoding-quality-level = 0
06-30 18:42:24.055 15454 15454 D MediaCodec:   }
06-30 18:42:24.055 15454 15459 D MediaCodec: flushMediametrics
06-30 18:42:24.057 15454 15463 D CCodec  : [c2.android.avc.encoder] buffers are bound to CCodec for this session
06-30 18:42:24.058 15454 15463 D CCodecConfig: no c2 equivalents for color-format
06-30 18:42:24.058 15454 15463 D CCodecConfig: no c2 equivalents for max-bframes
06-30 18:42:24.058 15454 15463 D CCodecConfig: no c2 equivalents for flags
06-30 18:42:24.058 15454 15463 D CCodecConfig: no c2 equivalents for encoder
06-30 18:42:24.059 15454 15463 D CCodecConfig: c2 config diff is   c2::u32 coded.bitrate.value = 4000000
06-30 18:42:24.059 15454 15463 D CCodecConfig:   c2::float coded.frame-rate.value = 60
06-30 18:42:24.059 15454 15463 D CCodecConfig:   c2::i64 coding.sync-frame-interval.value = 10000000
06-30 18:42:24.059 15454 15463 D CCodecConfig:   c2::u32 raw.size.height = 640
06-30 18:42:24.059 15454 15463 D CCodecConfig:   c2::u32 raw.size.width = 320
06-30 18:42:24.059 15454 15463 W ColorUtils: expected specified color aspects (0:0:0:0)
06-30 18:42:24.059 15454 15463 D CCodec  : encoding statistics level = 0
06-30 18:42:24.059 15454 15463 D CCodec  : setup formats input: AMessage(what = 0x00000000) = {
06-30 18:42:24.059 15454 15463 D CCodec  :   Rect crop(0, 0, 319, 639)
06-30 18:42:24.059 15454 15463 D CCodec  :   int32_t color-standard = 0
06-30 18:42:24.059 15454 15463 D CCodec  :   int32_t color-range = 0
06-30 18:42:24.059 15454 15463 D CCodec  :   int32_t color-transfer = 0
06-30 18:42:24.059 15454 15463 D CCodec  :   int32_t frame-rate = 60
06-30 18:42:24.059 15454 15463 D CCodec  :   int32_t height = 640
06-30 18:42:24.059 15454 15463 D CCodec  :   int32_t intra-refresh-period = 0
06-30 18:42:24.059 15454 15463 D CCodec  :   string mime = "video/raw"
06-30 18:42:24.059 15454 15463 D CCodec  :   int32_t video-qp-average = 0
06-30 18:42:24.059 15454 15463 D CCodec  :   int32_t width = 320
06-30 18:42:24.059 15454 15463 D CCodec  :   int32_t android._dataspace = 0
06-30 18:42:24.059 15454 15463 D CCodec  :   int32_t using-sw-read-often = 1
06-30 18:42:24.059 15454 15463 D CCodec  :   int64_t android._C2MemoryUsage = 1
06-30 18:42:24.059 15454 15463 D CCodec  :   int32_t color-format = 2130708361
06-30 18:42:24.059 15454 15463 D CCodec  :   int32_t android._color-format = 2130708361
06-30 18:42:24.059 15454 15463 D CCodec  : }
06-30 18:42:24.059 15454 15463 D CCodec  : setup formats output: AMessage(what = 0x00000000) = {
06-30 18:42:24.059 15454 15463 D CCodec  :   int32_t bitrate = 4000000
06-30 18:42:24.059 15454 15463 D CCodec  :   Rect crop(0, 0, 319, 639)
06-30 18:42:24.059 15454 15463 D CCodec  :   int32_t color-standard = 0
06-30 18:42:24.059 15454 15463 D CCodec  :   int32_t color-range = 0
06-30 18:42:24.059 15454 15463 D CCodec  :   int32_t color-transfer = 0
06-30 18:42:24.059 15454 15463 D CCodec  :   int32_t frame-rate = 60
06-30 18:42:24.059 15454 15463 D CCodec  :   int32_t height = 640
06-30 18:42:24.059 15454 15463 D CCodec  :   int32_t intra-refresh-period = 0
06-30 18:42:24.059 15454 15463 D CCodec  :   int32_t level = 4096
06-30 18:42:24.059 15454 15463 D CCodec  :   int32_t max-bitrate = 4000000
06-30 18:42:24.059 15454 15463 D CCodec  :   string mime = "video/avc"
06-30 18:42:24.059 15454 15463 D CCodec  :   int32_t profile = 65536
06-30 18:42:24.059 15454 15463 D CCodec  :   int32_t video-qp-average = 0
06-30 18:42:24.059 15454 15463 D CCodec  :   int32_t width = 320
06-30 18:42:24.059 15454 15463 D CCodec  : }
06-30 18:42:24.059 15454 15463 I CCodecConfig: query failed after returning 13 values (BAD_INDEX)
06-30 18:42:24.061 15454 15463 D CCodec  : input format changed to AMessage(what = 0x00000000) = {
06-30 18:42:24.061 15454 15463 D CCodec  :   Rect crop(0, 0, 319, 639)
06-30 18:42:24.061 15454 15463 D CCodec  :   int32_t color-standard = 4
06-30 18:42:24.061 15454 15463 D CCodec  :   int32_t color-range = 2
06-30 18:42:24.061 15454 15463 D CCodec  :   int32_t color-transfer = 3
06-30 18:42:24.061 15454 15463 D CCodec  :   int32_t frame-rate = 60
06-30 18:42:24.061 15454 15463 D CCodec  :   int32_t height = 640
06-30 18:42:24.061 15454 15463 D CCodec  :   int32_t intra-refresh-period = 0
06-30 18:42:24.061 15454 15463 D CCodec  :   string mime = "video/raw"
06-30 18:42:24.061 15454 15463 D CCodec  :   int32_t video-qp-average = 0
06-30 18:42:24.061 15454 15463 D CCodec  :   int32_t width = 320
06-30 18:42:24.061 15454 15463 D CCodec  :   int32_t android._dataspace = 259
06-30 18:42:24.061 15454 15463 D CCodec  :   int32_t using-sw-read-often = 1
06-30 18:42:24.061 15454 15463 D CCodec  :   int64_t android._C2MemoryUsage = 1
06-30 18:42:24.061 15454 15463 D CCodec  :   int32_t color-format = 2130708361
06-30 18:42:24.061 15454 15463 D CCodec  :   int32_t android._color-format = 2130708361
06-30 18:42:24.061 15454 15463 D CCodec  : }
06-30 18:42:24.063 15454 15463 D GraphicBufferSource: setting dataspace: 0x103, acquired=0
06-30 18:42:24.063 15454 15463 D CCodec  : ISConfig not changed
06-30 18:42:24.065 15454 15463 W Codec2Client: query -- param skipped: index = 1342179345.
06-30 18:42:24.065 15454 15463 W Codec2Client: query -- param skipped: index = 2415921170.
06-30 18:42:24.066 15454 15463 D CCodecBufferChannel: [c2.android.avc.encoder#453] Using basic input block pool with poolID 1 => got 1 - OK (0)
06-30 18:42:24.066 15454 15463 D C2Store : Using DMABUF Heaps
06-30 18:42:24.077 15454 15463 I CCodecBufferChannel: [c2.android.avc.encoder#453] Created output block pool with allocatorID 16 => poolID 59 - OK
06-30 18:42:24.077 15454 15463 D CCodecBufferChannel: [c2.android.avc.encoder#453] Configured output block pool ids 59 => OK
06-30 18:42:24.079   467   823 W ResourceManagerService: Ignoring request to add new resource entry with value <= 0
06-30 18:42:24.110   424   424 W SurfaceFlinger: Invalid layer stack -1
06-30 18:42:24.122   162   162 I hwservicemanager: getTransport: Cannot find entry android.hardware.graphics.mapper@4.0::IMapper/default in either framework or device VINTF manifest.
06-30 18:42:24.123 15454 15472 I Gralloc4: mapper 4.x is not supported
06-30 18:42:24.346     0     0 I servicemanager: Could not find android.hardware.graphics.allocator.IAllocator/default in the VINTF manifest.
06-30 18:42:24.139  1490 20500 I MediaProvider: Deleted 0 0 0 1 0 0 0 items on external_primary due to com.android.shell
06-30 18:42:24.146  1490  1800 W MediaProvider: isAppCloneUserPair for user 0: false
06-30 18:42:24.158 15454 15454 D MPEG4Writer: PreAllocation enabled
06-30 18:42:24.197  1184 15131 I NetworkScheduler.Stats: Task com.google.android.gms/com.google.android.gms.ipa.base.IpaGcmTaskService started execution. cause:9 exec_start_elapsed_seconds: 53874 [CONTEXT service_id=218 ]
06-30 18:42:24.209  1184 15131 I NetworkScheduler.Stats: Task com.google.android.gms/com.google.android.gms.ipa.base.IpaGcmTaskService finished executing. cause:9 result: 1 elapsed_millis: 39 uptime_millis: 39 exec_start_elapsed_seconds: 53874 [CONTEXT service_id=218 ]
06-30 18:42:24.232 15454 15472 D GraphicBufferSource: got buffer with new dataSpace #103
06-30 18:42:24.233 15454 15472 D C2OMXNode: dataspace changed to 0x103 pixel format: 0x1
06-30 18:42:24.233   162   162 I hwservicemanager: getTransport: Cannot find entry android.hardware.graphics.mapper@4.0::IMapper/default in either framework or device VINTF manifest.
06-30 18:42:24.240   473 15469 D SimpleC2Component: Using output block pool with poolID 59 => got 59 - 0
06-30 18:42:24.241   473 15469 D SimpleC2Component: applied 2 configUpdates => BAD_INDEX (6)
06-30 18:42:24.241   473 15469 D C2SoftAvcEnc: Params width 320 height 640 level 41 colorFormat 0 bframes 0
06-30 18:42:24.258   473 15469 E C2SoftAvcEnc: Unable to set air params = 0x1ad
06-30 18:42:24.293 15454 15463 D CCodecConfig: c2 config diff is   Buffer coded.init-data.value = {
06-30 18:42:24.293 15454 15463 D CCodecConfig:     00000000:  00 00 00 01 67 42 c0 29  8d 68 14 05 1a 42 0c 02  ....gB.).h...B..
06-30 18:42:24.293 15454 15463 D CCodecConfig:     00000010:  0c 0f 08 84 6a 00 00 00  01 68 ce 01 a8 35 c8     ....j....h...5.
06-30 18:42:24.293 15454 15463 D CCodecConfig:   }
06-30 18:42:24.298 15454 15454 D MPEG4Writer: fpathconf _PC_FILESIZEBITS:64
06-30 18:42:24.298 15454 15454 D MPEG4Writer: File size limit set to 4503599627370495 bytes implicitly
06-30 18:42:24.298 15454 15454 D MPEG4Writer: MP4WtrCtrlHlpLooper Started
06-30 18:42:24.299 15454 15454 I MPEG4Writer: limits: 4503599627370495/0 bytes/us, bit rate: -1 bps and the estimated moov size 3192 bytes
06-30 18:42:24.307 15454 15478 I MPEG4Writer: setStartTimestampUs: 53874486359
06-30 18:42:24.307 15454 15478 I MPEG4Writer: Earliest track starting time: 53874486359
06-30 18:42:24.504   764   764 D StatusBarIconController: ignoring old pipeline callback because the new wifi icon is enabled
06-30 18:42:24.674 15235 15235 I Choreographer: Skipped 37 frames!  The application may be doing too much work on its main thread.
06-30 18:42:24.687 15235 15248 I OpenGLRenderer: Davey! duration=888ms; Flags=0, FrameTimelineVsyncId=21401378, IntendedVsync=53874030018532, Vsync=53874246685190, InputEventId=0, HandleInputStart=53874261404616, AnimationStart=53874261411712, PerformTraversalsStart=53874271606691, DrawStart=53874271846896, FrameDeadline=53874280018522, FrameInterval=53874260737479, FrameStartTime=16666666, SyncQueued=53874272773271, SyncStart=53874272818896, IssueDrawCommandsStart=53874272901613, SwapBuffers=53874916581345, FrameCompleted=53874918717192, DequeueBufferDuration=6392, QueueBufferDuration=642001, GpuCompleted=53874918597875, SwapBuffersCompleted=53874918717192, DisplayPresentTime=0, CommandSubmissionCompleted=53874916581345, 
06-30 18:42:24.741 15235 15294 D Capacitor: Handling local request: https://localhost/api/vision/capture-requests
06-30 18:42:24.774 15235 15294 D Capacitor: Handling local request: https://localhost/brand/favicons/favicon-16x16.png
06-30 18:42:24.778 15235 15297 D Capacitor: Handling local request: https://localhost/brand/favicons/favicon-32x32.png
06-30 18:42:24.780 15235 15297 D Capacitor: Handling local request: https://localhost/brand/favicons/favicon.ico
06-30 18:42:24.781 15235 15300 D Capacitor: Handling local request: https://localhost/brand/favicons/favicon.svg
06-30 18:42:24.804 15235 15297 D Capacitor: Handling local request: https://localhost/assets/ui-DketOMCd.js
06-30 18:42:24.813 15235 15297 D Capacitor: Handling local request: https://localhost/assets/ui-DkEe0Iay.js
06-30 18:42:24.814 15235 15303 D Capacitor: Handling local request: https://localhost/assets/register-74YtUCDk.js
06-30 18:42:24.815 15235 15294 D Capacitor: Handling local request: https://localhost/assets/ui-CZHKgNJv.js
06-30 18:42:24.967   545   631 D ActivityManager: freezing 7579 com.google.android.webview:webview_service
06-30 18:42:24.990 15235 15277 D EGL_emulation: app_time_stats: avg=51.41ms min=4.59ms max=685.85ms count=19
06-30 18:42:25.044 15235 15297 D Capacitor: Handling local request: https://localhost/assets/register-Cppao6K2.js
06-30 18:42:25.047 15235 15294 D Capacitor: Handling local request: https://localhost/assets/ui-DiQvlshP.js
06-30 18:42:25.050 15235 15300 D Capacitor: Handling local request: https://localhost/assets/PhoneCompanionApp-6VpV9974.js
06-30 18:42:25.051 15235 15321 D Capacitor: Handling local request: https://localhost/assets/index-axllggf3.js
06-30 18:42:25.055 15235 15294 D Capacitor: Handling local request: https://localhost/assets/PhoneSpatialView-CUVx1PEQ.js
06-30 18:42:25.081 15235 15300 D Capacitor: Handling local request: https://localhost/assets/index-CUiUKrGT.js
06-30 18:42:25.086 15235 15297 D Capacitor: Handling local request: https://localhost/assets/FilesView-BILpFXBd.js
06-30 18:42:25.087 15235 15297 D Capacitor: Handling local request: https://localhost/assets/input-group-DsJC83d3.js
06-30 18:42:25.089 15235 15303 D Capacitor: Handling local request: https://localhost/assets/register-_IZSdYPB.js
06-30 18:42:25.094 15235 15300 D Capacitor: Handling local request: https://localhost/assets/register-oHy3MB84.js
06-30 18:42:25.168 15235 15235 I Capacitor/Console: File:  - Line 349 - Msg: [object Object]
06-30 18:42:25.172 15235 15235 V Capacitor/Plugin: To native (Capacitor plugin): callbackId: 12870743, pluginId: Preferences, methodName: set
06-30 18:42:25.173 15235 15235 V Capacitor: callback: 12870743, pluginId: Preferences, methodName: set, methodData: {"key":"eliza:first-run-complete","value":"1"}
06-30 18:42:25.176 15235 15235 I Capacitor/Console: File:  - Line 349 - Msg: [object Object]
06-30 18:42:25.177 15235 15235 V Capacitor/Plugin: To native (Capacitor plugin): callbackId: 12870744, pluginId: Preferences, methodName: set
