06-30 17:46:38.007 31359 31359 I Capacitor/Console: File:  - Line 333 - Msg: undefined
06-30 17:46:38.179 31359 31396 D Capacitor: Handling local request: https://localhost/assets/register-Cu5pCLzs.js
06-30 17:46:38.180 31359 31396 D Capacitor: Handling local request: https://localhost/assets/register-BUKjZzDC.js
06-30 17:46:38.221 31359 31396 D Capacitor: Handling local request: https://localhost/brand/favicons/favicon-16x16.png
06-30 17:46:38.226 31359 31396 D Capacitor: Handling local request: https://localhost/brand/favicons/favicon-32x32.png
06-30 17:46:38.231 31359 31396 D Capacitor: Handling local request: https://localhost/brand/favicons/favicon.ico
06-30 17:46:38.236 31359 31396 D Capacitor: Handling local request: https://localhost/brand/favicons/favicon.svg
06-30 17:46:38.434 31359 31396 D Capacitor: Handling local request: https://localhost/assets/register-BlGnrvE8.js
06-30 17:46:38.483 31359 31396 D Capacitor: Handling local request: https://localhost/assets/register-DeVsUTTx.js
06-30 17:46:38.484 31359 31397 D Capacitor: Handling local request: https://localhost/assets/register-CiREtpVr.js
06-30 17:46:38.652 31359 31379 D EGL_emulation: app_time_stats: avg=43.02ms min=36.58ms max=57.44ms count=24
06-30 17:46:38.738 31359 31396 D Capacitor: Handling local request: https://localhost/api/vision/capture-requests
06-30 17:46:39.008 31394 31419 I chromium: [INFO:audio_latency.cc(179)] audioHardwareBufferSize = 4360
06-30 17:46:39.100 31359 31416 I AAudio  : AAudioStreamBuilder_openStream() called ----------------------------------------
06-30 17:46:39.101 31359 31416 I AudioStreamBuilder: rate   =  48000, channels  = 2, channelMask = 0x80000003, format   = 5, sharing = SH, dir = OUTPUT
06-30 17:46:39.101 31359 31416 I AudioStreamBuilder: device =      0, sessionId = -1, perfMode = 12, callback: ON with frames = 4360
06-30 17:46:39.101 31359 31416 I AudioStreamBuilder: usage  =      1, contentType = 0, inputPreset = 0, allowedCapturePolicy = 0
06-30 17:46:39.101 31359 31416 I AudioStreamBuilder: privacy sensitive = false, opPackageName = (null), attributionTag = (null)
06-30 17:46:39.105 31359 31416 D ai.elizaos.app: PlayerBase::PlayerBase()
06-30 17:46:39.111 31359 31416 D AudioStreamTrack: open(), request notificationFrames = -8, frameCount = 0
06-30 17:46:39.114   414   414 W AudioFlinger: createTrack_l(): mismatch between requested flags (00000104) and output flags (00000002)
06-30 17:46:39.114   414   414 D AudioFlinger: Client defaulted notificationFrames to 960 for frameCount 4360
06-30 17:46:39.115   414   414 D AF::TrackHandle: OpPlayAudio: track:65 usage:1 not muted
06-30 17:46:39.133 31359 31416 D AudioStreamTrack: open() flags changed from 0x00000104 to 0x00000000
06-30 17:46:39.138 31359 31416 D AudioStreamTrack: open() perfMode changed from 12 to 10
06-30 17:46:39.139 31359 31416 D AAudioStream: setState(s#1) from 0 to 2
06-30 17:46:39.148 31359 31416 I AAudio  : AAudioStreamBuilder_openStream() returns 0 = AAUDIO_OK for s#1 ----------------
06-30 17:46:39.161 31359 31416 D AAudio  : AAudioStream_requestStart(s#1) called --------------
06-30 17:46:39.161 31359 31416 D AAudioStream: setState(s#1) from 2 to 3
06-30 17:46:39.164   414  2745 D audioserver: FGS Logger Transaction failed
06-30 17:46:39.164   414  2745 D audioserver: -129
06-30 17:46:39.170 31359 31374 D AudioStreamLegacy: onAudioDeviceUpdate(deviceId = 2)
06-30 17:46:39.171 31359 31416 D AAudio  : AAudioStream_requestStart(s#1) returned 0 ---------
06-30 17:46:39.189 31359 31708 D AAudioStream: setState(s#1) from 3 to 4
06-30 17:46:39.196 31359 31396 D Capacitor: Handling local request: https://localhost/api/computer-use/approvals
06-30 17:46:39.226   414   521 D AudioFlinger: mixer(0x74d86f8b2930) throttle end: throttle time(11)
06-30 17:46:39.288   414   521 D AudioFlinger: mixer(0x74d86f8b2930) throttle end: throttle time(22)
06-30 17:46:39.324 31359 31397 D Capacitor: Handling local request: https://localhost/assets/register-CQoXE2xk.js
06-30 17:46:39.324 31359 31398 D Capacitor: Handling local request: https://localhost/assets/register-wOCkWgcT.js
06-30 17:46:39.328   414   521 D AudioFlinger: mixer(0x74d86f8b2930) throttle end: throttle time(16)
06-30 17:46:39.447 31359 31396 D Capacitor: Handling local request: https://localhost/api/status
06-30 17:46:39.675 31359 31397 D Capacitor: Handling local request: https://localhost/assets/register-Dj7AJ2Yl.js
06-30 17:46:39.677 31359 31379 D EGL_emulation: app_time_stats: avg=53.88ms min=37.01ms max=158.87ms count=19
06-30 17:46:39.698 31359 31396 D Capacitor: Handling local request: https://localhost/assets/register-DkqrAIKi.js
06-30 17:46:40.159 31359 31396 D Capacitor: Handling local request: https://localhost/api/vision/capture-requests
06-30 17:46:40.480   893   893 D StatusBarIconController: ignoring old pipeline callback because the new wifi icon is enabled
06-30 17:46:40.595 15195 15195 D TaplEvents: TIS / TouchInteractionService.onInputEvent: MotionEvent { action=ACTION_DOWN, actionButton=0, id[0]=0, x[0]=541.0, y[0]=2210.0, toolType[0]=TOOL_TYPE_FINGER, buttonState=0, classification=NONE, metaState=0, flags=0x0, edgeFlags=0x0, pointerCount=1, historySize=0, eventTime=63694795, downTime=63694795, deviceId=-1, source=0x1002, displayId=0, eventId=-325937919 }
06-30 17:46:40.608 31359 31359 W ai.elizaos.app: Accessing hidden method Landroid/view/MotionEvent;->getEventTimeNano()J (unsupported, reflection, allowed)
06-30 17:46:40.685 31359 31379 D EGL_emulation: app_time_stats: avg=36.07ms min=24.70ms max=51.89ms count=27
06-30 17:46:40.698 31359 31396 D Capacitor: Handling local request: https://localhost/api/computer-use/approvals
06-30 17:46:40.833 31359 31396 D Capacitor: Handling local request: https://localhost/api/apps/runs
06-30 17:46:40.886 15195 15195 D TaplEvents: TIS / TouchInteractionService.onInputEvent: MotionEvent { action=ACTION_UP, actionButton=0, id[0]=0, x[0]=147.0, y[0]=2194.0, toolType[0]=TOOL_TYPE_FINGER, buttonState=0, classification=NONE, metaState=0, flags=0x0, edgeFlags=0x0, pointerCount=1, historySize=0, eventTime=63695083, downTime=63694795, deviceId=-1, source=0x1002, displayId=0, eventId=-796172707 }
06-30 17:46:40.892 31359 31396 D Capacitor: Handling local request: https://localhost/api/status
06-30 17:46:41.374   482 31557 D BufferPoolAccessor2.0: bufferpool2 0x79361541b288 : 2(7776000 size) total buffers - 1(3888000 size) used buffers - 69/71 (recycle/alloc) - 2/71 (fetch/transfer)
06-30 17:46:41.454  1812  2053 D PickerSyncController: syncAllMedia
06-30 17:46:41.454  1812  2053 D PickerSyncController: syncAllMediaFromProvider() LOCAL, auth=com.android.providers.media.photopicker, retry=true
06-30 17:46:41.454  1812  2053 D PickerSyncController: getSyncRequestParams() LOCAL, auth=com.android.providers.media.photopicker
06-30 17:46:41.465  1812  2053 D PickerSyncController:    Latest ID/Gen=1407:719061d4-9d3a-4953-8d7f-bd77db1516ee:external_primary/487
06-30 17:46:41.465  1812  2053 D PickerSyncController:    Cached ID/Gen=1407:719061d4-9d3a-4953-8d7f-bd77db1516ee:external_primary/477
06-30 17:46:41.466  1812  2053 D PickerSyncController:    RESULT=SyncRequestParams{type=MEDIA_INCREMENTAL, gen=477, latest=Bundle[{last_media_sync_generation=487, media_collection_id=1407:719061d4-9d3a-4953-8d7f-bd77db1516ee:external_primary}]}
06-30 17:46:41.466  1812  2053 I PickerSyncController: Executing SyncAdd. isLocal: true. authority: com.android.providers.media.photopicker
06-30 17:46:41.468  1812  2053 I PickerSyncController: Paged sync successful. QueryArgs: Bundle[{android.provider.extra.SYNC_GENERATION=477}]. Result count: 0. Cursor count: 0
06-30 17:46:41.468  1812  2053 I PickerSyncController: Executing SyncRemove. isLocal: true. authority: com.android.providers.media.photopicker
06-30 17:46:41.469  1812  2053 W PickerDbFacade: Unable to promote cloud media with localId: 1000000028
06-30 17:46:41.469  1812  2053 I PickerSyncController: Paged sync successful. QueryArgs: Bundle[{android.provider.extra.SYNC_GENERATION=477}]. Result count: 0. Cursor count: 1
06-30 17:46:41.470  1812  2053 D PickerSyncController: syncAllMediaFromProvider() CLOUD, auth=null, retry=true
06-30 17:46:41.470  1812  2053 D PickerSyncController: getSyncRequestParams() CLOUD, auth=null
06-30 17:46:41.470  1812  2053 D PickerSyncController:    RESULT=SyncRequestParams{type=MEDIA_RESET, gen=0, latest=null}
06-30 17:46:41.471  1812  2053 I PickerSyncController: Executing SyncReset. isLocal: false. authority: null
06-30 17:46:41.471  1812  2053 I PickerSyncController: SyncReset. isLocal:false. authority: null. result count: 0
06-30 17:46:41.471  1812  2053 D PickerSyncController: Ignoring cache media info for null authority with bundle: null
06-30 17:46:41.471  1812  2053 I PickerSyncController: Executing SyncAlbumReset. isLocal: true. authority: com.android.providers.media.photopicker. albumId: null
06-30 17:46:41.472  1812  2053 I PickerSyncController: Successfully executed SyncResetAlbum. authority: com.android.providers.media.photopicker. albumId: null. Result count: 0
06-30 17:46:41.472  1812  2053 I PickerSyncController: Executing SyncAlbumReset. isLocal: false. authority: null. albumId: null
06-30 17:46:41.472  1812  2053 I PickerSyncController: Successfully executed SyncResetAlbum. authority: null. albumId: null. Result count: 0
06-30 17:46:41.650 31359 31396 D Capacitor: Handling local request: https://localhost/api/vision/capture-requests
06-30 17:46:42.180 31359 31396 D Capacitor: Handling local request: https://localhost/api/computer-use/approvals
06-30 17:46:42.383 31359 31396 D Capacitor: Handling local request: https://localhost/api/status
06-30 17:46:43.149 31359 31396 D Capacitor: Handling local request: https://localhost/api/vision/capture-requests
06-30 17:46:43.270 31359 31379 D EGL_emulation: app_time_stats: avg=135.17ms min=30.04ms max=1813.40ms count=19
06-30 17:46:43.273 31359 31359 I Choreographer: Skipped 108 frames!  The application may be doing too much work on its main thread.
06-30 17:46:43.305 31359 31540 I OpenGLRenderer: Davey! duration=1838ms; Flags=0, FrameTimelineVsyncId=589940, IntendedVsync=63695601822881, Vsync=63695618489547, InputEventId=0, HandleInputStart=63695624795421, AnimationStart=63695624798131, PerformTraversalsStart=63695626397529, DrawStart=63695626607541, FrameDeadline=63695685156211, FrameInterval=63695624754850, FrameStartTime=16666666, SyncQueued=63695627087984, SyncStart=63695660204048, IssueDrawCommandsStart=63695660282255, SwapBuffers=63697465977347, FrameCompleted=63697473893082, DequeueBufferDuration=10338, QueueBufferDuration=1018965, GpuCompleted=63697473268061, SwapBuffersCompleted=63697473893082, DisplayPresentTime=0, CommandSubmissionCompleted=63697465977347, 
06-30 17:46:43.312 15634 15634 D BoundBrokerSvc: onUnbind: Intent { act=com.google.android.gms.safetynet.service.START pkg=com.google.android.gms }
06-30 17:46:43.525 31911 31911 W BpBinder: Linking to death on android.gui.ISurfaceComposer but there are no threads (yet?) listening to incoming transactions. See ProcessState::startThreadPool and ProcessState::setThreadPoolMaxThreadCount. Generally you should setup the binder threadpool before other initialization steps.
06-30 17:46:43.531 31911 31911 W ProcessState: Extra binder thread started, but 0 threads requested. Do not use *startThreadPool when zero threads are requested.
06-30 17:46:43.547   157   157 I hwservicemanager: getTransport: Cannot find entry android.hardware.graphics.mapper@4.0::IMapper/default in either framework or device VINTF manifest.
06-30 17:46:43.548 31911 31924 I Gralloc4: mapper 4.x is not supported
06-30 17:46:43.627     0     0 I servicemanager: Could not find android.hardware.graphics.allocator.IAllocator/default in the VINTF manifest.
06-30 17:46:43.694 31359 31396 D Capacitor: Handling local request: https://localhost/api/computer-use/approvals
06-30 17:46:43.890 31359 31396 D Capacitor: Handling local request: https://localhost/api/status
06-30 17:46:44.298 31359 31379 D EGL_emulation: app_time_stats: avg=39.91ms min=27.25ms max=65.05ms count=25
06-30 17:46:44.315   414   521 D AudioFlinger: mixer(0x74d86f8b2930) throttle end: throttle time(1)
