--------- beginning of main
06-30 18:42:12.925 15292 15313 W SystemServiceRegistry: No service published for: uimode
06-30 18:42:12.929 15235 15235 W WindowOnBackDispatcher: OnBackInvokedCallback is not enabled for the application.
06-30 18:42:12.929 15235 15235 W WindowOnBackDispatcher: Set 'android:enableOnBackInvokedCallback="true"' in the application manifest.
06-30 18:42:12.954 15235 15235 D CompatibilityChangeReporter: Compat change id reported: 210923482; UID 10192; state: ENABLED
06-30 18:42:12.969 15235 15235 D Capacitor/AppPlugin: Firing change: true
06-30 18:42:12.970 15235 15235 V Capacitor/AppPlugin: Notifying listeners for event appStateChange
06-30 18:42:12.970 15235 15235 D Capacitor/AppPlugin: No listeners found for event appStateChange
06-30 18:42:12.976   545  1087 D ConnectivityService: requestNetwork for uid/pid:10192/15235 activeRequest: null callbackRequest: 796 [NetworkRequest [ REQUEST id=797, [ Capabilities: INTERNET&NOT_RESTRICTED&TRUSTED&NOT_VCN_MANAGED Uid: 10192 RequestorUid: 10192 RequestorPkg: ai.elizaos.app UnderlyingNetworks: Null] ]] callback flags: 0 order: 2147483647
06-30 18:42:12.979   545   683 D WifiNetworkFactory: got request NetworkRequest [ REQUEST id=797, [ Capabilities: INTERNET&NOT_RESTRICTED&TRUSTED&NOT_VCN_MANAGED Uid: 10192 RequestorUid: 10192 RequestorPkg: ai.elizaos.app UnderlyingNetworks: Null] ]
06-30 18:42:12.979   545   690 D ConnectivityService: NetReassign [797 : null → 101] [c 0] [a 1] [i 1]
06-30 18:42:12.979   545   683 D UntrustedWifiNetworkFactory: got request NetworkRequest [ REQUEST id=797, [ Capabilities: INTERNET&NOT_RESTRICTED&TRUSTED&NOT_VCN_MANAGED Uid: 10192 RequestorUid: 10192 RequestorPkg: ai.elizaos.app UnderlyingNetworks: Null] ]
06-30 18:42:12.980   545   683 D OemPaidWifiNetworkFactory: got request NetworkRequest [ REQUEST id=797, [ Capabilities: INTERNET&NOT_RESTRICTED&TRUSTED&NOT_VCN_MANAGED Uid: 10192 RequestorUid: 10192 RequestorPkg: ai.elizaos.app UnderlyingNetworks: Null] ]
06-30 18:42:12.980   545   683 D MultiInternetWifiNetworkFactory: got request NetworkRequest [ REQUEST id=797, [ Capabilities: INTERNET&NOT_RESTRICTED&TRUSTED&NOT_VCN_MANAGED Uid: 10192 RequestorUid: 10192 RequestorPkg: ai.elizaos.app UnderlyingNetworks: Null] ]
06-30 18:42:12.988 15235 15349 V Capacitor/NetworkPlugin: Notifying listeners for event networkStatusChange
06-30 18:42:12.989 15235 15349 D Capacitor/NetworkPlugin: No listeners found for event networkStatusChange
06-30 18:42:12.991 15235 15235 V Capacitor/BrowserPlugin: Notifying listeners for event browserFinished
06-30 18:42:12.991 15235 15235 D Capacitor/BrowserPlugin: No listeners found for event browserFinished
06-30 18:42:12.991 15235 15235 D Capacitor: App resumed
06-30 18:42:12.998 15235 15235 D CompatibilityChangeReporter: Compat change id reported: 237531167; UID 10192; state: DISABLED
06-30 18:42:12.999  1184  2698 I FontLog : Received query name=Google Sans&weight=700&besteffort=false, URI content://com.google.android.gms.fonts [CONTEXT service_id=132 ]
06-30 18:42:13.000  1184  2698 I FontLog : Query [name=Google Sans&weight=700&besteffort=false] resolved to {Google Sans, wdth 100.0, wght 700, ital 0.0, bestEffort false} [CONTEXT service_id=132 ]
06-30 18:42:13.001 15235 15235 W OpenGLRenderer: Unknown dataspace 0
06-30 18:42:13.004  1184  2698 I FontLog : Fetch {Google Sans, wdth 100.0, wght 700, ital 0.0, bestEffort false} end status Status{statusCode=SUCCESS, resolution=null} [CONTEXT service_id=132 ]
06-30 18:42:13.012  1184  2698 I FontLog : Pulling font file for id = 280, cache size = 7 [CONTEXT service_id=132 ]
06-30 18:42:13.020 15235 15297 D Capacitor: Handling local request: https://localhost/
06-30 18:42:13.029  1184  2698 I FontLog : Received query name=Noto Color Emoji Compat&weight=400&besteffort=false, URI content://com.google.android.gms.fonts [CONTEXT service_id=132 ]
06-30 18:42:13.030  1184  2698 I FontLog : Query [name=Noto Color Emoji Compat&weight=400&besteffort=false] resolved to {Noto Color Emoji Compat, wdth 100.0, wght 400, ital 0.0, bestEffort false} [CONTEXT service_id=132 ]
06-30 18:42:13.033  1184  2698 I FontLog : Fetch {Noto Color Emoji Compat, wdth 100.0, wght 400, ital 0.0, bestEffort false} end status Status{statusCode=SUCCESS, resolution=null} [CONTEXT service_id=132 ]
06-30 18:42:13.037  1184  2698 I FontLog : Pulling font file for id = 281, cache size = 7 [CONTEXT service_id=132 ]
06-30 18:42:13.043  1184  2698 I FontLog : Received query name=Google Sans&weight=400&besteffort=false, URI content://com.google.android.gms.fonts [CONTEXT service_id=132 ]
06-30 18:42:13.045  1184  2698 I FontLog : Query [name=Google Sans&weight=400&besteffort=false] resolved to {Google Sans, wdth 100.0, wght 400, ital 0.0, bestEffort false} [CONTEXT service_id=132 ]
06-30 18:42:13.048  1184  2698 I FontLog : Font PFD returned from cache for {Google Sans, wdth 100.0, wght 400, ital 0.0, bestEffort false} [CONTEXT service_id=132 ]
06-30 18:42:13.048  1184  2698 I FontLog : Fetch {Google Sans, wdth 100.0, wght 400, ital 0.0, bestEffort false} end status Status{statusCode=SUCCESS, resolution=null} [CONTEXT service_id=132 ]
06-30 18:42:13.050 15235 15235 I Choreographer: Skipped 90 frames!  The application may be doing too much work on its main thread.
06-30 18:42:13.062 15235 15235 D CompatibilityChangeReporter: Compat change id reported: 193247900; UID 10192; state: ENABLED
--------- beginning of system
06-30 18:42:13.066   545   846 D CoreBackPreview: Window{625ae44 u0 ai.elizaos.app/ai.elizaos.app.MainActivity}: Setting back callback OnBackInvokedCallbackInfo{mCallback=android.window.IOnBackInvokedCallback$Stub$Proxy@f1bdfc8, mPriority=0, mIsAnimationCallback=false}
06-30 18:42:13.089  1184  2698 I FontLog : Pulling font file for id = 282, cache size = 8 [CONTEXT service_id=132 ]
06-30 18:42:13.094  1184  2698 I FontLog : Received query name=Google Sans&weight=500&besteffort=false, URI content://com.google.android.gms.fonts [CONTEXT service_id=132 ]
06-30 18:42:13.094  1184  2698 I FontLog : Query [name=Google Sans&weight=500&besteffort=false] resolved to {Google Sans, wdth 100.0, wght 500, ital 0.0, bestEffort false} [CONTEXT service_id=132 ]
06-30 18:42:13.095  1184  2698 I FontLog : Font PFD returned from cache for {Google Sans, wdth 100.0, wght 500, ital 0.0, bestEffort false} [CONTEXT service_id=132 ]
06-30 18:42:13.095  1184  2698 I FontLog : Fetch {Google Sans, wdth 100.0, wght 500, ital 0.0, bestEffort false} end status Status{statusCode=SUCCESS, resolution=null} [CONTEXT service_id=132 ]
06-30 18:42:13.097  1184  2698 I FontLog : Pulling font file for id = 283, cache size = 5 [CONTEXT service_id=132 ]
06-30 18:42:13.186 15235 15277 W OpenGLRenderer: Failed to initialize 101010-2 format, error = EGL_SUCCESS
06-30 18:42:13.205  1184 15179 I Fitness : OnPackageChangedOperation got intent: Intent { act=android.intent.action.PACKAGE_CHANGED dat=package: flg=0x45000010 pkg=com.google.android.gms cmp=com.google.android.gms/.chimera.PersistentIntentOperationService (has extras) } [CONTEXT service_id=17 ]
06-30 18:42:13.209   545  5672 D CompatibilityChangeReporter: Compat change id reported: 161252188; UID 10192; state: DISABLED
--------- beginning of kernel
06-30 18:42:13.442     0     0 I servicemanager: Could not find android.hardware.graphics.allocator.IAllocator/default in the VINTF manifest.
06-30 18:42:13.225   162   162 I hwservicemanager: getTransport: Cannot find entry android.hardware.graphics.mapper@4.0::IMapper/default in either framework or device VINTF manifest.
06-30 18:42:13.225 15235 15277 I Gralloc4: mapper 4.x is not supported
06-30 18:42:13.233  1184 15179 I Fitness : FitCleanupIntentOperation received Intent android.intent.action.PACKAGE_CHANGED [CONTEXT service_id=17 ]
06-30 18:42:13.234 14784 14812 I Icing   : IndexChimeraService.getServiceInterface callingPackage=com.google.android.gms componentName=AppsCorpus serviceId=36
06-30 18:42:13.237  1184  1229 W ChimeraUtils: Module com.google.android.gms.nearby_en missing resource null(0)
06-30 18:42:13.241  1184  1229 W ChimeraUtils: Module com.google.android.gms.nearby_en missing resource null(0)
06-30 18:42:13.247  1184  1184 D BoundBrokerSvc: onBind: Intent { act=com.google.android.gms.icing.LIGHTWEIGHT_INDEX_SERVICE dat=chimera-action:/... cmp=com.google.android.gms/.chimera.PersistentApiService }
06-30 18:42:13.247  1184  1184 D BoundBrokerSvc: Loading bound service for intent: Intent { act=com.google.android.gms.icing.LIGHTWEIGHT_INDEX_SERVICE dat=chimera-action:/... cmp=com.google.android.gms/.chimera.PersistentApiService }
06-30 18:42:13.253 14784 14784 D BoundBrokerSvc: onBind: Intent { act=com.google.android.gms.feedback.internal.IFeedbackService dat=chimera-action:/... cmp=com.google.android.gms/.chimera.GmsBoundBrokerService }
06-30 18:42:13.253 14784 14784 D BoundBrokerSvc: Loading bound service for intent: Intent { act=com.google.android.gms.feedback.internal.IFeedbackService dat=chimera-action:/... cmp=com.google.android.gms/.chimera.GmsBoundBrokerService }
06-30 18:42:13.265 14784  5981 I Icing   : Usage reports ok 1, Failed Usage reports 0, indexed 0, rejected 0
06-30 18:42:13.269 14784 14812 I Icing   : IndexChimeraService.getServiceInterface callingPackage=com.google.android.gms componentName=null serviceId=30
06-30 18:42:13.283 14784  5981 I Icing   : Usage reports ok 0, Failed Usage reports 0, indexed 0, rejected 0
06-30 18:42:13.284 14784  5981 I Icing   : Indexing com.google.android.gms-apps from com.google.android.gms
06-30 18:42:13.291 14784  5981 I Icing   : Indexing done com.google.android.gms-apps
06-30 18:42:13.631   764   855 D EGL_emulation: app_time_stats: avg=13606.95ms min=13606.95ms max=13606.95ms count=1
06-30 18:42:14.125   545   564 W ziparchive: Unable to open '/data/app/~~CxHLmFoS255YNJRmBI-pkg==/ai.elizaos.app-A1jLQzqpVMs1VNqttJwBvw==/base.dm': No such file or directory
06-30 18:42:14.133   545   564 I ActivityTaskManager: Displayed ai.elizaos.app/.MainActivity for user 0: +4s333ms
06-30 18:42:14.133 15235 15250 I OpenGLRenderer: Davey! duration=2582ms; Flags=1, FrameTimelineVsyncId=21399111, IntendedVsync=53861796685688, Vsync=53863296685628, InputEventId=0, HandleInputStart=53863305212193, AnimationStart=53863305218322, PerformTraversalsStart=53863308446741, DrawStart=53863594022448, FrameDeadline=53861813352354, FrameInterval=53863304757111, FrameStartTime=16666666, SyncQueued=53863612100055, SyncStart=53863612678348, IssueDrawCommandsStart=53863615529636, SwapBuffers=53864197120344, FrameCompleted=53864380210150, DequeueBufferDuration=8000, QueueBufferDuration=980542, GpuCompleted=53864380210150, SwapBuffersCompleted=53864368605005, DisplayPresentTime=0, CommandSubmissionCompleted=53864197120344, 
06-30 18:42:14.172  7579  7607 I cr_VariationsUtils: Throttling seed download job
06-30 18:42:14.172  7579  7607 I cr_VariationsUtils: Writing new seed to app's data directory
06-30 18:42:14.223  2749 15333 W RankedDispatcher: The requested voice is not available for this app identifier
06-30 18:42:14.224  2749 15333 I GoogleTTSServiceImpl: currentLocale = en-US
06-30 18:42:14.227  2749 15333 W RankedDispatcher: The requested voice is not available for this app identifier
06-30 18:42:14.227  2749 15333 I GoogleTTSServiceImpl: currentLocale = en-US
06-30 18:42:14.228  2749 15333 W RankedDispatcher: The requested voice is not available for this app identifier
06-30 18:42:14.228  2749 15333 I GoogleTTSServiceImpl: For default lang en-us is name en-US-language (en-us-x-iog-server)
06-30 18:42:14.230  2749 15333 W RankedDispatcher: The requested voice is not available for this app identifier
06-30 18:42:14.230  2749 15333 I GoogleTTSServiceImpl: currentLocale = en-US
06-30 18:42:14.236  2749 15335 I PipelineReaderImpl: Initializing en-us-x-hol-seanet-embedded from disk
06-30 18:42:14.325 15235 15294 D Capacitor: Handling local request: https://localhost/assets/index-Dtqs9oPj.js
06-30 18:42:14.327 15235 15297 D Capacitor: Handling local request: https://localhost/assets/vendor-react-Dh8venqn.js
06-30 18:42:14.332 15235 15300 D Capacitor: Handling local request: https://localhost/assets/vendor-lucide-BPakN3Wh.js
06-30 18:42:14.336 15235 15303 D Capacitor: Handling local request: https://localhost/assets/vendor-crypto-BIGM8b0U.js
06-30 18:42:14.339 15235 15321 D Capacitor: Handling local request: https://localhost/assets/index-DNh-YHq9.css
06-30 18:42:14.515   764   818 W WindowOnBackDispatcher: sendCancelIfRunning: isInProgress=falsecallback=android.view.ViewRootImpl$$ExternalSyntheticLambda17@3a708fd
06-30 18:42:14.517   545   746 W InputManager-JNI: Input channel object '4fb5af0 Splash Screen ai.elizaos.app (client)' was disposed without first being removed with the input manager!
06-30 18:42:14.519   545  5686 D CoreBackPreview: Window{4fb5af0 u0 Splash Screen ai.elizaos.app EXITING}: Setting back callback null
06-30 18:42:14.535 15235 15321 W ai.elizaos.app: Long monitor contention with owner ThreadPoolForeg (15297) at java.lang.Object libcore.content.type.MimeMap$MemoizingSupplier.get()(MimeMap.java:475) waiters=3 in java.lang.Object libcore.content.type.MimeMap$MemoizingSupplier.get() for 195ms
06-30 18:42:14.540  1251  1838 D OneSearchSuggestProvider: Shut down the binder channel
06-30 18:42:14.543  1251 22917 I IPCThreadState: oneway function results for code 2 on binder at 0x71afdc2b4460 will be dropped but finished with status UNKNOWN_TRANSACTION
06-30 18:42:14.550  1251  1276 I ImeTracker: com.google.android.apps.nexuslauncher:f5976256: onRequestHide at ORIGIN_CLIENT_HIDE_SOFT_INPUT reason HIDE_SOFT_INPUT
06-30 18:42:14.552   545  1087 I ImeTracker: com.google.android.apps.nexuslauncher:f5976256: onCancelled at PHASE_SERVER_SHOULD_HIDE
06-30 18:42:14.713   764   855 D EGL_emulation: app_time_stats: avg=1081.37ms min=1081.37ms max=1081.37ms count=1
06-30 18:42:14.797 15235 15235 D TalkMode: System TTS initialized
06-30 18:42:14.877 15235 15235 I Choreographer: Skipped 109 frames!  The application may be doing too much work on its main thread.
06-30 18:42:14.920   545  1087 D CompatibilityChangeReporter: Compat change id reported: 214016041; UID 10192; state: ENABLED
06-30 18:42:14.920   545  1087 I ImeTracker: ai.elizaos.app:f769f8b9: onRequestHide at ORIGIN_SERVER_HIDE_INPUT reason HIDE_UNSPECIFIED_WINDOW
06-30 18:42:14.920   545  1087 I ImeTracker: ai.elizaos.app:f769f8b9: onCancelled at PHASE_SERVER_SHOULD_HIDE
06-30 18:42:14.933  1438  1438 I GoogleInputMethodService: GoogleInputMethodService.onFinishInput():3227 
06-30 18:42:14.938  1438  1438 I GoogleInputMethodService: GoogleInputMethodService.updateDeviceLockedStatus():2087 repeatCheckTimes = 0, unlocked = true
06-30 18:42:14.939  1438  1438 I GoogleInputMethodService: GoogleInputMethodService.onStartInput():1877 onStartInput(EditorInfo{inputType=0x0(NULL) imeOptions=0x0 privateImeOptions=null actionName=UNSPECIFIED actionLabel=null actionId=0 initialSelStart=-1 initialSelEnd=-1 initialCapsMode=0x0 hintText=null label=null packageName=ai.elizaos.app fieldId=2131296482 fieldName=null extras=null}, false)
06-30 18:42:14.939  1438  1438 I GoogleInputMethodService: GoogleInputMethodService.shouldHideHeaderOnInitialState():4008 ShouldHideHeaderOnInitialState = false
06-30 18:42:14.940  1438  1438 I GoogleInputMethodService: GoogleInputMethodService.updateDeviceLockedStatus():2087 repeatCheckTimes = 2, unlocked = true
06-30 18:42:14.974  1184  2461 I FontLog : Received query Noto Color Emoji Compat, URI content://com.google.android.gms.fonts [CONTEXT service_id=132 ]
06-30 18:42:14.974  1184  2461 I FontLog : Query [emojicompat-emoji-font] resolved to {Noto Color Emoji Compat, wdth 100.0, wght 400, ital 0.0, bestEffort false} [CONTEXT service_id=132 ]
06-30 18:42:14.978  1184  2461 I FontLog : Fetch {Noto Color Emoji Compat, wdth 100.0, wght 400, ital 0.0, bestEffort false} end status Status{statusCode=SUCCESS, resolution=null} [CONTEXT service_id=132 ]
06-30 18:42:14.989  1184  2461 I FontLog : Pulling font file for id = 284, cache size = 6 [CONTEXT service_id=132 ]
06-30 18:42:14.993 15235 15250 I OpenGLRenderer: Davey! duration=1914ms; Flags=0, FrameTimelineVsyncId=21399148, IntendedVsync=53863313352294, Vsync=53865130018888, InputEventId=0, HandleInputStart=53865133200957, AnimationStart=53865133206022, PerformTraversalsStart=53865133928654, DrawStart=53865141720199, FrameDeadline=53864413352250, FrameInterval=53865131264393, FrameStartTime=16666666, SyncQueued=53865148588503, SyncStart=53865148680130, IssueDrawCommandsStart=53865148808780, SwapBuffers=53865150694104, FrameCompleted=53865227642319, DequeueBufferDuration=7818, QueueBufferDuration=440975, GpuCompleted=53865227642319, SwapBuffersCompleted=53865222074176, DisplayPresentTime=0, CommandSubmissionCompleted=53865150694104, 
06-30 18:42:15.009  1184  2461 I FontLog : Pulling font file for id = 284, cache size = 6 [CONTEXT service_id=132 ]
06-30 18:42:15.254   545   567 W ProcessStats: Tracking association SourceState{f444fe9 com.google.android.gms/10128 BTop #18297} whose proc state 2 is better than process ProcessState{440372f com.google.android.gms.persistent/10128 pkg=com.google.android.gms} proc state 4 (198 skipped)
06-30 18:42:15.789  2749 15335 E tflite  : third_party/tensorflow/lite/core/subgraph.cc:903 tensor.data.raw != nullptr was not true.
06-30 18:42:15.867   545   838 W ActivityTaskManager: callingPackage for (uid=2000, pid=15382) has no WPC
06-30 18:42:15.879   764   806 V WindowManagerShell: Transition requested: android.os.BinderProxy@75744fa TransitionRequestInfo { type = OPEN, triggerTask = TaskInfo{userId=0 taskId=66 displayId=0 isRunning=true baseIntent=Intent { flg=0x10000000 cmp=ai.elizaos.app/.MainActivity } baseActivity=ComponentInfo{ai.elizaos.app/ai.elizaos.app.MainActivity} topActivity=ComponentInfo{ai.elizaos.app/ai.elizaos.app.MainActivity} origActivity=null realActivity=ComponentInfo{ai.elizaos.app/ai.elizaos.app.MainActivity} numActivities=1 lastActiveTime=53860586 supportsMultiWindow=true resizeMode=1 isResizeable=true minWidth=-1 minHeight=-1 defaultMinSize=220 token=WCT{android.window.IWindowContainerToken$Stub$Proxy@a88baab} topActivityType=1 pictureInPictureParams=null shouldDockBigOverlays=false launchIntoPipHostTaskId=-1 lastParentTaskIdBeforePip=-1 displayCutoutSafeInsets=null topActivityInfo=ActivityInfo{59c508 ai.elizaos.app.MainActivity} launchCookies=[] positionInParent=Point(0, 0) parentTaskId=-1 isFocused=true isVisible=true isVisibleRequested=true isSleeping=false topActivityInSizeCompat=false topActivityEligibleForLetterboxEducation= false topActivityLetterboxed= false isFromDoubleTap= false topActivityLetterboxVerticalPosition= -1 topActivityLetterboxHorizontalPosition= -1 topActivityLetterboxWidth=-1 topActivityLetterboxHeight=-1 locusId=null displayAreaFeatureId=1 cameraCompatControlState=hidden}, remoteTransition = null, displayChange = null }
06-30 18:42:15.880   545   838 I ActivityTaskManager: START u0 {flg=0x10000000 cmp=ai.elizaos.app/.MainActivity} with LAUNCH_SINGLE_TASK from uid 2000 (BAL_ALLOW_PERMISSION) result code=3
06-30 18:42:15.881   764   806 D WindowManagerShell: onActivityRestartAttempt: ComponentInfo{ai.elizaos.app/ai.elizaos.app.MainActivity}
06-30 18:42:15.882   764   806 V WindowManagerShell: onTransitionReady android.os.BinderProxy@75744fa: {id=261 t=OPEN f=0x0 trk=0 r=[] c=[]}
06-30 18:42:15.882   764   806 V WindowManagerShell: No transition roots in (#261)android.os.BinderProxy@75744fa@0 so abort
06-30 18:42:15.883   764   806 V WindowManagerShell: Transition animation finished (aborted=true), notifying core (#261)android.os.BinderProxy@75744fa@0
06-30 18:42:15.884   545   564 V WindowManager: Sent Transition #261 createdAt=06-30 18:42:15.875 via request=TransitionRequestInfo { type = OPEN, triggerTask = TaskInfo{userId=0 taskId=66 displayId=0 isRunning=true baseIntent=Intent { flg=0x10000000 cmp=ai.elizaos.app/.MainActivity } baseActivity=ComponentInfo{ai.elizaos.app/ai.elizaos.app.MainActivity} topActivity=ComponentInfo{ai.elizaos.app/ai.elizaos.app.MainActivity} origActivity=null realActivity=ComponentInfo{ai.elizaos.app/ai.elizaos.app.MainActivity} numActivities=1 lastActiveTime=53860586 supportsMultiWindow=true resizeMode=1 isResizeable=true minWidth=-1 minHeight=-1 defaultMinSize=220 token=WCT{RemoteToken{90241c6 Task{fa3e716 #66 type=standard A=10192:ai.elizaos.app}}} topActivityType=1 pictureInPictureParams=null shouldDockBigOverlays=false launchIntoPipHostTaskId=-1 lastParentTaskIdBeforePip=-1 displayCutoutSafeInsets=null topActivityInfo=ActivityInfo{b248587 ai.elizaos.app.MainActivity} launchCookies=[] positionInParent=Point(0, 0) parentTaskId=-1 isFocused=true isVisible=true isVisibleRequested=true isSleeping=false topActivityInSizeCompat=false topActivityEligibleForLetterboxEducation= false topActivityLetterboxed= false isFromDoubleTap= false topActivityLetterboxVerticalPosition= -1 topActivityLetterboxHorizontalPosition= -1 topActivityLetterboxWidth=-1 topActivityLetterboxHeight=-1 locusId=null displayAreaFeatureId=1 cameraCompatControlState=hidden}, remoteTransition = null, displayChange = null }
06-30 18:42:15.884   545   564 V WindowManager:     startWCT=WindowContainerTransaction { changes = {} hops = [] errorCallbackToken=null taskFragmentOrganizer=null }
06-30 18:42:15.884   545   564 V WindowManager:     info={id=261 t=OPEN f=0x0 trk=0 r=[] c=[]}
06-30 18:42:15.885   545   564 V WindowManager: Finish Transition #261: created at 06-30 18:42:15.875 collect-started=0.051ms request-sent=2.52ms started=5.447ms ready=5.424ms sent=7.192ms finished=9.923ms
06-30 18:42:15.885   764   806 V WindowManagerShell: Track 0 became idle
06-30 18:42:15.885   764   806 V WindowManagerShell: All active transition animations finished
06-30 18:42:15.894 15235 15235 V Capacitor/AppPlugin: Notifying listeners for event pause
06-30 18:42:15.894 15235 15235 D Capacitor/AppPlugin: No listeners found for event pause
06-30 18:42:15.898 15235 15235 D Capacitor: App paused
06-30 18:42:15.899 15235 15235 D Capacitor/AppPlugin: Firing change: true
06-30 18:42:15.899 15235 15235 V Capacitor/AppPlugin: Notifying listeners for event appStateChange
06-30 18:42:15.899 15235 15235 D Capacitor/AppPlugin: No listeners found for event appStateChange
06-30 18:42:15.899 15235 15235 V Capacitor/AppPlugin: Notifying listeners for event resume
06-30 18:42:15.899 15235 15235 D Capacitor/AppPlugin: No listeners found for event resume
06-30 18:42:15.901   545   746 D ConnectivityService: requestNetwork for uid/pid:10192/15235 activeRequest: null callbackRequest: 798 [NetworkRequest [ REQUEST id=799, [ Capabilities: INTERNET&NOT_RESTRICTED&TRUSTED&NOT_VCN_MANAGED Uid: 10192 RequestorUid: 10192 RequestorPkg: ai.elizaos.app UnderlyingNetworks: Null] ]] callback flags: 0 order: 2147483647
06-30 18:42:15.905 15235 15349 V Capacitor/NetworkPlugin: Notifying listeners for event networkStatusChange
06-30 18:42:15.906 15235 15349 D Capacitor/NetworkPlugin: No listeners found for event networkStatusChange
06-30 18:42:15.907   545   683 D WifiNetworkFactory: got request NetworkRequest [ REQUEST id=799, [ Capabilities: INTERNET&NOT_RESTRICTED&TRUSTED&NOT_VCN_MANAGED Uid: 10192 RequestorUid: 10192 RequestorPkg: ai.elizaos.app UnderlyingNetworks: Null] ]
06-30 18:42:15.907   545   683 D UntrustedWifiNetworkFactory: got request NetworkRequest [ REQUEST id=799, [ Capabilities: INTERNET&NOT_RESTRICTED&TRUSTED&NOT_VCN_MANAGED Uid: 10192 RequestorUid: 10192 RequestorPkg: ai.elizaos.app UnderlyingNetworks: Null] ]
06-30 18:42:15.907   545   683 D OemPaidWifiNetworkFactory: got request NetworkRequest [ REQUEST id=799, [ Capabilities: INTERNET&NOT_RESTRICTED&TRUSTED&NOT_VCN_MANAGED Uid: 10192 RequestorUid: 10192 RequestorPkg: ai.elizaos.app UnderlyingNetworks: Null] ]
06-30 18:42:15.907   545   683 D MultiInternetWifiNetworkFactory: got request NetworkRequest [ REQUEST id=799, [ Capabilities: INTERNET&NOT_RESTRICTED&TRUSTED&NOT_VCN_MANAGED Uid: 10192 RequestorUid: 10192 RequestorPkg: ai.elizaos.app UnderlyingNetworks: Null] ]
06-30 18:42:15.907   545   690 D ConnectivityService: NetReassign [799 : null → 101] [c 1] [a 1] [i 3]
06-30 18:42:15.913 15235 15235 D Capacitor: App resumed
06-30 18:42:16.494  2749 15335 I ControllerWrapperImpl: Done initializing en-us-x-hol-seanet-embedded
06-30 18:42:16.515 15235 15277 D EGL_emulation: app_time_stats: avg=124.06ms min=2.07ms max=1245.39ms count=18
06-30 18:42:16.764 15235 15294 D Capacitor: Handling local request: https://localhost/eliza-renderer-build.json
06-30 18:42:16.785 15235 15294 D Capacitor: Handling local request: https://localhost/assets/browser-BtT5BIzx.js
06-30 18:42:16.788 15235 15294 D Capacitor: Handling local request: https://localhost/assets/index-sOCUT5z4.js
06-30 18:42:16.789 15235 15297 D Capacitor: Handling local request: https://localhost/assets/eliza-cloud-model-route-DDEJ0LV1.js
06-30 18:42:16.790 15235 15294 D Capacitor: Handling local request: https://localhost/assets/EmbeddedAppViewer-DS6qzrdq.js
06-30 18:42:16.791 15235 15294 D Capacitor: Handling local request: https://localhost/assets/task-widget-DL_GfPjH.js
06-30 18:42:16.793 15235 15294 D Capacitor: Handling local request: https://localhost/assets/DiffReviewPanel-CLBdPXJs.js
06-30 18:42:16.794 15235 15294 D Capacitor: Handling local request: https://localhost/assets/useChatSidebarVisibility-Cy00GSfz.js
06-30 18:42:16.813 15235 15294 D Capacitor: Handling local request: https://localhost/assets/tooltip-extended-DDNQCwBQ.js
06-30 18:42:16.825 15235 15297 D Capacitor: Handling local request: https://localhost/assets/TerminalPluginView-Bt7omul4.js
06-30 18:42:16.825 15235 15300 D Capacitor: Handling local request: https://localhost/assets/index-Bhiy7_SE.js
06-30 18:42:16.827 15235 15321 D Capacitor: Handling local request: https://localhost/assets/DatabasePageView-DYK_4F7d.js
06-30 18:42:16.827 15235 15294 D Capacitor: Handling local request: https://localhost/assets/DatabaseView-BVn73tIA.js
06-30 18:42:16.831 15235 15303 D Capacitor: Handling local request: https://localhost/assets/RuntimeView-YXsFqmaY.js
06-30 18:42:16.831 15235 15297 D Capacitor: Handling local request: https://localhost/assets/TasksPageView-D1YIcQFu.js
06-30 18:42:16.832 15235 15300 D Capacitor: Handling local request: https://localhost/assets/RelationshipsView-YjZ7xIwk.js
06-30 18:42:16.835 15235 15294 D Capacitor: Handling local request: https://localhost/assets/TrajectoriesView-DuiygrJl.js
06-30 18:42:16.836 15235 15303 D Capacitor: Handling local request: https://localhost/assets/trajectory-format-D0hgw1gv.js
06-30 18:42:16.837 15235 15294 D Capacitor: Handling local request: https://localhost/assets/trajectory-sidebar-item-Bcj-t62G.js
06-30 18:42:16.837 15235 15321 D Capacitor: Handling local request: https://localhost/assets/TrajectoryDetailView-CKFagVZp.js
06-30 18:42:16.916 15235 15235 I Capacitor/Console: File: https://localhost/assets/index-Dtqs9oPj.js - Line 196 - Msg: [renderer-build] e9ba06f0ea0f built 2026-07-01T01:40:40.067Z (variant=direct, target=android)
06-30 18:42:16.922 15235 15294 D Capacitor: Handling local request: https://localhost/brand/favicons/favicon-16x16.png
06-30 18:42:16.923 15235 15235 I Capacitor/Console: File: https://localhost/assets/index-Dtqs9oPj.js - Line 455 - Msg: [shell] window shell mode: main (search="")
06-30 18:42:16.927 15235 15294 D Capacitor: Handling local request: https://localhost/brand/favicons/favicon-32x32.png
06-30 18:42:16.928 15235 15294 D Capacitor: Handling local request: https://localhost/brand/favicons/favicon.ico
06-30 18:42:16.932 15235 15297 D Capacitor: Handling local request: https://localhost/brand/favicons/favicon.svg
06-30 18:42:16.948 15235 15235 I Capacitor/Console: File:  - Line 349 - Msg: [object Object]
06-30 18:42:16.953 15235 15235 V Capacitor/Plugin: To native (Capacitor plugin): callbackId: 25384609, pluginId: Preferences, methodName: get
06-30 18:42:16.953 15235 15235 V Capacitor: callback: 25384609, pluginId: Preferences, methodName: get, methodData: {"key":"eliza:first-run-complete"}
06-30 18:42:16.957 15235 15235 I Capacitor/Console: File:  - Line 349 - Msg: [object Object]
06-30 18:42:16.958 15235 15235 V Capacitor/Plugin: To native (Capacitor plugin): callbackId: 25384610, pluginId: Preferences, methodName: set
06-30 18:42:16.959 15235 15235 V Capacitor: callback: 25384610, pluginId: Preferences, methodName: set, methodData: {"key":"eliza:first-run-complete","value":"1"}
06-30 18:42:16.959 15235 15235 I Capacitor/Console: File:  - Line 349 - Msg: [object Object]
06-30 18:42:16.959 15235 15235 V Capacitor/Plugin: To native (Capacitor plugin): callbackId: 25384611, pluginId: Preferences, methodName: set
06-30 18:42:16.960 15235 15235 V Capacitor: callback: 25384611, pluginId: Preferences, methodName: set, methodData: {"key":"eliza:onboarding-complete","value":"1"}
06-30 18:42:16.960 15235 15235 I Capacitor/Console: File:  - Line 349 - Msg: [object Object]
06-30 18:42:16.960 15235 15235 V Capacitor/Plugin: To native (Capacitor plugin): callbackId: 25384612, pluginId: Preferences, methodName: set
06-30 18:42:16.961 15235 15235 V Capacitor: callback: 25384612, pluginId: Preferences, methodName: set, methodData: {"key":"eliza:ui-shell-mode","value":"native"}
06-30 18:42:16.961 15235 15235 I Capacitor/Console: File:  - Line 349 - Msg: [object Object]
06-30 18:42:16.961 15235 15235 V Capacitor/Plugin: To native (Capacitor plugin): callbackId: 25384613, pluginId: Preferences, methodName: set
06-30 18:42:16.962 15235 15235 V Capacitor: callback: 25384613, pluginId: Preferences, methodName: set, methodData: {"key":"eliza:mobile-runtime-mode","value":"remote"}
06-30 18:42:16.964 15235 15235 I Capacitor/Console: File:  - Line 349 - Msg: [object Object]
06-30 18:42:16.965 15235 15235 V Capacitor/Plugin: To native (Capacitor plugin): callbackId: 25384614, pluginId: Preferences, methodName: set
06-30 18:42:16.965 15235 15235 V Capacitor: callback: 25384614, pluginId: Preferences, methodName: set, methodData: {"key":"elizaos:active-server","value":"{\"id\":\"remote:host\",\"kind\":\"remote\",\"label\":\"Host agent\",\"apiBase\":\"http:\/\/127.0.0.1:31337\"}"}
06-30 18:42:16.966 15235 15235 I Capacitor/Console: File:  - Line 333 - Msg: {"value":null}
06-30 18:42:16.966 15235 15235 I Capacitor/Console: File:  - Line 349 - Msg: [object Object]
06-30 18:42:16.967 15235 15235 V Capacitor/Plugin: To native (Capacitor plugin): callbackId: 25384615, pluginId: Preferences, methodName: get
06-30 18:42:16.967 15235 15235 V Capacitor: callback: 25384615, pluginId: Preferences, methodName: get, methodData: {"key":"eliza.control.settings.v1"}
06-30 18:42:16.967 15235 15235 I Capacitor/Console: File:  - Line 349 - Msg: [object Object]
06-30 18:42:16.967 15235 15235 V Capacitor/Plugin: To native (Capacitor plugin): callbackId: 25384616, pluginId: Preferences, methodName: get
06-30 18:42:16.968 15235 15235 V Capacitor: callback: 25384616, pluginId: Preferences, methodName: get, methodData: {"key":"eliza.device.identity"}
06-30 18:42:16.968 15235 15235 I Capacitor/Console: File:  - Line 349 - Msg: [object Object]
06-30 18:42:16.969 15235 15235 V Capacitor/Plugin: To native (Capacitor plugin): callbackId: 25384617, pluginId: Preferences, methodName: get
06-30 18:42:16.969 15235 15235 V Capacitor: callback: 25384617, pluginId: Preferences, methodName: get, methodData: {"key":"eliza.device.auth"}
06-30 18:42:16.969 15235 15235 I Capacitor/Console: File:  - Line 349 - Msg: [object Object]
06-30 18:42:16.972 15235 15235 V Capacitor/Plugin: To native (Capacitor plugin): callbackId: 25384618, pluginId: Preferences, methodName: get
06-30 18:42:16.972 15235 15235 V Capacitor: callback: 25384618, pluginId: Preferences, methodName: get, methodData: {"key":"elizaos:active-server"}
06-30 18:42:16.973 15235 15235 I Capacitor/Console: File:  - Line 349 - Msg: [object Object]
06-30 18:42:16.973 15235 15235 V Capacitor/Plugin: To native (Capacitor plugin): callbackId: 25384619, pluginId: Preferences, methodName: get
06-30 18:42:16.973 15235 15235 V Capacitor: callback: 25384619, pluginId: Preferences, methodName: get, methodData: {"key":"eliza:first-run-complete"}
06-30 18:42:16.974 15235 15235 I Capacitor/Console: File:  - Line 349 - Msg: [object Object]
06-30 18:42:16.974 15235 15235 V Capacitor/Plugin: To native (Capacitor plugin): callbackId: 25384620, pluginId: Preferences, methodName: get
06-30 18:42:16.974 15235 15235 V Capacitor: callback: 25384620, pluginId: Preferences, methodName: get, methodData: {"key":"eliza:setup:step"}
06-30 18:42:16.975 15235 15235 I Capacitor/Console: File:  - Line 349 - Msg: [object Object]
06-30 18:42:16.975 15235 15235 V Capacitor/Plugin: To native (Capacitor plugin): callbackId: 25384621, pluginId: Preferences, methodName: get
06-30 18:42:16.976 15235 15235 V Capacitor: callback: 25384621, pluginId: Preferences, methodName: get, methodData: {"key":"eliza:mobile-runtime-mode"}
06-30 18:42:16.976 15235 15235 I Capacitor/Console: File:  - Line 349 - Msg: [object Object]
06-30 18:42:16.978 15235 15235 V Capacitor/Plugin: To native (Capacitor plugin): callbackId: 25384622, pluginId: Preferences, methodName: get
06-30 18:42:16.979 15235 15235 V Capacitor: callback: 25384622, pluginId: Preferences, methodName: get, methodData: {"key":"eliza:chat:activeConversationId"}
06-30 18:42:16.979 15235 15235 I Capacitor/Console: File:  - Line 349 - Msg: [object Object]
06-30 18:42:16.980 15235 15235 V Capacitor/Plugin: To native (Capacitor plugin): callbackId: 25384623, pluginId: Preferences, methodName: get
06-30 18:42:16.981 15235 15235 V Capacitor: callback: 25384623, pluginId: Preferences, methodName: get, methodData: {"key":"eliza:ios-local-agent:conversations:v1"}
06-30 18:42:16.981 15235 15235 I Capacitor/Console: File:  - Line 349 - Msg: [object Object]
06-30 18:42:16.982 15235 15235 V Capacitor/Plugin: To native (Capacitor plugin): callbackId: 25384624, pluginId: Preferences, methodName: get
06-30 18:42:16.982 15235 15235 V Capacitor: callback: 25384624, pluginId: Preferences, methodName: get, methodData: {"key":"eliza:ios-local-agent:active-model:v1"}
06-30 18:42:16.982 15235 15235 I Capacitor/Console: File:  - Line 349 - Msg: [object Object]
06-30 18:42:16.983 15235 15235 V Capacitor/Plugin: To native (Capacitor plugin): callbackId: 25384625, pluginId: Preferences, methodName: get
06-30 18:42:16.983 15235 15235 V Capacitor: callback: 25384625, pluginId: Preferences, methodName: get, methodData: {"key":"eliza:ios-local-agent:assignments:v1"}
06-30 18:42:16.983 15235 15235 I Capacitor/Console: File:  - Line 349 - Msg: [object Object]
06-30 18:42:16.984 15235 15235 V Capacitor/Plugin: To native (Capacitor plugin): callbackId: 25384626, pluginId: Preferences, methodName: get
06-30 18:42:16.984 15235 15235 V Capacitor: callback: 25384626, pluginId: Preferences, methodName: get, methodData: {"key":"eliza:ios-local-agent:browser-workspace:v1"}
06-30 18:42:16.985 15235 15235 I Capacitor/Console: File:  - Line 349 - Msg: [object Object]
06-30 18:42:16.985 15235 15235 V Capacitor/Plugin: To native (Capacitor plugin): callbackId: 25384627, pluginId: Preferences, methodName: get
06-30 18:42:16.985 15235 15235 V Capacitor: callback: 25384627, pluginId: Preferences, methodName: get, methodData: {"key":"eliza:ios-local-agent:wallet-market-overview:v1"}
06-30 18:42:16.986 15235 15235 I Capacitor/Console: File:  - Line 349 - Msg: [object Object]
06-30 18:42:16.986 15235 15235 V Capacitor/Plugin: To native (Capacitor plugin): callbackId: 25384628, pluginId: Preferences, methodName: get
06-30 18:42:16.986 15235 15235 V Capacitor: callback: 25384628, pluginId: Preferences, methodName: get, methodData: {"key":"eliza:ios-local-agent:eliza-1-bundles:v1"}
06-30 18:42:16.987 15235 15235 I Capacitor/Console: File:  - Line 349 - Msg: [object Object]
06-30 18:42:16.988 15235 15235 V Capacitor/Plugin: To native (Capacitor plugin): callbackId: 25384629, pluginId: Preferences, methodName: get
06-30 18:42:16.988 15235 15235 V Capacitor: callback: 25384629, pluginId: Preferences, methodName: get, methodData: {"key":"eliza:ios-full-bun-smoke:request"}
06-30 18:42:16.989 15235 15235 I Capacitor/Console: File:  - Line 349 - Msg: [object Object]
06-30 18:42:16.989 15235 15235 V Capacitor/Plugin: To native (Capacitor plugin): callbackId: 25384630, pluginId: Preferences, methodName: get
06-30 18:42:16.989 15235 15235 V Capacitor: callback: 25384630, pluginId: Preferences, methodName: get, methodData: {"key":"eliza:ios-full-bun-smoke:result"}
06-30 18:42:16.990 15235 15235 I Capacitor/Console: File:  - Line 349 - Msg: [object Object]
06-30 18:42:16.991 15235 15235 V Capacitor/Plugin: To native (Capacitor plugin): callbackId: 25384631, pluginId: Preferences, methodName: get
06-30 18:42:16.991 15235 15235 V Capacitor: callback: 25384631, pluginId: Preferences, methodName: get, methodData: {"key":"eliza:ios-onboarding-smoke:request"}
06-30 18:42:16.994 15235 15235 I Capacitor/Console: File:  - Line 349 - Msg: [object Object]
06-30 18:42:16.994 15235 15235 V Capacitor/Plugin: To native (Capacitor plugin): callbackId: 25384632, pluginId: Preferences, methodName: get
06-30 18:42:16.994 15235 15235 V Capacitor: callback: 25384632, pluginId: Preferences, methodName: get, methodData: {"key":"eliza:ios-onboarding-smoke:result"}
06-30 18:42:16.996 15235 15235 I Capacitor/Console: File:  - Line 333 - Msg: undefined
06-30 18:42:16.996 15235 15235 I Capacitor/Console: File:  - Line 333 - Msg: undefined
06-30 18:42:16.997 15235 15235 I Capacitor/Console: File:  - Line 333 - Msg: undefined
06-30 18:42:17.000 15235 15235 I Capacitor/Console: File:  - Line 333 - Msg: undefined
06-30 18:42:17.000 15235 15235 I Capacitor/Console: File:  - Line 333 - Msg: undefined
06-30 18:42:17.001 15235 15235 I Capacitor/Console: File:  - Line 333 - Msg: {"value":null}
06-30 18:42:17.002 15235 15235 I Capacitor/Console: File:  - Line 333 - Msg: {"value":null}
06-30 18:42:17.003 15235 15235 I Capacitor/Console: File:  - Line 333 - Msg: {"value":null}
06-30 18:42:17.003 15235 15235 I Capacitor/Console: File:  - Line 333 - Msg: {"value":"{\"id\":\"remote:host\",\"kind\":\"remote\",\"label\":\"Host agent\",\"apiBase\":\"http://127.0.0.1:31337\"}"}
06-30 18:42:17.003 15235 15235 I Capacitor/Console: File:  - Line 333 - Msg: {"value":"1"}
06-30 18:42:17.004 15235 15235 I Capacitor/Console: File:  - Line 333 - Msg: {"value":null}
06-30 18:42:17.005 15235 15235 I Capacitor/Console: File:  - Line 333 - Msg: {"value":"remote"}
06-30 18:42:17.005 15235 15235 I Capacitor/Console: File:  - Line 333 - Msg: {"value":null}
06-30 18:42:17.005 15235 15235 I Capacitor/Console: File:  - Line 333 - Msg: {"value":null}
06-30 18:42:17.006 15235 15235 I Capacitor/Console: File:  - Line 333 - Msg: {"value":null}
06-30 18:42:17.006 15235 15235 I Capacitor/Console: File:  - Line 333 - Msg: {"value":null}
06-30 18:42:17.006 15235 15235 I Capacitor/Console: File:  - Line 333 - Msg: {"value":null}
06-30 18:42:17.007 15235 15235 I Capacitor/Console: File:  - Line 333 - Msg: {"value":null}
06-30 18:42:17.007 15235 15235 I Capacitor/Console: File:  - Line 333 - Msg: {"value":null}
06-30 18:42:17.007 15235 15235 I Capacitor/Console: File:  - Line 333 - Msg: {"value":null}
06-30 18:42:17.008 15235 15235 I Capacitor/Console: File:  - Line 333 - Msg: {"value":null}
06-30 18:42:17.008 15235 15235 I Capacitor/Console: File:  - Line 333 - Msg: {"value":null}
06-30 18:42:17.008 15235 15235 I Capacitor/Console: File:  - Line 333 - Msg: {"value":null}
06-30 18:42:17.021 15235 15297 D Capacitor: Handling local request: https://localhost/assets/index-Bpate01f.js
06-30 18:42:17.022 15235 15235 I Capacitor/Console: File:  - Line 349 - Msg: [object Object]
06-30 18:42:17.027 15235 15235 V Capacitor/Plugin: To native (Capacitor plugin): callbackId: 25384633, pluginId: Preferences, methodName: get
06-30 18:42:17.027 15235 15235 V Capacitor: callback: 25384633, pluginId: Preferences, methodName: get, methodData: {"key":"eliza:ios-full-bun-smoke:request"}
06-30 18:42:17.201 15235 15294 D Capacitor: Handling local request: https://localhost/assets/poppins-latin-500-normal-C8OXljZJ.woff2
06-30 18:42:17.204 15235 15294 D Capacitor: Handling local request: https://localhost/assets/poppins-latin-400-normal-cpxAROuN.woff2
06-30 18:42:17.232 15235 15235 I Capacitor/Console: File:  - Line 333 - Msg: {"value":null}
06-30 18:42:17.232 15235 15235 I Capacitor/Console: File:  - Line 349 - Msg: [object Object]
06-30 18:42:17.233 15235 15235 V Capacitor/Plugin: To native (Capacitor plugin): callbackId: 25384634, pluginId: Preferences, methodName: remove
06-30 18:42:17.233 15235 15235 V Capacitor: callback: 25384634, pluginId: Preferences, methodName: remove, methodData: {"key":"elizaos:active-server"}
06-30 18:42:17.233 15235 15235 I Capacitor/Console: File:  - Line 349 - Msg: [object Object]
06-30 18:42:17.234 15235 15235 V Capacitor/Plugin: To native (Capacitor plugin): callbackId: 25384635, pluginId: Preferences, methodName: remove
06-30 18:42:17.234 15235 15235 V Capacitor: callback: 25384635, pluginId: Preferences, methodName: remove, methodData: {"key":"eliza:first-run-complete"}
06-30 18:42:17.234 15235 15235 I Capacitor/Console: File:  - Line 349 - Msg: [object Object]
06-30 18:42:17.234 15235 15235 V Capacitor/Plugin: To native (Capacitor plugin): callbackId: 25384636, pluginId: Preferences, methodName: remove
06-30 18:42:17.235 15235 15235 V Capacitor: callback: 25384636, pluginId: Preferences, methodName: remove, methodData: {"key":"eliza:first-run-complete"}
06-30 18:42:17.493 15235 15294 D Capacitor: Handling local request: https://localhost/assets/poppins-latin-600-normal-zEkxB9Mr.woff2
06-30 18:42:17.673 15235 15294 D Capacitor: Handling local request: https://localhost/api/runtime/mode
06-30 18:42:17.673 15235 15297 D Capacitor: Handling local request: https://localhost/api/suggestions
06-30 18:42:17.674 15235 15300 D Capacitor: Handling local request: https://localhost/api/local-inference/hub
06-30 18:42:17.675 15235 15294 D Capacitor: Handling local request: https://localhost/api/approvals
06-30 18:42:17.676 15235 15321 D Capacitor: Handling local request: https://localhost/api/apps/feed/agent/activity?limit=5
06-30 18:42:17.678 15235 15294 D Capacitor: Handling local request: https://localhost/api/catalog/apps
06-30 18:42:17.679 15235 15300 D Capacitor: Handling local request: https://localhost/api/apps/runs
06-30 18:42:17.679 15235 15297 D Capacitor: Handling local request: https://localhost/api/apps
06-30 18:42:17.680 15235 15300 D Capacitor: Handling local request: https://localhost/api/workbench/todos
06-30 18:42:17.683 15235 15303 D Capacitor: Handling local request: https://localhost/api/relationships/people
06-30 18:42:17.683 15235 15297 D Capacitor: Handling local request: https://localhost/api/relationships/candidates
06-30 18:42:17.684 15235 15300 D Capacitor: Handling local request: https://localhost/api/connectors/google/accounts
06-30 18:42:17.686 15235 15297 D Capacitor: Handling local request: https://localhost/api/apps
06-30 18:42:17.686 15235 15303 D Capacitor: Handling local request: https://localhost/api/backups
06-30 18:42:17.687 15235 15294 D Capacitor: Handling local request: https://localhost/api/apps/installed
06-30 18:42:17.689 15235 15321 D Capacitor: Handling local request: https://localhost/api/commands?surface=gui
06-30 18:42:17.691 15235 15300 D Capacitor: Handling local request: https://localhost/api/notifications?limit=100
06-30 18:42:17.712 15235 15294 D Capacitor: Handling local request: https://localhost/api/conversations
06-30 18:42:17.713 15235 15294 D Capacitor: Handling local request: https://localhost/api/config
06-30 18:42:17.757 15235 15294 D Capacitor: Handling local request: https://localhost/api/local-inference/downloads/stream
06-30 18:42:17.763 15235 15294 D Capacitor: Handling local request: https://localhost/api/computer-use/approvals/stream
06-30 18:42:17.853 15235 15277 D EGL_emulation: app_time_stats: avg=34.22ms min=3.94ms max=602.20ms count=34
06-30 18:42:17.856 15235 15235 I Capacitor/Console: File:  - Line 349 - Msg: [object Object]
06-30 18:42:17.857 15235 15235 V Capacitor/Plugin: To native (Capacitor plugin): callbackId: 25384637, pluginId: TalkMode, methodName: checkPermissions
06-30 18:42:17.857 15235 15235 V Capacitor: callback: 25384637, pluginId: TalkMode, methodName: checkPermissions, methodData: {}
06-30 18:42:17.858 15235 15235 I Capacitor/Console: File:  - Line 349 - Msg: [object Object]
06-30 18:42:17.858 15235 15235 V Capacitor/Plugin: To native (Capacitor plugin): callbackId: 25384638, pluginId: Swabble, methodName: addListener
06-30 18:42:17.858 15235 15235 V Capacitor: callback: 25384638, pluginId: Swabble, methodName: addListener, methodData: {"eventName":"wakeWord"}
06-30 18:42:17.874 15235 15235 I Capacitor/Console: File:  - Line 349 - Msg: [object Object]
06-30 18:42:17.883 15235 15235 V Capacitor/Plugin: To native (Capacitor plugin): callbackId: 25384639, pluginId: Keyboard, methodName: addListener
06-30 18:42:17.883 15235 15235 V Capacitor: callback: 25384639, pluginId: Keyboard, methodName: addListener, methodData: {"eventName":"keyboardWillShow"}
06-30 18:42:17.886 15235 15235 I Capacitor/Console: File:  - Line 349 - Msg: [object Object]
06-30 18:42:17.887 15235 15235 V Capacitor/Plugin: To native (Capacitor plugin): callbackId: 25384640, pluginId: Keyboard, methodName: addListener
06-30 18:42:17.887 15235 15235 V Capacitor: callback: 25384640, pluginId: Keyboard, methodName: addListener, methodData: {"eventName":"keyboardWillHide"}
06-30 18:42:17.887 15235 15235 I Capacitor/Console: File:  - Line 333 - Msg: undefined
06-30 18:42:17.888 15235 15235 I Capacitor/Console: File:  - Line 333 - Msg: undefined
06-30 18:42:17.888 15235 15235 I Capacitor/Console: File:  - Line 333 - Msg: undefined
06-30 18:42:17.897 15235 15235 I Capacitor/Console: File:  - Line 349 - Msg: [object Object]
06-30 18:42:17.899 15235 15235 V Capacitor/Plugin: To native (Capacitor plugin): callbackId: 25384641, pluginId: StatusBar, methodName: setStyle
06-30 18:42:17.899 15235 15235 V Capacitor: callback: 25384641, pluginId: StatusBar, methodName: setStyle, methodData: {"style":"DARK"}
06-30 18:42:17.901 15235 15235 I Choreographer: Skipped 37 frames!  The application may be doing too much work on its main thread.
06-30 18:42:17.911   358 15400 I resolv  : GetAddrInfoHandler::run: {101 101 101 983141 10192 0}
06-30 18:42:17.916   358 15401 I resolv  : res_nmkquery: (QUERY, IN, AAAA)
06-30 18:42:17.916   358 15402 I resolv  : res_nmkquery: (QUERY, IN, A)
06-30 18:42:17.929   358 15402 I resolv  : res_nsend: used send_dg 113 terrno: 0
06-30 18:42:17.929   358 15402 I resolv  : doQuery: rcode=0, ancount=4, return value=113
06-30 18:42:17.943   358 15401 I resolv  : res_nsend: used send_dg 161 terrno: 0
06-30 18:42:17.944   358 15401 I resolv  : doQuery: rcode=0, ancount=4, return value=161
06-30 18:42:17.954   764   855 D EGL_emulation: app_time_stats: avg=320.17ms min=3.35ms max=3089.84ms count=10
06-30 18:42:17.966 15235 15294 D Capacitor: Handling local request: https://localhost/api/computer-use/approvals
06-30 18:42:18.004 15235 15294 D Capacitor: Handling local request: https://localhost/api/catalog/apps
06-30 18:42:18.005 15235 15297 D Capacitor: Handling local request: https://localhost/api/custom-actions
06-30 18:42:18.056 15235 15294 D Capacitor: Handling local request: https://localhost/api/local-inference/hub
06-30 18:42:18.081 15235 15294 D Capacitor: Handling local request: https://localhost/api/local-inference/downloads/stream
06-30 18:42:18.492   764   764 D StatusBarIconController: ignoring old pipeline callback because the new wifi icon is enabled
06-30 18:42:18.517 15235 15294 D Capacitor: Handling local request: https://localhost/api/vision/capture-requests
06-30 18:42:19.143   764   764 D StatusBarIconController: ignoring old pipeline callbacks, because the new mobile icons are enabled
06-30 18:42:19.460   545   631 D ActivityManager: freezing 19662 com.google.android.apps.photos
06-30 18:42:19.461 15235 15294 D Capacitor: Handling local request: https://localhost/api/computer-use/approvals
06-30 18:42:19.462   545   631 D ActivityManager: freezing 19686 com.google.android.documentsui
06-30 18:42:19.703     0     0 I logd    : start watching /data/system/packages.list ...
06-30 18:42:19.705     0     0 I logd    : ReadPackageList, total packages: 200
06-30 18:42:19.821   184 15169 I keystore2: system/security/keystore2/src/watchdog.rs:319 - Watchdog thread idle -> terminating. Have a great day.
06-30 18:42:20.014 15235 15294 D Capacitor: Handling local request: https://localhost/api/vision/capture-requests
06-30 18:42:20.201 15235 15300 D Capacitor: Handling local request: https://localhost/assets/ui-CZHKgNJv.js
06-30 18:42:20.201 15235 15297 D Capacitor: Handling local request: https://localhost/assets/ui-DkEe0Iay.js
06-30 18:42:20.202 15235 15300 D Capacitor: Handling local request: https://localhost/assets/register-74YtUCDk.js
06-30 18:42:20.202 15235 15294 D Capacitor: Handling local request: https://localhost/assets/ui-DketOMCd.js
06-30 18:42:20.225   545   746 D CompatibilityChangeReporter: Compat change id reported: 261072174; UID 10192; state: ENABLED
06-30 18:42:20.755   545   631 D ActivityManager: freezing 15257 com.android.externalstorage
06-30 18:42:20.958 15235 15294 D Capacitor: Handling local request: https://localhost/api/computer-use/approvals
06-30 18:42:21.494   764   764 D StatusBarIconController: ignoring old pipeline callback because the new wifi icon is enabled
06-30 18:42:21.515 15235 15294 D Capacitor: Handling local request: https://localhost/api/vision/capture-requests
06-30 18:42:21.880 15235 15277 D EGL_emulation: app_time_stats: avg=2012.42ms min=10.30ms max=4014.53ms count=2
