06-30 18:42:25.179 15235 15235 V Capacitor: callback: 12870744, pluginId: Preferences, methodName: set, methodData: {"key":"eliza:onboarding-complete","value":"1"}
06-30 18:42:25.180 15235 15235 I Capacitor/Console: File:  - Line 349 - Msg: [object Object]
06-30 18:42:25.183 15235 15235 V Capacitor/Plugin: To native (Capacitor plugin): callbackId: 12870745, pluginId: Preferences, methodName: set
06-30 18:42:25.183 15235 15235 V Capacitor: callback: 12870745, pluginId: Preferences, methodName: set, methodData: {"key":"eliza:mobile-runtime-mode","value":"remote"}
06-30 18:42:25.184 15235 15235 I Capacitor/Console: File:  - Line 349 - Msg: [object Object]
06-30 18:42:25.186 15235 15235 V Capacitor/Plugin: To native (Capacitor plugin): callbackId: 12870746, pluginId: Preferences, methodName: set
06-30 18:42:25.188 15235 15235 V Capacitor: callback: 12870746, pluginId: Preferences, methodName: set, methodData: {"key":"eliza:native-runtime-mode","value":"remote"}
06-30 18:42:25.189 15235 15235 I Capacitor/Console: File:  - Line 349 - Msg: [object Object]
06-30 18:42:25.190 15235 15235 V Capacitor/Plugin: To native (Capacitor plugin): callbackId: 12870747, pluginId: Preferences, methodName: set
06-30 18:42:25.191 15235 15235 V Capacitor: callback: 12870747, pluginId: Preferences, methodName: set, methodData: {"key":"elizaos:active-server","value":"{\"id\":\"remote:host\",\"kind\":\"remote\",\"label\":\"Host agent\",\"apiBase\":\"http:\/\/127.0.0.1:31337\"}"}
06-30 18:42:25.192 15235 15235 I Capacitor/Console: File:  - Line 349 - Msg: [object Object]
06-30 18:42:25.193 15235 15235 V Capacitor/Plugin: To native (Capacitor plugin): callbackId: 12870748, pluginId: Preferences, methodName: set
06-30 18:42:25.193 15235 15235 V Capacitor: callback: 12870748, pluginId: Preferences, methodName: set, methodData: {"key":"eliza:first-run-complete","value":"1"}
06-30 18:42:25.194 15235 15235 I Capacitor/Console: File:  - Line 349 - Msg: [object Object]
06-30 18:42:25.195 15235 15235 V Capacitor/Plugin: To native (Capacitor plugin): callbackId: 12870749, pluginId: Preferences, methodName: set
06-30 18:42:25.195 15235 15235 V Capacitor: callback: 12870749, pluginId: Preferences, methodName: set, methodData: {"key":"eliza:mobile-runtime-mode","value":"remote"}
06-30 18:42:25.196 15235 15235 I Capacitor/Console: File:  - Line 349 - Msg: [object Object]
06-30 18:42:25.197 15235 15235 V Capacitor/Plugin: To native (Capacitor plugin): callbackId: 12870750, pluginId: Preferences, methodName: set
06-30 18:42:25.197 15235 15235 V Capacitor: callback: 12870750, pluginId: Preferences, methodName: set, methodData: {"key":"elizaos:active-server","value":"{\"id\":\"remote:host\",\"kind\":\"remote\",\"label\":\"Host agent\",\"apiBase\":\"http:\/\/127.0.0.1:31337\"}"}
06-30 18:42:25.217 15235 15235 I Capacitor/Console: File:  - Line 333 - Msg: undefined
06-30 18:42:25.217 15235 15235 I Capacitor/Console: File:  - Line 333 - Msg: undefined
06-30 18:42:25.217 15235 15235 I Capacitor/Console: File:  - Line 333 - Msg: undefined
06-30 18:42:25.217 15235 15235 I Capacitor/Console: File:  - Line 333 - Msg: undefined
06-30 18:42:25.217 15235 15235 I Capacitor/Console: File:  - Line 333 - Msg: undefined
06-30 18:42:25.218 15235 15235 I Capacitor/Console: File:  - Line 333 - Msg: undefined
06-30 18:42:25.218 15235 15235 I Capacitor/Console: File:  - Line 333 - Msg: undefined
06-30 18:42:25.218 15235 15235 I Capacitor/Console: File:  - Line 333 - Msg: undefined
06-30 18:42:25.277 15235 15297 D Capacitor: Handling local request: https://localhost/api/config
06-30 18:42:25.281 15235 15300 D Capacitor: Handling local request: https://localhost/api/status
06-30 18:42:25.282 15235 15294 D Capacitor: Handling local request: https://localhost/api/apps/favorites
06-30 18:42:25.288 15235 15235 I Capacitor/Console: File:  - Line 349 - Msg: [object Object]
06-30 18:42:25.290 15235 15235 V Capacitor/Plugin: To native (Capacitor plugin): callbackId: 12870751, pluginId: Preferences, methodName: set
06-30 18:42:25.290 15235 15235 V Capacitor: callback: 12870751, pluginId: Preferences, methodName: set, methodData: {"key":"eliza:first-run-complete","value":"1"}
06-30 18:42:25.372 15235 15235 I Capacitor/Console: File:  - Line 333 - Msg: undefined
06-30 18:42:25.399 15235 15294 D Capacitor: Handling local request: https://localhost/api/computer-use/approvals
06-30 18:42:25.405 15235 15235 W Capacitor/Console: File: https://localhost/assets/vendor-crypto-BIGM8b0U.js - Line 5 - Msg: %c Warn font-size: 12px; color: #ffaa00; [persistence] failed to fetch server favorite apps: Unexpected token '<', "<!doctype "... is not valid JSON
06-30 18:42:25.425 15235 15294 D Capacitor: Handling local request: https://localhost/assets/register-CBgbvRH6.js
06-30 18:42:25.434 15235 15297 D Capacitor: Handling local request: https://localhost/assets/register-DISSmywK.js
06-30 18:42:25.591 15235 15294 D Capacitor: Handling local request: https://localhost/assets/register-BC_qxwdj.js
06-30 18:42:25.603 15235 15294 D Capacitor: Handling local request: https://localhost/brand/favicons/favicon-16x16.png
06-30 18:42:25.610 15235 15294 D Capacitor: Handling local request: https://localhost/brand/favicons/favicon-32x32.png
06-30 18:42:25.616 15235 15297 D Capacitor: Handling local request: https://localhost/brand/favicons/favicon.svg
06-30 18:42:25.617 15235 15294 D Capacitor: Handling local request: https://localhost/brand/favicons/favicon.ico
06-30 18:42:25.664 15235 15297 D Capacitor: Handling local request: https://localhost/assets/register-G8oMIBHn.js
06-30 18:42:25.667 15235 15297 D Capacitor: Handling local request: https://localhost/assets/register-4HtmQsZl.js
06-30 18:42:25.933 15235 15294 D Capacitor: Handling local request: https://localhost/assets/register-DsdsloCb.js
06-30 18:42:25.934 15235 15297 D Capacitor: Handling local request: https://localhost/assets/register-C5krzRId.js
06-30 18:42:25.993 15235 15277 D EGL_emulation: app_time_stats: avg=14.14ms min=5.21ms max=32.71ms count=56
06-30 18:42:26.298 15292 15313 I chromium: [INFO:audio_latency.cc(179)] audioHardwareBufferSize = 4360
06-30 18:42:26.335 15235 15314 I AAudio  : AAudioStreamBuilder_openStream() called ----------------------------------------
06-30 18:42:26.336 15235 15314 I AudioStreamBuilder: rate   =  48000, channels  = 2, channelMask = 0x80000003, format   = 5, sharing = SH, dir = OUTPUT
06-30 18:42:26.336 15235 15314 I AudioStreamBuilder: device =      0, sessionId = -1, perfMode = 12, callback: ON with frames = 4360
06-30 18:42:26.336 15235 15314 I AudioStreamBuilder: usage  =      1, contentType = 0, inputPreset = 0, allowedCapturePolicy = 0
06-30 18:42:26.336 15235 15314 I AudioStreamBuilder: privacy sensitive = false, opPackageName = (null), attributionTag = (null)
06-30 18:42:26.341 15235 15314 D ai.elizaos.app: PlayerBase::PlayerBase()
06-30 18:42:26.344 15235 15314 D AudioStreamTrack: open(), request notificationFrames = -8, frameCount = 0
06-30 18:42:26.350 15235 15294 D Capacitor: Handling local request: https://localhost/api/vision/capture-requests
06-30 18:42:26.363   420  3838 W AudioFlinger: createTrack_l(): mismatch between requested flags (00000104) and output flags (00000002)
06-30 18:42:26.363   420  3838 D AudioFlinger: Client defaulted notificationFrames to 960 for frameCount 4360
06-30 18:42:26.369   420  3838 D AF::TrackHandle: OpPlayAudio: track:60 usage:1 not muted
06-30 18:42:26.393 15235 15297 D Capacitor: Handling local request: https://localhost/assets/register-hI48YOE4.js
06-30 18:42:26.395 15235 15294 D Capacitor: Handling local request: https://localhost/assets/register-BhdREi3d.js
06-30 18:42:26.405 15235 15314 D AudioStreamTrack: open() flags changed from 0x00000104 to 0x00000000
06-30 18:42:26.405 15235 15314 D AudioStreamTrack: open() perfMode changed from 12 to 10
06-30 18:42:26.405 15235 15314 D AAudioStream: setState(s#1) from 0 to 2
06-30 18:42:26.427 15235 15314 I AAudio  : AAudioStreamBuilder_openStream() returns 0 = AAUDIO_OK for s#1 ----------------
06-30 18:42:26.444 15235 15314 D AAudio  : AAudioStream_requestStart(s#1) called --------------
06-30 18:42:26.444 15235 15314 D AAudioStream: setState(s#1) from 2 to 3
06-30 18:42:26.456   420   859 D audioserver: FGS Logger Transaction failed
06-30 18:42:26.457   420   859 D audioserver: -129
06-30 18:42:26.464 15235 15364 D AudioStreamLegacy: onAudioDeviceUpdate(deviceId = 2)
06-30 18:42:26.467 15235 15314 D AAudio  : AAudioStream_requestStart(s#1) returned 0 ---------
06-30 18:42:26.492 15235 15780 D AAudioStream: setState(s#1) from 3 to 4
06-30 18:42:26.545   420   513 D AudioFlinger: mixer(0x74a0f0cfc930) throttle end: throttle time(33)
06-30 18:42:26.577   420   513 D AudioFlinger: mixer(0x74a0f0cfc930) throttle end: throttle time(2)
06-30 18:42:26.796 15235 15294 D Capacitor: Handling local request: https://localhost/api/status
06-30 18:42:26.810 15235 15294 D Capacitor: Handling local request: https://localhost/api/computer-use/approvals
06-30 18:42:27.010 15235 15277 D EGL_emulation: app_time_stats: avg=15.94ms min=5.66ms max=56.68ms count=48
06-30 18:42:27.211 15235 15235 W ai.elizaos.app: Accessing hidden method Landroid/view/MotionEvent;->getEventTimeNano()J (unsupported, reflection, allowed)
06-30 18:42:27.209  1251  1251 D TaplEvents: TIS / TouchInteractionService.onInputEvent: MotionEvent { action=ACTION_DOWN, actionButton=0, id[0]=0, x[0]=160.0, y[0]=591.0, toolType[0]=TOOL_TYPE_FINGER, buttonState=0, classification=NONE, metaState=0, flags=0x0, edgeFlags=0x0, pointerCount=1, historySize=0, eventTime=53877425, downTime=53877425, deviceId=-1, source=0x1002, displayId=0, eventId=-155479277 }
06-30 18:42:27.217   545   575 W ProcessStats: Tracking association SourceState{f444fe9 com.google.android.gms/10128 BTop #18330} whose proc state 2 is better than process ProcessState{440372f com.google.android.gms.persistent/10128 pkg=com.google.android.gms} proc state 4 (104 skipped)
06-30 18:42:27.455  1251  1251 D TaplEvents: TIS / TouchInteractionService.onInputEvent: MotionEvent { action=ACTION_UP, actionButton=0, id[0]=0, x[0]=10.0, y[0]=585.0, toolType[0]=TOOL_TYPE_FINGER, buttonState=0, classification=NONE, metaState=0, flags=0x0, edgeFlags=0x0, pointerCount=1, historySize=0, eventTime=53877708, downTime=53877425, deviceId=-1, source=0x1002, displayId=0, eventId=-550377 }
06-30 18:42:27.508   764   764 D StatusBarIconController: ignoring old pipeline callback because the new wifi icon is enabled
06-30 18:42:27.735 15235 15294 D Capacitor: Handling local request: https://localhost/api/vision/capture-requests
06-30 18:42:28.016 15235 15277 D EGL_emulation: app_time_stats: avg=18.06ms min=5.11ms max=192.71ms count=41
06-30 18:42:28.251 16010 16010 W BpBinder: Linking to death on android.gui.ISurfaceComposer but there are no threads (yet?) listening to incoming transactions. See ProcessState::startThreadPool and ProcessState::setThreadPoolMaxThreadCount. Generally you should setup the binder threadpool before other initialization steps.
06-30 18:42:28.251 16010 16010 W ProcessState: Extra binder thread started, but 0 threads requested. Do not use *startThreadPool when zero threads are requested.
06-30 18:42:28.493     0     0 I servicemanager: Could not find android.hardware.graphics.allocator.IAllocator/default in the VINTF manifest.
06-30 18:42:28.268   162   162 I hwservicemanager: getTransport: Cannot find entry android.hardware.graphics.mapper@4.0::IMapper/default in either framework or device VINTF manifest.
06-30 18:42:28.268 16010 16047 I Gralloc4: mapper 4.x is not supported
06-30 18:42:28.274 15235 15294 D Capacitor: Handling local request: https://localhost/api/status
06-30 18:42:28.289  1184  1184 D BoundBrokerSvc: onUnbind: Intent { act=com.google.android.gms.icing.LIGHTWEIGHT_INDEX_SERVICE dat=chimera-action:/... cmp=com.google.android.gms/.chimera.PersistentApiService }
06-30 18:42:28.291 14784 14784 D BoundBrokerSvc: onUnbind: Intent { act=com.google.android.gms.feedback.internal.IFeedbackService dat=chimera-action:/... cmp=com.google.android.gms/.chimera.GmsBoundBrokerService }
06-30 18:42:28.301 15235 15294 D Capacitor: Handling local request: https://localhost/api/computer-use/approvals
06-30 18:42:28.483 15235 15294 D Capacitor: Handling local request: https://localhost/api/apps/runs
