--------- beginning of system
06-30 18:58:27.616   545  5686 I AppsFilter: interaction: PackageSetting{d1fc4b5 ai.elizaos.app/10192} -> PackageSetting{2bdb0d7 com.android.nfc.auto_generated_rro_product__/10024} BLOCKED
06-30 18:58:27.616   545  5686 I AppsFilter: interaction: PackageSetting{d1fc4b5 ai.elizaos.app/10192} -> PackageSetting{1f39c30 com.android.printspooler/10103} BLOCKED
06-30 18:58:27.616   545  5686 I AppsFilter: interaction: PackageSetting{d1fc4b5 ai.elizaos.app/10192} -> PackageSetting{618f4ad com.android.emergency.auto_generated_rro_product__/10041} BLOCKED
06-30 18:58:27.616   545  5686 I AppsFilter: interaction: PackageSetting{d1fc4b5 ai.elizaos.app/10192} -> PackageSetting{dfb13e2 com.google.android.connectivity.resources.goldfish.overlay/10077} BLOCKED
06-30 18:58:27.616   545  5686 I AppsFilter: interaction: PackageSetting{d1fc4b5 ai.elizaos.app/10192} -> PackageSetting{b7050a9 com.android.dreams.basic/10104} BLOCKED
06-30 18:58:27.616   545  5686 I AppsFilter: interaction: PackageSetting{d1fc4b5 ai.elizaos.app/10192} -> PackageSetting{2d13230 com.google.android.networkstack.tethering.emulator/10022} BLOCKED
06-30 18:58:27.617   545  5686 I AppsFilter: interaction: PackageSetting{d1fc4b5 ai.elizaos.app/10192} -> PackageSetting{17d2ea9 com.android.providers.settings.auto_generated_rro_product__/10006} BLOCKED
06-30 18:58:27.617   545  5686 I AppsFilter: interaction: PackageSetting{d1fc4b5 ai.elizaos.app/10192} -> PackageSetting{31c062e com.google.android.as.oss/10122} BLOCKED
06-30 18:58:27.617   545  5686 I AppsFilter: interaction: PackageSetting{d1fc4b5 ai.elizaos.app/10192} -> PackageSetting{737e3cf com.android.traceur.auto_generated_rro_product__/10002} BLOCKED
06-30 18:58:27.617   545  5686 I AppsFilter: interaction: PackageSetting{d1fc4b5 ai.elizaos.app/10192} -> PackageSetting{264d5cf com.google.android.devicelockcontroller/10185} BLOCKED
06-30 18:58:27.617   545  5686 I AppsFilter: interaction: PackageSetting{d1fc4b5 ai.elizaos.app/10192} -> PackageSetting{b2e4b5c com.google.android.dialer/10129} BLOCKED
06-30 18:58:27.617   545  5686 I AppsFilter: interaction: PackageSetting{d1fc4b5 ai.elizaos.app/10192} -> PackageSetting{8e73d3a com.android.internal.emulation.pixel_3/10046} BLOCKED
06-30 18:58:27.617   545  5686 I AppsFilter: interaction: PackageSetting{d1fc4b5 ai.elizaos.app/10192} -> PackageSetting{3f8edeb com.android.internal.emulation.pixel_4/10063} BLOCKED
06-30 18:58:27.617   545  5686 I AppsFilter: interaction: PackageSetting{d1fc4b5 ai.elizaos.app/10192} -> PackageSetting{83d1748 com.android.internal.emulation.pixel_5/10009} BLOCKED
06-30 18:58:27.617   545  5686 I AppsFilter: interaction: PackageSetting{d1fc4b5 ai.elizaos.app/10192} -> PackageSetting{8cb09e1 com.android.internal.emulation.pixel_6/10039} BLOCKED
06-30 18:58:27.617   545  5686 I AppsFilter: interaction: PackageSetting{d1fc4b5 ai.elizaos.app/10192} -> PackageSetting{7bf306 com.android.internal.emulation.pixel_7/10064} BLOCKED
06-30 18:58:27.617   545  5686 I AppsFilter: interaction: PackageSetting{d1fc4b5 ai.elizaos.app/10192} -> PackageSetting{5767dc7 com.android.internal.emulation.pixel_8/10038} BLOCKED
06-30 18:58:27.617   545  5686 I AppsFilter: interaction: PackageSetting{d1fc4b5 ai.elizaos.app/10192} -> PackageSetting{2d44e65 com.google.android.captiveportallogin/10115} BLOCKED
06-30 18:58:27.617   545  5686 I AppsFilter: interaction: PackageSetting{d1fc4b5 ai.elizaos.app/10192} -> PackageSetting{b66573a com.android.musicfx/10088} BLOCKED
06-30 18:58:27.617   545  5686 I AppsFilter: interaction: PackageSetting{d1fc4b5 ai.elizaos.app/10192} -> PackageSetting{a02ffeb com.google.android.apps.docs/10156} BLOCKED
06-30 18:58:27.617   545  5686 I AppsFilter: interaction: PackageSetting{d1fc4b5 ai.elizaos.app/10192} -> PackageSetting{d3c5793 com.google.android.apps.maps/10152} BLOCKED
06-30 18:58:27.617   545  5686 I AppsFilter: interaction: PackageSetting{d1fc4b5 ai.elizaos.app/10192} -> PackageSetting{802c148 com.google.android.modulemetadata/10146} BLOCKED
06-30 18:58:27.617   545  5686 I AppsFilter: interaction: PackageSetting{d1fc4b5 ai.elizaos.app/10192} -> PackageSetting{5c06be1 com.google.android.markup/10134} BLOCKED
06-30 18:58:27.617   545  5686 I AppsFilter: interaction: PackageSetting{d1fc4b5 ai.elizaos.app/10192} -> PackageSetting{3221419 com.android.providers.settings.auto_generated_rro_vendor__/10078} BLOCKED
06-30 18:58:27.617   545  5686 I AppsFilter: interaction: PackageSetting{d1fc4b5 ai.elizaos.app/10192} -> PackageSetting{70fafc7 com.google.android.rkpdapp/10171} BLOCKED
06-30 18:58:27.617   545  5686 I AppsFilter: interaction: PackageSetting{d1fc4b5 ai.elizaos.app/10192} -> PackageSetting{426a9f4 com.google.android.contacts/10154} BLOCKED
06-30 18:58:27.617   545  5686 I AppsFilter: interaction: PackageSetting{d1fc4b5 ai.elizaos.app/10192} -> PackageSetting{513b98c com.android.server.telecom.auto_generated_rro_product__/10033} BLOCKED
06-30 18:58:27.617   545  5686 I AppsFilter: interaction: PackageSetting{d1fc4b5 ai.elizaos.app/10192} -> PackageSetting{a36d8d5 com.google.android.overlay.googleconfig/10058} BLOCKED
06-30 18:58:27.617   545  5686 I AppsFilter: interaction: PackageSetting{d1fc4b5 ai.elizaos.app/10192} -> PackageSetting{92968ea com.android.bips.auto_generated_rro_product__/10035} BLOCKED
06-30 18:58:27.617   545  5686 I AppsFilter: interaction: PackageSetting{d1fc4b5 ai.elizaos.app/10192} -> PackageSetting{e5c9392 com.google.android.apps.customization.pixel/10143} BLOCKED
06-30 18:58:27.617   545  5686 I AppsFilter: interaction: PackageSetting{d1fc4b5 ai.elizaos.app/10192} -> PackageSetting{74d8163 com.google.android.tag/10083} BLOCKED
06-30 18:58:27.617   545  5686 I AppsFilter: interaction: PackageSetting{d1fc4b5 ai.elizaos.app/10192} -> PackageSetting{4992d51 com.google.android.overlay.permissioncontroller/10005} BLOCKED
06-30 18:58:27.617   545  5686 I AppsFilter: interaction: PackageSetting{d1fc4b5 ai.elizaos.app/10192} -> PackageSetting{efe7160 com.google.android.partnersetup/10125} BLOCKED
06-30 18:58:27.617   545  5686 I AppsFilter: interaction: PackageSetting{d1fc4b5 ai.elizaos.app/10192} -> PackageSetting{921b619 com.google.android.apps.wallpaper.nexus/10141} BLOCKED
06-30 18:58:27.617   545  5686 I AppsFilter: interaction: PackageSetting{d1fc4b5 ai.elizaos.app/10192} -> PackageSetting{92c56de com.google.android.apps.nexuslauncher/10168} BLOCKED
06-30 18:58:27.617   545  5686 I AppsFilter: interaction: PackageSetting{d1fc4b5 ai.elizaos.app/10192} -> PackageSetting{80cd0bf com.google.android.nearby.halfsheet/10178} BLOCKED
06-30 18:58:27.617   545  5686 I AppsFilter: interaction: PackageSetting{d1fc4b5 ai.elizaos.app/10192} -> PackageSetting{5da2b42 com.android.theme.font.notoserifsource/10066} BLOCKED
06-30 18:58:27.617   545  5686 I AppsFilter: interaction: PackageSetting{d1fc4b5 ai.elizaos.app/10192} -> PackageSetting{7c9438c com.google.android.safetycenter.resources/10172} BLOCKED
06-30 18:58:27.617   545  5686 I AppsFilter: interaction: PackageSetting{d1fc4b5 ai.elizaos.app/10192} -> PackageSetting{c218890 com.android.internal.display.cutout.emulation.waterfall/10040} BLOCKED
06-30 18:58:27.617   545  5686 I AppsFilter: interaction: PackageSetting{d1fc4b5 ai.elizaos.app/10192} -> PackageSetting{1433589 com.android.internal.systemui.navbar.transparent/10026} BLOCKED
06-30 18:58:27.617   545  5686 I AppsFilter: interaction: PackageSetting{d1fc4b5 ai.elizaos.app/10192} -> PackageSetting{d8e9ad5 com.google.android.connectivity.resources/10177} BLOCKED
06-30 18:58:27.617   545  5686 I AppsFilter: interaction: PackageSetting{d1fc4b5 ai.elizaos.app/10192} -> PackageSetting{95375af com.android.providers.contacts.auto_generated_rro_product__/10019} BLOCKED
06-30 18:58:27.617   545  5686 I AppsFilter: interaction: PackageSetting{d1fc4b5 ai.elizaos.app/10192} -> PackageSetting{ea302ea com.google.android.feedback/10162} BLOCKED
06-30 18:58:27.617   545  5686 I AppsFilter: interaction: PackageSetting{d1fc4b5 ai.elizaos.app/10192} -> PackageSetting{147b9db com.google.android.printservice.recommendation/10109} BLOCKED
06-30 18:58:27.617   545  5686 I AppsFilter: interaction: PackageSetting{d1fc4b5 ai.elizaos.app/10192} -> PackageSetting{8d0c78 com.google.android.apps.photos/10139} BLOCKED
06-30 18:58:27.617   545  5686 I AppsFilter: interaction: PackageSetting{d1fc4b5 ai.elizaos.app/10192} -> PackageSetting{94c82f7 com.google.android.calendar/10150} BLOCKED
06-30 18:58:27.617   545  5686 I AppsFilter: interaction: PackageSetting{d1fc4b5 ai.elizaos.app/10192} -> PackageSetting{2ab0f51 com.google.android.documentsui/10098} BLOCKED
06-30 18:58:27.617   545  5686 I AppsFilter: interaction: PackageSetting{d1fc4b5 ai.elizaos.app/10192} -> PackageSetting{7b5d9a8 com.android.systemui.emulation.pixel_3a_xl/10020} BLOCKED
06-30 18:58:27.617   545  5686 I AppsFilter: interaction: PackageSetting{d1fc4b5 ai.elizaos.app/10192} -> PackageSetting{af0cc1 com.android.systemui.emulation.pixel_6_pro/10060} BLOCKED
06-30 18:58:27.617   545  5686 I AppsFilter: interaction: PackageSetting{d1fc4b5 ai.elizaos.app/10192} -> PackageSetting{eb16c66 com.android.systemui.emulation.pixel_7_pro/10054} BLOCKED
06-30 18:58:27.617   545  5686 I AppsFilter: interaction: PackageSetting{d1fc4b5 ai.elizaos.app/10192} -> PackageSetting{d766ba7 com.android.systemui.emulation.pixel_8_pro/10003} BLOCKED
06-30 18:58:27.617   545  5686 I AppsFilter: interaction: PackageSetting{d1fc4b5 ai.elizaos.app/10192} -> PackageSetting{b2663b6 com.google.mainline.telemetry/10151} BLOCKED
06-30 18:58:27.617   545  5686 I AppsFilter: interaction: PackageSetting{d1fc4b5 ai.elizaos.app/10192} -> PackageSetting{3deb3fd com.android.carrierconfig.auto_generated_rro_product__/10067} BLOCKED
06-30 18:58:27.617   545  5686 I AppsFilter: interaction: PackageSetting{d1fc4b5 ai.elizaos.app/10192} -> PackageSetting{67e18b7 com.android.providers.partnerbookmarks/10100} BLOCKED
06-30 18:58:27.617   545  5686 I AppsFilter: interaction: PackageSetting{d1fc4b5 ai.elizaos.app/10192} -> PackageSetting{3c27824 com.android.wallpaper.livepicker/10089} BLOCKED
06-30 18:58:27.617   545  5686 I AppsFilter: interaction: PackageSetting{d1fc4b5 ai.elizaos.app/10192} -> PackageSetting{23035c0 com.android.providers.telephony.auto_generated_rro_product__/10062} BLOCKED
06-30 18:58:27.617   545  5686 I AppsFilter: interaction: PackageSetting{d1fc4b5 ai.elizaos.app/10192} -> PackageSetting{16792f9 com.android.phone.auto_generated_rro_vendor__/10081} BLOCKED
06-30 18:58:27.617   545  5686 I AppsFilter: interaction: PackageSetting{d1fc4b5 ai.elizaos.app/10192} -> PackageSetting{a404f8d com.google.mainline.adservices/10137} BLOCKED
06-30 18:58:27.617   545  5686 I AppsFilter: interaction: PackageSetting{d1fc4b5 ai.elizaos.app/10192} -> PackageSetting{9ad0542 com.android.imsserviceentitlement/10117} BLOCKED
06-30 18:58:27.617   545  5686 I AppsFilter: interaction: PackageSetting{d1fc4b5 ai.elizaos.app/10192} -> PackageSetting{9518953 com.google.android.healthconnect.controller/10187} BLOCKED
06-30 18:58:27.617   545  5686 I AppsFilter: interaction: PackageSetting{d1fc4b5 ai.elizaos.app/10192} -> PackageSetting{565b5 com.android.internal.emulation.pixel_2_xl/10014} BLOCKED
06-30 18:58:27.617   545  5686 I AppsFilter: interaction: PackageSetting{d1fc4b5 ai.elizaos.app/10192} -> PackageSetting{647a44a com.android.internal.emulation.pixel_3_xl/10056} BLOCKED
06-30 18:58:27.617   545  5686 I AppsFilter: interaction: PackageSetting{d1fc4b5 ai.elizaos.app/10192} -> PackageSetting{bcbafbb com.android.internal.emulation.pixel_4_xl/10047} BLOCKED
06-30 18:58:27.617   545  5686 I AppsFilter: interaction: PackageSetting{d1fc4b5 ai.elizaos.app/10192} -> PackageSetting{ae6fcd8 com.android.internal.emulation.pixel_fold/10004} BLOCKED
06-30 18:58:27.617   545  5686 I AppsFilter: interaction: PackageSetting{d1fc4b5 ai.elizaos.app/10192} -> PackageSetting{8c0f290 com.android.bookmarkprovider/10113} BLOCKED
06-30 18:58:27.617   545  5686 I AppsFilter: interaction: PackageSetting{d1fc4b5 ai.elizaos.app/10192} -> PackageSetting{163bb16 com.google.android.overlay.pixelconfigcommon/10011} BLOCKED
06-30 18:58:27.617   545  5686 I AppsFilter: interaction: PackageSetting{d1fc4b5 ai.elizaos.app/10192} -> PackageSetting{37b8c97 com.android.systemui.accessibility.accessibilitymenu.auto_generated_rro_product__/10050} BLOCKED
06-30 18:58:27.617   545  5686 I AppsFilter: interaction: PackageSetting{d1fc4b5 ai.elizaos.app/10192} -> PackageSetting{43b0e84 com.android.systemui.emulation.pixel_3a/10010} BLOCKED
06-30 18:58:27.617   545  5686 I AppsFilter: interaction: PackageSetting{d1fc4b5 ai.elizaos.app/10192} -> PackageSetting{9a9966d com.android.systemui.emulation.pixel_4a/10000} BLOCKED
06-30 18:58:27.617   545  5686 I AppsFilter: interaction: PackageSetting{d1fc4b5 ai.elizaos.app/10192} -> PackageSetting{e5872a2 com.android.systemui.emulation.pixel_6a/10042} BLOCKED
06-30 18:58:27.617   545  5686 I AppsFilter: interaction: PackageSetting{d1fc4b5 ai.elizaos.app/10192} -> PackageSetting{9e25b33 com.android.systemui.emulation.pixel_7a/10017} BLOCKED
06-30 18:58:27.617   545  5686 I AppsFilter: interaction: PackageSetting{d1fc4b5 ai.elizaos.app/10192} -> PackageSetting{f6f5789 com.google.android.settings.intelligence/10118} BLOCKED
06-30 18:58:27.617   545  5686 I AppsFilter: interaction: PackageSetting{d1fc4b5 ai.elizaos.app/10192} -> PackageSetting{d714056 com.google.android.projection.gearhead/10124} BLOCKED
06-30 18:58:27.617   545  5686 I AppsFilter: interaction: PackageSetting{d1fc4b5 ai.elizaos.app/10192} -> PackageSetting{c0a338e com.google.android.uwb.resources/10170} BLOCKED
06-30 18:58:27.617   545  5686 I AppsFilter: interaction: PackageSetting{d1fc4b5 ai.elizaos.app/10192} -> PackageSetting{356c8d7 com.android.cts.ctsshim/10181} BLOCKED
06-30 18:58:27.617   545  5686 I AppsFilter: interaction: PackageSetting{d1fc4b5 ai.elizaos.app/10192} -> PackageSetting{9e167af com.google.android.wifi.resources/10182} BLOCKED
06-30 18:58:27.617   545  5686 I AppsFilter: interaction: PackageSetting{d1fc4b5 ai.elizaos.app/10192} -> PackageSetting{2eaa7bc com.google.android.wifi.dialog/10183} BLOCKED
06-30 18:58:27.617   545  5686 I AppsFilter: interaction: PackageSetting{d1fc4b5 ai.elizaos.app/10192} -> PackageSetting{46ce345 com.google.android.apps.wallpaper/10161} BLOCKED
06-30 18:58:27.617   545  5686 I AppsFilter: interaction: PackageSetting{d1fc4b5 ai.elizaos.app/10192} -> PackageSetting{bf9fa9a com.google.android.odad/10121} BLOCKED
06-30 18:58:27.617   545  5686 I AppsFilter: interaction: PackageSetting{d1fc4b5 ai.elizaos.app/10192} -> PackageSetting{639b3fa com.android.settings.auto_generated_rro_product__/10025} BLOCKED
06-30 18:58:27.618   545  5686 I AppsFilter: interaction: PackageSetting{d1fc4b5 ai.elizaos.app/10192} -> PackageSetting{8c3fdab com.android.internal.systemui.navbar.gestural/10048} BLOCKED
06-30 18:58:27.618   545  5686 I AppsFilter: interaction: PackageSetting{d1fc4b5 ai.elizaos.app/10192} -> PackageSetting{e6cfcb com.google.android.apps.youtube.music/10155} BLOCKED
06-30 18:58:27.618   545  5686 I AppsFilter: interaction: PackageSetting{d1fc4b5 ai.elizaos.app/10192} -> PackageSetting{79883a8 com.android.bluetoothmidiservice/10108} BLOCKED
06-30 18:58:27.618   545  5686 I AppsFilter: interaction: PackageSetting{d1fc4b5 ai.elizaos.app/10192} -> PackageSetting{45f15c6 com.android.storagemanager.auto_generated_rro_product__/10034} BLOCKED
06-30 18:58:27.618   545  5686 I AppsFilter: interaction: PackageSetting{d1fc4b5 ai.elizaos.app/10192} -> PackageSetting{ffd6ec1 com.google.android.cellbroadcastreceiver/10186} BLOCKED
06-30 18:58:27.618   545  5686 I AppsFilter: interaction: PackageSetting{d1fc4b5 ai.elizaos.app/10192} -> PackageSetting{54120b4 com.android.phone.auto_generated_rro_product__/10061} BLOCKED
06-30 18:58:27.618   545  5686 I AppsFilter: interaction: PackageSetting{d1fc4b5 ai.elizaos.app/10192} -> PackageSetting{3e9f4dd android.auto_generated_rro_product__/10069} BLOCKED
06-30 18:58:27.618   545  5686 I AppsFilter: interaction: PackageSetting{d1fc4b5 ai.elizaos.app/10192} -> PackageSetting{326c852 com.android.internal.systemui.navbar.gestural_narrow_back/10052} BLOCKED
06-30 18:58:27.618   545  5686 I AppsFilter: interaction: PackageSetting{d1fc4b5 ai.elizaos.app/10192} -> PackageSetting{ed2666 com.google.android.inputmethod.latin/10145} BLOCKED
06-30 18:58:27.618   545  5686 I AppsFilter: interaction: PackageSetting{d1fc4b5 ai.elizaos.app/10192} -> PackageSetting{b299420 android.auto_generated_rro_vendor__/10076} BLOCKED
06-30 18:58:27.618   545  5686 I AppsFilter: interaction: PackageSetting{d1fc4b5 ai.elizaos.app/10192} -> PackageSetting{f909da7 com.google.android.apps.restore/10120} BLOCKED
--------- beginning of main
06-30 18:58:27.927 16339 16339 W ai.elizaos.app: Accessing hidden method Landroid/os/Trace;->isTagEnabled(J)Z (unsupported, reflection, allowed)
06-30 18:58:27.927 16339 16339 W ai.elizaos.app: Accessing hidden method Landroid/os/Trace;->traceBegin(JLjava/lang/String;)V (unsupported, reflection, allowed)
06-30 18:58:27.927 16339 16339 W ai.elizaos.app: Accessing hidden method Landroid/os/Trace;->traceEnd(J)V (unsupported, reflection, allowed)
06-30 18:58:27.927 16339 16339 W ai.elizaos.app: Accessing hidden method Landroid/os/Trace;->asyncTraceBegin(JLjava/lang/String;I)V (unsupported, reflection, allowed)
06-30 18:58:27.927 16339 16339 W ai.elizaos.app: Accessing hidden method Landroid/os/Trace;->asyncTraceEnd(JLjava/lang/String;I)V (unsupported, reflection, allowed)
06-30 18:58:27.934 16339 16339 I cr_WVCFactoryProvider: Loaded version=113.0.5672.136 minSdkVersion=29 isBundle=false multiprocess=true packageId=2
06-30 18:58:27.960 16339 16374 I cr_VariationsUtils: Failed reading seed file "/data/user/0/ai.elizaos.app/app_webview/variations_seed_new"
06-30 18:58:27.960 16339 16374 I cr_VariationsUtils: Failed reading seed file "/data/user/0/ai.elizaos.app/app_webview/variations_seed"
06-30 18:58:27.961 16339 16374 I cr_VariationsUtils: Requesting new seed from IVariationsSeedServer
06-30 18:58:27.967 16339 16339 I cr_LibraryLoader: Successfully loaded native library
06-30 18:58:27.968 16339 16339 I cr_CachingUmaRecorder: Flushed 8 samples from 8 histograms.
06-30 18:58:27.982   545  5686 D ActivityManager: sync unfroze 7579 com.google.android.webview:webview_service for 6
06-30 18:58:28.001   545  5686 D CompatibilityChangeReporter: Compat change id reported: 161145287; UID 10192; state: ENABLED
06-30 18:58:28.015   545  5686 D CompatibilityChangeReporter: Compat change id reported: 135634846; UID 99055; state: DISABLED
06-30 18:58:28.015   545   577 D CompatibilityChangeReporter: Compat change id reported: 143937733; UID 10192; state: ENABLED
06-30 18:58:28.025 14784 14784 D BoundBrokerSvc: onBind: Intent { act=com.google.android.gms.safetynet.service.START pkg=com.google.android.gms }
06-30 18:58:28.025 14784 14784 D BoundBrokerSvc: Loading bound service for intent: Intent { act=com.google.android.gms.safetynet.service.START pkg=com.google.android.gms }
06-30 18:58:28.035 16339 16339 D CompatibilityChangeReporter: Compat change id reported: 183155436; UID 10192; state: ENABLED
06-30 18:58:28.057   865   865 D Zygote  : Forked child process 16381
06-30 18:58:28.062   545   577 I ActivityManager: Start proc 16381:com.google.android.webview:sandboxed_process0:org.chromium.content.app.SandboxedProcessService0:0/u0i55 for  {ai.elizaos.app/org.chromium.content.app.SandboxedProcessService0:0}
06-30 18:58:28.087 16381 16381 I ocessService0:0: Using CollectorTypeCC GC.
06-30 18:58:28.095 16381 16381 W ocessService0:0: Unexpected CPU variant for x86: x86_64.
06-30 18:58:28.095 16381 16381 W ocessService0:0: Known variants: atom, sandybridge, silvermont, goldmont, goldmont-plus, tremont, kabylake, default
06-30 18:58:28.108 16381 16381 E ocessService0:0: Not starting debugger since process cannot load the jdwp agent.
06-30 18:58:28.148 16381 16381 D CompatibilityChangeReporter: Compat change id reported: 171979766; UID 99055; state: ENABLED
06-30 18:58:28.148 16381 16381 D CompatibilityChangeReporter: Compat change id reported: 242716250; UID 99055; state: ENABLED
06-30 18:58:28.157 16381 16381 I LoadedApk: No resource references to update in package com.google.android.trichromelibrary
06-30 18:58:28.160 16381 16381 I cr_WebViewApkApp: Launched version=113.0.5672.136 minSdkVersion=29 isBundle=false processName=com.google.android.webview:sandboxed_process0:org.chromium.content.app.SandboxedProcessService0:0
06-30 18:58:28.161   545  1087 I ActivityManager: Flag disabled. Ignoring finishAttachApplication from uid: 99055. pid: 16381
06-30 18:58:28.163 16381 16381 W SystemServiceRegistry: No service published for: virtualdevice
06-30 18:58:28.164 16381 16381 I cr_ChildProcessService: Creating new ChildProcessService pid=16381
06-30 18:58:28.225   545  1619 E TaskPersister: File error accessing recents directory (directory doesn't exist?).
06-30 18:58:28.232 16339 16339 D CompatibilityChangeReporter: Compat change id reported: 214741472; UID 10192; state: ENABLED
06-30 18:58:28.266 16339 16339 W ai.elizaos.app: Accessing hidden method Landroid/view/ViewGroup;->makeOptionalFitsSystemWindows()V (unsupported, reflection, allowed)
06-30 18:58:28.292 16339 16339 D CompatibilityChangeReporter: Compat change id reported: 171228096; UID 10192; state: ENABLED
06-30 18:58:28.314   545  5686 D ConnectivityService: requestNetwork for uid/pid:10192/16339 activeRequest: null callbackRequest: 800 [NetworkRequest [ REQUEST id=801, [ Capabilities: INTERNET&NOT_RESTRICTED&TRUSTED&NOT_VCN_MANAGED Uid: 10192 RequestorUid: 10192 RequestorPkg: ai.elizaos.app UnderlyingNetworks: Null] ]] callback flags: 0 order: 2147483647
06-30 18:58:28.317   545   683 D WifiNetworkFactory: got request NetworkRequest [ REQUEST id=801, [ Capabilities: INTERNET&NOT_RESTRICTED&TRUSTED&NOT_VCN_MANAGED Uid: 10192 RequestorUid: 10192 RequestorPkg: ai.elizaos.app UnderlyingNetworks: Null] ]
06-30 18:58:28.317   545   690 D ConnectivityService: NetReassign [801 : null → 101] [c 1] [a 1] [i 1]
06-30 18:58:28.318   545   683 D UntrustedWifiNetworkFactory: got request NetworkRequest [ REQUEST id=801, [ Capabilities: INTERNET&NOT_RESTRICTED&TRUSTED&NOT_VCN_MANAGED Uid: 10192 RequestorUid: 10192 RequestorPkg: ai.elizaos.app UnderlyingNetworks: Null] ]
06-30 18:58:28.319   545   683 D OemPaidWifiNetworkFactory: got request NetworkRequest [ REQUEST id=801, [ Capabilities: INTERNET&NOT_RESTRICTED&TRUSTED&NOT_VCN_MANAGED Uid: 10192 RequestorUid: 10192 RequestorPkg: ai.elizaos.app UnderlyingNetworks: Null] ]
06-30 18:58:28.319   545   690 D ConnectivityService: NetReassign [no changes] [c 0] [a 1] [i 0]
06-30 18:58:28.319   545   683 D MultiInternetWifiNetworkFactory: got request NetworkRequest [ REQUEST id=801, [ Capabilities: INTERNET&NOT_RESTRICTED&TRUSTED&NOT_VCN_MANAGED Uid: 10192 RequestorUid: 10192 RequestorPkg: ai.elizaos.app UnderlyingNetworks: Null] ]
06-30 18:58:28.349 16339 16339 D AutofillManager: Fill dialog is enabled:false, hints=[password, passwordAuto, creditCardNumber, creditCardSecurityCode, creditCardExpirationDate]
06-30 18:58:28.389 16339 16339 D Capacitor: Starting BridgeActivity
06-30 18:58:28.425 16339 16339 D Capacitor: Registering plugin instance: CapacitorCookies
06-30 18:58:28.431 16339 16339 D Capacitor: Registering plugin instance: WebView
06-30 18:58:28.434 16339 16339 D Capacitor: Registering plugin instance: CapacitorHttp
06-30 18:58:28.436 16339 16339 D Capacitor: Registering plugin instance: SystemBars
06-30 18:58:28.440 16339 16339 D Capacitor: Registering plugin instance: App
06-30 18:58:28.442 16339 16339 D Capacitor: Registering plugin instance: Browser
06-30 18:58:28.446 16339 16339 D Capacitor: Registering plugin instance: Device
06-30 18:58:28.448 16339 16339 D Capacitor: Registering plugin instance: Haptics
06-30 18:58:28.452 16339 16339 D Capacitor: Registering plugin instance: Keyboard
06-30 18:58:28.453 16339 16339 D Capacitor: Registering plugin instance: LocalNotifications
06-30 18:58:28.461 16339 16339 D Capacitor: Registering plugin instance: Network
06-30 18:58:28.463 16339 16339 D Capacitor: Registering plugin instance: Preferences
06-30 18:58:28.467 16339 16339 D Capacitor: Registering plugin instance: PushNotifications
06-30 18:58:28.469 16339 16339 D Capacitor: Registering plugin instance: StatusBar
06-30 18:58:28.476 16339 16339 V Capacitor/StatusBarPlugin: Notifying listeners for event statusBarOverlayChanged
06-30 18:58:28.476 16339 16339 D Capacitor/StatusBarPlugin: No listeners found for event statusBarOverlayChanged
06-30 18:58:28.476 16339 16339 V Capacitor/StatusBarPlugin: Notifying listeners for event statusBarOverlayChanged
06-30 18:58:28.477 16339 16339 D Capacitor/StatusBarPlugin: No listeners found for event statusBarOverlayChanged
06-30 18:58:28.477 16339 16339 D Capacitor: Registering plugin instance: ElizaCamera
06-30 18:58:28.482 16339 16339 D Capacitor: Registering plugin instance: ElizaCanvas
06-30 18:58:28.484 16339 16339 D Capacitor: Registering plugin instance: Gateway
06-30 18:58:28.485 16339 16339 D Capacitor: Registering plugin instance: ElizaLocation
06-30 18:58:28.498 16339 16339 D Capacitor: Registering plugin instance: Swabble
06-30 18:58:28.499 16339 16339 D Capacitor: Registering plugin instance: TalkMode
06-30 18:58:28.530 16339 16339 I TextToSpeech: Sucessfully bound to com.google.android.tts
06-30 18:58:28.530   545  5686 D TextToSpeechManagerPerUserService: Trying to start connection to TTS engine: com.google.android.tts
06-30 18:58:28.536  2749  2749 I GoogleTtsServicePeer: Creating Google TTS service, version googletts.google-speech-apk_20230123.02_p3.506463867
06-30 18:58:28.552   545   545 D TextToSpeechManagerPerUserService: Connected successfully to TTS engine: com.google.android.tts
06-30 18:58:28.553 16339 16360 I TextToSpeech: Connected to TTS engine
06-30 18:58:28.559  2749  3160 W RankedDispatcher: The requested voice is not available for this app identifier
06-30 18:58:28.560  2749  3160 I GoogleTTSServiceImpl: currentLocale = en-US
06-30 18:58:28.560  2749  3160 W RankedDispatcher: The requested voice is not available for this app identifier
06-30 18:58:28.560  2749  3160 I GoogleTTSServiceImpl: For default lang en-us is name en-US-language (en-us-x-iog-server)
06-30 18:58:28.561 16339 16421 I TextToSpeech: Setting up the connection to TTS engine...
06-30 18:58:28.590 16339 16339 W Capacitor: Unable to read file at path public/plugins
06-30 18:58:28.603 16339 16339 D Capacitor: Loading app at https://localhost
06-30 18:58:28.619 16339 16399 W cr_media: BLUETOOTH_CONNECT permission is missing.
06-30 18:58:28.619 16339 16399 W cr_media: registerBluetoothIntentsIfNeeded: Requires BLUETOOTH permission
06-30 18:58:28.628 16381 16401 I cr_LibraryLoader: Successfully loaded native library
06-30 18:58:28.629 16381 16401 I cr_CachingUmaRecorder: Flushed 2 samples from 2 histograms.
06-30 18:58:28.635 16381 16401 W SystemServiceRegistry: No service published for: uimode
06-30 18:58:28.694 16339 16339 D Capacitor: App started
06-30 18:58:28.695 16339 16339 W WindowOnBackDispatcher: OnBackInvokedCallback is not enabled for the application.
06-30 18:58:28.695 16339 16339 W WindowOnBackDispatcher: Set 'android:enableOnBackInvokedCallback="true"' in the application manifest.
06-30 18:58:28.701  1184  2777 I FontLog : Received query name=Google Sans&weight=700&besteffort=false, URI content://com.google.android.gms.fonts [CONTEXT service_id=132 ]
06-30 18:58:28.701  1184  2777 I FontLog : Query [name=Google Sans&weight=700&besteffort=false] resolved to {Google Sans, wdth 100.0, wght 700, ital 0.0, bestEffort false} [CONTEXT service_id=132 ]
06-30 18:58:28.710  1184  2777 I FontLog : Fetch {Google Sans, wdth 100.0, wght 700, ital 0.0, bestEffort false} end status Status{statusCode=SUCCESS, resolution=null} [CONTEXT service_id=132 ]
06-30 18:58:28.721  1184  2777 I FontLog : Pulling font file for id = 285, cache size = 4 [CONTEXT service_id=132 ]
06-30 18:58:28.727  1184  2777 I FontLog : Received query name=Noto Color Emoji Compat&weight=400&besteffort=false, URI content://com.google.android.gms.fonts [CONTEXT service_id=132 ]
06-30 18:58:28.728  1184  2777 I FontLog : Query [name=Noto Color Emoji Compat&weight=400&besteffort=false] resolved to {Noto Color Emoji Compat, wdth 100.0, wght 400, ital 0.0, bestEffort false} [CONTEXT service_id=132 ]
06-30 18:58:28.730  1184  2777 I FontLog : Fetch {Noto Color Emoji Compat, wdth 100.0, wght 400, ital 0.0, bestEffort false} end status Status{statusCode=SUCCESS, resolution=null} [CONTEXT service_id=132 ]
06-30 18:58:28.733 16339 16339 D CompatibilityChangeReporter: Compat change id reported: 210923482; UID 10192; state: ENABLED
06-30 18:58:28.735  1184  2777 I FontLog : Pulling font file for id = 286, cache size = 4 [CONTEXT service_id=132 ]
06-30 18:58:28.737 16339 16339 D Capacitor/AppPlugin: Firing change: true
06-30 18:58:28.738 16339 16339 V Capacitor/AppPlugin: Notifying listeners for event appStateChange
06-30 18:58:28.738 16339 16339 D Capacitor/AppPlugin: No listeners found for event appStateChange
06-30 18:58:28.738  1184  2777 I FontLog : Received query name=Google Sans&weight=400&besteffort=false, URI content://com.google.android.gms.fonts [CONTEXT service_id=132 ]
06-30 18:58:28.738  1184  2777 I FontLog : Query [name=Google Sans&weight=400&besteffort=false] resolved to {Google Sans, wdth 100.0, wght 400, ital 0.0, bestEffort false} [CONTEXT service_id=132 ]
06-30 18:58:28.738  1184  2777 I FontLog : Font PFD returned from cache for {Google Sans, wdth 100.0, wght 400, ital 0.0, bestEffort false} [CONTEXT service_id=132 ]
06-30 18:58:28.738  1184  2777 I FontLog : Fetch {Google Sans, wdth 100.0, wght 400, ital 0.0, bestEffort false} end status Status{statusCode=SUCCESS, resolution=null} [CONTEXT service_id=132 ]
06-30 18:58:28.741  1184  2777 I FontLog : Pulling font file for id = 287, cache size = 4 [CONTEXT service_id=132 ]
06-30 18:58:28.745   545  5686 D ConnectivityService: requestNetwork for uid/pid:10192/16339 activeRequest: null callbackRequest: 803 [NetworkRequest [ REQUEST id=804, [ Capabilities: INTERNET&NOT_RESTRICTED&TRUSTED&NOT_VCN_MANAGED Uid: 10192 RequestorUid: 10192 RequestorPkg: ai.elizaos.app UnderlyingNetworks: Null] ]] callback flags: 0 order: 2147483647
06-30 18:58:28.745  1184  2777 I FontLog : Received query name=Google Sans&weight=500&besteffort=false, URI content://com.google.android.gms.fonts [CONTEXT service_id=132 ]
06-30 18:58:28.745  1184  2777 I FontLog : Query [name=Google Sans&weight=500&besteffort=false] resolved to {Google Sans, wdth 100.0, wght 500, ital 0.0, bestEffort false} [CONTEXT service_id=132 ]
06-30 18:58:28.745  1184  2777 I FontLog : Font PFD returned from cache for {Google Sans, wdth 100.0, wght 500, ital 0.0, bestEffort false} [CONTEXT service_id=132 ]
06-30 18:58:28.745  1184  2777 I FontLog : Fetch {Google Sans, wdth 100.0, wght 500, ital 0.0, bestEffort false} end status Status{statusCode=SUCCESS, resolution=null} [CONTEXT service_id=132 ]
06-30 18:58:28.746   545   690 D ConnectivityService: NetReassign [804 : null → 101] [c 0] [a 1] [i 0]
06-30 18:58:28.746   545   683 D WifiNetworkFactory: got request NetworkRequest [ REQUEST id=804, [ Capabilities: INTERNET&NOT_RESTRICTED&TRUSTED&NOT_VCN_MANAGED Uid: 10192 RequestorUid: 10192 RequestorPkg: ai.elizaos.app UnderlyingNetworks: Null] ]
06-30 18:58:28.746   545   683 D UntrustedWifiNetworkFactory: got request NetworkRequest [ REQUEST id=804, [ Capabilities: INTERNET&NOT_RESTRICTED&TRUSTED&NOT_VCN_MANAGED Uid: 10192 RequestorUid: 10192 RequestorPkg: ai.elizaos.app UnderlyingNetworks: Null] ]
06-30 18:58:28.746   545   683 D OemPaidWifiNetworkFactory: got request NetworkRequest [ REQUEST id=804, [ Capabilities: INTERNET&NOT_RESTRICTED&TRUSTED&NOT_VCN_MANAGED Uid: 10192 RequestorUid: 10192 RequestorPkg: ai.elizaos.app UnderlyingNetworks: Null] ]
06-30 18:58:28.746   545   683 D MultiInternetWifiNetworkFactory: got request NetworkRequest [ REQUEST id=804, [ Capabilities: INTERNET&NOT_RESTRICTED&TRUSTED&NOT_VCN_MANAGED Uid: 10192 RequestorUid: 10192 RequestorPkg: ai.elizaos.app UnderlyingNetworks: Null] ]
06-30 18:58:28.748 16339 16433 V Capacitor/NetworkPlugin: Notifying listeners for event networkStatusChange
06-30 18:58:28.749 16339 16433 D Capacitor/NetworkPlugin: No listeners found for event networkStatusChange
06-30 18:58:28.752 16339 16339 V Capacitor/BrowserPlugin: Notifying listeners for event browserFinished
06-30 18:58:28.752 16339 16339 D Capacitor/BrowserPlugin: No listeners found for event browserFinished
06-30 18:58:28.753  1184  2777 I FontLog : Pulling font file for id = 288, cache size = 5 [CONTEXT service_id=132 ]
06-30 18:58:28.753 16339 16339 D Capacitor: App resumed
06-30 18:58:28.759 16339 16339 D CompatibilityChangeReporter: Compat change id reported: 237531167; UID 10192; state: DISABLED
06-30 18:58:28.763 16339 16339 W OpenGLRenderer: Unknown dataspace 0
06-30 18:58:28.775 16339 16380 D Capacitor: Handling local request: https://localhost/
06-30 18:58:28.822 16339 16339 I Choreographer: Skipped 80 frames!  The application may be doing too much work on its main thread.
06-30 18:58:28.836 16339 16339 D CompatibilityChangeReporter: Compat change id reported: 193247900; UID 10192; state: ENABLED
06-30 18:58:28.846   545  5686 D CoreBackPreview: Window{9a55e5b u0 ai.elizaos.app/ai.elizaos.app.MainActivity}: Setting back callback OnBackInvokedCallbackInfo{mCallback=android.window.IOnBackInvokedCallback$Stub$Proxy@3d8d20e, mPriority=0, mIsAnimationCallback=false}
06-30 18:58:28.870 16339 16379 D Capacitor: Handling local request: https://localhost/assets/index-Dtqs9oPj.js
06-30 18:58:28.883 16339 16382 D Capacitor: Handling local request: https://localhost/assets/vendor-react-Dh8venqn.js
06-30 18:58:28.884 16339 16398 D Capacitor: Handling local request: https://localhost/assets/vendor-crypto-BIGM8b0U.js
06-30 18:58:28.884 16339 16407 D Capacitor: Handling local request: https://localhost/assets/index-DNh-YHq9.css
06-30 18:58:28.887 16339 16380 D Capacitor: Handling local request: https://localhost/assets/vendor-lucide-BPakN3Wh.js
06-30 18:58:28.891 16339 16364 W OpenGLRenderer: Failed to initialize 101010-2 format, error = EGL_SUCCESS
06-30 18:58:28.923   162   162 I hwservicemanager: getTransport: Cannot find entry android.hardware.graphics.mapper@4.0::IMapper/default in either framework or device VINTF manifest.
06-30 18:58:28.924 16339 16364 I Gralloc4: mapper 4.x is not supported
--------- beginning of kernel
06-30 18:58:29.145     0     0 I servicemanager: Could not find android.hardware.graphics.allocator.IAllocator/default in the VINTF manifest.
06-30 18:58:29.173   764   764 D StatusBarIconController: ignoring old pipeline callbacks, because the new mobile icons are enabled
06-30 18:58:29.186   764   855 D EGL_emulation: app_time_stats: avg=29154.23ms min=29154.23ms max=29154.23ms count=1
06-30 18:58:29.659   545   564 W ziparchive: Unable to open '/data/app/~~CxHLmFoS255YNJRmBI-pkg==/ai.elizaos.app-A1jLQzqpVMs1VNqttJwBvw==/base.dm': No such file or directory
06-30 18:58:29.669 16339 16358 I OpenGLRenderer: Davey! duration=2174ms; Flags=1, FrameTimelineVsyncId=21850088, IntendedVsync=54837729979984, Vsync=54839063313264, InputEventId=0, HandleInputStart=54839077645032, AnimationStart=54839077650723, PerformTraversalsStart=54839086016397, DrawStart=54839230059991, FrameDeadline=54837746646650, FrameInterval=54839076974201, FrameStartTime=16666666, SyncQueued=54839239882288, SyncStart=54839240372587, IssueDrawCommandsStart=54839241948387, SwapBuffers=54839759097694, FrameCompleted=54839904730643, DequeueBufferDuration=4233, QueueBufferDuration=514667, GpuCompleted=54839904652243, SwapBuffersCompleted=54839904730643, DisplayPresentTime=0, CommandSubmissionCompleted=54839759097694,
06-30 18:58:29.672  7579  7607 I cr_VariationsUtils: Throttling seed download job
06-30 18:58:29.673  7579  7607 I cr_VariationsUtils: Writing new seed to app's data directory
06-30 18:58:29.675   545   564 I ActivityTaskManager: Displayed ai.elizaos.app/.MainActivity for user 0: +4s542ms
06-30 18:58:29.710  2749  3160 W RankedDispatcher: The requested voice is not available for this app identifier
06-30 18:58:29.714  2749  3160 I GoogleTTSServiceImpl: currentLocale = en-US
06-30 18:58:29.716  2749  3160 W RankedDispatcher: The requested voice is not available for this app identifier
06-30 18:58:29.716  2749  3160 I GoogleTTSServiceImpl: currentLocale = en-US
06-30 18:58:29.717  2749  3160 W RankedDispatcher: The requested voice is not available for this app identifier
06-30 18:58:29.717  2749  3160 I GoogleTTSServiceImpl: For default lang en-us is name en-US-language (en-us-x-iog-server)
06-30 18:58:29.719  2749  3160 W RankedDispatcher: The requested voice is not available for this app identifier
06-30 18:58:29.719  2749  3160 I GoogleTTSServiceImpl: currentLocale = en-US
06-30 18:58:29.722  2749 16419 I PipelineReaderImpl: Initializing en-us-x-hol-seanet-embedded from disk
06-30 18:58:30.041   764   818 W WindowOnBackDispatcher: sendCancelIfRunning: isInProgress=falsecallback=android.view.ViewRootImpl$$ExternalSyntheticLambda17@f89cfb5
06-30 18:58:30.041   545   609 D CoreBackPreview: Window{dad0924 u0 Splash Screen ai.elizaos.app EXITING}: Setting back callback null
06-30 18:58:30.044   545   609 W InputManager-JNI: Input channel object 'dad0924 Splash Screen ai.elizaos.app (client)' was disposed without first being removed with the input manager!
06-30 18:58:30.056  1251  1838 D OneSearchSuggestProvider: Shut down the binder channel
06-30 18:58:30.067  1251 32167 I IPCThreadState: oneway function results for code 2 on binder at 0x71afdc299670 will be dropped but finished with status UNKNOWN_TRANSACTION
06-30 18:58:30.068  1251  1276 I ImeTracker: com.google.android.apps.nexuslauncher:87c9ca8b: onRequestHide at ORIGIN_CLIENT_HIDE_SOFT_INPUT reason HIDE_SOFT_INPUT
06-30 18:58:30.070   545  1087 I ImeTracker: com.google.android.apps.nexuslauncher:87c9ca8b: onCancelled at PHASE_SERVER_SHOULD_HIDE
06-30 18:58:30.218   764   855 D EGL_emulation: app_time_stats: avg=515.92ms min=309.40ms max=722.45ms count=2
06-30 18:58:30.381 16339 16339 D TalkMode: System TTS initialized
06-30 18:58:30.399   545  5686 D CompatibilityChangeReporter: Compat change id reported: 161252188; UID 10192; state: DISABLED
06-30 18:58:30.399   545  5686 W ActivityTaskManager: callingPackage for (uid=2000, pid=16447) has no WPC
06-30 18:58:30.404 16339 16339 I Choreographer: Skipped 93 frames!  The application may be doing too much work on its main thread.
06-30 18:58:30.407   764   806 V WindowManagerShell: Transition requested: android.os.BinderProxy@6d97d0c TransitionRequestInfo { type = OPEN, triggerTask = TaskInfo{userId=0 taskId=67 displayId=0 isRunning=true baseIntent=Intent { flg=0x10000000 cmp=ai.elizaos.app/.MainActivity } baseActivity=ComponentInfo{ai.elizaos.app/ai.elizaos.app.MainActivity} topActivity=ComponentInfo{ai.elizaos.app/ai.elizaos.app.MainActivity} origActivity=null realActivity=ComponentInfo{ai.elizaos.app/ai.elizaos.app.MainActivity} numActivities=1 lastActiveTime=54835771 supportsMultiWindow=true resizeMode=1 isResizeable=true minWidth=-1 minHeight=-1 defaultMinSize=220 token=WCT{android.window.IWindowContainerToken$Stub$Proxy@1fc1655} topActivityType=1 pictureInPictureParams=null shouldDockBigOverlays=false launchIntoPipHostTaskId=-1 lastParentTaskIdBeforePip=-1 displayCutoutSafeInsets=null topActivityInfo=ActivityInfo{1e1986a ai.elizaos.app.MainActivity} launchCookies=[] positionInParent=Point(0, 0) parentTaskId=-1 isFocused=true isVisible=true isVisibleRequested=true isSleeping=false topActivityInSizeCompat=false topActivityEligibleForLetterboxEducation= false topActivityLetterboxed= false isFromDoubleTap= false topActivityLetterboxVerticalPosition= -1 topActivityLetterboxHorizontalPosition= -1 topActivityLetterboxWidth=-1 topActivityLetterboxHeight=-1 locusId=null displayAreaFeatureId=1 cameraCompatControlState=hidden}, remoteTransition = null, displayChange = null }
06-30 18:58:30.407   545  5686 I ActivityTaskManager: START u0 {flg=0x10000000 cmp=ai.elizaos.app/.MainActivity} with LAUNCH_SINGLE_TASK from uid 2000 (BAL_ALLOW_PERMISSION) result code=3
06-30 18:58:30.410   764   806 D WindowManagerShell: onActivityRestartAttempt: ComponentInfo{ai.elizaos.app/ai.elizaos.app.MainActivity}
06-30 18:58:30.410   764   806 V WindowManagerShell: onTransitionReady android.os.BinderProxy@6d97d0c: {id=264 t=OPEN f=0x0 trk=0 r=[] c=[]}
06-30 18:58:30.411   764   806 V WindowManagerShell: No transition roots in (#264)android.os.BinderProxy@6d97d0c@0 so abort
06-30 18:58:30.411   545   564 V WindowManager: Sent Transition #264 createdAt=06-30 18:58:30.402 via request=TransitionRequestInfo { type = OPEN, triggerTask = TaskInfo{userId=0 taskId=67 displayId=0 isRunning=true baseIntent=Intent { flg=0x10000000 cmp=ai.elizaos.app/.MainActivity } baseActivity=ComponentInfo{ai.elizaos.app/ai.elizaos.app.MainActivity} topActivity=ComponentInfo{ai.elizaos.app/ai.elizaos.app.MainActivity} origActivity=null realActivity=ComponentInfo{ai.elizaos.app/ai.elizaos.app.MainActivity} numActivities=1 lastActiveTime=54835771 supportsMultiWindow=true resizeMode=1 isResizeable=true minWidth=-1 minHeight=-1 defaultMinSize=220 token=WCT{RemoteToken{9ae12a7 Task{c26d260 #67 type=standard A=10192:ai.elizaos.app}}} topActivityType=1 pictureInPictureParams=null shouldDockBigOverlays=false launchIntoPipHostTaskId=-1 lastParentTaskIdBeforePip=-1 displayCutoutSafeInsets=null topActivityInfo=ActivityInfo{cf70354 ai.elizaos.app.MainActivity} launchCookies=[] positionInParent=Point(0, 0) parentTaskId=-1 isFocused=true isVisible=true isVisibleRequested=true isSleeping=false topActivityInSizeCompat=false topActivityEligibleForLetterboxEducation= false topActivityLetterboxed= false isFromDoubleTap= false topActivityLetterboxVerticalPosition= -1 topActivityLetterboxHorizontalPosition= -1 topActivityLetterboxWidth=-1 topActivityLetterboxHeight=-1 locusId=null displayAreaFeatureId=1 cameraCompatControlState=hidden}, remoteTransition = null, displayChange = null }
06-30 18:58:30.411   545   564 V WindowManager:     startWCT=WindowContainerTransaction { changes = {} hops = [] errorCallbackToken=null taskFragmentOrganizer=null }
06-30 18:58:30.411   545   564 V WindowManager:     info={id=264 t=OPEN f=0x0 trk=0 r=[] c=[]}
06-30 18:58:30.411   764   806 V WindowManagerShell: Transition animation finished (aborted=true), notifying core (#264)android.os.BinderProxy@6d97d0c@0
06-30 18:58:30.412   545   564 V WindowManager: Finish Transition #264: created at 06-30 18:58:30.402 collect-started=0.057ms request-sent=4.13ms started=5.619ms ready=5.593ms sent=8.423ms finished=10.033ms
06-30 18:58:30.412   764   806 V WindowManagerShell: Track 0 became idle
06-30 18:58:30.412   764   806 V WindowManagerShell: All active transition animations finished
06-30 18:58:30.471   545   609 D CompatibilityChangeReporter: Compat change id reported: 214016041; UID 10192; state: ENABLED
06-30 18:58:30.471   545   609 I ImeTracker: ai.elizaos.app:3eefcb4b: onRequestHide at ORIGIN_SERVER_HIDE_INPUT reason HIDE_UNSPECIFIED_WINDOW
06-30 18:58:30.471   545   609 I ImeTracker: ai.elizaos.app:3eefcb4b: onCancelled at PHASE_SERVER_SHOULD_HIDE
06-30 18:58:30.478 16339 16358 I OpenGLRenderer: Davey! duration=1633ms; Flags=0, FrameTimelineVsyncId=21850118, IntendedVsync=54839096646596, Vsync=54840646646534, InputEventId=0, HandleInputStart=54840658676913, AnimationStart=54840658682720, PerformTraversalsStart=54840662814141, DrawStart=54840669622247, FrameDeadline=54839929979896, FrameInterval=54840658170958, FrameStartTime=16666666, SyncQueued=54840672330771, SyncStart=54840672403319, IssueDrawCommandsStart=54840672583250, SwapBuffers=54840674569386, FrameCompleted=54840730142821, DequeueBufferDuration=5754, QueueBufferDuration=564036, GpuCompleted=54840730142821, SwapBuffersCompleted=54840722745827, DisplayPresentTime=0, CommandSubmissionCompleted=54840674569386,
06-30 18:58:30.479  1438  1438 I GoogleInputMethodService: GoogleInputMethodService.onFinishInput():3227
06-30 18:58:30.481  1438  1438 I GoogleInputMethodService: GoogleInputMethodService.updateDeviceLockedStatus():2087 repeatCheckTimes = 0, unlocked = true
06-30 18:58:30.482  1438  1438 I GoogleInputMethodService: GoogleInputMethodService.onStartInput():1877 onStartInput(EditorInfo{inputType=0x0(NULL) imeOptions=0x0 privateImeOptions=null actionName=UNSPECIFIED actionLabel=null actionId=0 initialSelStart=-1 initialSelEnd=-1 initialCapsMode=0x0 hintText=null label=null packageName=ai.elizaos.app fieldId=2131296482 fieldName=null extras=null}, false)
06-30 18:58:30.482  1438  1438 I GoogleInputMethodService: GoogleInputMethodService.shouldHideHeaderOnInitialState():4008 ShouldHideHeaderOnInitialState = false
06-30 18:58:30.482  1438  1438 I GoogleInputMethodService: GoogleInputMethodService.updateDeviceLockedStatus():2087 repeatCheckTimes = 2, unlocked = true
06-30 18:58:30.484  1184  3065 I FontLog : Received query Noto Color Emoji Compat, URI content://com.google.android.gms.fonts [CONTEXT service_id=132 ]
06-30 18:58:30.484  1184  3065 I FontLog : Query [emojicompat-emoji-font] resolved to {Noto Color Emoji Compat, wdth 100.0, wght 400, ital 0.0, bestEffort false} [CONTEXT service_id=132 ]
06-30 18:58:30.485  1184  3065 I FontLog : Fetch {Noto Color Emoji Compat, wdth 100.0, wght 400, ital 0.0, bestEffort false} end status Status{statusCode=SUCCESS, resolution=null} [CONTEXT service_id=132 ]
06-30 18:58:30.489  1184  2777 I FontLog : Pulling font file for id = 289, cache size = 5 [CONTEXT service_id=132 ]
06-30 18:58:30.500  1184  2777 I FontLog : Pulling font file for id = 289, cache size = 5 [CONTEXT service_id=132 ]
06-30 18:58:30.502 16339 16339 V Capacitor/AppPlugin: Notifying listeners for event pause
06-30 18:58:30.502 16339 16339 D Capacitor/AppPlugin: No listeners found for event pause
06-30 18:58:30.505 16339 16339 D Capacitor: App paused
06-30 18:58:30.506 16339 16339 D Capacitor/AppPlugin: Firing change: true
06-30 18:58:30.506 16339 16339 V Capacitor/AppPlugin: Notifying listeners for event appStateChange
06-30 18:58:30.506 16339 16339 D Capacitor/AppPlugin: No listeners found for event appStateChange
06-30 18:58:30.506 16339 16339 V Capacitor/AppPlugin: Notifying listeners for event resume
06-30 18:58:30.506 16339 16339 D Capacitor/AppPlugin: No listeners found for event resume
06-30 18:58:30.507   545  5686 D ConnectivityService: requestNetwork for uid/pid:10192/16339 activeRequest: null callbackRequest: 805 [NetworkRequest [ REQUEST id=806, [ Capabilities: INTERNET&NOT_RESTRICTED&TRUSTED&NOT_VCN_MANAGED Uid: 10192 RequestorUid: 10192 RequestorPkg: ai.elizaos.app UnderlyingNetworks: Null] ]] callback flags: 0 order: 2147483647
06-30 18:58:30.511   545   683 D WifiNetworkFactory: got request NetworkRequest [ REQUEST id=806, [ Capabilities: INTERNET&NOT_RESTRICTED&TRUSTED&NOT_VCN_MANAGED Uid: 10192 RequestorUid: 10192 RequestorPkg: ai.elizaos.app UnderlyingNetworks: Null] ]
06-30 18:58:30.512   545   683 D UntrustedWifiNetworkFactory: got request NetworkRequest [ REQUEST id=806, [ Capabilities: INTERNET&NOT_RESTRICTED&TRUSTED&NOT_VCN_MANAGED Uid: 10192 RequestorUid: 10192 RequestorPkg: ai.elizaos.app UnderlyingNetworks: Null] ]
06-30 18:58:30.513 16339 16339 D Capacitor: App resumed
06-30 18:58:30.515   545   683 D OemPaidWifiNetworkFactory: got request NetworkRequest [ REQUEST id=806, [ Capabilities: INTERNET&NOT_RESTRICTED&TRUSTED&NOT_VCN_MANAGED Uid: 10192 RequestorUid: 10192 RequestorPkg: ai.elizaos.app UnderlyingNetworks: Null] ]
06-30 18:58:30.516   545   683 D MultiInternetWifiNetworkFactory: got request NetworkRequest [ REQUEST id=806, [ Capabilities: INTERNET&NOT_RESTRICTED&TRUSTED&NOT_VCN_MANAGED Uid: 10192 RequestorUid: 10192 RequestorPkg: ai.elizaos.app UnderlyingNetworks: Null] ]
06-30 18:58:30.516   545   690 D ConnectivityService: NetReassign [806 : null → 101] [c 1] [a 1] [i 6]
06-30 18:58:30.518 16339 16433 V Capacitor/NetworkPlugin: Notifying listeners for event networkStatusChange
06-30 18:58:30.518 16339 16433 D Capacitor/NetworkPlugin: No listeners found for event networkStatusChange
06-30 18:58:30.932  2749 16419 E tflite  : third_party/tensorflow/lite/core/subgraph.cc:903 tensor.data.raw != nullptr was not true.
06-30 18:58:31.124 16339 16379 D Capacitor: Handling local request: https://localhost/eliza-renderer-build.json
06-30 18:58:31.137 16339 16380 D Capacitor: Handling local request: https://localhost/assets/browser-BtT5BIzx.js
06-30 18:58:31.141 16339 16382 D Capacitor: Handling local request: https://localhost/assets/index-sOCUT5z4.js
06-30 18:58:31.146 16339 16398 D Capacitor: Handling local request: https://localhost/assets/eliza-cloud-model-route-DDEJ0LV1.js
06-30 18:58:31.147 16339 16379 D Capacitor: Handling local request: https://localhost/assets/DiffReviewPanel-CLBdPXJs.js
06-30 18:58:31.147 16339 16408 D Capacitor: Handling local request: https://localhost/assets/EmbeddedAppViewer-DS6qzrdq.js
06-30 18:58:31.149 16339 16407 D Capacitor: Handling local request: https://localhost/assets/task-widget-DL_GfPjH.js
06-30 18:58:31.151 16339 16380 D Capacitor: Handling local request: https://localhost/assets/useChatSidebarVisibility-Cy00GSfz.js
06-30 18:58:31.156 16339 16380 D Capacitor: Handling local request: https://localhost/assets/RelationshipsView-YjZ7xIwk.js
06-30 18:58:31.158 16339 16379 D Capacitor: Handling local request: https://localhost/assets/TerminalPluginView-Bt7omul4.js
06-30 18:58:31.161 16339 16379 D Capacitor: Handling local request: https://localhost/assets/RuntimeView-YXsFqmaY.js
06-30 18:58:31.163 16339 16379 D Capacitor: Handling local request: https://localhost/assets/TasksPageView-D1YIcQFu.js
