06-30 17:46:35.615 31359 31359 V Capacitor/Plugin: To native (Capacitor plugin): callbackId: 90972875, pluginId: Preferences, methodName: get
06-30 17:46:35.615 31359 31359 V Capacitor: callback: 90972875, pluginId: Preferences, methodName: get, methodData: {"key":"eliza:ios-local-agent:conversations:v1"}
06-30 17:46:35.615 31359 31359 I Capacitor/Console: File:  - Line 349 - Msg: [object Object]
06-30 17:46:35.616 31359 31359 V Capacitor/Plugin: To native (Capacitor plugin): callbackId: 90972876, pluginId: Preferences, methodName: get
06-30 17:46:35.616 31359 31359 V Capacitor: callback: 90972876, pluginId: Preferences, methodName: get, methodData: {"key":"eliza:ios-local-agent:active-model:v1"}
06-30 17:46:35.616 31359 31359 I Capacitor/Console: File:  - Line 349 - Msg: [object Object]
06-30 17:46:35.616 31359 31359 V Capacitor/Plugin: To native (Capacitor plugin): callbackId: 90972877, pluginId: Preferences, methodName: get
06-30 17:46:35.616 31359 31359 V Capacitor: callback: 90972877, pluginId: Preferences, methodName: get, methodData: {"key":"eliza:ios-local-agent:assignments:v1"}
06-30 17:46:35.617 31359 31359 I Capacitor/Console: File:  - Line 349 - Msg: [object Object]
06-30 17:46:35.617 31359 31359 V Capacitor/Plugin: To native (Capacitor plugin): callbackId: 90972878, pluginId: Preferences, methodName: get
06-30 17:46:35.617 31359 31359 V Capacitor: callback: 90972878, pluginId: Preferences, methodName: get, methodData: {"key":"eliza:ios-local-agent:browser-workspace:v1"}
06-30 17:46:35.618 31359 31359 I Capacitor/Console: File:  - Line 349 - Msg: [object Object]
06-30 17:46:35.619 31359 31359 V Capacitor/Plugin: To native (Capacitor plugin): callbackId: 90972879, pluginId: Preferences, methodName: get
06-30 17:46:35.619 31359 31359 V Capacitor: callback: 90972879, pluginId: Preferences, methodName: get, methodData: {"key":"eliza:ios-local-agent:wallet-market-overview:v1"}
06-30 17:46:35.619 31359 31359 I Capacitor/Console: File:  - Line 349 - Msg: [object Object]
06-30 17:46:35.620 31359 31359 V Capacitor/Plugin: To native (Capacitor plugin): callbackId: 90972880, pluginId: Preferences, methodName: get
06-30 17:46:35.620 31359 31359 V Capacitor: callback: 90972880, pluginId: Preferences, methodName: get, methodData: {"key":"eliza:ios-local-agent:eliza-1-bundles:v1"}
06-30 17:46:35.621 31359 31359 I Capacitor/Console: File:  - Line 349 - Msg: [object Object]
06-30 17:46:35.622 31359 31359 V Capacitor/Plugin: To native (Capacitor plugin): callbackId: 90972881, pluginId: Preferences, methodName: get
06-30 17:46:35.622 31359 31359 V Capacitor: callback: 90972881, pluginId: Preferences, methodName: get, methodData: {"key":"eliza:ios-full-bun-smoke:request"}
06-30 17:46:35.623 31359 31359 I Capacitor/Console: File:  - Line 349 - Msg: [object Object]
06-30 17:46:35.623 31359 31359 V Capacitor/Plugin: To native (Capacitor plugin): callbackId: 90972882, pluginId: Preferences, methodName: get
06-30 17:46:35.623 31359 31359 V Capacitor: callback: 90972882, pluginId: Preferences, methodName: get, methodData: {"key":"eliza:ios-full-bun-smoke:result"}
06-30 17:46:35.624 31359 31359 I Capacitor/Console: File:  - Line 349 - Msg: [object Object]
06-30 17:46:35.625 31359 31359 V Capacitor/Plugin: To native (Capacitor plugin): callbackId: 90972883, pluginId: Preferences, methodName: get
06-30 17:46:35.625 31359 31359 V Capacitor: callback: 90972883, pluginId: Preferences, methodName: get, methodData: {"key":"eliza:ios-onboarding-smoke:request"}
06-30 17:46:35.626 31359 31359 I Capacitor/Console: File:  - Line 349 - Msg: [object Object]
06-30 17:46:35.627 31359 31359 V Capacitor/Plugin: To native (Capacitor plugin): callbackId: 90972884, pluginId: Preferences, methodName: get
06-30 17:46:35.627 31359 31359 V Capacitor: callback: 90972884, pluginId: Preferences, methodName: get, methodData: {"key":"eliza:ios-onboarding-smoke:result"}
06-30 17:46:35.637 31359 31359 I Capacitor/Console: File:  - Line 333 - Msg: {"value":null}
06-30 17:46:35.638 31359 31359 I Capacitor/Console: File:  - Line 333 - Msg: {"value":null}
06-30 17:46:35.638 31359 31359 I Capacitor/Console: File:  - Line 333 - Msg: {"value":null}
06-30 17:46:35.639 31359 31359 I Capacitor/Console: File:  - Line 333 - Msg: {"value":"{\"id\":\"remote:host\",\"kind\":\"remote\",\"label\":\"Host agent\",\"apiBase\":\"http://127.0.0.1:31337\"}"}
06-30 17:46:35.639 31359 31359 I Capacitor/Console: File:  - Line 333 - Msg: {"value":"1"}
06-30 17:46:35.640 31359 31359 I Capacitor/Console: File:  - Line 333 - Msg: {"value":null}
06-30 17:46:35.640 31359 31359 I Capacitor/Console: File:  - Line 333 - Msg: {"value":"remote"}
06-30 17:46:35.640 31359 31359 I Capacitor/Console: File:  - Line 333 - Msg: {"value":null}
06-30 17:46:35.641 31359 31359 I Capacitor/Console: File:  - Line 333 - Msg: {"value":null}
06-30 17:46:35.641 31359 31359 I Capacitor/Console: File:  - Line 333 - Msg: {"value":null}
06-30 17:46:35.642 31359 31359 I Capacitor/Console: File:  - Line 333 - Msg: {"value":null}
06-30 17:46:35.642 31359 31359 I Capacitor/Console: File:  - Line 333 - Msg: {"value":null}
06-30 17:46:35.658 31359 31396 D Capacitor: Handling local request: https://localhost/assets/index-MSPkt2mZ.js
06-30 17:46:35.660 31359 31359 I Capacitor/Console: File:  - Line 333 - Msg: {"value":null}
06-30 17:46:35.661 31359 31359 I Capacitor/Console: File:  - Line 333 - Msg: {"value":null}
06-30 17:46:35.661 31359 31359 I Capacitor/Console: File:  - Line 333 - Msg: {"value":null}
06-30 17:46:35.662 31359 31359 I Capacitor/Console: File:  - Line 333 - Msg: {"value":null}
06-30 17:46:35.662 31359 31359 I Capacitor/Console: File:  - Line 333 - Msg: {"value":null}
06-30 17:46:35.663 31359 31359 I Capacitor/Console: File:  - Line 333 - Msg: {"value":null}
06-30 17:46:35.663 31359 31359 I Capacitor/Console: File:  - Line 349 - Msg: [object Object]
06-30 17:46:35.664 31359 31359 V Capacitor/Plugin: To native (Capacitor plugin): callbackId: 90972885, pluginId: Preferences, methodName: get
06-30 17:46:35.665 31359 31359 V Capacitor: callback: 90972885, pluginId: Preferences, methodName: get, methodData: {"key":"eliza:ios-full-bun-smoke:request"}
06-30 17:46:35.680 31359 31396 D Capacitor: Handling local request: https://localhost/api/apps/favorites
06-30 17:46:35.681 31359 31398 D Capacitor: Handling local request: https://localhost/api/status
06-30 17:46:35.681 31359 31397 D Capacitor: Handling local request: https://localhost/api/config
06-30 17:46:35.688 31359 31359 I Capacitor/Console: File:  - Line 349 - Msg: [object Object]
06-30 17:46:35.689 31359 31359 V Capacitor/Plugin: To native (Capacitor plugin): callbackId: 90972886, pluginId: Preferences, methodName: remove
06-30 17:46:35.689 31359 31359 V Capacitor: callback: 90972886, pluginId: Preferences, methodName: remove, methodData: {"key":"elizaos:active-server"}
06-30 17:46:35.690 31359 31359 I Capacitor/Console: File:  - Line 349 - Msg: [object Object]
06-30 17:46:35.691 31359 31359 V Capacitor/Plugin: To native (Capacitor plugin): callbackId: 90972887, pluginId: Preferences, methodName: remove
06-30 17:46:35.691 31359 31359 V Capacitor: callback: 90972887, pluginId: Preferences, methodName: remove, methodData: {"key":"eliza:first-run-complete"}
06-30 17:46:35.692 31359 31359 I Capacitor/Console: File:  - Line 349 - Msg: [object Object]
06-30 17:46:35.693 31359 31359 V Capacitor/Plugin: To native (Capacitor plugin): callbackId: 90972888, pluginId: Preferences, methodName: remove
06-30 17:46:35.693 31359 31359 V Capacitor: callback: 90972888, pluginId: Preferences, methodName: remove, methodData: {"key":"eliza:first-run-complete"}
06-30 17:46:35.738 31359 31396 D Capacitor: Handling local request: https://localhost/assets/poppins-latin-500-normal-C8OXljZJ.woff2
06-30 17:46:35.738 31359 31397 D Capacitor: Handling local request: https://localhost/assets/poppins-latin-400-normal-cpxAROuN.woff2
06-30 17:46:35.791 31359 31396 D Capacitor: Handling local request: https://localhost/assets/poppins-latin-600-normal-zEkxB9Mr.woff2
06-30 17:46:35.828 31359 31359 I Capacitor/Console: File:  - Line 349 - Msg: [object Object]
06-30 17:46:35.829 31359 31359 V Capacitor/Plugin: To native (Capacitor plugin): callbackId: 90972889, pluginId: TalkMode, methodName: checkPermissions
06-30 17:46:35.830 31359 31359 V Capacitor: callback: 90972889, pluginId: TalkMode, methodName: checkPermissions, methodData: {}
06-30 17:46:35.831 31359 31359 I Capacitor/Console: File:  - Line 349 - Msg: [object Object]
06-30 17:46:35.850 31359 31397 D Capacitor: Handling local request: https://localhost/api/runtime/mode
06-30 17:46:35.850 31359 31398 D Capacitor: Handling local request: https://localhost/api/suggestions
06-30 17:46:35.851 31359 31396 D Capacitor: Handling local request: https://localhost/api/local-inference/hub
06-30 17:46:35.853 31359 31396 D Capacitor: Handling local request: https://localhost/api/approvals
06-30 17:46:35.854 31359 31359 V Capacitor/Plugin: To native (Capacitor plugin): callbackId: 90972890, pluginId: Swabble, methodName: addListener
06-30 17:46:35.854 31359 31359 V Capacitor: callback: 90972890, pluginId: Swabble, methodName: addListener, methodData: {"eventName":"wakeWord"}
06-30 17:46:35.855 31359 31397 D Capacitor: Handling local request: https://localhost/api/apps/feed/agent/activity?limit=5
06-30 17:46:35.859 31359 31397 D Capacitor: Handling local request: https://localhost/api/catalog/apps
06-30 17:46:35.862 31359 31397 D Capacitor: Handling local request: https://localhost/api/apps
06-30 17:46:35.868 31359 31399 D Capacitor: Handling local request: https://localhost/api/workbench/todos
06-30 17:46:35.869 31359 31398 D Capacitor: Handling local request: https://localhost/api/relationships/people
06-30 17:46:35.870 31359 31397 D Capacitor: Handling local request: https://localhost/api/apps/runs
06-30 17:46:35.886 31359 31396 D Capacitor: Handling local request: https://localhost/api/relationships/candidates
06-30 17:46:35.888 31359 31396 D Capacitor: Handling local request: https://localhost/api/connectors/google/accounts
06-30 17:46:35.888 31359 31397 D Capacitor: Handling local request: https://localhost/api/apps
06-30 17:46:35.890 31359 31397 D Capacitor: Handling local request: https://localhost/api/apps/installed
06-30 17:46:35.891 31359 31396 D Capacitor: Handling local request: https://localhost/api/commands?surface=gui
06-30 17:46:35.892 31359 31359 I Capacitor/Console: File:  - Line 349 - Msg: [object Object]
06-30 17:46:35.893 31359 31359 V Capacitor/Plugin: To native (Capacitor plugin): callbackId: 90972891, pluginId: Keyboard, methodName: addListener
06-30 17:46:35.893 31359 31359 V Capacitor: callback: 90972891, pluginId: Keyboard, methodName: addListener, methodData: {"eventName":"keyboardWillShow"}
06-30 17:46:35.893 31359 31359 I Capacitor/Console: File:  - Line 349 - Msg: [object Object]
06-30 17:46:35.894 31359 31359 V Capacitor/Plugin: To native (Capacitor plugin): callbackId: 90972892, pluginId: Keyboard, methodName: addListener
06-30 17:46:35.894 31359 31359 V Capacitor: callback: 90972892, pluginId: Keyboard, methodName: addListener, methodData: {"eventName":"keyboardWillHide"}
06-30 17:46:35.895 31359 31418 D Capacitor: Handling local request: https://localhost/api/notifications?limit=100
06-30 17:46:35.895 31359 31402 D Capacitor: Handling local request: https://localhost/api/conversations
06-30 17:46:35.895 31359 31418 D Capacitor: Handling local request: https://localhost/api/config
06-30 17:46:35.899 31359 31396 D Capacitor: Handling local request: https://localhost/api/backups
06-30 17:46:35.923 31359 31359 I Capacitor/Console: File:  - Line 333 - Msg: {"value":null}
06-30 17:46:35.923 31359 31359 I Capacitor/Console: File:  - Line 333 - Msg: undefined
06-30 17:46:35.950 31359 31397 D Capacitor: Handling local request: https://localhost/api/computer-use/approvals/stream
06-30 17:46:35.952 31359 31396 D Capacitor: Handling local request: https://localhost/api/local-inference/downloads/stream
06-30 17:46:36.023 31359 31396 D Capacitor: Handling local request: https://localhost/api/catalog/apps
06-30 17:46:36.025 31359 31396 D Capacitor: Handling local request: https://localhost/api/custom-actions
06-30 17:46:36.070 31359 31396 D Capacitor: Handling local request: https://localhost/api/local-inference/hub
06-30 17:46:36.110 31359 31397 D Capacitor: Handling local request: https://localhost/api/local-inference/downloads/stream
06-30 17:46:36.136 31359 31359 I Capacitor/Console: File:  - Line 333 - Msg: undefined
06-30 17:46:36.137 31359 31359 I Capacitor/Console: File:  - Line 333 - Msg: undefined
06-30 17:46:36.138 31359 31359 I Capacitor/Console: File:  - Line 333 - Msg: {"microphone":"granted","speechRecognition":"granted"}
06-30 17:46:36.138 31359 31359 W Capacitor/Console: File: https://localhost/assets/vendor-crypto-SdLLF6R8.js - Line 5 - Msg: %c Warn font-size: 12px; color: #ffaa00; [persistence] failed to fetch server favorite apps: Unexpected token '<', "<!doctype "... is not valid JSON
06-30 17:46:36.144 31359 31359 I Capacitor/Console: File:  - Line 349 - Msg: [object Object]
06-30 17:46:36.146 31359 31359 V Capacitor/Plugin: To native (Capacitor plugin): callbackId: 90972893, pluginId: StatusBar, methodName: setStyle
06-30 17:46:36.146 31359 31359 V Capacitor: callback: 90972893, pluginId: StatusBar, methodName: setStyle, methodData: {"style":"DARK"}
06-30 17:46:36.182 31359 31396 D Capacitor: Handling local request: https://localhost/api/computer-use/approvals
06-30 17:46:36.185 31359 31359 E Capacitor/Console: File: https://localhost/ - Line 0 - Msg: EventSource's response has a MIME type ("text/html") that is not "text/event-stream". Aborting the connection.
06-30 17:46:36.235 31359 31359 E Capacitor/Console: File: https://localhost/ - Line 0 - Msg: EventSource's response has a MIME type ("text/html") that is not "text/event-stream". Aborting the connection.
06-30 17:46:36.236 31359 31359 E Capacitor/Console: File: https://localhost/ - Line 0 - Msg: EventSource's response has a MIME type ("text/html") that is not "text/event-stream". Aborting the connection.
06-30 17:46:36.237 31359 31359 I Capacitor/Console: File:  - Line 333 - Msg: undefined
06-30 17:46:36.237 31359 31359 I Capacitor/Console: File:  - Line 349 - Msg: [object Object]
06-30 17:46:36.239 31359 31359 V Capacitor/Plugin: To native (Capacitor plugin): callbackId: 90972894, pluginId: StatusBar, methodName: setOverlaysWebView
06-30 17:46:36.239 31359 31359 V Capacitor: callback: 90972894, pluginId: StatusBar, methodName: setOverlaysWebView, methodData: {"overlay":true}
06-30 17:46:36.323  1812  2270 W MediaProvider: isAppCloneUserPair for user 0: false
06-30 17:46:36.328 31547 31547 D MediaCodecList: codecHandlesFormat: no format, so no extra checks
06-30 17:46:36.333 31547 31552 D CCodec  : allocate(c2.android.avc.encoder)
06-30 17:46:36.335 31547 31552 I Codec2Client: Available Codec2 services: "default" "software"
06-30 17:46:36.336 31547 31552 I CCodec  : setting up 'default' as default (vendor) store
06-30 17:46:36.340   482   943 I mediaswcodec: missing struct descriptor #Param::CoreIndex(--004) for field values of struct #Param::CoreIndex(F-12004)
06-30 17:46:36.340   482   943 I mediaswcodec: missing struct descriptor #Param::CoreIndex(--1812) for field values of struct #Param::CoreIndex(F-11812)
06-30 17:46:36.341   482   943 I mediaswcodec: missing struct descriptor #Param::CoreIndex(--004) for field values of struct #Param::CoreIndex(F-12004)
06-30 17:46:36.341   482   943 I mediaswcodec: missing struct descriptor #Param::CoreIndex(--1812) for field values of struct #Param::CoreIndex(F-11812)
06-30 17:46:36.343 31547 31552 I CCodec  : Created component [c2.android.avc.encoder]
06-30 17:46:36.343 31547 31552 D CCodecConfig: read media type: video/avc
06-30 17:46:36.345 31547 31552 D ReflectedParamUpdater: extent() != 1 for single value type: algo.buffers.max-count.values
06-30 17:46:36.345 31547 31552 D ReflectedParamUpdater: extent() != 1 for single value type: output.subscribed-indices.values
06-30 17:46:36.345 31547 31552 D ReflectedParamUpdater: extent() != 1 for single value type: input.buffers.allocator-ids.values
06-30 17:46:36.345 31547 31552 D ReflectedParamUpdater: extent() != 1 for single value type: output.buffers.allocator-ids.values
06-30 17:46:36.346 31547 31552 D ReflectedParamUpdater: extent() != 1 for single value type: algo.buffers.allocator-ids.values
06-30 17:46:36.346 31547 31552 D ReflectedParamUpdater: extent() != 1 for single value type: output.buffers.pool-ids.values
06-30 17:46:36.346 31547 31552 D ReflectedParamUpdater: extent() != 1 for single value type: algo.buffers.pool-ids.values
06-30 17:46:36.347 31547 31552 D ReflectedParamUpdater: ignored struct field coding.gop.values
06-30 17:46:36.347 31547 31552 D ReflectedParamUpdater: ignored struct field coding.qp.values
06-30 17:46:36.348 31547 31552 D CCodecConfig: ignoring local param raw.color (0xc2001809) as it is already supported
06-30 17:46:36.350 31547 31552 I CCodecConfig: query failed after returning 12 values (BAD_INDEX)
06-30 17:46:36.350 31547 31552 D CCodecConfig: c2 config diff is Dict {
06-30 17:46:36.350 31547 31552 D CCodecConfig:   c2::i32 coded.average-qp.value = 0
06-30 17:46:36.350 31547 31552 D CCodecConfig:   c2::u32 coded.bitrate.value = 64000
06-30 17:46:36.350 31547 31552 D CCodecConfig:   c2::float coded.frame-rate.value = 1
06-30 17:46:36.350 31547 31552 D CCodecConfig:   c2::u32 coded.picture-type.value = 0
06-30 17:46:36.350 31547 31552 D CCodecConfig:   c2::u32 coded.pl.level = 20492
06-30 17:46:36.350 31547 31552 D CCodecConfig:   c2::u32 coded.pl.profile = 20481
06-30 17:46:36.350 31547 31552 D CCodecConfig:   c2::u32 coded.vui.color.matrix = 0
06-30 17:46:36.350 31547 31552 D CCodecConfig:   c2::u32 coded.vui.color.primaries = 0
06-30 17:46:36.350 31547 31552 D CCodecConfig:   c2::u32 coded.vui.color.range = 0
06-30 17:46:36.350 31547 31552 D CCodecConfig:   c2::u32 coded.vui.color.transfer = 0
06-30 17:46:36.350 31547 31552 D CCodecConfig:   c2::u32 coding.intra-refresh.mode = 0
06-30 17:46:36.350 31547 31552 D CCodecConfig:   c2::float coding.intra-refresh.period = 0
06-30 17:46:36.350 31547 31552 D CCodecConfig:   c2::u32 coding.request-sync-frame.value = 0
06-30 17:46:36.350 31547 31552 D CCodecConfig:   c2::i64 coding.sync-frame-interval.value = 1000000
06-30 17:46:36.350 31547 31552 D CCodecConfig:   c2::u32 input.delay.value = 0
06-30 17:46:36.350 31547 31552 D CCodecConfig:   string input.media-type.value = "video/raw"
06-30 17:46:36.350 31547 31552 D CCodecConfig:   string output.media-type.value = "video/avc"
06-30 17:46:36.350 31547 31552 D CCodecConfig:   c2::u32 raw.color.matrix = 0
06-30 17:46:36.350 31547 31552 D CCodecConfig:   c2::u32 raw.color.primaries = 0
06-30 17:46:36.350 31547 31552 D CCodecConfig:   c2::u32 raw.color.range = 0
06-30 17:46:36.350 31547 31552 D CCodecConfig:   c2::u32 raw.color.transfer = 0
06-30 17:46:36.350 31547 31552 D CCodecConfig:   c2::u32 raw.size.height = 16
06-30 17:46:36.350 31547 31552 D CCodecConfig:   c2::u32 raw.size.width = 16
06-30 17:46:36.350 31547 31552 D CCodecConfig: }
06-30 17:46:36.350 31547 31552 W ColorUtils: expected specified color aspects (0:0:0:0)
06-30 17:46:36.356 31547 31547 D CodecSeeding: Seed: codec c2.android.avc.encoder, mediatype video/avc, overrideable 1
06-30 17:46:36.357 31547 31547 D CodecProperties: setTuningValue(vq-target-bpp,0)
06-30 17:46:36.357 31547 31547 D CodecProperties: setTuningValue(vq-target-bpp-1080p,1.90)
06-30 17:46:36.357 31547 31547 D CodecProperties: setTuningValue(vq-target-bpp-720p,2.25)
06-30 17:46:36.357 31547 31547 D CodecProperties: setTuningValue(vq-target-bpp-540p,2.65)
06-30 17:46:36.357 31547 31547 D CodecProperties: setTuningValue(vq-target-bpp-480p,3.00)
06-30 17:46:36.357 31547 31547 D CodecProperties: setTuningValue(vq-target-bpp-320x240,0)
06-30 17:46:36.357 31547 31547 D CodecProperties: setTuningValue(vq-target-qpmax,-1)
06-30 17:46:36.357 31547 31547 D CodecProperties: setTuningValue(vq-target-qpmax-1080p,45)
06-30 17:46:36.357 31547 31547 D CodecProperties: setTuningValue(vq-target-qpmax-720p,43)
06-30 17:46:36.357 31547 31547 D CodecProperties: setTuningValue(vq-target-qpmax-540p,42)
06-30 17:46:36.357 31547 31547 D CodecProperties: setTuningValue(vq-target-qpmax-480p,38)
06-30 17:46:36.357 31547 31547 D CodecProperties: setTuningValue(vq-bitrate-phaseout,1.75)
06-30 17:46:36.357 31547 31547 D CodecProperties: setTuningValue(vq-boost-missing-qp,0.20)
06-30 17:46:36.357 31547 31547 D CodecProperties: setFeatureValue(intra-refresh,0)
06-30 17:46:36.357 31547 31547 D CodecProperties: setFeatureValue(qp-bounds,0)
06-30 17:46:36.357 31547 31547 D CodecProperties: setFeatureValue(_vq_eligible.device,1)
06-30 17:46:36.357 31547 31547 D CodecProperties: setFeatureValue(_quality.target,1)
06-30 17:46:36.358 31547 31547 D CodecSeeding: Seed: codec c2.android.avc.encoder, mediatype video/avc, overrideable 0
06-30 17:46:36.358 31547 31547 D VQApply : minquality: 1080x2400 outside of shaping range
06-30 17:46:36.358 31547 31547 D MediaCodec: shapeMediaFormat: deltas(1): AMessage(what = 0x00000000) = {
06-30 17:46:36.358 31547 31547 D MediaCodec:     int32_t android._encoding-quality-level = 0
06-30 17:46:36.358 31547 31547 D MediaCodec:   }
06-30 17:46:36.358 31547 31550 D MediaCodec: flushMediametrics
06-30 17:46:36.358 31547 31552 D CCodec  : [c2.android.avc.encoder] buffers are bound to CCodec for this session
06-30 17:46:36.358 31547 31552 D CCodecConfig: no c2 equivalents for color-format
06-30 17:46:36.359 31547 31552 D CCodecConfig: no c2 equivalents for max-bframes
06-30 17:46:36.359 31547 31552 D CCodecConfig: no c2 equivalents for flags
06-30 17:46:36.359 31547 31552 D CCodecConfig: no c2 equivalents for encoder
06-30 17:46:36.359 31547 31552 D CCodecConfig: c2 config diff is   c2::u32 coded.bitrate.value = 4000000
06-30 17:46:36.359 31547 31552 D CCodecConfig:   c2::float coded.frame-rate.value = 60
06-30 17:46:36.359 31547 31552 D CCodecConfig:   c2::i64 coding.sync-frame-interval.value = 10000000
06-30 17:46:36.359 31547 31552 D CCodecConfig:   c2::u32 raw.size.height = 2400
06-30 17:46:36.359 31547 31552 D CCodecConfig:   c2::u32 raw.size.width = 1080
06-30 17:46:36.359 31547 31552 W ColorUtils: expected specified color aspects (0:0:0:0)
06-30 17:46:36.360 31547 31552 D CCodec  : encoding statistics level = 0
06-30 17:46:36.360 31547 31552 D CCodec  : setup formats input: AMessage(what = 0x00000000) = {
06-30 17:46:36.360 31547 31552 D CCodec  :   Rect crop(0, 0, 1079, 2399)
06-30 17:46:36.360 31547 31552 D CCodec  :   int32_t color-standard = 0
06-30 17:46:36.360 31547 31552 D CCodec  :   int32_t color-range = 0
06-30 17:46:36.360 31547 31552 D CCodec  :   int32_t color-transfer = 0
06-30 17:46:36.360 31547 31552 D CCodec  :   int32_t frame-rate = 60
06-30 17:46:36.360 31547 31552 D CCodec  :   int32_t height = 2400
06-30 17:46:36.360 31547 31552 D CCodec  :   int32_t intra-refresh-period = 0
06-30 17:46:36.360 31547 31552 D CCodec  :   string mime = "video/raw"
06-30 17:46:36.360 31547 31552 D CCodec  :   int32_t video-qp-average = 0
06-30 17:46:36.360 31547 31552 D CCodec  :   int32_t width = 1080
06-30 17:46:36.360 31547 31552 D CCodec  :   int32_t android._dataspace = 0
06-30 17:46:36.360 31547 31552 D CCodec  :   int32_t using-sw-read-often = 1
06-30 17:46:36.360 31547 31552 D CCodec  :   int64_t android._C2MemoryUsage = 1
06-30 17:46:36.360 31547 31552 D CCodec  :   int32_t color-format = 2130708361
06-30 17:46:36.360 31547 31552 D CCodec  :   int32_t android._color-format = 2130708361
06-30 17:46:36.360 31547 31552 D CCodec  : }
06-30 17:46:36.360 31547 31552 D CCodec  : setup formats output: AMessage(what = 0x00000000) = {
06-30 17:46:36.360 31547 31552 D CCodec  :   int32_t bitrate = 4000000
06-30 17:46:36.360 31547 31552 D CCodec  :   Rect crop(0, 0, 1079, 2399)
06-30 17:46:36.360 31547 31552 D CCodec  :   int32_t color-standard = 0
06-30 17:46:36.360 31547 31552 D CCodec  :   int32_t color-range = 0
06-30 17:46:36.360 31547 31552 D CCodec  :   int32_t color-transfer = 0
06-30 17:46:36.360 31547 31552 D CCodec  :   int32_t frame-rate = 60
06-30 17:46:36.360 31547 31552 D CCodec  :   int32_t height = 2400
06-30 17:46:36.360 31547 31552 D CCodec  :   int32_t intra-refresh-period = 0
06-30 17:46:36.360 31547 31552 D CCodec  :   int32_t level = 4096
06-30 17:46:36.360 31547 31552 D CCodec  :   int32_t max-bitrate = 4000000
06-30 17:46:36.360 31547 31552 D CCodec  :   string mime = "video/avc"
06-30 17:46:36.360 31547 31552 D CCodec  :   int32_t profile = 65536
06-30 17:46:36.360 31547 31552 D CCodec  :   int32_t video-qp-average = 0
06-30 17:46:36.360 31547 31552 D CCodec  :   int32_t width = 1080
06-30 17:46:36.360 31547 31552 D CCodec  : }
06-30 17:46:36.360 31547 31552 I CCodecConfig: query failed after returning 13 values (BAD_INDEX)
06-30 17:46:36.360 31547 31552 D CCodecConfig: c2 config diff is   c2::u32 coded.pl.level = 20494
06-30 17:46:36.360 31547 31552 W ColorUtils: expected specified color aspects (0:0:0:0)
06-30 17:46:36.361 31547 31552 D CCodec  : input format changed to AMessage(what = 0x00000000) = {
06-30 17:46:36.361 31547 31552 D CCodec  :   Rect crop(0, 0, 1079, 2399)
06-30 17:46:36.361 31547 31552 D CCodec  :   int32_t color-standard = 1
06-30 17:46:36.361 31547 31552 D CCodec  :   int32_t color-range = 2
06-30 17:46:36.361 31547 31552 D CCodec  :   int32_t color-transfer = 3
06-30 17:46:36.361 31547 31552 D CCodec  :   int32_t frame-rate = 60
06-30 17:46:36.361 31547 31552 D CCodec  :   int32_t height = 2400
06-30 17:46:36.361 31547 31552 D CCodec  :   int32_t intra-refresh-period = 0
06-30 17:46:36.361 31547 31552 D CCodec  :   string mime = "video/raw"
06-30 17:46:36.361 31547 31552 D CCodec  :   int32_t video-qp-average = 0
06-30 17:46:36.361 31547 31552 D CCodec  :   int32_t width = 1080
06-30 17:46:36.361 31547 31552 D CCodec  :   int32_t android._dataspace = 260
06-30 17:46:36.361 31547 31552 D CCodec  :   int32_t using-sw-read-often = 1
06-30 17:46:36.361 31547 31552 D CCodec  :   int64_t android._C2MemoryUsage = 1
06-30 17:46:36.361 31547 31552 D CCodec  :   int32_t color-format = 2130708361
06-30 17:46:36.361 31547 31552 D CCodec  :   int32_t android._color-format = 2130708361
06-30 17:46:36.361 31547 31552 D CCodec  : }
06-30 17:46:36.361 31547 31552 D GraphicBufferSource: setting dataspace: 0x104, acquired=0
06-30 17:46:36.361 31547 31552 D CCodec  : ISConfig not changed
06-30 17:46:36.362 31547 31552 W Codec2Client: query -- param skipped: index = 1342179345.
06-30 17:46:36.362 31547 31552 W Codec2Client: query -- param skipped: index = 2415921170.
06-30 17:46:36.362 31547 31552 D CCodecBufferChannel: [c2.android.avc.encoder#112] Using basic input block pool with poolID 1 => got 1 - OK (0)
06-30 17:46:36.362 31547 31552 D C2Store : Using DMABUF Heaps
06-30 17:46:36.363 31547 31552 I CCodecBufferChannel: [c2.android.avc.encoder#112] Created output block pool with allocatorID 16 => poolID 57 - OK
06-30 17:46:36.363 31547 31552 D CCodecBufferChannel: [c2.android.avc.encoder#112] Configured output block pool ids 57 => OK
06-30 17:46:36.364   476  3062 W ResourceManagerService: Ignoring request to add new resource entry with value <= 0
06-30 17:46:36.382   420   420 W SurfaceFlinger: Invalid layer stack -1
06-30 17:46:36.386  1812 22085 I MediaProvider: Deleted 0 0 0 1 0 0 0 items on external_primary due to com.android.shell
06-30 17:46:36.477     0     0 I servicemanager: Could not find android.hardware.graphics.allocator.IAllocator/default in the VINTF manifest.
06-30 17:46:36.401   157   157 I hwservicemanager: getTransport: Cannot find entry android.hardware.graphics.mapper@4.0::IMapper/default in either framework or device VINTF manifest.
06-30 17:46:36.403  1812 25562 W MediaProvider: isAppCloneUserPair for user 0: false
06-30 17:46:36.405 31547 31549 I Gralloc4: mapper 4.x is not supported
06-30 17:46:36.405 31547 31547 D MPEG4Writer: PreAllocation enabled
06-30 17:46:36.437   549  2308 D CompatibilityChangeReporter: Compat change id reported: 261072174; UID 10234; state: ENABLED
06-30 17:46:36.450   549  2308 W ProcessStats: Tracking association SourceState{5427f4c ai.elizaos.app/10234 BTop #90478} whose proc state 2 is better than process ProcessState{84d1750 com.google.android.gms.persistent/10128 pkg=com.google.android.gms} proc state 4 (66 skipped)
06-30 17:46:36.458 31547 31563 D GraphicBufferSource: got buffer with new dataSpace #104
06-30 17:46:36.458 31547 31563 D C2OMXNode: dataspace changed to 0x104 pixel format: 0x1
06-30 17:46:36.459   157   157 I hwservicemanager: getTransport: Cannot find entry android.hardware.graphics.mapper@4.0::IMapper/default in either framework or device VINTF manifest.
06-30 17:46:36.462   482 31557 D SimpleC2Component: Using output block pool with poolID 57 => got 57 - 0
06-30 17:46:36.462   482 31557 D SimpleC2Component: applied 2 configUpdates => BAD_INDEX (6)
06-30 17:46:36.462   482 31557 D C2SoftAvcEnc: Params width 1080 height 2400 level 50 colorFormat 0 bframes 0
06-30 17:46:36.468 13946 31276 I NetworkScheduler.Stats: Task com.google.android.gms/com.google.android.gms.ipa.base.IpaGcmTaskService started execution. cause:9 exec_start_elapsed_seconds: 63690 [CONTEXT service_id=218 ]
06-30 17:46:36.506 13946 31276 I NetworkScheduler.Stats: Task com.google.android.gms/com.google.android.gms.ipa.base.IpaGcmTaskService finished executing. cause:9 result: 1 elapsed_millis: 74 uptime_millis: 74 exec_start_elapsed_seconds: 63690 [CONTEXT service_id=218 ]
06-30 17:46:36.533   482 31557 E C2SoftAvcEnc: Unable to set air params = 0x1ad
06-30 17:46:36.537 13946 31275 I NetworkScheduler.Stats: Task com.google.android.gms/com.google.android.gms.security.snet.SnetNormalTaskService started execution. cause:5 exec_start_elapsed_seconds: 63690 [CONTEXT service_id=218 ]
06-30 17:46:36.547 13946 31276 I NetworkScheduler.Stats: Task com.google.android.gms/com.google.android.gms.auth.account.be.legacy.AuthCronService started execution. cause:5 exec_start_elapsed_seconds: 63690 [CONTEXT service_id=218 ]
06-30 17:46:36.572 13946 31275 I NetworkScheduler.Stats: Task com.google.android.gms/com.google.android.gms.security.snet.SnetNormalTaskService finished executing. cause:5 result: 1 elapsed_millis: 44 uptime_millis: 44 exec_start_elapsed_seconds: 63690 [CONTEXT service_id=218 ]
06-30 17:46:36.586   549  2363 D ActivityManager: sync unfroze 15921 com.google.android.gms.unstable for 6
06-30 17:46:36.602 31359 31379 D EGL_emulation: app_time_stats: avg=61.69ms min=23.44ms max=369.17ms count=19
06-30 17:46:36.609   549  2363 D CompatibilityChangeReporter: Compat change id reported: 197654537; UID 10234; state: ENABLED
06-30 17:46:36.615 31359 31359 V Capacitor/StatusBarPlugin: Notifying listeners for event statusBarOverlayChanged
06-30 17:46:36.615 31359 31359 D Capacitor/StatusBarPlugin: No listeners found for event statusBarOverlayChanged
06-30 17:46:36.739 31547 31552 D CCodecConfig: c2 config diff is   Buffer coded.init-data.value = {
06-30 17:46:36.739 31547 31552 D CCodecConfig:     00000000:  00 00 00 01 67 42 c0 32  8d 68 04 40 12 de 5e 42  ....gB.2.h.@..^B
06-30 17:46:36.739 31547 31552 D CCodecConfig:     00000010:  02 02 02 0f 08 84 6a 00  00 00 01 68 ce 01 a8 35  ......j....h...5
06-30 17:46:36.739 31547 31552 D CCodecConfig:     00000020:  c8                                                .
06-30 17:46:36.739 31547 31552 D CCodecConfig:   }
06-30 17:46:36.742 31547 31547 D MPEG4Writer: fpathconf _PC_FILESIZEBITS:64
06-30 17:46:36.742 31547 31547 D MPEG4Writer: File size limit set to 4503599627370495 bytes implicitly
06-30 17:46:36.742 31547 31547 D MPEG4Writer: MP4WtrCtrlHlpLooper Started
06-30 17:46:36.742 31547 31547 I MPEG4Writer: limits: 4503599627370495/0 bytes/us, bit rate: -1 bps and the estimated moov size 3192 bytes
06-30 17:46:36.752 31547 31576 I MPEG4Writer: setStartTimestampUs: 63690661043
06-30 17:46:36.752 31547 31576 I MPEG4Writer: Earliest track starting time: 63690661043
06-30 17:46:36.799 15921 15921 W binder:15921_7: type=1400 audit(0.0:4539): avc:  denied  { read } for  name="u:object_r:system_adbd_prop:s0" dev="tmpfs" ino=292 scontext=u:r:gmscore_app:s0:c512,c768 tcontext=u:object_r:system_adbd_prop:s0 tclass=file permissive=0 app=com.google.android.gms
06-30 17:46:36.810 15921 28831 W libc    : Access denied finding property "persist.adb.tls_server.enable"
06-30 17:46:36.807 15921 15921 W binder:15921_7: type=1400 audit(0.0:4540): avc:  denied  { read } for  name="u:object_r:adbd_prop:s0" dev="tmpfs" ino=60 scontext=u:r:gmscore_app:s0:c512,c768 tcontext=u:object_r:adbd_prop:s0 tclass=file permissive=0 app=com.google.android.gms
06-30 17:46:36.817 15921 28831 W libc    : Access denied finding property "service.adb.tls.port"
06-30 17:46:36.825   363 31585 I resolv  : GetAddrInfoHandler::run: {107 786539 107 983147 10128 0}
06-30 17:46:36.827 15921 28831 D TrafficStats: tagSocket(86) with statsTag=0x1809, statsUid=-1
06-30 17:46:36.861 13946 14201 W GmsUrlRequestImpl: Content-Type header is overwritten.
06-30 17:46:36.865   363 31586 I resolv  : GetAddrInfoHandler::run: {107 786539 107 983147 10128 0}
06-30 17:46:36.867   363 31587 I resolv  : res_nmkquery: (QUERY, IN, AAAA)
06-30 17:46:36.867   363 31588 I resolv  : res_nmkquery: (QUERY, IN, A)
06-30 17:46:36.900   363 31587 I resolv  : res_nsend: used send_dg 152 terrno: 0
06-30 17:46:36.901   363 31588 I resolv  : res_nsend: used send_dg 104 terrno: 0
06-30 17:46:36.901   363 31588 I resolv  : doQuery: rcode=0, ancount=4, return value=104
06-30 17:46:36.901   363 31587 I resolv  : doQuery: rcode=0, ancount=4, return value=152
06-30 17:46:36.904 13946 14770 D TrafficStats: tagSocket(164) with statsTag=0x401, statsUid=10128
06-30 17:46:36.918 31359 31359 I Capacitor/Console: File:  - Line 333 - Msg: undefined
06-30 17:46:36.920 31359 31359 I Capacitor/Console: File:  - Line 349 - Msg: [object Object]
06-30 17:46:36.923 31359 31359 V Capacitor/Plugin: To native (Capacitor plugin): callbackId: 90972895, pluginId: StatusBar, methodName: setBackgroundColor
06-30 17:46:36.924 31359 31359 V Capacitor: callback: 90972895, pluginId: StatusBar, methodName: setBackgroundColor, methodData: {"color":"#00000000"}
06-30 17:46:37.035 31359 31359 I Capacitor/Console: File:  - Line 333 - Msg: undefined
06-30 17:46:37.038 31359 31359 I Capacitor/Console: File:  - Line 349 - Msg: [object Object]
06-30 17:46:37.039 31359 31359 V Capacitor/Plugin: To native (Capacitor plugin): callbackId: 90972896, pluginId: Keyboard, methodName: addListener
06-30 17:46:37.039 31359 31359 V Capacitor: callback: 90972896, pluginId: Keyboard, methodName: addListener, methodData: {"eventName":"keyboardWillShow"}
06-30 17:46:37.040 31359 31359 I Capacitor/Console: File:  - Line 349 - Msg: [object Object]
06-30 17:46:37.040 13946 14201 W GLSUser : [AppCertManager] Exception while requesting key: 
06-30 17:46:37.040 13946 14201 W GLSUser : java.util.concurrent.ExecutionException: avvw: Parse Proto Exception.
06-30 17:46:37.040 13946 14201 W GLSUser : 	at dlnv.s(:com.google.android.gms@231818047@23.18.18 (190800-535401451):3)
06-30 17:46:37.040 13946 14201 W GLSUser : 	at dlnv.get(:com.google.android.gms@231818047@23.18.18 (190800-535401451):7)
06-30 17:46:37.040 13946 14201 W GLSUser : 	at oub.b(:com.google.android.gms@231818047@23.18.18 (190800-535401451):78)
06-30 17:46:37.040 13946 14201 W GLSUser : 	at otz.b(:com.google.android.gms@231818047@23.18.18 (190800-535401451):4)
06-30 17:46:37.040 13946 14201 W GLSUser : 	at otu.a(:com.google.android.gms@231818047@23.18.18 (190800-535401451):0)
06-30 17:46:37.040 13946 14201 W GLSUser : 	at otx.a(:com.google.android.gms@231818047@23.18.18 (190800-535401451):6)
06-30 17:46:37.040 13946 14201 W GLSUser : 	at lzq.call(:com.google.android.gms@231818047@23.18.18 (190800-535401451):14)
06-30 17:46:37.040 13946 14201 W GLSUser : 	at java.util.concurrent.FutureTask.run(FutureTask.java:264)
06-30 17:46:37.040 13946 14201 W GLSUser : 	at aced.c(:com.google.android.gms@231818047@23.18.18 (190800-535401451):6)
06-30 17:46:37.040 13946 14201 W GLSUser : 	at aced.run(:com.google.android.gms@231818047@23.18.18 (190800-535401451):7)
06-30 17:46:37.040 13946 14201 W GLSUser : 	at java.util.concurrent.ThreadPoolExecutor.runWorker(ThreadPoolExecutor.java:1145)
06-30 17:46:37.040 13946 14201 W GLSUser : 	at java.util.concurrent.ThreadPoolExecutor$Worker.run(ThreadPoolExecutor.java:644)
06-30 17:46:37.040 13946 14201 W GLSUser : 	at acjn.run(:com.google.android.gms@231818047@23.18.18 (190800-535401451):0)
06-30 17:46:37.040 13946 14201 W GLSUser : 	at java.lang.Thread.run(Thread.java:1012)
06-30 17:46:37.040 13946 14201 W GLSUser : Caused by: avvw: Parse Proto Exception.
06-30 17:46:37.040 13946 14201 W GLSUser : 	at avwn.f(:com.google.android.gms@231818047@23.18.18 (190800-535401451):5)
06-30 17:46:37.040 13946 14201 W GLSUser : 	at avxk.onSucceeded(:com.google.android.gms@231818047@23.18.18 (190800-535401451):0)
06-30 17:46:37.040 13946 14201 W GLSUser : 	at jf.onSucceeded(:com.google.android.gms.dynamite_cronetdynamite@231818047@23.18.18 (190800-0):0)
06-30 17:46:37.040 13946 14201 W GLSUser : 	at ie.run(:com.google.android.gms.dynamite_cronetdynamite@231818047@23.18.18 (190800-0):4)
06-30 17:46:37.040 13946 14201 W GLSUser : 	... 6 more
06-30 17:46:37.040 13946 14201 W GLSUser : Caused by: dzfz: Protocol message contained an invalid tag (zero).
06-30 17:46:37.040 13946 14201 W GLSUser : 	at dzdb.k(:com.google.android.gms@231818047@23.18.18 (190800-535401451):13)
06-30 17:46:37.040 13946 14201 W GLSUser : 	at dzha.c(:com.google.android.gms@231818047@23.18.18 (190800-535401451):47)
06-30 17:46:37.040 13946 14201 W GLSUser : 	at dzha.h(:com.google.android.gms@231818047@23.18.18 (190800-535401451):45)
06-30 17:46:37.040 13946 14201 W GLSUser : 	at dzfd.A(:com.google.android.gms@231818047@23.18.18 (190800-535401451):2)
06-30 17:46:37.040 13946 14201 W GLSUser : 	at dzex.f(:com.google.android.gms@231818047@23.18.18 (190800-535401451):0)
06-30 17:46:37.040 13946 14201 W GLSUser : 	at dzcx.d(:com.google.android.gms@231818047@23.18.18 (190800-535401451):0)
06-30 17:46:37.040 13946 14201 W GLSUser : 	at dzcx.c(:com.google.android.gms@231818047@23.18.18 (190800-535401451):0)
06-30 17:46:37.040 13946 14201 W GLSUser : 	at dzcx.n(:com.google.android.gms@231818047@23.18.18 (190800-535401451):0)
06-30 17:46:37.040 13946 14201 W GLSUser : 	at avwn.h(:com.google.android.gms@231818047@23.18.18 (190800-535401451):7)
06-30 17:46:37.040 13946 14201 W GLSUser : 	at avwn.f(:com.google.android.gms@231818047@23.18.18 (190800-535401451):1)
06-30 17:46:37.040 13946 14201 W GLSUser : 	... 9 more
06-30 17:46:37.042 31359 31359 V Capacitor/Plugin: To native (Capacitor plugin): callbackId: 90972897, pluginId: Keyboard, methodName: addListener
06-30 17:46:37.042 31359 31359 V Capacitor: callback: 90972897, pluginId: Keyboard, methodName: addListener, methodData: {"eventName":"keyboardWillHide"}
06-30 17:46:37.056 31359 31396 D Capacitor: Handling local request: https://localhost/assets/index-DkBI2bY5.js
06-30 17:46:37.058 13946 31565 I NetworkScheduler.Stats: Task com.google.android.gms/com.google.android.gms.auth.account.be.legacy.AuthCronService finished executing. cause:5 result: 3 elapsed_millis: 516 uptime_millis: 516 exec_start_elapsed_seconds: 63690 [CONTEXT service_id=218 ]
06-30 17:46:37.059 31359 31396 D Capacitor: Handling local request: https://localhost/assets/index-8Y2yTJ6H.js
06-30 17:46:37.060 31359 31398 D Capacitor: Handling local request: https://localhost/assets/index-GmBM3NES.js
06-30 17:46:37.060 31359 31397 D Capacitor: Handling local request: https://localhost/assets/register-CMQghqGH.js
06-30 17:46:37.074 31359 31359 I Capacitor/Console: File:  - Line 349 - Msg: [object Object]
06-30 17:46:37.075 31359 31359 V Capacitor/Plugin: To native (Capacitor plugin): callbackId: 90972898, pluginId: App, methodName: addListener
06-30 17:46:37.075 31359 31359 V Capacitor: callback: 90972898, pluginId: App, methodName: addListener, methodData: {"eventName":"appStateChange"}
06-30 17:46:37.076 31359 31359 I Capacitor/Console: File:  - Line 349 - Msg: [object Object]
06-30 17:46:37.076 31359 31359 V Capacitor/Plugin: To native (Capacitor plugin): callbackId: 90972899, pluginId: App, methodName: addListener
06-30 17:46:37.077 31359 31359 V Capacitor: callback: 90972899, pluginId: App, methodName: addListener, methodData: {"eventName":"backButton"}
06-30 17:46:37.077 31359 31359 I Capacitor/Console: File:  - Line 349 - Msg: [object Object]
06-30 17:46:37.078 31359 31359 V Capacitor/Plugin: To native (Capacitor plugin): callbackId: 90972900, pluginId: App, methodName: addListener
06-30 17:46:37.079 31359 31359 V Capacitor: callback: 90972900, pluginId: App, methodName: addListener, methodData: {"eventName":"appUrlOpen"}
06-30 17:46:37.079 31359 31359 I Capacitor/Console: File:  - Line 349 - Msg: [object Object]
06-30 17:46:37.080 31359 31359 V Capacitor/Plugin: To native (Capacitor plugin): callbackId: 90972901, pluginId: App, methodName: getLaunchUrl
06-30 17:46:37.080 31359 31359 V Capacitor: callback: 90972901, pluginId: App, methodName: getLaunchUrl, methodData: {}
06-30 17:46:37.080 31359 31359 W Capacitor/Console: File: https://localhost/assets/index-C4faXH1d.js - Line 455 - Msg: [Eliza] Agent not available: "Agent" plugin is not implemented on android
06-30 17:46:37.081 31359 31359 W Capacitor/Console: File: https://localhost/assets/index-C4faXH1d.js - Line 455 - Msg: [Eliza] Background runner unavailable: "CapacitorBackgroundRunner" plugin is not implemented on android
06-30 17:46:37.126 31359 31359 I Capacitor/Console: File:  - Line 333 - Msg: undefined
06-30 17:46:37.127 31359 31359 I Capacitor/Console: File:  - Line 349 - Msg: [object Object]
06-30 17:46:37.128 31359 31359 V Capacitor/Plugin: To native (Capacitor plugin): callbackId: 90972902, pluginId: Network, methodName: addListener
06-30 17:46:37.128 31359 31359 V Capacitor: callback: 90972902, pluginId: Network, methodName: addListener, methodData: {"eventName":"networkStatusChange"}
06-30 17:46:37.129 31359 31359 W Capacitor/Console: File: https://localhost/assets/index-C4faXH1d.js - Line 455 - Msg: [Eliza] Blocker backends plugin not available: e.registerNativeWebsiteBlockerBackend is not a function
06-30 17:46:37.149 31359 31396 D Capacitor: Handling local request: https://localhost/brand/favicons/favicon-16x16.png
06-30 17:46:37.150 31359 31397 D Capacitor: Handling local request: https://localhost/brand/favicons/favicon-32x32.png
06-30 17:46:37.152 31359 31396 D Capacitor: Handling local request: https://localhost/brand/favicons/favicon.ico
06-30 17:46:37.153 31359 31397 D Capacitor: Handling local request: https://localhost/brand/favicons/favicon.svg
06-30 17:46:37.156 31359 31396 D Capacitor: Handling local request: https://localhost/api/vision/capture-requests
06-30 17:46:37.174 31359 31396 D Capacitor: Handling local request: https://localhost/assets/ui-BnV-XPe4.js
06-30 17:46:37.180 31359 31396 D Capacitor: Handling local request: https://localhost/assets/ui-sln8eHWU.js
06-30 17:46:37.263 31359 31396 D Capacitor: Handling local request: https://localhost/assets/ui-Bhct4ewm.js
06-30 17:46:37.269 31359 31397 D Capacitor: Handling local request: https://localhost/assets/register-DvScaYE3.js
06-30 17:46:37.291 31359 31398 D Capacitor: Handling local request: https://localhost/assets/register-Br2Yot8a.js
06-30 17:46:37.291 31359 31418 D Capacitor: Handling local request: https://localhost/assets/ui-0WB7YQU9.js
06-30 17:46:37.296 31359 31397 D Capacitor: Handling local request: https://localhost/assets/PhoneCompanionApp-CNAZ9psK.js
06-30 17:46:37.297 31359 31396 D Capacitor: Handling local request: https://localhost/assets/index-C5vQHyWo.js
06-30 17:46:37.302 31359 31397 D Capacitor: Handling local request: https://localhost/assets/PhoneSpatialView-B2_PXKhX.js
06-30 17:46:37.541 31359 31398 D Capacitor: Handling local request: https://localhost/assets/register-BUg1hMc-.js
06-30 17:46:37.543 31359 31399 D Capacitor: Handling local request: https://localhost/assets/register-Bty1AjUI.js
06-30 17:46:37.562 31359 31402 D Capacitor: Handling local request: https://localhost/assets/index-DYWWYr1R.js
06-30 17:46:37.565 31359 31418 D Capacitor: Handling local request: https://localhost/assets/FilesView-2JT_wgxV.js
06-30 17:46:37.571 31359 31397 D Capacitor: Handling local request: https://localhost/assets/input-group-CrA15zH6.js
06-30 17:46:37.618 31359 31379 D EGL_emulation: app_time_stats: avg=55.81ms min=32.02ms max=266.90ms count=18
06-30 17:46:37.694 31359 31359 I Capacitor/Console: File:  - Line 349 - Msg: [object Object]
06-30 17:46:37.695 31359 31359 V Capacitor/Plugin: To native (Capacitor plugin): callbackId: 90972903, pluginId: Preferences, methodName: set
06-30 17:46:37.695 31359 31359 V Capacitor: callback: 90972903, pluginId: Preferences, methodName: set, methodData: {"key":"eliza:first-run-complete","value":"1"}
06-30 17:46:37.695 31359 31359 I Capacitor/Console: File:  - Line 349 - Msg: [object Object]
06-30 17:46:37.696 31359 31359 V Capacitor/Plugin: To native (Capacitor plugin): callbackId: 90972904, pluginId: Preferences, methodName: set
06-30 17:46:37.696 31359 31359 V Capacitor: callback: 90972904, pluginId: Preferences, methodName: set, methodData: {"key":"eliza:onboarding-complete","value":"1"}
06-30 17:46:37.696 31359 31359 I Capacitor/Console: File:  - Line 349 - Msg: [object Object]
06-30 17:46:37.697 31359 31359 V Capacitor/Plugin: To native (Capacitor plugin): callbackId: 90972905, pluginId: Preferences, methodName: set
06-30 17:46:37.697 31359 31359 V Capacitor: callback: 90972905, pluginId: Preferences, methodName: set, methodData: {"key":"eliza:mobile-runtime-mode","value":"remote"}
06-30 17:46:37.698 31359 31359 I Capacitor/Console: File:  - Line 349 - Msg: [object Object]
06-30 17:46:37.698 31359 31359 V Capacitor/Plugin: To native (Capacitor plugin): callbackId: 90972906, pluginId: Preferences, methodName: set
06-30 17:46:37.698 31359 31359 V Capacitor: callback: 90972906, pluginId: Preferences, methodName: set, methodData: {"key":"eliza:native-runtime-mode","value":"remote"}
06-30 17:46:37.698 31359 31359 I Capacitor/Console: File:  - Line 349 - Msg: [object Object]
06-30 17:46:37.715 31359 31359 V Capacitor/Plugin: To native (Capacitor plugin): callbackId: 90972907, pluginId: Preferences, methodName: set
06-30 17:46:37.716 31359 31359 V Capacitor: callback: 90972907, pluginId: Preferences, methodName: set, methodData: {"key":"elizaos:active-server","value":"{\"id\":\"remote:host\",\"kind\":\"remote\",\"label\":\"Host agent\",\"apiBase\":\"http:\/\/127.0.0.1:31337\"}"}
06-30 17:46:37.780 31359 31396 D Capacitor: Handling local request: https://localhost/api/computer-use/approvals
06-30 17:46:37.805   549   636 D ActivityManager: freezing 16164 com.google.android.webview:webview_service
06-30 17:46:37.822 31359 31359 I Capacitor/Console: File:  - Line 349 - Msg: [object Object]
06-30 17:46:37.822 31359 31359 V Capacitor/Plugin: To native (Capacitor plugin): callbackId: 90972908, pluginId: Preferences, methodName: set
06-30 17:46:37.823 31359 31359 V Capacitor: callback: 90972908, pluginId: Preferences, methodName: set, methodData: {"key":"eliza:first-run-complete","value":"1"}
06-30 17:46:37.823 31359 31359 I Capacitor/Console: File:  - Line 349 - Msg: [object Object]
06-30 17:46:37.824 31359 31359 V Capacitor/Plugin: To native (Capacitor plugin): callbackId: 90972909, pluginId: Preferences, methodName: set
06-30 17:46:37.824 31359 31359 V Capacitor: callback: 90972909, pluginId: Preferences, methodName: set, methodData: {"key":"eliza:mobile-runtime-mode","value":"remote"}
06-30 17:46:37.824 31359 31359 I Capacitor/Console: File:  - Line 349 - Msg: [object Object]
06-30 17:46:37.825 31359 31359 V Capacitor/Plugin: To native (Capacitor plugin): callbackId: 90972910, pluginId: Preferences, methodName: set
06-30 17:46:37.825 31359 31359 V Capacitor: callback: 90972910, pluginId: Preferences, methodName: set, methodData: {"key":"elizaos:active-server","value":"{\"id\":\"remote:host\",\"kind\":\"remote\",\"label\":\"Host agent\",\"apiBase\":\"http:\/\/127.0.0.1:31337\"}"}
06-30 17:46:37.825 31359 31359 I Capacitor/Console: File:  - Line 333 - Msg: undefined
06-30 17:46:37.825 31359 31359 I Capacitor/Console: File:  - Line 333 - Msg: undefined
06-30 17:46:37.825 31359 31359 I Capacitor/Console: File:  - Line 333 - Msg: undefined
06-30 17:46:37.826 31359 31359 I Capacitor/Console: File:  - Line 333 - Msg: undefined
06-30 17:46:37.826 31359 31359 I Capacitor/Console: File:  - Line 333 - Msg: undefined
06-30 17:46:37.867 31359 31359 I Capacitor/Console: File:  - Line 349 - Msg: [object Object]
06-30 17:46:37.888 31359 31396 D Capacitor: Handling local request: https://localhost/api/apps/favorites
06-30 17:46:37.903 31359 31396 D Capacitor: Handling local request: https://localhost/api/config
06-30 17:46:37.904 31359 31397 D Capacitor: Handling local request: https://localhost/api/status
06-30 17:46:37.904 31359 31359 V Capacitor/Plugin: To native (Capacitor plugin): callbackId: 90972911, pluginId: Preferences, methodName: set
06-30 17:46:37.905 31359 31359 V Capacitor: callback: 90972911, pluginId: Preferences, methodName: set, methodData: {"key":"eliza:first-run-complete","value":"1"}
06-30 17:46:37.905 31359 31359 I Capacitor/Console: File:  - Line 333 - Msg: undefined
06-30 17:46:37.906 31359 31359 I Capacitor/Console: File:  - Line 333 - Msg: undefined
06-30 17:46:37.906 31359 31359 I Capacitor/Console: File:  - Line 333 - Msg: undefined
06-30 17:46:37.963 31359 31359 W Capacitor/Console: File: https://localhost/assets/vendor-crypto-SdLLF6R8.js - Line 5 - Msg: %c Warn font-size: 12px; color: #ffaa00; [persistence] failed to fetch server favorite apps: Unexpected token '<', "<!doctype "... is not valid JSON
