--------- beginning of main
06-29 13:34:37.358  2107  2447 I Icing   : IndexChimeraService.getServiceInterface callingPackage=com.google.android.googlequicksearchbox componentName=agsa_icing_connection serviceId=33
06-29 13:34:37.360  4004  4030 W IndexableItem: indexing key is not set:Intent { act=com.google.android.gms.fido.fido2.ui.hybrid.LINKED_DEVICES_SETTINGS cat=[android.intent.category.DEFAULT] pkg=com.google.android.gms } [CONTEXT service_id=231 ]
06-29 13:34:37.366  2107  2223 I Icing   : IndexChimeraService.getServiceInterface callingPackage=com.google.android.googlequicksearchbox componentName=agsa_icing_connection serviceId=32
--------- beginning of system
06-29 13:34:37.451   583  1568 D CompatChangeReporter: Compat change id reported: 261072174; UID 10144; state: ENABLED
06-29 13:34:37.453  2107  2107 D BoundBrokerSvc: onUnbind: Intent { act=com.google.android.gms.safetynet.service.START pkg=com.google.android.gms }
06-29 13:34:37.455   583  2411 D CompatChangeReporter: Compat change id reported: 261072174; UID 10140; state: ENABLED
06-29 13:34:37.501  3847  3896 W IndexDataConverter: Skipping null deep link for raw indexable com.android.settings/Android Safe Browsing
06-29 13:34:37.516  3847  3896 W IndexDataConverter: Skipping null deep link for raw indexable com.android.settings/Google
06-29 13:34:37.516  3847  3896 W IndexDataConverter: Skipping null deep link for raw indexable com.android.settings/Android Safe Browsing
06-29 13:34:37.526  2523  2523 I A       : (REDACTED) Created gRPC endpoint for service %s
06-29 13:34:37.597  2523  2660 I A       : (REDACTED) #handleFlagsUpdate: changed %s
06-29 13:34:37.754  2523  2660 I Ma-fcf-Ivr: #FCF instant voice replies are disabled via flag [IVR]
06-29 13:34:37.756  2107  2134 I Icing   : Usage reports ok 0, Failed Usage reports 0, indexed 0, rejected 0
06-29 13:34:37.761  2107  2223 I Icing   : IndexChimeraService.getServiceInterface callingPackage=com.google.android.gms componentName=null serviceId=30
06-29 13:34:37.767  2523  2660 I Ma-fcf-Ivr: #FCF instant voice replies are disabled via flag [IVR]
06-29 13:34:37.767  2523  2660 I A       : (REDACTED) Instant voice replies status updated: %s [IVR]
06-29 13:34:37.767  2523  2660 I A       : (REDACTED) Status became ineligible (%s), disconnecting [IVR]
06-29 13:34:37.785  2523  2660 I A       : No binding to unbind [IVR]
06-29 13:34:37.785  2523  2660 I A       : Disconnected from SysUI [IVR]
06-29 13:34:37.786  2523  2660 I A       : #handleFlagsUpdate: listeners notified
06-29 13:34:37.806  2107  2134 I Icing   : Usage reports ok 0, Failed Usage reports 0, indexed 0, rejected 0
06-29 13:34:37.818  2523  2660 I Ma-fcf-RobinAvailabilityChecker: User not OptedIn. Skipping Eligibility Checks.
06-29 13:34:37.846  2107  2134 I Icing   : Usage reports ok 0, Failed Usage reports 0, indexed 0, rejected 0
06-29 13:34:37.901   583  2411 D CompatChangeReporter: Compat change id reported: 311208629; UID 10144; state: ENABLED
06-29 13:34:37.905  2045  2357 W TimedProcessReaper: Scheduling killing of process to refresh configuration
06-29 13:34:38.098   583   687 D ActivityManager: freezing 3769 com.android.externalstorage
06-29 13:34:38.099   583   743 D InetDiagMessage: Destroyed 0 sockets, proto=IPPROTO_TCP, family=AF_INET, states=14
06-29 13:34:38.102   583   743 D InetDiagMessage: Destroyed 0 sockets, proto=IPPROTO_TCP, family=AF_INET6, states=14
06-29 13:34:38.103   583   743 D InetDiagMessage: Destroyed live tcp sockets for uids={10104} in 4ms
06-29 13:34:38.324  2845  3024 D EGL_emulation: app_time_stats: avg=612.31ms min=501.59ms max=723.03ms count=2
06-29 13:34:38.326  2845  3207 D Capacitor: Handling local request: https://localhost/api/vision/capture-requests
06-29 13:34:38.326  2107  4120 I ChimeraConfigurator: Starting update, reason: 4 urgentFeatures: vision.ocr:-1
06-29 13:34:38.420  1934  1954 W .gms.persistent: ApkAssets: Deleting an ApkAssets object '<empty> and /product/app/Maps/Maps.apk' with 1 weak references
06-29 13:34:38.420  1934  1954 W .gms.persistent: ApkAssets: Deleting an ApkAssets object '<empty> and /product/app/GoogleContacts/GoogleContacts.apk' with 1 weak references
06-29 13:34:38.421  1934  1954 W .gms.persistent: ApkAssets: Deleting an ApkAssets object '<empty> and /data/app/~~4fA4rNYrS9DDplm9W427cQ==/com.android.chrome-PN6gZo4YYoyfWYDg3f9B4Q==/Chrome.apk' with 1 weak references
06-29 13:34:38.421  1934  1954 W .gms.persistent: ApkAssets: Deleting an ApkAssets object '<empty> and /data/app/~~hvi_Ii6iysn5svcDAOQ_mg==/com.google.android.trichromelibrary_636771932-z8LzAzdQVDr6V7la6pvD1A==/TrichromeLibrary.apk' with 1 weak references
06-29 13:34:38.421  1934  1954 W .gms.persistent: ApkAssets: Deleting an ApkAssets object '<empty> and /product/app/GoogleTTS/GoogleTTS.apk' with 1 weak references
06-29 13:34:38.421  1934  1954 W .gms.persistent: ApkAssets: Deleting an ApkAssets object '<empty> and /product/priv-app/PartnerSetupPrebuilt/PartnerSetupPrebuilt.apk' with 1 weak references
06-29 13:34:38.422  1934  1954 W .gms.persistent: ApkAssets: Deleting an ApkAssets object '<empty> and /product/priv-app/SafetyHubPrebuilt/SafetyHubPrebuilt.apk' with 1 weak references
06-29 13:34:38.423  1934  1954 W .gms.persistent: ApkAssets: Deleting an ApkAssets object '<empty> and /product/app/Photos/Photos.apk' with 1 weak references
06-29 13:34:38.423  1934  1954 W .gms.persistent: ApkAssets: Deleting an ApkAssets object '<empty> and /product/app/CalendarGooglePrebuilt/CalendarGooglePrebuilt.apk' with 1 weak references
06-29 13:34:38.423  1934  1954 W .gms.persistent: ApkAssets: Deleting an ApkAssets object '<empty> and /product/priv-app/GoogleRestorePrebuilt-v526684/GoogleRestorePrebuilt-v526684.apk' with 1 weak references
06-29 13:34:38.423  1934  1954 W .gms.persistent: ApkAssets: Deleting an ApkAssets object '<empty> and /product/priv-app/Velvet/Velvet.apk' with 1 weak references
06-29 13:34:38.423  1934  1954 W .gms.persistent: ApkAssets: Deleting an ApkAssets object '<empty> and /product/priv-app/SettingsIntelligenceGooglePrebuilt/SettingsIntelligenceGooglePrebuilt.apk' with 1 weak references
06-29 13:34:38.423  1934  1954 W .gms.persistent: ApkAssets: Deleting an ApkAssets object '<empty> and /product/priv-app/AndroidAutoStubPrebuilt/AndroidAutoStubPrebuilt.apk' with 1 weak references
06-29 13:34:38.424  1934  1954 W .gms.persistent: ApkAssets: Deleting an ApkAssets object '<empty> and /product/app/YouTubeMusicPrebuilt/YouTubeMusicPrebuilt.apk' with 1 weak references
06-29 13:34:38.424  1934  1954 W .gms.persistent: ApkAssets: Deleting an ApkAssets object '<empty> and /product/app/LatinIMEGooglePrebuilt/LatinIMEGooglePrebuilt.apk' with 1 weak references
06-29 13:34:38.424  1934  1954 W .gms.persistent: ApkAssets: Deleting an ApkAssets object '<empty> and /product/app/YouTube/YouTube.apk' with 1 weak references
06-29 13:34:38.424  2107  4120 I ChimeraConfigurator: Detected pending changes for urgent request: [vision.ocr]. Pending module sets: container:2423359190400+mlkit.ocr.common+vision.ocr,tflite_dynamite:2605805025100400+tflite_dynamite
06-29 13:34:38.429  2107  4120 I GmsDebugLogger: [73] 1801
06-29 13:34:38.431  2107  4120 W ZappDownloader: No successful Zapp module downloads for requested modules [VisionOcr.optional:242335100000:permitMetered, TfliteDynamiteDynamite.integ:260580502100400:permitMetered, MlkitOcrCommon.optional:242335100400:permitMetered].
06-29 13:34:38.431  2107  4120 I GmsDebugLogger: [30] [VisionOcr.optional:242335100000],[TfliteDynamiteDynamite.integ:260580502100400],[MlkitOcrCommon.optional:242335100400]
06-29 13:34:38.454  2107  4120 W ChimeraConfigService: Retry attempt was throttled. [CONTEXT service_id=264 ]
06-29 13:34:38.454  2107  4120 I GmsDebugLogger: [83] 1 [vision.ocr]
06-29 13:34:38.456  2107  3365 W Vision  : Request for optional module download of ocr failed. Request again.
06-29 13:34:38.456  2107  3365 W Vision  : Would have logged:
06-29 13:34:38.456  2107  3365 W Vision  : # fbxl@37884fe7
06-29 13:34:38.456  2107  3365 I Vision  : Schedule retrying download ocr at 247115 with backoff 20 seconds
--------- beginning of kernel
06-29 13:34:39.241  3092  3092 I logd    : start watching /data/system/packages.list ...
06-29 13:34:39.246  3092  3092 I logd    : ReadPackageList, total packages: 217
06-29 13:34:39.494  3847  3854 W gs.intelligence: ApkAssets: Deleting an ApkAssets object '<empty> and /system/app/Traceur/Traceur.apk' with 1 weak references
06-29 13:34:39.495  3847  3854 W gs.intelligence: ApkAssets: Deleting an ApkAssets object '<empty> and /product/priv-app/PrebuiltBugle/PrebuiltBugle.apk' with 1 weak references
06-29 13:34:39.495  3847  3854 W gs.intelligence: ApkAssets: Deleting an ApkAssets object '<empty> and /system_ext/priv-app/NexusLauncherRelease/NexusLauncherRelease.apk' with 1 weak references
06-29 13:34:39.495  3847  3854 W gs.intelligence: ApkAssets: Deleting an ApkAssets object '<empty> and /product/priv-app/SafetyHubPrebuilt/SafetyHubPrebuilt.apk' with 1 weak references
06-29 13:34:39.495  3847  3854 W gs.intelligence: ApkAssets: Deleting an ApkAssets object '<empty> and /product/priv-app/WellbeingPrebuilt/WellbeingPrebuilt.apk' with 1 weak references
06-29 13:34:39.500  3847  3854 W gs.intelligence: ApkAssets: Deleting an ApkAssets object '<empty> and /apex/com.android.cellbroadcast/priv-app/GoogleCellBroadcastApp@351111000/GoogleCellBroadcastApp.apk' with 1 weak references
06-29 13:34:39.500  3847  3854 W gs.intelligence: ApkAssets: Deleting an ApkAssets object '<empty> and /product/priv-app/Velvet/Velvet.apk' with 1 weak references
06-29 13:34:39.501  3847  3854 W gs.intelligence: ApkAssets: Deleting an ApkAssets object '<empty> and /apex/com.android.healthfitness/priv-app/HealthConnectControllerGoogle@351120040/HealthConnectControllerGoogle.apk' with 1 weak references
06-29 13:34:39.501  3847  3854 W gs.intelligence: ApkAssets: Deleting an ApkAssets object '<empty> and /product/app/LatinIMEGooglePrebuilt/LatinIMEGooglePrebuilt.apk' with 1 weak references
06-29 13:34:39.501  3847  3854 W gs.intelligence: ApkAssets: Deleting an ApkAssets object '<empty> and /product/app/talkback/talkback.apk' with 1 weak references
06-29 13:34:39.501  3847  3854 W gs.intelligence: ApkAssets: Deleting an ApkAssets object '/vendor/overlay/EmulatorTalkBackOverlay/EmulatorTalkBackOverlay.apk' with 1 weak references
06-29 13:34:39.501  3847  3854 W gs.intelligence: ApkAssets: Deleting an ApkAssets object '<empty> and /apex/com.android.permission/priv-app/GooglePermissionController@351112280/GooglePermissionController.apk' with 1 weak references
06-29 13:34:39.501  3847  3854 W gs.intelligence: ApkAssets: Deleting an ApkAssets object '/product/overlay/GooglePermissionControllerOverlay.apk' with 1 weak references
06-29 13:34:39.579   583  1546 D CompatChangeReporter: Compat change id reported: 297989574; UID 10144; state: ENABLED
06-29 13:34:39.596  3803  3817 W oid.apps.photos: Missing inline cache for void ambx.run()
06-29 13:34:39.596  3803  3817 W oid.apps.photos: Missing inline cache for void ambx.run()
06-29 13:34:39.628  2845  3024 D EGL_emulation: app_time_stats: avg=434.59ms min=326.74ms max=550.75ms count=3
06-29 13:34:39.819  2845  3207 D Capacitor: Handling local request: https://localhost/api/vision/capture-requests
06-29 13:34:39.956  2299  3064 D TrafficStats: tagSocket(96) with statsTag=0xffffffff, statsUid=-1
06-29 13:34:40.068   583   621 D OomAdjuster: Not killing cached processes
06-29 13:34:40.258   369   369 I netd    : tetherGetStats() -> {[]} <1.36ms>
06-29 13:34:40.260  1934  3561 I HeterodyneSyncer: Removed 0 invalid users [CONTEXT service_id=51 ]
06-29 13:34:40.282  1190  1201 W ssioncontroller: ApkAssets: Deleting an ApkAssets object '<empty> and /system/framework/framework-res.apk' with 1 weak references
06-29 13:34:40.401  1934  1934 D BoundBrokerSvc: onUnbind: Intent { act=com.google.android.gms.auth.proximity.devicesyncservice.START dat=chimera-action:/... cmp=com.google.android.gms/.chimera.PersistentBoundBrokerService }
06-29 13:34:40.651  2845  3024 D EGL_emulation: app_time_stats: avg=509.97ms min=386.22ms max=633.72ms count=2
06-29 13:34:40.843   583   743 D InetDiagMessage: Destroyed 0 sockets, proto=IPPROTO_TCP, family=AF_INET, states=14
06-29 13:34:40.846   583   743 D InetDiagMessage: Destroyed 0 sockets, proto=IPPROTO_TCP, family=AF_INET6, states=14
06-29 13:34:40.846   583   743 D InetDiagMessage: Destroyed live tcp sockets for uids={10145} in 2ms
06-29 13:34:40.846   583   743 D InetDiagMessage: Destroyed 0 sockets, proto=IPPROTO_TCP, family=AF_INET, states=14
06-29 13:34:40.847   583   743 D InetDiagMessage: Destroyed 0 sockets, proto=IPPROTO_TCP, family=AF_INET6, states=14
06-29 13:34:40.847   583   743 D InetDiagMessage: Destroyed live tcp sockets for uids={20145} in 1ms
06-29 13:34:41.340  2845  3207 D Capacitor: Handling local request: https://localhost/api/vision/capture-requests
06-29 13:34:41.368  1934  2979 I HeterodyneSyncer: Removed 0 invalid users [CONTEXT service_id=51 ]
06-29 13:34:41.480  2107  2107 D BoundBrokerSvc: onUnbind: Intent { act=com.google.android.gms.findmydevice.spot.service.management.START dat=chimera-action:/... cmp=com.google.android.gms/.chimera.GmsApiService }
06-29 13:34:41.481   369   369 I netd    : tetherGetStats() -> {[]} <0.36ms>
06-29 13:34:41.485  2045  2239 I BuglePhenotype: onReceive for bugle package [CONTEXT package_name="com.google.android.apps.messaging#com.google.android.apps.messaging" ]
06-29 13:34:41.485  2045  2237 I Bugle   : BroadcastReceiverAsyncWorkTracker: Acknowledging broadcast of com.google.android.apps.messaging.shared.experiments.receiver.BuglePhenotypeBroadcastReceiver@bb5b2ad
06-29 13:34:41.498  2045  2045 I PhenotypeBackgroundRecv: Skipping com.google.android.apps.messaging#com.google.android.apps.messaging which doesn't use ProcessStable flags.
06-29 13:34:41.535  2045  2239 I Bugle   : BroadcastReceiverAsyncWorkTracker: Acknowledging broadcast of com.google.android.apps.messaging.shared.experiments.receiver.BuglePhenotypeBroadcastReceiver@93eb1cf
06-29 13:34:41.541  2045  2166 I PhenotypeBackgroundRecv: Successfully updated snapshot for com.google.android.libraries.notifications.platform#com.google.android.apps.messaging
06-29 13:34:41.588  1934  3384 D TrafficStats: tagSocket(288) with statsTag=0x1203, statsUid=10144
06-29 13:34:41.656  2845  3024 D EGL_emulation: app_time_stats: avg=502.41ms min=492.22ms max=512.60ms count=2
06-29 13:34:41.727   583   622 I ActivityManager: Test idle passed
06-29 13:34:41.822  2045  2493 I BugleRcsEngine: delay time out, reset attempts 2 and process SIM event [CONTEXT thread_id=66 ]
06-29 13:34:41.823  2045  2493 I BugleRcsEngine: process intent: android.intent.action.SIM_STATE_CHANGED [CONTEXT log_prefix="(Sim)" thread_id=66 ]
06-29 13:34:41.834  2045  2493 I BugleRcsEngine: Processing an intent [CONTEXT log_prefix="(Sim)" thread_id=66 ]
06-29 13:34:41.835  2045  2493 I BugleRcsEngine: Ignoring duplicate SIM state: LOADED [CONTEXT log_prefix="(Sim)" thread_id=66 ]
06-29 13:34:41.911  2445  2635 I BugleRcsEngine: delay time out, reset attempts 2 and process SIM event [CONTEXT thread_id=64 ]
06-29 13:34:42.035   186  3380 I keystore2: system/security/keystore2/watchdog/src/lib.rs:319 - Watchdog thread idle -> terminating. Have a great day.
06-29 13:34:42.036  2445  2635 I BugleRcsEngine: process intent: android.intent.action.SIM_STATE_CHANGED [CONTEXT log_prefix="(Sim)" thread_id=64 ]
06-29 13:34:42.149   583   599 I system_server: Background concurrent mark compact GC freed 8636KB AllocSpace bytes, 2(40KB) LOS objects, 46% free, 27MB/51MB, paused 367us,669us total 344.663ms
06-29 13:34:42.333  1934  1934 D BoundBrokerSvc: onUnbind: Intent { act=com.google.android.gms.nearby.connection.service.START pkg=com.google.android.gms }
06-29 13:34:42.415   583   743 D InetDiagMessage: Destroyed 0 sockets, proto=IPPROTO_TCP, family=AF_INET, states=14
06-29 13:34:42.415   583   743 D InetDiagMessage: Destroyed 0 sockets, proto=IPPROTO_TCP, family=AF_INET6, states=14
06-29 13:34:42.415   583   743 D InetDiagMessage: Destroyed live tcp sockets for uids={10132} in 0ms
06-29 13:34:42.415   583   743 D InetDiagMessage: Destroyed 0 sockets, proto=IPPROTO_TCP, family=AF_INET, states=14
06-29 13:34:42.415   583   743 D InetDiagMessage: Destroyed 0 sockets, proto=IPPROTO_TCP, family=AF_INET6, states=14
06-29 13:34:42.416   583   743 D InetDiagMessage: Destroyed live tcp sockets for uids={20132} in 1ms
06-29 13:34:42.418  2445  2635 I BugleRcsEngine: Processing an intent [CONTEXT log_prefix="(Sim)" thread_id=64 ]
06-29 13:34:42.419  2445  2635 I BugleRcsEngine: Ignoring duplicate SIM state: LOADED [CONTEXT log_prefix="(Sim)" thread_id=64 ]
06-29 13:34:42.570  2107  2107 D BoundBrokerSvc: onUnbind: Intent { act=com.google.android.gms.findmydevice.spot.service.locationreport.START dat=chimera-action:/... cmp=com.google.android.gms/.chimera.GmsApiService }
06-29 13:34:42.594   583   743 D InetDiagMessage: Destroyed 0 sockets, proto=IPPROTO_TCP, family=AF_INET, states=14
06-29 13:34:42.594   583   743 D InetDiagMessage: Destroyed 0 sockets, proto=IPPROTO_TCP, family=AF_INET6, states=14
06-29 13:34:42.594   583   743 D InetDiagMessage: Destroyed live tcp sockets for uids={10206} in 1ms
06-29 13:34:42.595   583   743 D InetDiagMessage: Destroyed 0 sockets, proto=IPPROTO_TCP, family=AF_INET, states=14
06-29 13:34:42.595   583   743 D InetDiagMessage: Destroyed 0 sockets, proto=IPPROTO_TCP, family=AF_INET6, states=14
06-29 13:34:42.595   583   743 D InetDiagMessage: Destroyed live tcp sockets for uids={20206} in 1ms
06-29 13:34:42.660  2845  3024 D EGL_emulation: app_time_stats: avg=501.57ms min=451.85ms max=551.28ms count=2
06-29 13:34:43.207  1934  1952 I .gms.persistent: Background concurrent mark compact GC freed 14MB AllocSpace bytes, 11(924KB) LOS objects, 49% free, 18MB/36MB, paused 181us,709us total 508.890ms
06-29 13:34:43.235  1934  1934 D BoundBrokerSvc: onUnbind: Intent { act=com.google.android.gms.time.trustedtime.singleuserapi.service.START dat=chimera-action:/... cmp=com.google.android.gms/.chimera.PersistentSingleUserInternalApiService }
06-29 13:34:43.240  1934  1934 D BoundBrokerSvc: onUnbind: Intent { act=com.google.android.gms.time.trustedtime.service.START dat=chimera-action:/... cmp=com.google.android.gms/.chimera.PersistentApiService }
06-29 13:34:43.255  2845  3207 D Capacitor: Handling local request: https://localhost/api/vision/capture-requests
06-29 13:34:43.295  1934  1954 W .gms.persistent: ApkAssets: Deleting an ApkAssets object '<empty> and /product/priv-app/Velvet/Velvet.apk' with 1 weak references
06-29 13:34:43.296  1934  1954 W .gms.persistent: ApkAssets: Deleting an ApkAssets object '<empty> and /product/priv-app/PrebuiltBugle/PrebuiltBugle.apk' with 1 weak references
06-29 13:34:43.296  1934  1954 W .gms.persistent: ApkAssets: Deleting an ApkAssets object '<empty> and /product/app/SoundPickerPrebuilt/SoundPickerPrebuilt.apk' with 1 weak references
06-29 13:34:43.296  1934  1954 W .gms.persistent: ApkAssets: Deleting an ApkAssets object '<empty> and /product/priv-app/SafetyHubPrebuilt/SafetyHubPrebuilt.apk' with 1 weak references
06-29 13:34:43.296  1934  1954 W .gms.persistent: ApkAssets: Deleting an ApkAssets object '<empty> and /product/app/talkback/talkback.apk' with 1 weak references
06-29 13:34:43.296  1934  1954 W .gms.persistent: ApkAssets: Deleting an ApkAssets object '/vendor/overlay/EmulatorTalkBackOverlay/EmulatorTalkBackOverlay.apk' with 1 weak references
06-29 13:34:43.297  1934  1954 W .gms.persistent: ApkAssets: Deleting an ApkAssets object '<empty> and /product/app/PrebuiltDeskClockGoogle/PrebuiltDeskClockGoogle.apk' with 1 weak references
06-29 13:34:43.297  1934  1954 W .gms.persistent: ApkAssets: Deleting an ApkAssets object '<empty> and /product/priv-app/DevicePersonalizationPrebuiltPixel2021-aiai_20240329.00_RC16/DevicePersonalizationPrebuiltPixel2021-aiai_20240329.00_RC16.apk' with 1 weak references
06-29 13:34:43.297  1934  1954 W .gms.persistent: ApkAssets: Deleting an ApkAssets object '<empty> and /product/app/PrebuiltGmail/PrebuiltGmail.apk' with 1 weak references
06-29 13:34:43.336  1934  1954 W .gms.persistent: ApkAssets: Deleting an ApkAssets object '<empty> and /product/priv-app/WellbeingPrebuilt/WellbeingPrebuilt.apk' with 1 weak references
06-29 13:34:43.336  1934  1954 W .gms.persistent: ApkAssets: Deleting an ApkAssets object '<empty> and /product/priv-app/GoogleDialer/GoogleDialer.apk' with 1 weak references
06-29 13:34:43.337  1934  1954 W .gms.persistent: ApkAssets: Deleting an ApkAssets object '<empty> and /product/app/Drive/Drive.apk' with 1 weak references
06-29 13:34:43.340  1934  1954 W .gms.persistent: ApkAssets: Deleting an ApkAssets object '<empty> and /product/app/Maps/Maps.apk' with 1 weak references
06-29 13:34:43.340  1934  1954 W .gms.persistent: ApkAssets: Deleting an ApkAssets object '<empty> and /product/app/GoogleContacts/GoogleContacts.apk' with 1 weak references
06-29 13:34:43.340  1934  1954 W .gms.persistent: ApkAssets: Deleting an ApkAssets object '<empty> and /product/app/GoogleTTS/GoogleTTS.apk' with 1 weak references
06-29 13:34:43.340  1934  1954 W .gms.persistent: ApkAssets: Deleting an ApkAssets object '<empty> and /product/priv-app/PartnerSetupPrebuilt/PartnerSetupPrebuilt.apk' with 1 weak references
06-29 13:34:43.340  1934  1954 W .gms.persistent: ApkAssets: Deleting an ApkAssets object '<empty> and /product/app/Photos/Photos.apk' with 1 weak references
06-29 13:34:43.340  1934  1954 W .gms.persistent: ApkAssets: Deleting an ApkAssets object '<empty> and /product/app/CalendarGooglePrebuilt/CalendarGooglePrebuilt.apk' with 1 weak references
06-29 13:34:43.340  1934  1954 W .gms.persistent: ApkAssets: Deleting an ApkAssets object '<empty> and /product/priv-app/SettingsIntelligenceGooglePrebuilt/SettingsIntelligenceGooglePrebuilt.apk' with 1 weak references
06-29 13:34:43.340  1934  1954 W .gms.persistent: ApkAssets: Deleting an ApkAssets object '<empty> and /product/priv-app/AndroidAutoStubPrebuilt/AndroidAutoStubPrebuilt.apk' with 1 weak references
06-29 13:34:43.341  1934  1954 W .gms.persistent: ApkAssets: Deleting an ApkAssets object '<empty> and /product/app/YouTubeMusicPrebuilt/YouTubeMusicPrebuilt.apk' with 1 weak references
06-29 13:34:43.341  1934  1954 W .gms.persistent: ApkAssets: Deleting an ApkAssets object '<empty> and /product/app/LatinIMEGooglePrebuilt/LatinIMEGooglePrebuilt.apk' with 1 weak references
06-29 13:34:43.341  1934  1954 W .gms.persistent: ApkAssets: Deleting an ApkAssets object '<empty> and /product/priv-app/GoogleRestorePrebuilt-v526684/GoogleRestorePrebuilt-v526684.apk' with 1 weak references
06-29 13:34:43.341  1934  1954 W .gms.persistent: ApkAssets: Deleting an ApkAssets object '<empty> and /product/app/YouTube/YouTube.apk' with 1 weak references
06-29 13:34:43.671  2845  3024 D EGL_emulation: app_time_stats: avg=505.53ms min=312.27ms max=698.80ms count=2
06-29 13:34:44.726   822   822 I wpa_supplicant: wlan0: CTRL-EVENT-BEACON-LOSS
06-29 13:34:44.878  2845  3207 D Capacitor: Handling local request: https://localhost/api/vision/capture-requests
06-29 13:34:45.062  2299  3064 D TrafficStats: tagSocket(96) with statsTag=0xffffffff, statsUid=-1
06-29 13:34:45.304   583  1568 D OomAdjuster: Not killing cached processes
06-29 13:34:45.312  2107  2107 D BoundBrokerSvc: onUnbind: Intent { act=com.google.android.gms.chimera.container.moduleinstall.ModuleInstallService.START dat=chimera-action:/... cmp=com.google.android.gms/.chimera.GmsApiService }
06-29 13:34:45.313  2107  2107 D BoundBrokerSvc: onUnbind: Intent { act=com.google.android.gms.pay.service.BIND dat=chimera-action:/... cmp=com.google.android.gms/.chimera.GmsApiService }
06-29 13:34:45.316  2107  2107 D BoundBrokerSvc: onUnbind: Intent { act=com.google.android.mobstore.service.START dat=chimera-action:/... cmp=com.google.android.gms/.chimera.GmsBoundBrokerService }
06-29 13:34:45.337  2845  3024 D EGL_emulation: app_time_stats: avg=1665.62ms min=1665.62ms max=1665.62ms count=1
06-29 13:34:45.605  1934  3528 W PlatformConfigurator: Update for unknown DeviceConfig package com.google.android.gms.backup [CONTEXT service_id=204 ]
06-29 13:34:45.605  1934  3528 W PlatformConfigurator: daaf: No package exists for config package: com.google.android.gms.backup
06-29 13:34:45.605  1934  3528 W PlatformConfigurator: 	at com.google.android.gms.platformconfigurator.PhenotypeConfigurationUpdateListener.b(:com.google.android.gms@242335038@24.23.35 (190400-646585959):233)
06-29 13:34:45.605  1934  3528 W PlatformConfigurator: 	at com.google.android.gms.platformconfigurator.PhenotypeConfigurationUpdateListener.a(:com.google.android.gms@242335038@24.23.35 (190400-646585959):29)
06-29 13:34:45.605  1934  3528 W PlatformConfigurator: 	at com.google.android.gms.platformconfigurator.PhenotypeConfigurationUpdateListener.onHandleIntent(:com.google.android.gms@242335038@24.23.35 (190400-646585959):207)
06-29 13:34:45.605  1934  3528 W PlatformConfigurator: 	at com.google.android.chimera.IntentOperation.onHandleIntent(:com.google.android.gms@242335038@24.23.35 (190400-646585959):2)
06-29 13:34:45.605  1934  3528 W PlatformConfigurator: 	at ajom.onHandleIntent(:com.google.android.gms@242335038@24.23.35 (190400-646585959):8)
06-29 13:34:45.605  1934  3528 W PlatformConfigurator: 	at pkf.run(:com.google.android.gms@242335038@24.23.35 (190400-646585959):70)
06-29 13:34:45.605  1934  3528 W PlatformConfigurator: 	at pke.run(:com.google.android.gms@242335038@24.23.35 (190400-646585959):152)
06-29 13:34:45.605  1934  3528 W PlatformConfigurator: 	at emsz.run(:com.google.android.gms@242335038@24.23.35 (190400-646585959):21)
06-29 13:34:45.605  1934  3528 W PlatformConfigurator: 	at java.util.concurrent.ThreadPoolExecutor.runWorker(ThreadPoolExecutor.java:1145)
06-29 13:34:45.605  1934  3528 W PlatformConfigurator: 	at java.util.concurrent.ThreadPoolExecutor$Worker.run(ThreadPoolExecutor.java:644)
06-29 13:34:45.605  1934  3528 W PlatformConfigurator: 	at java.lang.Thread.run(Thread.java:1012)
06-29 13:34:45.819  2845  3207 D Capacitor: Handling local request: https://localhost/api/vision/capture-requests
06-29 13:34:45.997  1934  2979 W .gms.persistent: Long monitor contention with owner lowpool[28] (3561) at void czzb.N(java.util.Set, epcy, evmz, java.lang.String, boolean, fkgb, czyu, epbw, epcy, boolean, fozf)(:com.google.android.gms@242335038@24.23.35 (190400-646585959):281) waiters=0 in void czzb.N(java.util.Set, epcy, evmz, java.lang.String, boolean, fkgb, czyu, epbw, epcy, boolean, fozf) for 4.628s
06-29 13:34:46.304  2072  2157 W A       : (REDACTED) Can't format flag %s to integer.
06-29 13:34:46.304  2072  2157 W A       : (REDACTED) Can't format flag %s to integer.
06-29 13:34:46.304  2072  2157 W A       : (REDACTED) Can't format flag %s to integer.
06-29 13:34:46.304  2072  2157 W A       : (REDACTED) Can't format flag %s to integer.
06-29 13:34:46.304  2072  2157 W A       : (REDACTED) Can't format flag %s to integer.
06-29 13:34:46.304  2072  2157 W A       : (REDACTED) Can't format flag %s to integer.
06-29 13:34:46.304  2072  2157 W A       : (REDACTED) Can't format flag %s to integer.
06-29 13:34:46.304  2072  2157 W A       : (REDACTED) Can't format flag %s to integer.
06-29 13:34:46.304  2072  2157 W A       : (REDACTED) Can't format flag %s to integer.
06-29 13:34:46.304  2072  2157 W A       : (REDACTED) Can't format flag %s to integer.
06-29 13:34:46.304  2072  2157 W A       : (REDACTED) Can't format flag %s to integer.
06-29 13:34:46.304  2072  2157 W A       : (REDACTED) Can't format flag %s to integer.
06-29 13:34:46.304  2072  2157 W A       : (REDACTED) Can't format flag %s to integer.
06-29 13:34:46.304  2072  2157 W A       : (REDACTED) Can't format flag %s to integer.
06-29 13:34:46.304  2072  2157 W A       : (REDACTED) Can't format flag %s to integer.
06-29 13:34:46.304  2072  2157 W A       : (REDACTED) Can't format flag %s to integer.
06-29 13:34:46.304  2072  2157 W A       : (REDACTED) Can't format flag %s to integer.
06-29 13:34:46.304  2072  2157 W A       : (REDACTED) Can't format flag %s to integer.
06-29 13:34:46.304  2072  2157 W A       : (REDACTED) Can't format flag %s to integer.
06-29 13:34:46.304  2072  2157 W A       : (REDACTED) Can't format flag %s to integer.
06-29 13:34:46.304  2072  2157 W A       : (REDACTED) Can't format flag %s to integer.
06-29 13:34:46.304  2072  2157 W A       : (REDACTED) Can't format flag %s to integer.
06-29 13:34:46.341  2072  2300 I Ma      : #handleFlagUpdate()
06-29 13:34:46.342  2072  2154 I OpaEligibilityChecker: send OpaEligibilityChange broadcast to CommonBroadcastReceiver
06-29 13:34:46.345  2072  2402 W SearchServiceCore: Abort, client detached.
06-29 13:34:46.345  2072  2402 W SearchServiceCore: Abort, client detached.
06-29 13:34:46.345  2072  2158 I A       : NGA enabled in interactor.
06-29 13:34:46.346  2523  2611 I A       : (REDACTED) #handleFlagsUpdate: changed %s
06-29 13:34:46.350  2523  2611 I Ma-fcf-Ivr: #FCF instant voice replies are disabled via flag [IVR]
06-29 13:34:46.351  2523  2611 I A       : #handleFlagsUpdate: listeners notified
06-29 13:34:46.372  2072  2300 I SettingsDataLayer.AE: Set Assistant eligibility status
06-29 13:34:46.414  2072  2155 I SettingsDataLayer.AE: Set isHotwordOpaEligible
06-29 13:34:46.469   583   743 D InetDiagMessage: Destroyed 0 sockets, proto=IPPROTO_TCP, family=AF_INET, states=14
06-29 13:34:46.469   583   743 D InetDiagMessage: Destroyed 0 sockets, proto=IPPROTO_TCP, family=AF_INET6, states=14
06-29 13:34:46.469   583   743 D InetDiagMessage: Destroyed live tcp sockets for uids={10136} in 1ms
06-29 13:34:46.469   583   743 D InetDiagMessage: Destroyed 0 sockets, proto=IPPROTO_TCP, family=AF_INET, states=14
06-29 13:34:46.470   583   743 D InetDiagMessage: Destroyed 0 sockets, proto=IPPROTO_TCP, family=AF_INET6, states=14
06-29 13:34:46.470   583   743 D InetDiagMessage: Destroyed live tcp sockets for uids={20136} in 0ms
06-29 13:34:46.474  2107  2447 I Icing   : IndexChimeraService.getServiceInterface callingPackage=com.google.android.googlequicksearchbox componentName=agsa_icing_connection serviceId=32
06-29 13:34:46.475  2107  2223 I Icing   : IndexChimeraService.getServiceInterface callingPackage=com.google.android.googlequicksearchbox componentName=agsa_icing_connection serviceId=33
06-29 13:34:46.478  2045  2166 W TimedProcessReaper: Scheduling killing of process to refresh configuration
06-29 13:34:46.486  2107  2134 I Icing   : Usage reports ok 0, Failed Usage reports 0, indexed 0, rejected 0
06-29 13:34:46.493  2107  2134 I Icing   : Usage reports ok 0, Failed Usage reports 0, indexed 0, rejected 0
06-29 13:34:46.517  1934  3751 E IPCThreadState: Process seems to be sending too many oneway calls.
06-29 13:34:46.517  1934  3751 W IPCThreadState: CallStack::getCurrentInternal not linked, returning null
06-29 13:34:46.517  1934  3751 W oneway spamming: CallStack::logStackInternal not linked
06-29 13:34:46.517  1934  3751 W BpBinder: Large outgoing transaction of 426688 bytes, interface descriptor , code 4
06-29 13:34:46.941  3751  3751 I binder_alloc: 2045: pid 1934 spamming oneway? 1 buffers allocated for a total size of 426688
06-29 13:34:46.545  3178  3178 I PhenotypeBackgroundRecv: Skipping com.google.android.apps.pixelmigrate which doesn't use ProcessStable flags.
06-29 13:34:46.547  3178  3178 I PhenotypeBackgroundRecv: Skipping restore_android.device#com.google.android.apps.restore which doesn't use ProcessStable flags.
06-29 13:34:46.556  2072  2402 W SearchServiceCore: Abort, client detached.
06-29 13:34:46.560  1934  3561 I PackageUpdateTaskChimer: Scheduling Phenotype config package catchup updates to be 86400 seconds from now (1782754486560) [CONTEXT service_id=51 ]
06-29 13:34:46.562   369   369 I netd    : tetherGetStats() -> {[]} <0.16ms>
06-29 13:34:46.562   583  1568 W JobScheduler: Job didn't exist in JobStore: df6b416 #u0a143/-43 com.google.android.googlequicksearchbox/com.google.android.apps.gsa.tasks.BackgroundTasksJobService
06-29 13:34:46.564   583   743 D InetDiagMessage: Destroyed 0 sockets, proto=IPPROTO_TCP, family=AF_INET, states=14
06-29 13:34:46.565   583   743 D InetDiagMessage: Destroyed 0 sockets, proto=IPPROTO_TCP, family=AF_INET6, states=14
06-29 13:34:46.565   583   743 D InetDiagMessage: Destroyed live tcp sockets for uids={10205} in 0ms
06-29 13:34:46.565   583   743 D InetDiagMessage: Destroyed 0 sockets, proto=IPPROTO_TCP, family=AF_INET, states=14
06-29 13:34:46.565   583   743 D InetDiagMessage: Destroyed 0 sockets, proto=IPPROTO_TCP, family=AF_INET6, states=14
06-29 13:34:46.565   583   743 D InetDiagMessage: Destroyed live tcp sockets for uids={20205} in 0ms
06-29 13:34:46.566  1934  3528 W PlatformConfigurator: Update for unknown DeviceConfig package com.google.android.gms.auth_account [CONTEXT service_id=204 ]
06-29 13:34:46.566  1934  3528 W PlatformConfigurator: daaf: No package exists for config package: com.google.android.gms.auth_account
06-29 13:34:46.566  1934  3528 W PlatformConfigurator: 	at com.google.android.gms.platformconfigurator.PhenotypeConfigurationUpdateListener.b(:com.google.android.gms@242335038@24.23.35 (190400-646585959):233)
06-29 13:34:46.566  1934  3528 W PlatformConfigurator: 	at com.google.android.gms.platformconfigurator.PhenotypeConfigurationUpdateListener.a(:com.google.android.gms@242335038@24.23.35 (190400-646585959):29)
06-29 13:34:46.566  1934  3528 W PlatformConfigurator: 	at com.google.android.gms.platformconfigurator.PhenotypeConfigurationUpdateListener.onHandleIntent(:com.google.android.gms@242335038@24.23.35 (190400-646585959):207)
06-29 13:34:46.566  1934  3528 W PlatformConfigurator: 	at com.google.android.chimera.IntentOperation.onHandleIntent(:com.google.android.gms@242335038@24.23.35 (190400-646585959):2)
06-29 13:34:46.566  1934  3528 W PlatformConfigurator: 	at ajom.onHandleIntent(:com.google.android.gms@242335038@24.23.35 (190400-646585959):8)
06-29 13:34:46.566  1934  3528 W PlatformConfigurator: 	at pkf.run(:com.google.android.gms@242335038@24.23.35 (190400-646585959):70)
06-29 13:34:46.566  1934  3528 W PlatformConfigurator: 	at pke.run(:com.google.android.gms@242335038@24.23.35 (190400-646585959):152)
06-29 13:34:46.566  1934  3528 W PlatformConfigurator: 	at emsz.run(:com.google.android.gms@242335038@24.23.35 (190400-646585959):21)
06-29 13:34:46.566  1934  3528 W PlatformConfigurator: 	at java.util.concurrent.ThreadPoolExecutor.runWorker(ThreadPoolExecutor.java:1145)
06-29 13:34:46.566  1934  3528 W PlatformConfigurator: 	at java.util.concurrent.ThreadPoolExecutor$Worker.run(ThreadPoolExecutor.java:644)
06-29 13:34:46.566  1934  3528 W PlatformConfigurator: 	at java.lang.Thread.run(Thread.java:1012)
06-29 13:34:46.570  2072  2072 I BgTaskExecutorImpl: (REDACTED) Starting %s background task %s.
06-29 13:34:46.571  2107  4161 W ModuleInitIntentOp: Dropping unexpected action com.google.android.gms.phenotype.COMMITTED
06-29 13:34:46.573  1934  4166 I PTCommittedOperation: Receive new configuration for com.google.android.gms.auth_account
06-29 13:34:46.575  2845  3024 D EGL_emulation: app_time_stats: avg=309.73ms min=28.32ms max=506.02ms count=4
06-29 13:34:46.578  1934  3561 I HeterodyneSyncScheduler: Scheduling adaptive one off task with window [14400, 604800] in seconds [CONTEXT service_id=51 ]
06-29 13:34:46.580  2107  4161 W ModuleInitIntentOp: Dropping unexpected action com.google.android.gms.phenotype.COMMITTED
06-29 13:34:46.585  2107  4161 W ModuleInitIntentOp: Dropping unexpected action com.google.android.gms.phenotype.COMMITTED
06-29 13:34:46.606  2107  4173 I SyncIntentOperation: Handling the intent: Intent { act=com.google.android.gms.phenotype.COMMITTED pkg=com.google.android.gms cmp=com.google.android.gms/.chimera.GmsIntentOperationService (has extras) }. [CONTEXT service_id=80 ]
06-29 13:34:46.611  2072  3277 I NetworkRecognitionRnr: Using pair HTTP connection
06-29 13:34:46.611  2107  4175 I MdiSyncModule: flag handling is skipping irrelevant intent.
06-29 13:34:46.611  2107  4175 I MlBenchmarkInstaller: Intent: com.google.android.gms.phenotype.COMMITTED [CONTEXT service_id=340 ]
06-29 13:34:46.611  2107  4175 I MlBenchmarkInstaller: COMMITTED Extra package name: com.google.android.gms.auth_account [CONTEXT service_id=340 ]
06-29 13:34:46.612  2107  4176 W ModuleInitIntentOp: Dropping unexpected action com.google.android.gms.phenotype.COMMITTED
06-29 13:34:46.613  2072  2729 I A       : [Upload] Connected
06-29 13:34:46.614  2107  4177 I LocationHistory: [IntentOperation] Handling action com.google.android.gms.phenotype.COMMITTED [CONTEXT service_id=314 ]
06-29 13:34:46.614  2107  4176 I GmsSyncPolicyEngine: Periodic sync 1 disabled by policy, cancelled.
06-29 13:34:46.616  2072  2072 E A       : onError
06-29 13:34:46.616  2072  2072 E A       : com.google.android.apps.gsa.shared.speech.b.l: errorCode: 65561, engine: 2
06-29 13:34:46.616  2072  2072 E A       : 	at com.google.android.apps.gsa.staticplugins.bp.a.f.a(PG:23)
06-29 13:34:46.616  2072  2072 E A       : 	at com.google.android.apps.gsa.s3.o.hg(PG:13)
06-29 13:34:46.616  2072  2072 E A       : 	at com.google.ch.g.a.f.e(PG:9)
06-29 13:34:46.616  2072  2072 E A       : 	at com.google.android.apps.gsa.speech.k.a.g.d(PG:162)
06-29 13:34:46.616  2072  2072 E A       : 	at com.google.android.apps.gsa.speech.k.a.g.iN(PG:26)
06-29 13:34:46.616  2072  2072 E A       : 	at com.google.android.apps.gsa.s3.p.c(PG:102)
06-29 13:34:46.616  2072  2072 E A       : 	at com.google.android.apps.gsa.s3.q.run(PG:1)
06-29 13:34:46.616  2072  2072 E A       : 	at java.util.concurrent.Executors$RunnableAdapter.call(Executors.java:487)
06-29 13:34:46.616  2072  2072 E A       : 	at java.util.concurrent.FutureTask.run(FutureTask.java:264)
06-29 13:34:46.616  2072  2072 E A       : 	at com.google.android.apps.gsa.shared.util.c.a.e.run(PG:12)
06-29 13:34:46.616  2072  2072 E A       : 	at com.google.android.apps.gsa.shared.util.c.a.bg.run(PG:3)
06-29 13:34:46.616  2072  2072 E A       : 	at com.google.android.apps.gsa.shared.util.c.a.bg.run(PG:3)
06-29 13:34:46.616  2072  2072 E A       : 	at java.util.concurrent.ThreadPoolExecutor.runWorker(ThreadPoolExecutor.java:1145)
06-29 13:34:46.616  2072  2072 E A       : 	at java.util.concurrent.ThreadPoolExecutor$Worker.run(ThreadPoolExecutor.java:644)
06-29 13:34:46.616  2072  2072 E A       : 	at java.lang.Thread.run(Thread.java:1012)
06-29 13:34:46.616  2072  2072 E A       : 	at com.google.android.apps.gsa.shared.util.c.a.l.run(PG:42)
06-29 13:34:46.616  2072  2072 E A       : Caused by: com.google.android.apps.gsa.shared.speech.b.n: errorCode: 65586, engine: 2
06-29 13:34:46.616  2072  2072 E A       : 	at com.google.android.apps.gsa.s3.o.hg(PG:6)
06-29 13:34:46.616  2072  2072 E A       : 	... 14 more
06-29 13:34:46.616  2072  2072 E A       : Caused by: com.google.android.apps.gsa.shared.speech.b.j: errorCode: 401, engine: 2
06-29 13:34:46.616  2072  2072 E A       : 	at com.google.android.apps.gsa.assistant.shared.n.i.b(PG:30)
06-29 13:34:46.616  2072  2072 E A       : 	at com.google.android.apps.gsa.s3.producers.j.hq(PG:11)
06-29 13:34:46.616  2072  2072 E A       : 	at com.google.android.apps.gsa.speech.k.a.g.d(PG:135)
06-29 13:34:46.616  2072  2072 E A       : 	... 12 more
06-29 13:34:46.616  2107  4176 I GmsSyncPolicyEngine: Periodic sync 2 disabled by policy, cancelled.
06-29 13:34:46.617  2107  4176 I GmsSyncPolicyEngine: Periodic sync 3 disabled by policy, cancelled.
06-29 13:34:46.621  2072  2729 I NetworkRecognitionRnr: Using pair HTTP connection
06-29 13:34:46.623  2072  2155 W A       : (REDACTED) Failed to get connectivityLock in %d ms
06-29 13:34:46.624  2072  2838 I A       : [Upload] Connected
06-29 13:34:46.627  2072  2072 W A       : Failed to sync device settings.
06-29 13:34:46.627  2072  2072 I A       : Retrying to sync device settings.
06-29 13:34:46.628  2072  2072 W JobInfo : Job 'com.google.android.googlequicksearchbox/com.google.android.apps.gsa.tasks.BackgroundTasksJobService#-353' has a deadline with functional constraints and an extremely short time window of 0 ms (delay=60000, deadline=60000). The functional constraints are not likely to be satisfied when the job runs.
06-29 13:34:46.628   583  1802 W JobInfo : Job 'com.google.android.googlequicksearchbox/com.google.android.apps.gsa.tasks.BackgroundTasksJobService#-353' has a deadline with functional constraints and an extremely short time window of 0 ms (delay=60000, deadline=60000). The functional constraints are not likely to be satisfied when the job runs.
06-29 13:34:46.630   583  1802 W JobInfo : Job 'com.google.android.googlequicksearchbox/com.google.android.apps.gsa.tasks.BackgroundTasksJobService#-353' has a deadline with functional constraints and an extremely short time window of 0 ms (delay=60000, deadline=60000). The functional constraints are not likely to be satisfied when the job runs.
06-29 13:34:46.635   583  1802 W JobScheduler: Job didn't exist in JobStore: 155761e #u0a143/-353 com.google.android.googlequicksearchbox/com.google.android.apps.gsa.tasks.BackgroundTasksJobService
06-29 13:34:46.648  2045  2166 I BugleRcsProvisioning: BugleSystemBindingManager: onBuglePhenotypeFlagChanged
06-29 13:34:46.649  2045  2532 W BugleRcsEngine: Unable to send diagnostic log [CONTEXT thread_id=70 ]
06-29 13:34:46.650  2045  2169 I BugleRcsEngine: SystemBinding enabled: true [CONTEXT log_prefix="SystemBindingManager" thread_id=50 ]
06-29 13:34:46.650  2045  2169 I BugleRcsEngine: System Binding updated [CONTEXT thread_id=50 ]
06-29 13:34:46.650  2045  2532 W BugleRcsEngine: Unable to send diagnostic log [CONTEXT thread_id=70 ]
06-29 13:34:46.662  1934  3528 W PlatformConfigurator: Update for unknown DeviceConfig package com.google.android.gms.nearby [CONTEXT service_id=204 ]
06-29 13:34:46.662  1934  3528 W PlatformConfigurator: daaf: No package exists for config package: com.google.android.gms.nearby
06-29 13:34:46.662  1934  3528 W PlatformConfigurator: 	at com.google.android.gms.platformconfigurator.PhenotypeConfigurationUpdateListener.b(:com.google.android.gms@242335038@24.23.35 (190400-646585959):233)
06-29 13:34:46.662  1934  3528 W PlatformConfigurator: 	at com.google.android.gms.platformconfigurator.PhenotypeConfigurationUpdateListener.a(:com.google.android.gms@242335038@24.23.35 (190400-646585959):29)
06-29 13:34:46.662  1934  3528 W PlatformConfigurator: 	at com.google.android.gms.platformconfigurator.PhenotypeConfigurationUpdateListener.onHandleIntent(:com.google.android.gms@242335038@24.23.35 (190400-646585959):207)
06-29 13:34:46.662  1934  3528 W PlatformConfigurator: 	at com.google.android.chimera.IntentOperation.onHandleIntent(:com.google.android.gms@242335038@24.23.35 (190400-646585959):2)
06-29 13:34:46.662  1934  3528 W PlatformConfigurator: 	at ajom.onHandleIntent(:com.google.android.gms@242335038@24.23.35 (190400-646585959):8)
06-29 13:34:46.662  1934  3528 W PlatformConfigurator: 	at pkf.run(:com.google.android.gms@242335038@24.23.35 (190400-646585959):70)
06-29 13:34:46.662  1934  3528 W PlatformConfigurator: 	at pke.run(:com.google.android.gms@242335038@24.23.35 (190400-646585959):152)
06-29 13:34:46.662  1934  3528 W PlatformConfigurator: 	at emsz.run(:com.google.android.gms@242335038@24.23.35 (190400-646585959):21)
06-29 13:34:46.662  1934  3528 W PlatformConfigurator: 	at java.util.concurrent.ThreadPoolExecutor.runWorker(ThreadPoolExecutor.java:1145)
06-29 13:34:46.662  1934  3528 W PlatformConfigurator: 	at java.util.concurrent.ThreadPoolExecutor$Worker.run(ThreadPoolExecutor.java:644)
06-29 13:34:46.662  1934  3528 W PlatformConfigurator: 	at java.lang.Thread.run(Thread.java:1012)
06-29 13:34:46.664  1934  4164 I NearbyConnections: Runtime state initialization complete. Nearby connections setting is disabled
06-29 13:34:46.664  2045  2196 W BugleRcs: getAvailableProvisioningIds: accessing uninitialized provisioning identities.
06-29 13:34:46.664  2045  2196 W BugleRcs: dncp: FULL
06-29 13:34:46.664  2045  2196 W BugleRcs: 	at cjmd.i(PG:53)
06-29 13:34:46.664  2045  2196 W BugleRcs: 	at cjvb.q(PG:169)
06-29 13:34:46.664  2045  2196 W BugleRcs: 	at brts.a(PG:27)
06-29 13:34:46.664  2045  2196 W BugleRcs: 	at brsg.b(PG:24)
06-29 13:34:46.664  2045  2196 W BugleRcs: 	at brsg.a(PG:13)
06-29 13:34:46.664  2045  2196 W BugleRcs: 	at efhn.a(PG:14)
06-29 13:34:46.664  2045  2196 W BugleRcs: 	at eerl.a(PG:10)
06-29 13:34:46.664  2045  2196 W BugleRcs: 	at dlmg.b(PG:84)
06-29 13:34:46.664  2045  2196 W BugleRcs: 	at eegr.w(PG:11)
06-29 13:34:46.664  2045  2196 W BugleRcs: 	at eerz.run(PG:109)
06-29 13:34:46.664  2045  2196 W BugleRcs: 	at djfc.run(PG:3)
06-29 13:34:46.664  2045  2196 W BugleRcs: 	at dkqk.run(PG:21)
06-29 13:34:46.664  2045  2196 W BugleRcs: 	at crzm.run(PG:3)
06-29 13:34:46.664  2045  2196 W BugleRcs: 	at java.util.concurrent.ThreadPoolExecutor.runWorker(ThreadPoolExecutor.java:1145)
06-29 13:34:46.664  2045  2196 W BugleRcs: 	at java.util.concurrent.ThreadPoolExecutor$Worker.run(ThreadPoolExecutor.java:644)
06-29 13:34:46.664  2045  2196 W BugleRcs: 	at cryq.run(PG:6)
06-29 13:34:46.664  2045  2196 W BugleRcs: 	at java.lang.Thread.run(Thread.java:1012)
06-29 13:34:46.664  2045  2196 W BugleRcs: 	at csaw.run(PG:64)
06-29 13:34:46.665  2045  2196 I BugleTransport: Retrieved RCS available simIds: []
06-29 13:34:46.665  2045  2553 I BugleTransport: Deregister all SIMs except for SIMs with subIds: [] from chat transport: TACHYGRAM.
06-29 13:34:46.666  2045  2532 I BugleTransport: Deregister all SIMs except for SIMs with subIds: [] from chat transport: SINGLE_REGISTRATION.
06-29 13:34:46.667  2045  2531 I BugleTransport: Deregister all SIMs except for SIMs with subIds: [] from chat transport: DUAL_REGISTRATION.
06-29 13:34:46.667  2107  4178 I NearbyFastPair: TaskSchedulerUtils cancelTask TAG_FOOTPRINTS_PERIODIC_SCHEDULE success. [CONTEXT service_id=265 ]
06-29 13:34:46.667  2045  2553 I RcsClientLib: Connecting RcsEngineLifecycleServiceV2
06-29 13:34:46.667  2045  2196 I RcsClientLib: Connecting RcsEngineLifecycleServiceV2
06-29 13:34:46.668  2045  2196 W RcsClientLib: No CS.apk RCS service found. Is RCS running in Bugle?
06-29 13:34:46.668  2045  2553 W RcsClientLib: No CS.apk RCS service found. Is RCS running in Bugle?
06-29 13:34:46.669  2045  2196 I RcsClientLib: shouldUseCarrierServicesJibeService: false, CarrierServices rcs service found: false
06-29 13:34:46.669  2045  2553 I RcsClientLib: shouldUseCarrierServicesJibeService: false, CarrierServices rcs service found: false
06-29 13:34:46.670  2107  4160 I NearbySharing: onBindSlice failed since shareTargets is empty [CONTEXT service_id=194 ]
06-29 13:34:46.671  2045  2196 I RcsClientLib: com.google.android.rcs.client.lifecycle.RcsEngineLifecycleServiceV2 connected
06-29 13:34:46.672  2445  2457 I BugleRcsEngine: stopAllRcsTransportsExcept: ignoring stopping the RcsEngine. RcsEngine is still running [CONTEXT log_prefix="RcsEngineProxyImpl:[82c64cbf-c407]" thread_id=38 ]
06-29 13:34:46.672  2045  2237 I RcsClientLib: Disconnecting RcsEngineLifecycleServiceV2
06-29 13:34:46.672  2107  4160 I NearbySharing: Granted slice and uri permissions to com.samsung.android.app.nearbyshare.theme [CONTEXT service_id=194 ]
06-29 13:34:46.673  2107  4160 I NearbySharing: Granted slice and uri permissions to android [CONTEXT service_id=194 ]
06-29 13:34:46.673  1934  3752 I Nearby  : Beginning attempt #1 for RestoreDeviceName... [CONTEXT service_id=49 ]
06-29 13:34:46.674  2045  2196 I RcsClientLib: com.google.android.rcs.client.lifecycle.RcsEngineLifecycleServiceV2 connected
06-29 13:34:46.674  2445  2939 I BugleRcsEngine: stopAllRcsTransportsExcept: ignoring stopping the RcsEngine. RcsEngine is still running [CONTEXT log_prefix="RcsEngineProxyImpl:[82c64cbf-c407]" thread_id=66 ]
06-29 13:34:46.675  2045  2237 I RcsClientLib: Disconnecting RcsEngineLifecycleServiceV2
06-29 13:34:46.678  2107  4160 I NearbySharing: Granted slice and uri permissions to com.google.android.apps.nbu.files [CONTEXT service_id=194 ]
06-29 13:34:46.679  2107  4160 I NearbySharing: Granted slice and uri permissions to com.samsung.android.app.sharelive [CONTEXT service_id=194 ]
06-29 13:34:46.679  1934  3561 I NetworkScheduler.Stats: Task com.google.android.gms/com.google.android.gms.phenotype.service.sync.PhenotypeConfigurator finished executing. cause:7 result: 1 elapsed_millis: 12866 uptime_millis: 12866 exec_start_elapsed_seconds: 242 [CONTEXT service_id=218 ]
06-29 13:34:46.679  1934  2308 I NearbySharing: A new client has bound to the NearbySharingService ClientBridge for calling package com.google.android.gms and PID 2107 [CONTEXT service_id=194 ]
06-29 13:34:46.682  1934  1934 I NearbySharing: ReceiveSurfaceService started [CONTEXT service_id=194 ]
06-29 13:34:46.683  1934  1934 I NearbySharing: SendSurfaceService started [CONTEXT service_id=194 ]
06-29 13:34:46.684  2107  4160 I NearbySharing: Runtime state initialization complete. Sharing is enabled. [CONTEXT service_id=194 ]
06-29 13:34:46.684  1934  3752 I NearbyMediums: BluetoothAdapter's name was not set by Nearby Connections, ignoring call to restore default scan mode.
06-29 13:34:46.685  1934  3752 I NearbyMediums: BluetoothAdapter's name was not set by Nearby Connections, ignoring call to restore device name
06-29 13:34:46.689  2045  2357 D MddListenableWorkerFactory: createWorker for class: com.google.android.apps.messaging.shared.datamodel.workqueue.WorkQueueWorkerShim
06-29 13:34:46.691  3178  4105 V ClearcutMetricXmitter: Transmission is done.
06-29 13:34:46.693  2045  2531 I WM-WorkerWrapper: Worker result SUCCESS for Work [ id=c3409b96-668a-4608-8c4a-1a0c4adb1bb8, tags={ com.google.android.apps.messaging.shared.datamodel.workqueue.WorkQueueWorkerShim,data_upgrade- } ]
06-29 13:34:46.694  3178  4105 V ClearcutMetricXmitter: Transmission is done.
