06-29 13:34:48.442  1934  1951 W .gms.persistent: Missing inline cache for java.lang.Object algi.next()
06-29 13:34:48.442  1934  1951 W .gms.persistent: Missing inline cache for java.lang.Object algi.next()
06-29 13:34:48.443  1934  1951 W .gms.persistent: Missing inline cache for java.lang.Object algi.next()
06-29 13:34:48.443  1934  1951 W .gms.persistent: Missing inline cache for java.lang.Object algi.next()
06-29 13:34:48.443  1934  1951 W .gms.persistent: Missing inline cache for java.lang.Object algi.next()
06-29 13:34:48.443  1934  1951 W .gms.persistent: Missing inline cache for java.lang.Object algi.next()
06-29 13:34:48.443  1934  1951 W .gms.persistent: Missing inline cache for java.lang.Object algi.next()
06-29 13:34:48.443  1934  1951 W .gms.persistent: Missing inline cache for java.lang.Object algi.next()
06-29 13:34:48.579  1934  3384 D TrafficStats: tagSocket(131) with statsTag=0x1065fff, statsUid=10164
06-29 13:34:48.630   583   743 D ConnectivityService: reportNetworkConnectivity(100, false) by 10143
06-29 13:34:48.630   974  1682 D NetworkMonitor/100: Forcing reevaluation for UID 10143. Dns signal count: 0
06-29 13:34:48.632   974  4209 D TrafficStats: tagSocket(85) with statsTag=0xffffff81, statsUid=-1
06-29 13:34:48.632   974  4210 D TrafficStats: tagSocket(132) with statsTag=0xffffff81, statsUid=-1
06-29 13:34:48.632   974  4209 D TrafficStats: tagSocket(85) with statsTag=0xffffff81, statsUid=-1
06-29 13:34:48.632   974  4210 D TrafficStats: tagSocket(132) with statsTag=0xffffff81, statsUid=-1
06-29 13:34:48.633   369  4211 I resolv  : ResNSendHandler::run: 0 / {100 983140 100 983140 1073 1}
06-29 13:34:48.633   369  4211 I resolv  : resolv_cache_lookup: FOUND IN CACHE entry=0xb400007b692de790
06-29 13:34:48.634   369  4212 I resolv  : ResNSendHandler::run: 0 / {100 983140 100 983140 1073 1}
06-29 13:34:48.636   369  4213 I resolv  : ResNSendHandler::run: 0 / {100 983140 100 983140 1073 1}
06-29 13:34:48.636   369  4213 I resolv  : resolv_cache_lookup: FOUND IN CACHE entry=0xb400007c092d69b0
06-29 13:34:48.636   369  4214 I resolv  : ResNSendHandler::run: 0 / {100 983140 100 983140 1073 1}
06-29 13:34:48.636   974   974 D TrafficStats: tagSocket(85) with statsTag=0xffffffff, statsUid=-1
06-29 13:34:48.636   369  4214 I resolv  : resolv_cache_lookup: FOUND IN CACHE entry=0xb400007c392e0970
06-29 13:34:48.637   974   974 D TrafficStats: tagSocket(85) with statsTag=0xffffffff, statsUid=-1
06-29 13:34:48.638   974   974 D TrafficStats: tagSocket(85) with statsTag=0xffffffff, statsUid=-1
06-29 13:34:48.638   974   974 D TrafficStats: tagSocket(85) with statsTag=0xffffffff, statsUid=-1
06-29 13:34:48.639   974   974 D TrafficStats: tagSocket(85) with statsTag=0xffffffff, statsUid=-1
06-29 13:34:48.639   974   974 D TrafficStats: tagSocket(85) with statsTag=0xffffffff, statsUid=-1
06-29 13:34:48.639   974   974 D TrafficStats: tagSocket(85) with statsTag=0xffffffff, statsUid=-1
06-29 13:34:48.640   974   974 D TrafficStats: tagSocket(85) with statsTag=0xffffffff, statsUid=-1
06-29 13:34:48.640   974   974 D TrafficStats: tagSocket(85) with statsTag=0xffffffff, statsUid=-1
06-29 13:34:48.641   974   974 D TrafficStats: tagSocket(85) with statsTag=0xffffffff, statsUid=-1
06-29 13:34:48.641   974   974 D TrafficStats: tagSocket(85) with statsTag=0xffffffff, statsUid=-1
06-29 13:34:48.642   974   974 D TrafficStats: tagSocket(85) with statsTag=0xffffffff, statsUid=-1
06-29 13:34:48.643   974   974 D TrafficStats: tagSocket(85) with statsTag=0xffffffff, statsUid=-1
06-29 13:34:48.643   974   974 D TrafficStats: tagSocket(85) with statsTag=0xffffffff, statsUid=-1
06-29 13:34:48.644   974   974 D TrafficStats: tagSocket(85) with statsTag=0xffffffff, statsUid=-1
06-29 13:34:48.644   974   974 D TrafficStats: tagSocket(85) with statsTag=0xffffffff, statsUid=-1
06-29 13:34:48.645   974  4209 D NetworkMonitor/100: PROBE_DNS www.google.com 13ms OK 142.251.154.119,142.251.157.119,142.251.156.119,142.251.152.119,142.251.150.119,142.251.151.119,142.251.153.119,142.251.155.119,2001:4860:4829:7700::,2001:4860:482a:7700::,2001:4860:482c:7700::,2001:4860:482b:7700::,2001:4860:4828:7700::,2001:4860:4827:7700::,2001:4860:4826:7700::,2001:4860:482d:7700::
06-29 13:34:48.646   369  4215 I resolv  : GetAddrInfoHandler::run: {100 983140 100 983140 1073 1}
06-29 13:34:48.646   369  4216 I resolv  : res_nmkquery: (QUERY, IN, AAAA)
06-29 13:34:48.646   369  4216 I resolv  : resolv_cache_lookup: FOUND IN CACHE entry=0xb400007b692de790
06-29 13:34:48.646   369  4216 I resolv  : doQuery: rcode=0, ancount=8, return value=256
06-29 13:34:48.646   369  4217 I resolv  : res_nmkquery: (QUERY, IN, A)
06-29 13:34:48.646   369  4217 I resolv  : resolv_cache_lookup: FOUND IN CACHE entry=0xb400007c092d69b0
06-29 13:34:48.646   369  4217 I resolv  : doQuery: rcode=0, ancount=8, return value=160
06-29 13:34:48.647   974  4209 D TrafficStats: tagSocket(85) with statsTag=0xffffff81, statsUid=-1
06-29 13:34:48.658   369  4212 I resolv  : res_nsend: used send_dg 75 terrno: 0
06-29 13:34:48.658   974   974 D TrafficStats: tagSocket(132) with statsTag=0xffffffff, statsUid=-1
06-29 13:34:48.659   974   974 D TrafficStats: tagSocket(132) with statsTag=0xffffffff, statsUid=-1
06-29 13:34:48.659   974  4210 D NetworkMonitor/100: PROBE_DNS connectivitycheck.gstatic.com 27ms OK 142.251.211.67,2607:f8b0:4006:802::2003
06-29 13:34:48.660   369  4218 I resolv  : GetAddrInfoHandler::run: {100 983140 100 983140 1073 1}
06-29 13:34:48.660   369  4219 I resolv  : res_nmkquery: (QUERY, IN, AAAA)
06-29 13:34:48.660   369  4219 I resolv  : resolv_cache_lookup: FOUND IN CACHE entry=0xb400007c392e0350
06-29 13:34:48.660   369  4219 I resolv  : doQuery: rcode=0, ancount=1, return value=75
06-29 13:34:48.660   369  4220 I resolv  : res_nmkquery: (QUERY, IN, A)
06-29 13:34:48.660   369  4220 I resolv  : resolv_cache_lookup: FOUND IN CACHE entry=0xb400007c392e0970
06-29 13:34:48.660   369  4220 I resolv  : doQuery: rcode=0, ancount=1, return value=63
06-29 13:34:48.660   974  4210 D TrafficStats: tagSocket(132) with statsTag=0xffffff81, statsUid=-1
06-29 13:34:48.677  1934  3338 I HeterodyneSyncScheduler: Scheduling adaptive one off task with window [14400, 604800] in seconds [CONTEXT service_id=51 ]
06-29 13:34:48.683  1934  3340 W CCTFlatFileLogStore: Excessive logging: 64 events, 334342 bytes from log source PHENOTYPE last 2s
06-29 13:34:48.685  1934  3338 I NetworkScheduler.Stats: Task com.google.android.gms/com.google.android.gms.phenotype.service.sync.PhenotypeConfigurator finished executing. cause:5 result: 1 elapsed_millis: 599 uptime_millis: 599 exec_start_elapsed_seconds: 256 [CONTEXT service_id=218 ]
06-29 13:34:48.695  1934  3237 I NetworkScheduler.Stats: Task com.google.android.gms/com.google.android.gms.ads.social.GcmSchedulerWakeupService started execution. cause:5 exec_start_elapsed_seconds: 257 [CONTEXT service_id=218 ]
06-29 13:34:48.696  1934  1934 D BoundBrokerSvc: onBind: Intent { act=com.google.android.gms.presencemanager.service.START dat=chimera-action:/... cmp=com.google.android.gms/.chimera.PersistentApiService }
06-29 13:34:48.696  1934  1934 D BoundBrokerSvc: Loading bound service for intent: Intent { act=com.google.android.gms.presencemanager.service.START dat=chimera-action:/... cmp=com.google.android.gms/.chimera.PersistentApiService }
06-29 13:34:48.697  1934  1934 D BoundBrokerSvc: onBind: Intent { act=com.google.android.gms.presencemanager.service.INTERNAL_IDENTITY dat=chimera-action:/... cmp=com.google.android.gms/.chimera.PersistentApiService }
06-29 13:34:48.697  1934  1934 D BoundBrokerSvc: Loading bound service for intent: Intent { act=com.google.android.gms.presencemanager.service.INTERNAL_IDENTITY dat=chimera-action:/... cmp=com.google.android.gms/.chimera.PersistentApiService }
06-29 13:34:48.698  1934  3338 I NetworkScheduler.Stats: Task com.google.android.gms/com.google.android.gms.ads.social.GcmSchedulerWakeupService finished executing. cause:5 result: 1 elapsed_millis: 6 uptime_millis: 6 exec_start_elapsed_seconds: 257 [CONTEXT service_id=218 ]
06-29 13:34:48.709  1934  3340 I NetworkScheduler.Stats: Task com.google.android.gms/com.google.android.gms.ads.jams.NegotiationService started execution. cause:5 exec_start_elapsed_seconds: 257 [CONTEXT service_id=218 ]
06-29 13:34:48.711   974  4210 D NetworkMonitor/100: PROBE_HTTP http://connectivitycheck.gstatic.com/generate_204 time=52ms ret=204 request={Connection=[close], User-Agent=[Mozilla/5.0 (X11; Linux x86_64) AppleWebKit/537.36 (KHTML, like Gecko) Chrome/60.0.3112.32 Safari/537.36]} headers={null=[HTTP/1.1 204 No Content], Connection=[close], Content-Length=[0], Cross-Origin-Resource-Policy=[cross-origin], Date=[Mon, 29 Jun 2026 17:34:48 GMT], X-Android-Received-Millis=[1782754488711], X-Android-Response-Source=[NETWORK 204], X-Android-Selected-Protocol=[http/1.1], X-Android-Sent-Millis=[1782754488692]}
06-29 13:34:48.711  1934  3338 I NetworkScheduler.Stats: Task com.google.android.gms/com.google.android.gms.ads.jams.NegotiationService finished executing. cause:5 result: 1 elapsed_millis: 4 uptime_millis: 4 exec_start_elapsed_seconds: 257 [CONTEXT service_id=218 ]
06-29 13:34:48.719   974  4209 D NetworkMonitor/100: PROBE_HTTPS https://www.google.com/generate_204 time=73ms ret=204 request={Connection=[close], User-Agent=[Mozilla/5.0 (X11; Linux x86_64) AppleWebKit/537.36 (KHTML, like Gecko) Chrome/60.0.3112.32 Safari/537.36]} headers={null=[HTTP/1.1 204 No Content], Alt-Svc=[h3=":443"; ma=2592000,h3-29=":443"; ma=2592000], Connection=[close], Content-Length=[0], Cross-Origin-Resource-Policy=[cross-origin], Date=[Mon, 29 Jun 2026 17:34:48 GMT], X-Android-Received-Millis=[1782754488719], X-Android-Response-Source=[NETWORK 204], X-Android-Selected-Protocol=[http/1.1], X-Android-Sent-Millis=[1782754488701]}
06-29 13:34:48.719   974  4208 D NetworkMonitor/100: isCaptivePortal: isSuccessful()=true isPortal()=false RedirectUrl=null isPartialConnectivity()=false Time=88ms
06-29 13:34:48.720   583   743 D ConnectivityService: [100 WIFI] validation passed
06-29 13:34:48.725  1934  3340 I NetworkScheduler.Stats: Task com.google.android.gms/com.google.android.gms.tapandpay.gcmtask.TapAndPayGcmTaskService started execution. cause:5 exec_start_elapsed_seconds: 257 [CONTEXT service_id=218 ]
06-29 13:34:48.726  1934  3237 W TapAndPay: NfcAdapter is null while obtaining CardEmulation instance. [CONTEXT service_id=79 ]
06-29 13:34:48.726  1934  3237 W TapAndPay: java.lang.NullPointerException: NfcAdapter is null
06-29 13:34:48.726  1934  3237 W TapAndPay: 	at android.nfc.cardemulation.CardEmulation.getInstance(CardEmulation.java:170)
06-29 13:34:48.726  1934  3237 W TapAndPay: 	at dhwn.<init>(:com.google.android.gms@242335038@24.23.35 (190400-646585959):15)
06-29 13:34:48.726  1934  3237 W TapAndPay: 	at com.google.android.gms.tapandpay.hce.task.TapAndPayAidRegistrationTaskOperation.a(:com.google.android.gms@242335038@24.23.35 (190400-646585959):50)
06-29 13:34:48.726  1934  3237 W TapAndPay: 	at com.google.android.gms.tapandpay.gcmtask.TapAndPayGcmTaskChimeraService.a(:com.google.android.gms@242335038@24.23.35 (190400-646585959):32)
06-29 13:34:48.726  1934  3237 W TapAndPay: 	at bpjj.call(:com.google.android.gms@242335038@24.23.35 (190400-646585959):32)
06-29 13:34:48.726  1934  3237 W TapAndPay: 	at java.util.concurrent.FutureTask.run(FutureTask.java:264)
06-29 13:34:48.726  1934  3237 W TapAndPay: 	at angs.c(:com.google.android.gms@242335038@24.23.35 (190400-646585959):50)
06-29 13:34:48.726  1934  3237 W TapAndPay: 	at angs.run(:com.google.android.gms@242335038@24.23.35 (190400-646585959):76)
06-29 13:34:48.726  1934  3237 W TapAndPay: 	at java.util.concurrent.ThreadPoolExecutor.runWorker(ThreadPoolExecutor.java:1145)
06-29 13:34:48.726  1934  3237 W TapAndPay: 	at java.util.concurrent.ThreadPoolExecutor$Worker.run(ThreadPoolExecutor.java:644)
06-29 13:34:48.726  1934  3237 W TapAndPay: 	at anmg.run(:com.google.android.gms@242335038@24.23.35 (190400-646585959):8)
06-29 13:34:48.726  1934  3237 W TapAndPay: 	at java.lang.Thread.run(Thread.java:1012)
06-29 13:34:48.729  1934  3340 I NetworkScheduler.Stats: Task com.google.android.gms/com.google.android.gms.tapandpay.gcmtask.TapAndPayGcmTaskService finished executing. cause:5 result: 3 elapsed_millis: 8 uptime_millis: 8 exec_start_elapsed_seconds: 257 [CONTEXT service_id=218 ]
06-29 13:34:48.739  1934  3237 I NetworkScheduler.Stats: Task com.google.android.gms/com.google.android.gms.tapandpay.gcmtask.TapAndPayGcmTaskService started execution. cause:5 exec_start_elapsed_seconds: 257 [CONTEXT service_id=218 ]
06-29 13:34:48.740  1934  3338 I NetworkScheduler.Stats: Task com.google.android.gms/com.google.android.gms.tapandpay.gcmtask.TapAndPayGcmTaskService finished executing. cause:5 result: 1 elapsed_millis: 4 uptime_millis: 4 exec_start_elapsed_seconds: 257 [CONTEXT service_id=218 ]
06-29 13:34:48.747  1934  3237 I NetworkScheduler.Stats: Task com.google.android.gms/com.google.android.gms.tapandpay.gcmtask.TapAndPayGcmTaskService started execution. cause:5 exec_start_elapsed_seconds: 257 [CONTEXT service_id=218 ]
06-29 13:34:48.752  1934  3340 I NetworkScheduler.Stats: Task com.google.android.gms/com.google.android.gms.tapandpay.gcmtask.TapAndPayGcmTaskService finished executing. cause:5 result: 1 elapsed_millis: 7 uptime_millis: 7 exec_start_elapsed_seconds: 257 [CONTEXT service_id=218 ]
06-29 13:34:48.759  1934  3338 I NetworkScheduler.Stats: Task com.google.android.gms/com.google.android.gms.tapandpay.gcmtask.TapAndPayGcmTaskService started execution. cause:5 exec_start_elapsed_seconds: 257 [CONTEXT service_id=218 ]
06-29 13:34:48.760  1934  3237 W ChimeraUtils: Module com.google.android.gms.tapandpay missing resource null(0)
06-29 13:34:48.762  2107  2107 D BoundBrokerSvc: onBind: Intent { act=com.google.android.gms.pay.service.BIND dat=chimera-action:/... cmp=com.google.android.gms/.chimera.GmsApiService }
06-29 13:34:48.762  2107  2107 D BoundBrokerSvc: Loading bound service for intent: Intent { act=com.google.android.gms.pay.service.BIND dat=chimera-action:/... cmp=com.google.android.gms/.chimera.GmsApiService }
06-29 13:34:48.766  1934  3237 I NetworkScheduler.Stats: Task com.google.android.gms/com.google.android.gms.tapandpay.gcmtask.TapAndPayGcmTaskService finished executing. cause:5 result: 1 elapsed_millis: 9 uptime_millis: 9 exec_start_elapsed_seconds: 257 [CONTEXT service_id=218 ]
06-29 13:34:48.775  2107  2134 I Pay     : External corp badge is enabled: true [CONTEXT service_id=198 ]
06-29 13:34:48.778  1934  3338 I NetworkScheduler.Stats: Task com.google.android.gms/com.google.android.gms.tapandpay.gcmtask.TapAndPayGcmTaskService started execution. cause:5 exec_start_elapsed_seconds: 257 [CONTEXT service_id=218 ]
06-29 13:34:48.780  1934  3340 I NetworkScheduler.Stats: Task com.google.android.gms/com.google.android.gms.tapandpay.gcmtask.TapAndPayGcmTaskService finished executing. cause:5 result: 1 elapsed_millis: 6 uptime_millis: 6 exec_start_elapsed_seconds: 257 [CONTEXT service_id=218 ]
06-29 13:34:48.789  1934  3338 I NetworkScheduler.Stats: Task com.google.android.gms/com.google.android.gms.udc.service.UdcContextInitService started execution. cause:5 exec_start_elapsed_seconds: 257 [CONTEXT service_id=218 ]
06-29 13:34:48.797  1934  3340 I NetworkScheduler.Stats: Task com.google.android.gms/com.google.android.gms.udc.service.UdcContextInitService finished executing. cause:5 result: 1 elapsed_millis: 11 uptime_millis: 11 exec_start_elapsed_seconds: 257 [CONTEXT service_id=218 ]
06-29 13:34:48.807  2107  2418 W Pay     : Active account was null, notification task will be cancelled. [CONTEXT service_id=198 ]
06-29 13:34:48.807  2107  2418 W Pay     : No account found on the task or the device. Notification task will not be rescheduled. [CONTEXT service_id=198 ]
06-29 13:34:48.808  1934  3338 I NetworkScheduler.Stats: Task com.google.android.gms/com.google.android.gms.pay.gcmtask.PayGcmTaskService started execution. cause:5 exec_start_elapsed_seconds: 257 [CONTEXT service_id=218 ]
06-29 13:34:48.808  1934  3338 I NetworkScheduler.Stats: Task com.google.android.gms/com.google.android.gms.pay.gcmtask.PayGcmTaskService finished executing. cause:5 result: 2 elapsed_millis: 4 uptime_millis: 4 exec_start_elapsed_seconds: 257 [CONTEXT service_id=218 ]
06-29 13:34:48.814  2845  3207 D Capacitor: Handling local request: https://localhost/api/vision/capture-requests
06-29 13:34:48.827  1934  1934 D BoundBrokerSvc: onUnbind: Intent { act=com.google.android.gms.nearby.fastpair.START dat=chimera-action:/... cmp=com.google.android.gms/.chimera.PersistentApiServiceNoInstantApps }
06-29 13:34:48.829  1934  3340 I NetworkScheduler.Stats: Task com.google.android.gms/com.google.android.gms.pay.gcmtask.PayGcmTaskService started execution. cause:5 exec_start_elapsed_seconds: 257 [CONTEXT service_id=218 ]
06-29 13:34:48.829  2107  2134 I Pay     : Device does not support HCE. [CONTEXT service_id=198 ]
06-29 13:34:48.832  1934  3338 I NetworkScheduler.Stats: Task com.google.android.gms/com.google.android.gms.pay.gcmtask.PayGcmTaskService finished executing. cause:5 result: 2 elapsed_millis: 17 uptime_millis: 17 exec_start_elapsed_seconds: 257 [CONTEXT service_id=218 ]
06-29 13:34:48.834  1934  1954 W .gms.persistent: ApkAssets: Deleting an ApkAssets object '<empty> and /product/priv-app/AndroidAutoStubPrebuilt/AndroidAutoStubPrebuilt.apk' with 1 weak references
06-29 13:34:48.834  1934  1954 W .gms.persistent: ApkAssets: Deleting an ApkAssets object '<empty> and /product/app/YouTubeMusicPrebuilt/YouTubeMusicPrebuilt.apk' with 1 weak references
06-29 13:34:48.834  1934  1954 W .gms.persistent: ApkAssets: Deleting an ApkAssets object '<empty> and /product/app/LatinIMEGooglePrebuilt/LatinIMEGooglePrebuilt.apk' with 1 weak references
06-29 13:34:48.834  1934  1954 W .gms.persistent: ApkAssets: Deleting an ApkAssets object '<empty> and /product/priv-app/GoogleRestorePrebuilt-v526684/GoogleRestorePrebuilt-v526684.apk' with 1 weak references
06-29 13:34:48.843  1934  3340 I NetworkScheduler.Stats: Task com.google.android.gms/com.google.android.gms.pay.gcmtask.PayGcmTaskService started execution. cause:5 exec_start_elapsed_seconds: 257 [CONTEXT service_id=218 ]
06-29 13:34:48.844  1934  3338 I NetworkScheduler.Stats: Task com.google.android.gms/com.google.android.gms.pay.gcmtask.PayGcmTaskService finished executing. cause:5 result: 1 elapsed_millis: 4 uptime_millis: 4 exec_start_elapsed_seconds: 257 [CONTEXT service_id=218 ]
06-29 13:34:48.853  1934  3340 I NetworkScheduler.Stats: Task com.google.android.gms/com.google.android.gms.pay.gcmtask.PayGcmTaskService started execution. cause:5 exec_start_elapsed_seconds: 257 [CONTEXT service_id=218 ]
06-29 13:34:48.854  1934  3338 I NetworkScheduler.Stats: Task com.google.android.gms/com.google.android.gms.pay.gcmtask.PayGcmTaskService finished executing. cause:5 result: 2 elapsed_millis: 3 uptime_millis: 3 exec_start_elapsed_seconds: 257 [CONTEXT service_id=218 ]
06-29 13:34:48.863  1934  3340 I NetworkScheduler.Stats: Task com.google.android.gms/com.google.android.gms.pay.gcmtask.PayGcmTaskService started execution. cause:5 exec_start_elapsed_seconds: 257 [CONTEXT service_id=218 ]
06-29 13:34:48.868  1934  3338 I NetworkScheduler.Stats: Task com.google.android.gms/com.google.android.gms.pay.gcmtask.PayGcmTaskService finished executing. cause:5 result: 1 elapsed_millis: 8 uptime_millis: 8 exec_start_elapsed_seconds: 257 [CONTEXT service_id=218 ]
06-29 13:34:48.879  1934  3340 I NetworkScheduler.Stats: Task com.google.android.gms/com.google.android.gms.pay.gcmtask.PayGcmTaskService started execution. cause:5 exec_start_elapsed_seconds: 257 [CONTEXT service_id=218 ]
06-29 13:34:48.881  1934  3338 I NetworkScheduler.Stats: Task com.google.android.gms/com.google.android.gms.pay.gcmtask.PayGcmTaskService finished executing. cause:5 result: 1 elapsed_millis: 4 uptime_millis: 4 exec_start_elapsed_seconds: 257 [CONTEXT service_id=218 ]
06-29 13:34:48.889  1934  3340 I NetworkScheduler.Stats: Task com.google.android.gms/com.google.android.gms.pay.gcmtask.PayGcmTaskService started execution. cause:5 exec_start_elapsed_seconds: 257 [CONTEXT service_id=218 ]
06-29 13:34:48.891  1934  3338 I NetworkScheduler.Stats: Task com.google.android.gms/com.google.android.gms.pay.gcmtask.PayGcmTaskService finished executing. cause:5 result: 1 elapsed_millis: 4 uptime_millis: 4 exec_start_elapsed_seconds: 257 [CONTEXT service_id=218 ]
06-29 13:34:48.901  1934  3340 I NetworkScheduler.Stats: Task com.google.android.gms/com.google.android.gms.pay.gcmtask.PayGcmTaskService started execution. cause:5 exec_start_elapsed_seconds: 257 [CONTEXT service_id=218 ]
06-29 13:34:48.902  2107  2134 W Pay     : Active account was null, notification task will be cancelled. [CONTEXT service_id=198 ]
06-29 13:34:48.903  2107  2107 D BoundBrokerSvc: onBind: Intent { act=com.google.android.gms.audit.service.START dat=chimera-action:/... cmp=com.google.android.gms/.chimera.GmsBoundBrokerService }
06-29 13:34:48.903  2107  2107 D BoundBrokerSvc: Loading bound service for intent: Intent { act=com.google.android.gms.audit.service.START dat=chimera-action:/... cmp=com.google.android.gms/.chimera.GmsBoundBrokerService }
06-29 13:34:48.905  2107  2134 I Pay     : [SeTosMigration] walletJpEligibility is not enabled [CONTEXT service_id=198 ]
06-29 13:34:48.906  2107  2134 I Pay     : Wallet install state NOT_INSTALLED [CONTEXT service_id=198 ]
06-29 13:34:48.907  2107  2134 I Pay     : Migration flag not enabled. [CONTEXT service_id=198 ]
06-29 13:34:48.908  1934  3338 I NetworkScheduler.Stats: Task com.google.android.gms/com.google.android.gms.pay.gcmtask.PayGcmTaskService finished executing. cause:5 result: 1 elapsed_millis: 10 uptime_millis: 10 exec_start_elapsed_seconds: 257 [CONTEXT service_id=218 ]
06-29 13:34:48.915  1934  3340 I NetworkScheduler.Stats: Task com.google.android.gms/com.google.android.gms.clearcut.uploader.QosUploaderService started execution. cause:5 exec_start_elapsed_seconds: 257 [CONTEXT service_id=218 ]
06-29 13:34:49.074  2845  3024 D EGL_emulation: app_time_stats: avg=494.21ms min=484.45ms max=500.35ms count=3
06-29 13:34:49.183  1934  3656 I NetworkScheduler.Stats: Task com.google.android.gms/com.google.android.gms.clearcut.uploader.QosUploaderService finished executing. cause:5 result: 1 elapsed_millis: 1556 uptime_millis: 1556 exec_start_elapsed_seconds: 256 [CONTEXT service_id=218 ]
06-29 13:34:49.190  1934  3338 I NetworkScheduler.Stats: Task com.google.android.gms/com.google.android.gms.clearcut.uploader.QosUploaderService finished executing. cause:5 result: 1 elapsed_millis: 275 uptime_millis: 275 exec_start_elapsed_seconds: 257 [CONTEXT service_id=218 ]
06-29 13:34:50.225  2072  2730 W A       : (REDACTED) [%s] response code: %d
06-29 13:34:50.314  2845  3207 D Capacitor: Handling local request: https://localhost/api/vision/capture-requests
06-29 13:34:50.324   583  1568 D OomAdjuster: Not killing cached processes
06-29 13:34:50.328  2299  3064 D TrafficStats: tagSocket(96) with statsTag=0xffffffff, statsUid=-1
06-29 13:34:50.574  2845  3024 D EGL_emulation: app_time_stats: avg=499.97ms min=499.37ms max=500.47ms count=3
06-29 13:34:51.655   583   743 D InetDiagMessage: Destroyed 0 sockets, proto=IPPROTO_TCP, family=AF_INET, states=14
06-29 13:34:51.655   583   743 D InetDiagMessage: Destroyed 0 sockets, proto=IPPROTO_TCP, family=AF_INET6, states=14
06-29 13:34:51.655   583   743 D InetDiagMessage: Destroyed live tcp sockets for uids={10136} in 0ms
06-29 13:34:51.655   583   743 D InetDiagMessage: Destroyed 0 sockets, proto=IPPROTO_TCP, family=AF_INET, states=14
06-29 13:34:51.655   583   743 D InetDiagMessage: Destroyed 0 sockets, proto=IPPROTO_TCP, family=AF_INET6, states=14
06-29 13:34:51.655   583   743 D InetDiagMessage: Destroyed live tcp sockets for uids={20136} in 1ms
06-29 13:34:51.816  2845  3207 D Capacitor: Handling local request: https://localhost/api/vision/capture-requests
06-29 13:34:52.079  2845  3024 D EGL_emulation: app_time_stats: avg=501.63ms min=499.26ms max=505.37ms count=3
06-29 13:34:52.090  1934  1934 D BoundBrokerSvc: onUnbind: Intent { act=com.google.android.gms.instantapps.START pkg=com.google.android.gms }
06-29 13:34:52.130   583   687 D ActivityManager: freezing 3910 com.android.settings
06-29 13:34:52.353   583   687 D ActivityManager: freezing 3960 com.android.traceur
06-29 13:34:52.354   583   687 D ActivityManager: freezing 3981 com.google.android.apps.wellbeing
06-29 13:34:52.357   583   743 D InetDiagMessage: Destroyed 0 sockets, proto=IPPROTO_TCP, family=AF_INET, states=14
06-29 13:34:52.358   583   743 D InetDiagMessage: Destroyed 0 sockets, proto=IPPROTO_TCP, family=AF_INET6, states=14
06-29 13:34:52.358   583   743 D InetDiagMessage: Destroyed live tcp sockets for uids={10117} in 0ms
06-29 13:34:52.365   583   743 D InetDiagMessage: Destroyed 0 sockets, proto=IPPROTO_TCP, family=AF_INET, states=14
06-29 13:34:52.365   583   743 D InetDiagMessage: Destroyed 0 sockets, proto=IPPROTO_TCP, family=AF_INET6, states=14
06-29 13:34:52.365   583   743 D InetDiagMessage: Destroyed live tcp sockets for uids={10140} in 0ms
06-29 13:34:52.390   583   687 D ActivityManager: freezing 3479 com.google.android.configupdater
06-29 13:34:52.391   583   743 D InetDiagMessage: Destroyed 0 sockets, proto=IPPROTO_TCP, family=AF_INET, states=14
06-29 13:34:52.391   583   743 D InetDiagMessage: Destroyed 0 sockets, proto=IPPROTO_TCP, family=AF_INET6, states=14
06-29 13:34:52.391   583   743 D InetDiagMessage: Destroyed live tcp sockets for uids={10132} in 1ms
06-29 13:34:52.474   583   687 D ActivityManager: freezing 3261 com.google.android.apps.safetyhub
06-29 13:34:52.475   583   743 D InetDiagMessage: Destroyed 0 sockets, proto=IPPROTO_TCP, family=AF_INET, states=14
06-29 13:34:52.475   583   743 D InetDiagMessage: Destroyed 0 sockets, proto=IPPROTO_TCP, family=AF_INET6, states=14
06-29 13:34:52.475   583   743 D InetDiagMessage: Destroyed live tcp sockets for uids={10133} in 1ms
06-29 13:34:52.596   583   687 D ActivityManager: freezing 3532 com.google.android.federatedcompute
06-29 13:34:52.597   583   743 D InetDiagMessage: Destroyed 0 sockets, proto=IPPROTO_TCP, family=AF_INET, states=14
06-29 13:34:52.597   583   743 D InetDiagMessage: Destroyed 0 sockets, proto=IPPROTO_TCP, family=AF_INET6, states=14
06-29 13:34:52.597   583   743 D InetDiagMessage: Destroyed live tcp sockets for uids={10206} in 1ms
06-29 13:34:52.645   583   687 D ActivityManager: freezing 4003 com.google.android.cellbroadcastreceiver
06-29 13:34:52.646   583   743 D InetDiagMessage: Destroyed 0 sockets, proto=IPPROTO_TCP, family=AF_INET, states=14
06-29 13:34:52.646   583   743 D InetDiagMessage: Destroyed 0 sockets, proto=IPPROTO_TCP, family=AF_INET6, states=14
06-29 13:34:52.646   583   743 D InetDiagMessage: Destroyed live tcp sockets for uids={10191} in 1ms
06-29 13:34:52.688   583   687 D ActivityManager: freezing 1190 com.google.android.permissioncontroller
06-29 13:34:52.689   583   743 D InetDiagMessage: Destroyed 0 sockets, proto=IPPROTO_TCP, family=AF_INET, states=14
06-29 13:34:52.689   583   743 D InetDiagMessage: Destroyed 0 sockets, proto=IPPROTO_TCP, family=AF_INET6, states=14
06-29 13:34:52.689   583   743 D InetDiagMessage: Destroyed live tcp sockets for uids={10185} in 0ms
06-29 13:34:52.700   583   687 D ActivityManager: freezing 4028 com.google.android.marvin.talkback
06-29 13:34:52.700   583   743 D InetDiagMessage: Destroyed 0 sockets, proto=IPPROTO_TCP, family=AF_INET, states=14
06-29 13:34:52.700   583   743 D InetDiagMessage: Destroyed 0 sockets, proto=IPPROTO_TCP, family=AF_INET6, states=14
06-29 13:34:52.700   583   743 D InetDiagMessage: Destroyed live tcp sockets for uids={10151} in 0ms
06-29 13:34:53.194   822   822 I wpa_supplicant: wlan0: CTRL-EVENT-BEACON-LOSS
06-29 13:34:53.314  2845  3207 D Capacitor: Handling local request: https://localhost/api/vision/capture-requests
06-29 13:34:53.579  2845  3024 D EGL_emulation: app_time_stats: avg=500.01ms min=496.37ms max=504.01ms count=3
06-29 13:34:53.826   583   743 D InetDiagMessage: Destroyed 0 sockets, proto=IPPROTO_TCP, family=AF_INET, states=14
06-29 13:34:53.826   583   743 D InetDiagMessage: Destroyed 0 sockets, proto=IPPROTO_TCP, family=AF_INET6, states=14
06-29 13:34:53.826   583   743 D InetDiagMessage: Destroyed live tcp sockets for uids={10130} in 0ms
06-29 13:34:53.826   583   743 D InetDiagMessage: Destroyed 0 sockets, proto=IPPROTO_TCP, family=AF_INET, states=14
06-29 13:34:53.826   583   743 D InetDiagMessage: Destroyed 0 sockets, proto=IPPROTO_TCP, family=AF_INET6, states=14
06-29 13:34:53.826   583   743 D InetDiagMessage: Destroyed live tcp sockets for uids={20130} in 1ms
06-29 13:34:54.596  2845  3024 D EGL_emulation: app_time_stats: avg=508.20ms min=504.98ms max=511.42ms count=2
06-29 13:34:54.817  2845  3207 D Capacitor: Handling local request: https://localhost/api/vision/capture-requests
06-29 13:34:55.342  2299  3064 D TrafficStats: tagSocket(96) with statsTag=0xffffffff, statsUid=-1
06-29 13:34:55.592  2299  3064 I ElizaAgent: Detached agent health check passed.
06-29 13:34:55.786   583   678 D OomAdjuster: Not killing cached processes
06-29 13:34:55.859  3170  3378 W AiAiEcho: LyftNotificationParser Ridesharing ETA not enabled
06-29 13:34:55.860  3170  3378 I AiAiEcho: SmartspaceNotificationPredictor no parser can handle this notification or notification is invalid
06-29 13:34:55.930   832   891 W Looper  : Slow dispatch took 63ms wmshell.main h=android.os.Handler c=com.android.wm.shell.bubbles.BubbleController$$ExternalSyntheticLambda6@2c39bab m=0
06-29 13:34:55.967  2845  3024 D EGL_emulation: app_time_stats: avg=685.55ms min=487.28ms max=883.81ms count=2
06-29 13:34:56.142   583   687 D ActivityManager: freezing 3603 com.google.android.healthconnect.controller
06-29 13:34:56.149   583   743 D InetDiagMessage: Destroyed 0 sockets, proto=IPPROTO_TCP, family=AF_INET, states=14
06-29 13:34:56.149   583   743 D InetDiagMessage: Destroyed 0 sockets, proto=IPPROTO_TCP, family=AF_INET6, states=14
06-29 13:34:56.149   583   743 D InetDiagMessage: Destroyed live tcp sockets for uids={10187} in 0ms
06-29 13:34:56.181  2107  2107 I NearbySharing: SharingTileService destroyed [CONTEXT service_id=194 ]
06-29 13:34:56.365  2845  3207 D Capacitor: Handling local request: https://localhost/api/vision/capture-requests
06-29 13:34:56.642   583   687 D ActivityManager: freezing 3668 com.google.android.ondevicepersonalization.services
06-29 13:34:56.658  2107  2134 I ChimeraPrvdrProxy: Shutting down chimera ContentProvider com.google.android.gms.reminders.provider.RemindersChimeraProvider
06-29 13:34:56.658   583   743 D InetDiagMessage: Destroyed 0 sockets, proto=IPPROTO_TCP, family=AF_INET, states=14
06-29 13:34:56.659   583   743 D InetDiagMessage: Destroyed 0 sockets, proto=IPPROTO_TCP, family=AF_INET6, states=14
06-29 13:34:56.659   583   743 D InetDiagMessage: Destroyed live tcp sockets for uids={10205} in 0ms
06-29 13:34:56.733   583   687 D ActivityManager: freezing 3178 com.google.android.apps.restore
06-29 13:34:56.846   583   743 D InetDiagMessage: Destroyed 0 sockets, proto=IPPROTO_TCP, family=AF_INET, states=14
06-29 13:34:56.846   583   743 D InetDiagMessage: Destroyed 0 sockets, proto=IPPROTO_TCP, family=AF_INET6, states=14
06-29 13:34:56.846   583   743 D InetDiagMessage: Destroyed live tcp sockets for uids={10136} in 0ms
06-29 13:34:56.916   583   687 D ActivityManager: freezing 3686 com.google.android.packageinstaller
06-29 13:34:57.354   583   687 D ActivityManager: freezing 3712 com.google.android.partnersetup
06-29 13:34:57.355  2845  2845 I Choreographer: Skipped 33 frames!  The application may be doing too much work on its main thread.
06-29 13:34:57.390  2845  3024 D EGL_emulation: app_time_stats: avg=711.57ms min=440.17ms max=982.96ms count=2
06-29 13:34:57.391   583   743 D InetDiagMessage: Destroyed 0 sockets, proto=IPPROTO_TCP, family=AF_INET, states=14
06-29 13:34:57.391   583   743 D InetDiagMessage: Destroyed 0 sockets, proto=IPPROTO_TCP, family=AF_INET6, states=14
06-29 13:34:57.391   583   743 D InetDiagMessage: Destroyed live tcp sockets for uids={10105} in 2ms
06-29 13:34:57.417   832  1309 D LocalImageResolver: Couldn't use ImageDecoder for drawable, falling back to non-resized load.
06-29 13:34:57.447   583   743 D InetDiagMessage: Destroyed 0 sockets, proto=IPPROTO_TCP, family=AF_INET, states=14
06-29 13:34:57.447   583   743 D InetDiagMessage: Destroyed 0 sockets, proto=IPPROTO_TCP, family=AF_INET6, states=14
06-29 13:34:57.447   583   743 D InetDiagMessage: Destroyed live tcp sockets for uids={10131} in 0ms
06-29 13:34:57.520   369   369 I netd    : tetherGetStats() -> {[]} <41.25ms>
06-29 13:34:57.564  2845  2863 I HWUI    : Davey! duration=742ms; Flags=0, FrameTimelineVsyncId=8336, IntendedVsync=265463910444, Vsync=266013910422, InputEventId=0, HandleInputStart=266028788500, AnimationStart=266028790166, PerformTraversalsStart=266044761625, DrawStart=266044823625, FrameDeadline=265480577110, FrameInterval=266014344750, FrameStartTime=16666666, SyncQueued=266045448500, SyncStart=266045458708, IssueDrawCommandsStart=266045483833, SwapBuffers=266048828791, FrameCompleted=266206003417, DequeueBufferDuration=2292, QueueBufferDuration=222458, GpuCompleted=266206003417, SwapBuffersCompleted=266049307083, DisplayPresentTime=0, CommandSubmissionCompleted=266048828791,
06-29 13:34:57.788   583   687 D ActivityManager: freezing 3740 com.google.android.rkpdapp
06-29 13:34:57.821   583   743 D InetDiagMessage: Destroyed 0 sockets, proto=IPPROTO_TCP, family=AF_INET, states=14
06-29 13:34:57.828   583   743 D InetDiagMessage: Destroyed 0 sockets, proto=IPPROTO_TCP, family=AF_INET6, states=14
06-29 13:34:57.828   583   743 D InetDiagMessage: Destroyed live tcp sockets for uids={10186} in 6ms
06-29 13:34:57.850   832  1309 D LocalImageResolver: Couldn't use ImageDecoder for drawable, falling back to non-resized load.
06-29 13:34:57.865  2845  3207 D Capacitor: Handling local request: https://localhost/api/vision/capture-requests
06-29 13:34:58.590  2845  3024 D EGL_emulation: app_time_stats: avg=299.91ms min=35.00ms max=643.52ms count=4
06-29 13:34:59.314  2845  3207 D Capacitor: Handling local request: https://localhost/api/vision/capture-requests
06-29 13:34:59.630  2845  3024 D EGL_emulation: app_time_stats: avg=519.96ms min=506.50ms max=533.42ms count=2
06-29 13:35:00.069  3170  3252 I AiAiEcho: Predicting[0]:  [CONTEXT sampling_count=5 ]
06-29 13:35:00.071  3170  3252 I AiAiEcho: EchoTargets:
06-29 13:35:00.071  3170  3252 I AiAiEcho: Filtered by AiAi flag check:
06-29 13:35:00.071  3170  3252 I AiAiEcho: [CONTEXT ratelimit_period="10 SECONDS" ]
06-29 13:35:00.071  3170  3252 I AiAiEcho: Ranked targets strategy: SORT, count: 0, ranking metadata:  [CONTEXT ratelimit_period="10 SECONDS" ]
06-29 13:35:00.071  3170  3252 I AiAiEcho: #remoteViewsTwiddler: feature disabled.
06-29 13:35:00.071  3170  3252 I AiAiEcho: Predicting[0]:  [CONTEXT sampling_count=5 ]
06-29 13:35:00.071  3170  3252 I AiAiEcho: EchoTargets:
06-29 13:35:00.071  3170  3252 I AiAiEcho: Filtered by AiAi flag check:
06-29 13:35:00.071  3170  3252 I AiAiEcho: [CONTEXT ratelimit_period="10 SECONDS" ]
06-29 13:35:00.071  3170  3252 I AiAiEcho: Ranked targets strategy: SORT, count: 0, ranking metadata:  [CONTEXT ratelimit_period="10 SECONDS" ]
06-29 13:35:00.071  3170  3252 I AiAiEcho: #remoteViewsTwiddler: feature disabled.
06-29 13:35:00.074   832   972 D EGL_emulation: app_time_stats: avg=24273.17ms min=24273.17ms max=24273.17ms count=1
06-29 13:35:00.075  3170  3252 I AiAiEcho: #postPredictionTargets: Sending updates to UISurface lockscreen with targets# 0 (types=[])
06-29 13:35:00.075  3170  3252 I AiAiEcho: #postPredictionTargets: Sending updates to UISurface home with targets# 0 (types=[])
06-29 13:35:00.075   832   832 W PageIndicator: Total number of pages invalid: 0. Assuming 1 page.
06-29 13:35:00.081  1288  1288 D SsBaseTemplateCard: No text view can be set up
06-29 13:35:00.081  1288  1288 D SsBaseTemplateCard: Passed-in item info is null
06-29 13:35:00.081  1288  1288 D SsBaseTemplateCard: Passed-in item info is null
06-29 13:35:00.081  1288  1288 D SsBaseTemplateCard: Passed-in item info is null
06-29 13:35:00.081  1288  1288 I SsBaseTemplateCard: Secondary card pane is null
06-29 13:35:00.496  2523  2641 I IPCThreadState: oneway function results for code 2 on binder at 0xb400006ea5123930 will be dropped but finished with status UNKNOWN_TRANSACTION
06-29 13:35:00.819  2845  3207 D Capacitor: Handling local request: https://localhost/api/vision/capture-requests
06-29 13:35:01.109  2845  3024 D EGL_emulation: app_time_stats: avg=492.96ms min=376.25ms max=574.35ms count=3
06-29 13:35:01.336   583   971 D OomAdjuster: Not killing cached processes
06-29 13:35:01.388   822   822 I wpa_supplicant: wlan0: CTRL-EVENT-BEACON-LOSS
06-29 13:35:01.697   583   743 D InetDiagMessage: Destroyed 0 sockets, proto=IPPROTO_TCP, family=AF_INET, states=14
06-29 13:35:01.698   583   743 D InetDiagMessage: Destroyed 0 sockets, proto=IPPROTO_TCP, family=AF_INET6, states=14
06-29 13:35:01.698   583   743 D InetDiagMessage: Destroyed live tcp sockets for uids={10164} in 1ms
06-29 13:35:01.698   583   743 D InetDiagMessage: Destroyed 0 sockets, proto=IPPROTO_TCP, family=AF_INET, states=14
06-29 13:35:01.698   583   743 D InetDiagMessage: Destroyed 0 sockets, proto=IPPROTO_TCP, family=AF_INET6, states=14
06-29 13:35:01.699   583   743 D InetDiagMessage: Destroyed live tcp sockets for uids={20164} in 1ms
06-29 13:35:01.757  2045  2045 I BugleDataModel: ActionExecutorImpl: Starting ActionService
06-29 13:35:01.761  2045  2045 I BugleDataModel: ActionExecutorImpl: ACTION_EXECUTE_QUEUED_SelfParticipantsRefreshAction
06-29 13:35:01.761  2045  2531 I BugleDataModel: ExecuteActionRunnable: running action SelfParticipantsRefreshAction
06-29 13:35:01.761  2045  2531 I BugleDataModel: ActionExecutorImpl: ACTION_BACKGROUND_QUEUED_SelfParticipantsRefreshAction
06-29 13:35:01.764  2045  2357 I BugleDataModel: ParticipantRefresh: ContactContentObserver created
06-29 13:35:01.769  2045  2357 I BugleDataModel: ParticipantFullRefresh: Start participant refresh. refreshMode: SELF_ONLY
06-29 13:35:01.785  2045  2357 I BugleDataModel: SubscriptionsTracker#refreshSelfParticipantList([1])
06-29 13:35:01.812  2045  2357 I BugleBackup: Registering preference change listener for "buglesub_1".
06-29 13:35:01.823  2045  2357 I Bugle   : getRawTelephonyPhoneNumber redacted-pii[12-chars] [CONTEXT sub_id=1 ]
06-29 13:35:01.832  2045  2357 I Bugle   : SubscriptionUtils.getCanonicalForSelf: self=redacted-pii[12-chars], country=US [CONTEXT sub_id=1 ]
06-29 13:35:01.836  2045  2357 I Bugle   : getRawTelephonyPhoneNumber redacted-pii[12-chars] [CONTEXT sub_id=1 ]
06-29 13:35:01.842  2045  2357 W BugleDataModel: SubscriptionsTracker: Failed to update self participants' subscription info for, subId: -1, updateCount: 0
06-29 13:35:01.860  2045  2357 I Bugle   : getRawTelephonyPhoneNumber redacted-pii[12-chars] [CONTEXT sub_id=1 ]
06-29 13:35:01.861  2045  2357 I Bugle   : SubscriptionUtils.getCanonicalForSelf: self=redacted-pii[12-chars], country=US [CONTEXT sub_id=1 ]
06-29 13:35:01.866  2045  2357 I Bugle   : getRawTelephonyPhoneNumber redacted-pii[12-chars] [CONTEXT sub_id=1 ]
06-29 13:35:01.873  2045  2357 W BugleDataModel: SubscriptionsTracker: Failed to update self participants' subscription info for, subId: 1, updateCount: 0
06-29 13:35:01.880  2045  2357 I BugleDataModel: SubscriptionsTracker bindToTrackingMap bound participants: [ParticipantId=1 subId=-1, ParticipantId=2 subId=1]
06-29 13:35:01.886  2045  2357 I Bugle   : getRawTelephonyPhoneNumber redacted-pii[12-chars] [CONTEXT sub_id=1 ]
06-29 13:35:01.887  2045  2357 I Bugle   : SubscriptionUtils.getCanonicalForSelf: self=redacted-pii[12-chars], country=US [CONTEXT sub_id=1 ]
06-29 13:35:01.907   369   369 I netd    : tetherGetStats() -> {[]} <1.26ms>
06-29 13:35:01.933  2045  2357 I Bugle   : getRawTelephonyPhoneNumber redacted-pii[12-chars] [CONTEXT sub_id=1 ]
06-29 13:35:01.933  2045  2357 I Bugle   : SubscriptionUtils.getCanonicalForSelf: self=redacted-pii[12-chars], country=US [CONTEXT sub_id=1 ]
06-29 13:35:01.952  2045  2357 I BugleDataModel: ParticipantFullRefresh: Number of participants refreshed: 0
06-29 13:35:01.954  2045  2357 I BugleDataModel: ActionExecutorImpl: ACTION_RESPONSE_QUEUED_SelfParticipantsRefreshAction
06-29 13:35:01.958  2045  2553 I BugleDataModel: ActionExecutorImpl: Stopping ActionService
06-29 13:35:01.960  2045  2553 I Bugle   : getRawTelephonyPhoneNumber redacted-pii[12-chars] [CONTEXT sub_id=1 ]
06-29 13:35:01.961  2045  2553 I Bugle   : SubscriptionUtils.getCanonicalForSelf: self=redacted-pii[12-chars], country=US [CONTEXT sub_id=1 ]
06-29 13:35:01.967  2045  2553 I BugleSelfIdentity: Nothing changed in MyIdentity as phone number does not change [CONTEXT sub_id=1 ]
06-29 13:35:01.968  2045  2167 W Bugle   : TextClassifierLibManagerImpl: Reclaiming memory at level: 40
06-29 13:35:02.315  2845  3207 D Capacitor: Handling local request: https://localhost/api/vision/capture-requests
06-29 13:35:02.428  4236  4236 W BpBinder: Linking to death on android.gui.ISurfaceComposer but there are no threads (yet?) listening to incoming transactions. See ProcessState::startThreadPool and ProcessState::setThreadPoolMaxThreadCount. Generally you should setup the binder threadpool before other initialization steps.
06-29 13:35:02.429  4236  4236 W ProcessState: Extra binder thread started, but 0 threads requested. Do not use *startThreadPool when zero threads are requested.
06-29 13:35:02.443   159   159 I hwservicemanager: getTransport: Cannot find entry android.hardware.graphics.mapper@4.0::IMapper/default in either framework or device VINTF manifest.
06-29 13:35:02.443  4236  4237 I Gralloc4: mapper 4.x is not supported
06-29 13:35:02.866   158   158 I servicemanager: Caller(pid=4236,uid=2000,sid=u:r:shell:s0) Could not find android.hardware.graphics.allocator.IAllocator/default in the VINTF manifest. No alternative instances declared in VINTF.
06-29 13:35:02.577  2845  3024 D EGL_emulation: app_time_stats: avg=489.32ms min=473.70ms max=500.71ms count=3
