06-29 13:34:46.694  3178  4105 V ClearcutMetricXmitter: Transmission is done.
06-29 13:34:46.694  3178  4105 V ClearcutMetricXmitter: Transmission is done.
06-29 13:34:46.694  1934  3656 W CCTFlatFileLogStore: Excessive logging: 32 events, 104435 bytes from log source PHENOTYPE last 0s
06-29 13:34:46.705  1934  3656 I NetworkScheduler.Stats: Task com.google.android.gms/com.google.android.gms.icing.mdh.service.MobileDataHubGcmTaskService started execution. cause:5 exec_start_elapsed_seconds: 255 [CONTEXT service_id=218 ]
06-29 13:34:46.709  1934  3338 I NetworkScheduler.Stats: Task com.google.android.gms/com.google.android.gms.icing.mdh.service.MobileDataHubGcmTaskService finished executing. cause:5 result: 2 elapsed_millis: 9 uptime_millis: 9 exec_start_elapsed_seconds: 255 [CONTEXT service_id=218 ]
06-29 13:34:46.752  1934  2979 I HeterodyneSyncScheduler: Scheduling adaptive one off task with window [14400, 604800] in seconds [CONTEXT service_id=51 ]
06-29 13:34:46.815  2107  2107 D BoundBrokerSvc: onBind: Intent { act=com.google.android.gms.semanticlocationhistory.deidentifieddata.storevisits.StoreVisitsProcessingService.ACTION_TASK_READY dat=chimera-action:/... cmp=com.google.android.gms/.chimera.GmsInternalBoundBrokerService }
06-29 13:34:46.815  2107  2107 D BoundBrokerSvc: Loading bound service for intent: Intent { act=com.google.android.gms.semanticlocationhistory.deidentifieddata.storevisits.StoreVisitsProcessingService.ACTION_TASK_READY dat=chimera-action:/... cmp=com.google.android.gms/.chimera.GmsInternalBoundBrokerService }
06-29 13:34:46.845  1934  3656 I NetworkScheduler.Stats: Task com.google.android.gms/com.google.android.gms.semanticlocationhistory.deidentifieddata.storevisits.StoreVisitsProcessingService started execution. cause:5 exec_start_elapsed_seconds: 255 [CONTEXT service_id=218 ]
06-29 13:34:47.089  1934  1934 I NearbyFastPair: DynamicSupportModule: doReceive update intent [CONTEXT service_id=265 ]
06-29 13:34:47.099  1934  3751 I NearbyFastPair: DynamicSupportModule: onSupportStateUpdate start [CONTEXT service_id=265 ]
06-29 13:34:47.099  1934  3751 I NearbyFastPair: DynamicSupportModule: onSupportStateUpdate end [CONTEXT service_id=265 ]
06-29 13:34:47.119  1934  4159 W PlatformConfigurator: Update for unknown DeviceConfig package com.google.android.gms.pay [CONTEXT service_id=204 ]
06-29 13:34:47.119  1934  4159 W PlatformConfigurator: daaf: No package exists for config package: com.google.android.gms.pay
06-29 13:34:47.119  1934  4159 W PlatformConfigurator: 	at com.google.android.gms.platformconfigurator.PhenotypeConfigurationUpdateListener.b(:com.google.android.gms@242335038@24.23.35 (190400-646585959):233)
06-29 13:34:47.119  1934  4159 W PlatformConfigurator: 	at com.google.android.gms.platformconfigurator.PhenotypeConfigurationUpdateListener.a(:com.google.android.gms@242335038@24.23.35 (190400-646585959):29)
06-29 13:34:47.119  1934  4159 W PlatformConfigurator: 	at com.google.android.gms.platformconfigurator.PhenotypeConfigurationUpdateListener.onHandleIntent(:com.google.android.gms@242335038@24.23.35 (190400-646585959):207)
06-29 13:34:47.119  1934  4159 W PlatformConfigurator: 	at com.google.android.chimera.IntentOperation.onHandleIntent(:com.google.android.gms@242335038@24.23.35 (190400-646585959):2)
06-29 13:34:47.119  1934  4159 W PlatformConfigurator: 	at ajom.onHandleIntent(:com.google.android.gms@242335038@24.23.35 (190400-646585959):8)
06-29 13:34:47.119  1934  4159 W PlatformConfigurator: 	at pkf.run(:com.google.android.gms@242335038@24.23.35 (190400-646585959):70)
06-29 13:34:47.119  1934  4159 W PlatformConfigurator: 	at pke.run(:com.google.android.gms@242335038@24.23.35 (190400-646585959):152)
06-29 13:34:47.119  1934  4159 W PlatformConfigurator: 	at emsz.run(:com.google.android.gms@242335038@24.23.35 (190400-646585959):21)
06-29 13:34:47.119  1934  4159 W PlatformConfigurator: 	at java.util.concurrent.ThreadPoolExecutor.runWorker(ThreadPoolExecutor.java:1145)
06-29 13:34:47.119  1934  4159 W PlatformConfigurator: 	at java.util.concurrent.ThreadPoolExecutor$Worker.run(ThreadPoolExecutor.java:644)
06-29 13:34:47.119  1934  4159 W PlatformConfigurator: 	at java.lang.Thread.run(Thread.java:1012)
06-29 13:34:47.180  1934  2979 I NetworkScheduler.Stats: Task com.google.android.gms/com.google.android.gms.phenotype.service.sync.PhenotypeConfigurator finished executing. cause:5 result: 1 elapsed_millis: 13165 uptime_millis: 13165 exec_start_elapsed_seconds: 242 [CONTEXT service_id=218 ]
06-29 13:34:47.184  2107  4160 I Pay     : A Phenotype flag has been updated. [CONTEXT service_id=198 ]
06-29 13:34:47.190  2107  2134 D nativeloader: Load /product/priv-app/PrebuiltGmsCore/PrebuiltGmsCore.apk!/lib/arm64-v8a/libgeller_jni_lite_lib.so using ns product-clns-9 from class loader (caller=/product/priv-app/PrebuiltGmsCore/PrebuiltGmsCore.apk!classes3.dex): ok
06-29 13:34:47.215  2107  4160 I Pay     : Requested check of feature migrations. [CONTEXT service_id=198 ]
06-29 13:34:47.217  2107  4160 I Pay     : Scheduling sync auth setting task. [CONTEXT service_id=198 ]
06-29 13:34:47.228  2107  4173 W ModuleInitIntentOp: Dropping unexpected action com.google.android.gms.phenotype.COMMITTED
06-29 13:34:47.229  2107  4178 W ModuleInitIntentOp: Dropping unexpected action com.google.android.gms.phenotype.COMMITTED
06-29 13:34:47.229  2107  4175 W ModuleInitIntentOp: Dropping unexpected action com.google.android.gms.phenotype.COMMITTED
06-29 13:34:47.230  2107  4174 I SyncIntentOperation: Handling the intent: Intent { act=com.google.android.gms.phenotype.COMMITTED pkg=com.google.android.gms cmp=com.google.android.gms/.chimera.GmsIntentOperationService (has extras) }. [CONTEXT service_id=80 ]
06-29 13:34:47.231  1934  4166 W PlatformConfigurator: Update for unknown DeviceConfig package com.google.android.gms.smartdevice [CONTEXT service_id=204 ]
06-29 13:34:47.231  1934  4166 W PlatformConfigurator: daaf: No package exists for config package: com.google.android.gms.smartdevice
06-29 13:34:47.231  1934  4166 W PlatformConfigurator: 	at com.google.android.gms.platformconfigurator.PhenotypeConfigurationUpdateListener.b(:com.google.android.gms@242335038@24.23.35 (190400-646585959):233)
06-29 13:34:47.231  1934  4166 W PlatformConfigurator: 	at com.google.android.gms.platformconfigurator.PhenotypeConfigurationUpdateListener.a(:com.google.android.gms@242335038@24.23.35 (190400-646585959):29)
06-29 13:34:47.231  1934  4166 W PlatformConfigurator: 	at com.google.android.gms.platformconfigurator.PhenotypeConfigurationUpdateListener.onHandleIntent(:com.google.android.gms@242335038@24.23.35 (190400-646585959):207)
06-29 13:34:47.231  1934  4166 W PlatformConfigurator: 	at com.google.android.chimera.IntentOperation.onHandleIntent(:com.google.android.gms@242335038@24.23.35 (190400-646585959):2)
06-29 13:34:47.231  1934  4166 W PlatformConfigurator: 	at ajom.onHandleIntent(:com.google.android.gms@242335038@24.23.35 (190400-646585959):8)
06-29 13:34:47.231  1934  4166 W PlatformConfigurator: 	at pkf.run(:com.google.android.gms@242335038@24.23.35 (190400-646585959):70)
06-29 13:34:47.231  1934  4166 W PlatformConfigurator: 	at pke.run(:com.google.android.gms@242335038@24.23.35 (190400-646585959):152)
06-29 13:34:47.231  1934  4166 W PlatformConfigurator: 	at emsz.run(:com.google.android.gms@242335038@24.23.35 (190400-646585959):21)
06-29 13:34:47.231  1934  4166 W PlatformConfigurator: 	at java.util.concurrent.ThreadPoolExecutor.runWorker(ThreadPoolExecutor.java:1145)
06-29 13:34:47.231  1934  4166 W PlatformConfigurator: 	at java.util.concurrent.ThreadPoolExecutor$Worker.run(ThreadPoolExecutor.java:644)
06-29 13:34:47.231  1934  4166 W PlatformConfigurator: 	at java.lang.Thread.run(Thread.java:1012)
06-29 13:34:47.258  2107  4175 I MdiSyncModule: flag handling is skipping irrelevant intent.
06-29 13:34:47.258  2107  4175 I MlBenchmarkInstaller: Intent: com.google.android.gms.phenotype.COMMITTED [CONTEXT service_id=340 ]
06-29 13:34:47.258  2107  4175 I MlBenchmarkInstaller: COMMITTED Extra package name: com.google.android.gms.smartdevice [CONTEXT service_id=340 ]
06-29 13:34:47.259  2107  4173 W ModuleInitIntentOp: Dropping unexpected action com.google.android.gms.phenotype.COMMITTED
06-29 13:34:47.259  2107  4174 I LocationHistory: [IntentOperation] Handling action com.google.android.gms.phenotype.COMMITTED [CONTEXT service_id=314 ]
06-29 13:34:47.261  1934  4171 I PTCommittedOperation: Receive new configuration for com.google.android.gms.smartdevice
06-29 13:34:47.261  2107  4173 I GmsSyncPolicyEngine: Periodic sync 1 disabled by policy, cancelled.
06-29 13:34:47.261  2107  4173 I GmsSyncPolicyEngine: Periodic sync 2 disabled by policy, cancelled.
06-29 13:34:47.262  2107  4173 I GmsSyncPolicyEngine: Periodic sync 3 disabled by policy, cancelled.
06-29 13:34:47.266  1934  4170 W PlatformConfigurator: Update for unknown DeviceConfig package com.google.android.gms.phenotype [CONTEXT service_id=204 ]
06-29 13:34:47.266  1934  4170 W PlatformConfigurator: daaf: No package exists for config package: com.google.android.gms.phenotype
06-29 13:34:47.266  1934  4170 W PlatformConfigurator: 	at com.google.android.gms.platformconfigurator.PhenotypeConfigurationUpdateListener.b(:com.google.android.gms@242335038@24.23.35 (190400-646585959):233)
06-29 13:34:47.266  1934  4170 W PlatformConfigurator: 	at com.google.android.gms.platformconfigurator.PhenotypeConfigurationUpdateListener.a(:com.google.android.gms@242335038@24.23.35 (190400-646585959):29)
06-29 13:34:47.266  1934  4170 W PlatformConfigurator: 	at com.google.android.gms.platformconfigurator.PhenotypeConfigurationUpdateListener.onHandleIntent(:com.google.android.gms@242335038@24.23.35 (190400-646585959):207)
06-29 13:34:47.266  1934  4170 W PlatformConfigurator: 	at com.google.android.chimera.IntentOperation.onHandleIntent(:com.google.android.gms@242335038@24.23.35 (190400-646585959):2)
06-29 13:34:47.266  1934  4170 W PlatformConfigurator: 	at ajom.onHandleIntent(:com.google.android.gms@242335038@24.23.35 (190400-646585959):8)
06-29 13:34:47.266  1934  4170 W PlatformConfigurator: 	at pkf.run(:com.google.android.gms@242335038@24.23.35 (190400-646585959):70)
06-29 13:34:47.266  1934  4170 W PlatformConfigurator: 	at pke.run(:com.google.android.gms@242335038@24.23.35 (190400-646585959):152)
06-29 13:34:47.266  1934  4170 W PlatformConfigurator: 	at emsz.run(:com.google.android.gms@242335038@24.23.35 (190400-646585959):21)
06-29 13:34:47.266  1934  4170 W PlatformConfigurator: 	at java.util.concurrent.ThreadPoolExecutor.runWorker(ThreadPoolExecutor.java:1145)
06-29 13:34:47.266  1934  4170 W PlatformConfigurator: 	at java.util.concurrent.ThreadPoolExecutor$Worker.run(ThreadPoolExecutor.java:644)
06-29 13:34:47.266  1934  4170 W PlatformConfigurator: 	at java.lang.Thread.run(Thread.java:1012)
06-29 13:34:47.276   583   743 D InetDiagMessage: Destroyed 0 sockets, proto=IPPROTO_TCP, family=AF_INET, states=14
06-29 13:34:47.276   583   743 D InetDiagMessage: Destroyed 0 sockets, proto=IPPROTO_TCP, family=AF_INET6, states=14
06-29 13:34:47.276   583   743 D InetDiagMessage: Destroyed live tcp sockets for uids={10131} in 1ms
06-29 13:34:47.276   583   743 D InetDiagMessage: Destroyed 0 sockets, proto=IPPROTO_TCP, family=AF_INET, states=14
06-29 13:34:47.276   583   743 D InetDiagMessage: Destroyed 0 sockets, proto=IPPROTO_TCP, family=AF_INET6, states=14
06-29 13:34:47.276   583   743 D InetDiagMessage: Destroyed live tcp sockets for uids={20131} in 0ms
06-29 13:34:47.277  1934  4170 W PlatformConfigurator: Update for unknown DeviceConfig package com.google.android.gms.backup [CONTEXT service_id=204 ]
06-29 13:34:47.277  1934  4170 W PlatformConfigurator: daaf: No package exists for config package: com.google.android.gms.backup
06-29 13:34:47.277  1934  4170 W PlatformConfigurator: 	at com.google.android.gms.platformconfigurator.PhenotypeConfigurationUpdateListener.b(:com.google.android.gms@242335038@24.23.35 (190400-646585959):233)
06-29 13:34:47.277  1934  4170 W PlatformConfigurator: 	at com.google.android.gms.platformconfigurator.PhenotypeConfigurationUpdateListener.a(:com.google.android.gms@242335038@24.23.35 (190400-646585959):29)
06-29 13:34:47.277  1934  4170 W PlatformConfigurator: 	at com.google.android.gms.platformconfigurator.PhenotypeConfigurationUpdateListener.onHandleIntent(:com.google.android.gms@242335038@24.23.35 (190400-646585959):207)
06-29 13:34:47.277  1934  4170 W PlatformConfigurator: 	at com.google.android.chimera.IntentOperation.onHandleIntent(:com.google.android.gms@242335038@24.23.35 (190400-646585959):2)
06-29 13:34:47.277  1934  4170 W PlatformConfigurator: 	at ajom.onHandleIntent(:com.google.android.gms@242335038@24.23.35 (190400-646585959):8)
06-29 13:34:47.277  1934  4170 W PlatformConfigurator: 	at pkf.run(:com.google.android.gms@242335038@24.23.35 (190400-646585959):70)
06-29 13:34:47.277  1934  4170 W PlatformConfigurator: 	at pke.run(:com.google.android.gms@242335038@24.23.35 (190400-646585959):152)
06-29 13:34:47.277  1934  4170 W PlatformConfigurator: 	at emsz.run(:com.google.android.gms@242335038@24.23.35 (190400-646585959):21)
06-29 13:34:47.277  1934  4170 W PlatformConfigurator: 	at java.util.concurrent.ThreadPoolExecutor.runWorker(ThreadPoolExecutor.java:1145)
06-29 13:34:47.277  1934  4170 W PlatformConfigurator: 	at java.util.concurrent.ThreadPoolExecutor$Worker.run(ThreadPoolExecutor.java:644)
06-29 13:34:47.277  1934  4170 W PlatformConfigurator: 	at java.lang.Thread.run(Thread.java:1012)
06-29 13:34:47.284  1934  3561 I NetworkScheduler.Stats: Task com.google.android.gms/com.google.android.gms.semanticlocationhistory.deidentifieddata.storevisits.StoreVisitsProcessingService finished executing. cause:5 result: 1 elapsed_millis: 502 uptime_millis: 502 exec_start_elapsed_seconds: 255 [CONTEXT service_id=218 ]
06-29 13:34:47.302  2107  2107 D BoundBrokerSvc: onBind: Intent { act=com.google.android.gms.semanticlocationhistory.federated.regionfetcher.RegionMddDownloadScheduleService.ACTION_TASK_READY dat=chimera-action:/... cmp=com.google.android.gms/.chimera.GmsInternalBoundBrokerService }
06-29 13:34:47.302  2107  2107 D BoundBrokerSvc: Loading bound service for intent: Intent { act=com.google.android.gms.semanticlocationhistory.federated.regionfetcher.RegionMddDownloadScheduleService.ACTION_TASK_READY dat=chimera-action:/... cmp=com.google.android.gms/.chimera.GmsInternalBoundBrokerService }
06-29 13:34:47.303  2107  4188 V Backup  : [CustomDownloadSchedulingIO] Received Action: com.google.android.gms.phenotype.com.google.android.gms.backup.COMMITTED
06-29 13:34:47.303  2107  4188 V Backup  : [CustomDownloadSchedulingIO] customBackupDownloadEnableSuwTriggerWithGmsUpdateCheck flag on
06-29 13:34:47.303  2107  4176 W Backup  : [GmsBackupSchedulerIO] Intent not supported: com.google.android.gms.phenotype.com.google.android.gms.backup.COMMITTED
06-29 13:34:47.303  2107  4187 V Backup  : [G1ModuleInitIntentOperation] Flags updated
06-29 13:34:47.303  2107  4187 V Backup  : [G1ModuleInitIntentOperation] Running restore operation is disabled by flag
06-29 13:34:47.303  2107  4187 W ChimeraUtils: Module com.google.android.gms.backup_g1 missing resource null(0)
06-29 13:34:47.304  2107  4187 W ChimeraUtils: Module com.google.android.gms.backup_g1 missing resource null(0)
06-29 13:34:47.304  2107  4187 W ChimeraUtils: Module com.google.android.gms.backup_g1 missing resource null(0)
06-29 13:34:47.305  2107  2107 D BoundBrokerSvc: onUnbind: Intent { act=com.google.android.gms.semanticlocationhistory.deidentifieddata.storevisits.StoreVisitsProcessingService.ACTION_TASK_READY dat=chimera-action:/... cmp=com.google.android.gms/.chimera.GmsInternalBoundBrokerService }
06-29 13:34:47.321  2845  3207 D Capacitor: Handling local request: https://localhost/api/vision/capture-requests
06-29 13:34:47.340  2107  2134 I LocationHistory: Account-level location setting is turned off. [CONTEXT service_id=314 ]
06-29 13:34:47.349  2107  2107 D BoundBrokerSvc: onUnbind: Intent { act=com.google.android.gms.semanticlocationhistory.federated.regionfetcher.RegionMddDownloadScheduleService.ACTION_TASK_READY dat=chimera-action:/... cmp=com.google.android.gms/.chimera.GmsInternalBoundBrokerService }
06-29 13:34:47.354  1934  3561 I NetworkScheduler.Stats: Task com.google.android.gms/com.google.android.gms.semanticlocationhistory.federated.regionfetcher.RegionMddDownloadScheduleService started execution. cause:5 exec_start_elapsed_seconds: 255 [CONTEXT service_id=218 ]
06-29 13:34:47.358  1934  3561 I NetworkScheduler.Stats: Task com.google.android.gms/com.google.android.gms.semanticlocationhistory.federated.regionfetcher.RegionMddDownloadScheduleService finished executing. cause:5 result: 2 elapsed_millis: 61 uptime_millis: 61 exec_start_elapsed_seconds: 255 [CONTEXT service_id=218 ]
06-29 13:34:47.368  2107  4187 W ModuleInitIntentOp: Dropping unexpected action com.google.android.gms.phenotype.COMMITTED
06-29 13:34:47.368  2107  4187 W ModuleInitIntentOp: Dropping unexpected action com.google.android.gms.phenotype.COMMITTED
06-29 13:34:47.369  2107  4160 W ModuleInitIntentOp: Dropping unexpected action com.google.android.gms.phenotype.COMMITTED
06-29 13:34:47.369  2107  4160 I SyncIntentOperation: Handling the intent: Intent { act=com.google.android.gms.phenotype.COMMITTED pkg=com.google.android.gms cmp=com.google.android.gms/.chimera.GmsIntentOperationService (has extras) }. [CONTEXT service_id=80 ]
06-29 13:34:47.375  2107  4186 I MdiSyncModule: flag handling is skipping irrelevant intent.
06-29 13:34:47.375  2107  4175 I MlBenchmarkInstaller: Intent: com.google.android.gms.phenotype.COMMITTED [CONTEXT service_id=340 ]
06-29 13:34:47.375  2107  4175 I MlBenchmarkInstaller: COMMITTED Extra package name: com.google.android.gms.auth_account [CONTEXT service_id=340 ]
06-29 13:34:47.375  2107  4178 W ModuleInitIntentOp: Dropping unexpected action com.google.android.gms.phenotype.COMMITTED
06-29 13:34:47.376  2107  4178 I GmsSyncPolicyEngine: Periodic sync 1 disabled by policy, cancelled.
06-29 13:34:47.376  2107  4178 I GmsSyncPolicyEngine: Periodic sync 2 disabled by policy, cancelled.
06-29 13:34:47.376  2107  4178 I GmsSyncPolicyEngine: Periodic sync 3 disabled by policy, cancelled.
06-29 13:34:47.376  2107  4178 I LocationHistory: [IntentOperation] Handling action com.google.android.gms.phenotype.COMMITTED [CONTEXT service_id=314 ]
06-29 13:34:47.382  1934  4167 I PTCommittedOperation: Receive new configuration for com.google.android.gms.auth_account
06-29 13:34:47.404  2107  2418 I MdiSyncModule: Dispatching task '2_PERIODIC'...
06-29 13:34:47.404  2107  2418 I MdiSyncModule: Running singleton-scoped task '2 PERIODIC (2_PERIODIC)'...
06-29 13:34:47.414  1934  4162 W PlatformConfigurator: Update for unknown DeviceConfig package com.google.android.gms.auth_account [CONTEXT service_id=204 ]
06-29 13:34:47.414  1934  4162 W PlatformConfigurator: daaf: No package exists for config package: com.google.android.gms.auth_account
06-29 13:34:47.414  1934  4162 W PlatformConfigurator: 	at com.google.android.gms.platformconfigurator.PhenotypeConfigurationUpdateListener.b(:com.google.android.gms@242335038@24.23.35 (190400-646585959):233)
06-29 13:34:47.414  1934  4162 W PlatformConfigurator: 	at com.google.android.gms.platformconfigurator.PhenotypeConfigurationUpdateListener.a(:com.google.android.gms@242335038@24.23.35 (190400-646585959):29)
06-29 13:34:47.414  1934  4162 W PlatformConfigurator: 	at com.google.android.gms.platformconfigurator.PhenotypeConfigurationUpdateListener.onHandleIntent(:com.google.android.gms@242335038@24.23.35 (190400-646585959):207)
06-29 13:34:47.414  1934  4162 W PlatformConfigurator: 	at com.google.android.chimera.IntentOperation.onHandleIntent(:com.google.android.gms@242335038@24.23.35 (190400-646585959):2)
06-29 13:34:47.414  1934  4162 W PlatformConfigurator: 	at ajom.onHandleIntent(:com.google.android.gms@242335038@24.23.35 (190400-646585959):8)
06-29 13:34:47.414  1934  4162 W PlatformConfigurator: 	at pkf.run(:com.google.android.gms@242335038@24.23.35 (190400-646585959):70)
06-29 13:34:47.414  1934  4162 W PlatformConfigurator: 	at pke.run(:com.google.android.gms@242335038@24.23.35 (190400-646585959):152)
06-29 13:34:47.414  1934  4162 W PlatformConfigurator: 	at emsz.run(:com.google.android.gms@242335038@24.23.35 (190400-646585959):21)
06-29 13:34:47.414  1934  4162 W PlatformConfigurator: 	at java.util.concurrent.ThreadPoolExecutor.runWorker(ThreadPoolExecutor.java:1145)
06-29 13:34:47.414  1934  4162 W PlatformConfigurator: 	at java.util.concurrent.ThreadPoolExecutor$Worker.run(ThreadPoolExecutor.java:644)
06-29 13:34:47.414  1934  4162 W PlatformConfigurator: 	at java.lang.Thread.run(Thread.java:1012)
06-29 13:34:47.429  1934  3561 I NetworkScheduler.Stats: Task com.google.android.gms/com.google.android.gms.mdisync.service.MdiSyncBackgroundTaskService started execution. cause:5 exec_start_elapsed_seconds: 256 [CONTEXT service_id=218 ]
06-29 13:34:47.464  2107  2107 D BoundBrokerSvc: onBind: Intent { act=com.google.android.gms.semanticlocationhistory.deidentifieddata.uploads.BatchDeidentifiedDataUploadService.ACTION_TASK_READY dat=chimera-action:/... cmp=com.google.android.gms/.chimera.GmsInternalBoundBrokerService }
06-29 13:34:47.464  2107  2107 D BoundBrokerSvc: Loading bound service for intent: Intent { act=com.google.android.gms.semanticlocationhistory.deidentifieddata.uploads.BatchDeidentifiedDataUploadService.ACTION_TASK_READY dat=chimera-action:/... cmp=com.google.android.gms/.chimera.GmsInternalBoundBrokerService }
06-29 13:34:47.470  1934  3561 I NetworkScheduler.Stats: Task com.google.android.gms/com.google.android.gms.semanticlocationhistory.deidentifieddata.uploads.BatchDeidentifiedDataUploadService started execution. cause:5 exec_start_elapsed_seconds: 256 [CONTEXT service_id=218 ]
06-29 13:34:47.503  1934  4197 W PlatformConfigurator: Update for unknown DeviceConfig package com.google.android.gms.nearby [CONTEXT service_id=204 ]
06-29 13:34:47.503  1934  4197 W PlatformConfigurator: daaf: No package exists for config package: com.google.android.gms.nearby
06-29 13:34:47.503  1934  4197 W PlatformConfigurator: 	at com.google.android.gms.platformconfigurator.PhenotypeConfigurationUpdateListener.b(:com.google.android.gms@242335038@24.23.35 (190400-646585959):233)
06-29 13:34:47.503  1934  4197 W PlatformConfigurator: 	at com.google.android.gms.platformconfigurator.PhenotypeConfigurationUpdateListener.a(:com.google.android.gms@242335038@24.23.35 (190400-646585959):29)
06-29 13:34:47.503  1934  4197 W PlatformConfigurator: 	at com.google.android.gms.platformconfigurator.PhenotypeConfigurationUpdateListener.onHandleIntent(:com.google.android.gms@242335038@24.23.35 (190400-646585959):207)
06-29 13:34:47.503  1934  4197 W PlatformConfigurator: 	at com.google.android.chimera.IntentOperation.onHandleIntent(:com.google.android.gms@242335038@24.23.35 (190400-646585959):2)
06-29 13:34:47.503  1934  4197 W PlatformConfigurator: 	at ajom.onHandleIntent(:com.google.android.gms@242335038@24.23.35 (190400-646585959):8)
06-29 13:34:47.503  1934  4197 W PlatformConfigurator: 	at pkf.run(:com.google.android.gms@242335038@24.23.35 (190400-646585959):70)
06-29 13:34:47.503  1934  4197 W PlatformConfigurator: 	at pke.run(:com.google.android.gms@242335038@24.23.35 (190400-646585959):152)
06-29 13:34:47.503  1934  4197 W PlatformConfigurator: 	at emsz.run(:com.google.android.gms@242335038@24.23.35 (190400-646585959):21)
06-29 13:34:47.503  1934  4197 W PlatformConfigurator: 	at java.util.concurrent.ThreadPoolExecutor.runWorker(ThreadPoolExecutor.java:1145)
06-29 13:34:47.503  1934  4197 W PlatformConfigurator: 	at java.util.concurrent.ThreadPoolExecutor$Worker.run(ThreadPoolExecutor.java:644)
06-29 13:34:47.503  1934  4197 W PlatformConfigurator: 	at java.lang.Thread.run(Thread.java:1012)
06-29 13:34:47.508  1934  4197 I NearbyConnections: Runtime state initialization complete. Nearby connections setting is disabled
06-29 13:34:47.511  1934  3752 I Nearby  : Beginning attempt #1 for RestoreDeviceName... [CONTEXT service_id=49 ]
06-29 13:34:47.526  2107  4176 I NearbyFastPair: TaskSchedulerUtils cancelTask TAG_FOOTPRINTS_PERIODIC_SCHEDULE success. [CONTEXT service_id=265 ]
06-29 13:34:47.538  1934  3752 I NearbyMediums: BluetoothAdapter's name was not set by Nearby Connections, ignoring call to restore default scan mode.
06-29 13:34:47.542  2107  4187 I NearbySharing: onBindSlice failed since shareTargets is empty [CONTEXT service_id=194 ]
06-29 13:34:47.545  2107  4187 I NearbySharing: Granted slice and uri permissions to com.samsung.android.app.nearbyshare.theme [CONTEXT service_id=194 ]
06-29 13:34:47.545  2107  4187 I NearbySharing: Granted slice and uri permissions to android [CONTEXT service_id=194 ]
06-29 13:34:47.550  2107  4187 I NearbySharing: Granted slice and uri permissions to com.google.android.apps.nbu.files [CONTEXT service_id=194 ]
06-29 13:34:47.551  2107  4187 I NearbySharing: Granted slice and uri permissions to com.samsung.android.app.sharelive [CONTEXT service_id=194 ]
06-29 13:34:47.553  2107  4187 I NearbySharing: Runtime state initialization complete. Sharing is enabled. [CONTEXT service_id=194 ]
06-29 13:34:47.559  1934  1934 I NearbySharing: ReceiveSurfaceService started [CONTEXT service_id=194 ]
06-29 13:34:47.559  1934  1934 I NearbySharing: SendSurfaceService started [CONTEXT service_id=194 ]
06-29 13:34:47.564  1934  3752 I NearbyMediums: BluetoothAdapter's name was not set by Nearby Connections, ignoring call to restore device name
06-29 13:34:47.568  2107  2418 I MdiSyncModule: Singleton-scoped task '2 PERIODIC (2_PERIODIC)' finished with result '0'!
06-29 13:34:47.568  2107  2418 I MdiSyncModule: Task '2 PERIODIC (2_PERIODIC)' finished with result '0'!
06-29 13:34:47.569  1934  3656 I NetworkScheduler.Stats: Task com.google.android.gms/com.google.android.gms.mdisync.service.MdiSyncBackgroundTaskService finished executing. cause:5 result: 1 elapsed_millis: 200 uptime_millis: 200 exec_start_elapsed_seconds: 256 [CONTEXT service_id=218 ]
06-29 13:34:47.571  2107  4187 I Pay     : A Phenotype flag has been updated. [CONTEXT service_id=198 ]
06-29 13:34:47.573  1934  4193 W PlatformConfigurator: Update for unknown DeviceConfig package com.google.android.gms.pay [CONTEXT service_id=204 ]
06-29 13:34:47.573  1934  4193 W PlatformConfigurator: daaf: No package exists for config package: com.google.android.gms.pay
06-29 13:34:47.573  1934  4193 W PlatformConfigurator: 	at com.google.android.gms.platformconfigurator.PhenotypeConfigurationUpdateListener.b(:com.google.android.gms@242335038@24.23.35 (190400-646585959):233)
06-29 13:34:47.573  1934  4193 W PlatformConfigurator: 	at com.google.android.gms.platformconfigurator.PhenotypeConfigurationUpdateListener.a(:com.google.android.gms@242335038@24.23.35 (190400-646585959):29)
06-29 13:34:47.573  1934  4193 W PlatformConfigurator: 	at com.google.android.gms.platformconfigurator.PhenotypeConfigurationUpdateListener.onHandleIntent(:com.google.android.gms@242335038@24.23.35 (190400-646585959):207)
06-29 13:34:47.573  1934  4193 W PlatformConfigurator: 	at com.google.android.chimera.IntentOperation.onHandleIntent(:com.google.android.gms@242335038@24.23.35 (190400-646585959):2)
06-29 13:34:47.573  1934  4193 W PlatformConfigurator: 	at ajom.onHandleIntent(:com.google.android.gms@242335038@24.23.35 (190400-646585959):8)
06-29 13:34:47.573  1934  4193 W PlatformConfigurator: 	at pkf.run(:com.google.android.gms@242335038@24.23.35 (190400-646585959):70)
06-29 13:34:47.573  1934  4193 W PlatformConfigurator: 	at pke.run(:com.google.android.gms@242335038@24.23.35 (190400-646585959):152)
06-29 13:34:47.573  1934  4193 W PlatformConfigurator: 	at emsz.run(:com.google.android.gms@242335038@24.23.35 (190400-646585959):21)
06-29 13:34:47.573  1934  4193 W PlatformConfigurator: 	at java.util.concurrent.ThreadPoolExecutor.runWorker(ThreadPoolExecutor.java:1145)
06-29 13:34:47.573  1934  4193 W PlatformConfigurator: 	at java.util.concurrent.ThreadPoolExecutor$Worker.run(ThreadPoolExecutor.java:644)
06-29 13:34:47.573  1934  4193 W PlatformConfigurator: 	at java.lang.Thread.run(Thread.java:1012)
06-29 13:34:47.576  2107  4187 I Pay     : Requested check of feature migrations. [CONTEXT service_id=198 ]
06-29 13:34:47.577  2107  4187 I Pay     : Scheduling sync auth setting task. [CONTEXT service_id=198 ]
06-29 13:34:47.580  2107  2107 D BoundBrokerSvc: onUnbind: Intent { act=com.google.android.gms.semanticlocationhistory.deidentifieddata.uploads.BatchDeidentifiedDataUploadService.ACTION_TASK_READY dat=chimera-action:/... cmp=com.google.android.gms/.chimera.GmsInternalBoundBrokerService }
06-29 13:34:47.581  2107  4191 W ModuleInitIntentOp: Dropping unexpected action com.google.android.gms.phenotype.COMMITTED
06-29 13:34:47.582  2107  4191 W ModuleInitIntentOp: Dropping unexpected action com.google.android.gms.phenotype.COMMITTED
06-29 13:34:47.582  1934  3237 I NetworkScheduler.Stats: Task com.google.android.gms/com.google.android.gms.semanticlocationhistory.deidentifieddata.uploads.BatchDeidentifiedDataUploadService finished executing. cause:5 result: 1 elapsed_millis: 129 uptime_millis: 129 exec_start_elapsed_seconds: 256 [CONTEXT service_id=218 ]
06-29 13:34:47.582  2107  4176 W ModuleInitIntentOp: Dropping unexpected action com.google.android.gms.phenotype.COMMITTED
06-29 13:34:47.583  2107  4176 I SyncIntentOperation: Handling the intent: Intent { act=com.google.android.gms.phenotype.COMMITTED pkg=com.google.android.gms cmp=com.google.android.gms/.chimera.GmsIntentOperationService (has extras) }. [CONTEXT service_id=80 ]
06-29 13:34:47.583  2107  4160 I MdiSyncModule: flag handling is skipping irrelevant intent.
06-29 13:34:47.583  2107  4191 I MlBenchmarkInstaller: Intent: com.google.android.gms.phenotype.COMMITTED [CONTEXT service_id=340 ]
06-29 13:34:47.583  2107  4191 I MlBenchmarkInstaller: COMMITTED Extra package name: com.google.android.gms.smartdevice [CONTEXT service_id=340 ]
06-29 13:34:47.583  2107  4160 W ModuleInitIntentOp: Dropping unexpected action com.google.android.gms.phenotype.COMMITTED
06-29 13:34:47.584  2107  4160 I GmsSyncPolicyEngine: Periodic sync 1 disabled by policy, cancelled.
06-29 13:34:47.584  2107  4160 I GmsSyncPolicyEngine: Periodic sync 2 disabled by policy, cancelled.
06-29 13:34:47.584  1934  4190 I PTCommittedOperation: Receive new configuration for com.google.android.gms.smartdevice
06-29 13:34:47.584  2107  4160 I GmsSyncPolicyEngine: Periodic sync 3 disabled by policy, cancelled.
06-29 13:34:47.585  2107  4160 I LocationHistory: [IntentOperation] Handling action com.google.android.gms.phenotype.COMMITTED [CONTEXT service_id=314 ]
06-29 13:34:47.585  1934  4193 W PlatformConfigurator: Update for unknown DeviceConfig package com.google.android.gms.smartdevice [CONTEXT service_id=204 ]
06-29 13:34:47.585  1934  4193 W PlatformConfigurator: daaf: No package exists for config package: com.google.android.gms.smartdevice
06-29 13:34:47.585  1934  4193 W PlatformConfigurator: 	at com.google.android.gms.platformconfigurator.PhenotypeConfigurationUpdateListener.b(:com.google.android.gms@242335038@24.23.35 (190400-646585959):233)
06-29 13:34:47.585  1934  4193 W PlatformConfigurator: 	at com.google.android.gms.platformconfigurator.PhenotypeConfigurationUpdateListener.a(:com.google.android.gms@242335038@24.23.35 (190400-646585959):29)
06-29 13:34:47.585  1934  4193 W PlatformConfigurator: 	at com.google.android.gms.platformconfigurator.PhenotypeConfigurationUpdateListener.onHandleIntent(:com.google.android.gms@242335038@24.23.35 (190400-646585959):207)
06-29 13:34:47.585  1934  4193 W PlatformConfigurator: 	at com.google.android.chimera.IntentOperation.onHandleIntent(:com.google.android.gms@242335038@24.23.35 (190400-646585959):2)
06-29 13:34:47.585  1934  4193 W PlatformConfigurator: 	at ajom.onHandleIntent(:com.google.android.gms@242335038@24.23.35 (190400-646585959):8)
06-29 13:34:47.585  1934  4193 W PlatformConfigurator: 	at pkf.run(:com.google.android.gms@242335038@24.23.35 (190400-646585959):70)
06-29 13:34:47.585  1934  4193 W PlatformConfigurator: 	at pke.run(:com.google.android.gms@242335038@24.23.35 (190400-646585959):152)
06-29 13:34:47.585  1934  4193 W PlatformConfigurator: 	at emsz.run(:com.google.android.gms@242335038@24.23.35 (190400-646585959):21)
06-29 13:34:47.585  1934  4193 W PlatformConfigurator: 	at java.util.concurrent.ThreadPoolExecutor.runWorker(ThreadPoolExecutor.java:1145)
06-29 13:34:47.585  1934  4193 W PlatformConfigurator: 	at java.util.concurrent.ThreadPoolExecutor$Worker.run(ThreadPoolExecutor.java:644)
06-29 13:34:47.585  1934  4193 W PlatformConfigurator: 	at java.lang.Thread.run(Thread.java:1012)
06-29 13:34:47.592  2845  3024 D EGL_emulation: app_time_stats: avg=508.10ms min=377.42ms max=638.77ms count=2
06-29 13:34:47.593  1934  4195 W PlatformConfigurator: Update for unknown DeviceConfig package com.google.android.gms.phenotype [CONTEXT service_id=204 ]
06-29 13:34:47.593  1934  4195 W PlatformConfigurator: daaf: No package exists for config package: com.google.android.gms.phenotype
06-29 13:34:47.593  1934  4195 W PlatformConfigurator: 	at com.google.android.gms.platformconfigurator.PhenotypeConfigurationUpdateListener.b(:com.google.android.gms@242335038@24.23.35 (190400-646585959):233)
06-29 13:34:47.593  1934  4195 W PlatformConfigurator: 	at com.google.android.gms.platformconfigurator.PhenotypeConfigurationUpdateListener.a(:com.google.android.gms@242335038@24.23.35 (190400-646585959):29)
06-29 13:34:47.593  1934  4195 W PlatformConfigurator: 	at com.google.android.gms.platformconfigurator.PhenotypeConfigurationUpdateListener.onHandleIntent(:com.google.android.gms@242335038@24.23.35 (190400-646585959):207)
06-29 13:34:47.593  1934  4195 W PlatformConfigurator: 	at com.google.android.chimera.IntentOperation.onHandleIntent(:com.google.android.gms@242335038@24.23.35 (190400-646585959):2)
06-29 13:34:47.593  1934  4195 W PlatformConfigurator: 	at ajom.onHandleIntent(:com.google.android.gms@242335038@24.23.35 (190400-646585959):8)
06-29 13:34:47.593  1934  4195 W PlatformConfigurator: 	at pkf.run(:com.google.android.gms@242335038@24.23.35 (190400-646585959):70)
06-29 13:34:47.593  1934  4195 W PlatformConfigurator: 	at pke.run(:com.google.android.gms@242335038@24.23.35 (190400-646585959):152)
06-29 13:34:47.593  1934  4195 W PlatformConfigurator: 	at emsz.run(:com.google.android.gms@242335038@24.23.35 (190400-646585959):21)
06-29 13:34:47.593  1934  4195 W PlatformConfigurator: 	at java.util.concurrent.ThreadPoolExecutor.runWorker(ThreadPoolExecutor.java:1145)
06-29 13:34:47.593  1934  4195 W PlatformConfigurator: 	at java.util.concurrent.ThreadPoolExecutor$Worker.run(ThreadPoolExecutor.java:644)
06-29 13:34:47.593  1934  4195 W PlatformConfigurator: 	at java.lang.Thread.run(Thread.java:1012)
06-29 13:34:47.603  1934  3237 I NetworkScheduler.Stats: Task com.google.android.gms/com.google.android.gms.clearcut.uploader.QosUploaderService started execution. cause:5 exec_start_elapsed_seconds: 256 [CONTEXT service_id=218 ]
06-29 13:34:47.616  1934  1934 D BoundBrokerSvc: onBind: Intent { act=com.google.android.gms.time.trustedtime.singleuserapi.service.TrustedTimeMaintenanceTaskService.ACTION_TASK_READY dat=chimera-action:/... cmp=com.google.android.gms/.chimera.PersistentInternalBoundBrokerService }
06-29 13:34:47.616  1934  1934 D BoundBrokerSvc: Loading bound service for intent: Intent { act=com.google.android.gms.time.trustedtime.singleuserapi.service.TrustedTimeMaintenanceTaskService.ACTION_TASK_READY dat=chimera-action:/... cmp=com.google.android.gms/.chimera.PersistentInternalBoundBrokerService }
06-29 13:34:47.617  1934  3237 I NetworkScheduler.Stats: Task com.google.android.gms/com.google.android.gms.clearcut.uploader.QosUploaderService finished executing. cause:5 result: 1 elapsed_millis: 21 uptime_millis: 21 exec_start_elapsed_seconds: 256 [CONTEXT service_id=218 ]
06-29 13:34:47.618  1934  3338 I TrustedTime: Trusted time maintenance task executing [CONTEXT service_id=326 ]
06-29 13:34:47.618  1934  3338 I TrustedTime: TrustedTimeStateMachine onRunOneOffNetworkTimeUpdateTask() [CONTEXT service_id=326 ]
06-29 13:34:47.619   369  4202 I resolv  : GetAddrInfoHandler::run: {100 786532 100 983140 10144 0}
06-29 13:34:47.619   369  4204 I resolv  : res_nmkquery: (QUERY, IN, A)
06-29 13:34:47.619   369  4203 I resolv  : res_nmkquery: (QUERY, IN, AAAA)
06-29 13:34:47.622  1934  3237 I NetworkScheduler.Stats: Task com.google.android.gms/com.google.android.gms.time.trustedtime.singleuserapi.service.TrustedTimeMaintenanceTaskService started execution. cause:5 exec_start_elapsed_seconds: 256 [CONTEXT service_id=218 ]
06-29 13:34:47.630  1934  3561 I NetworkScheduler.Stats: Task com.google.android.gms/com.google.android.gms.clearcut.uploader.QosUploaderService started execution. cause:5 exec_start_elapsed_seconds: 256 [CONTEXT service_id=218 ]
06-29 13:34:47.697   369  4205 I resolv  : GetAddrInfoHandler::run: {100 786532 100 983140 10144 0}
06-29 13:34:47.697   369  4207 I resolv  : res_nmkquery: (QUERY, IN, A)
06-29 13:34:47.697   369  4206 I resolv  : res_nmkquery: (QUERY, IN, AAAA)
06-29 13:34:47.722   583   743 D InetDiagMessage: Destroyed 0 sockets, proto=IPPROTO_TCP, family=AF_INET, states=14
06-29 13:34:47.722   583   743 D InetDiagMessage: Destroyed 1 sockets, proto=IPPROTO_TCP, family=AF_INET6, states=14
06-29 13:34:47.722   583   743 D InetDiagMessage: Destroyed live tcp sockets for uids={10186} in 0ms
06-29 13:34:47.722   583   743 D InetDiagMessage: Destroyed 0 sockets, proto=IPPROTO_TCP, family=AF_INET, states=14
06-29 13:34:47.722   583   743 D InetDiagMessage: Destroyed 0 sockets, proto=IPPROTO_TCP, family=AF_INET6, states=14
06-29 13:34:47.722   583   743 D InetDiagMessage: Destroyed live tcp sockets for uids={20186} in 1ms
06-29 13:34:47.729  1934  1934 I NearbyFastPair: DynamicSupportModule: doReceive update intent [CONTEXT service_id=265 ]
06-29 13:34:47.729  1934  3752 I NearbyFastPair: DynamicSupportModule: onSupportStateUpdate start [CONTEXT service_id=265 ]
06-29 13:34:47.729  1934  3752 I NearbyFastPair: DynamicSupportModule: onSupportStateUpdate end [CONTEXT service_id=265 ]
06-29 13:34:47.813   369  4207 I resolv  : res_nsend: used send_dg 101 terrno: 0
06-29 13:34:47.813   369  4203 I resolv  : res_nsend: used send_dg 145 terrno: 0
06-29 13:34:47.813   369  4206 I resolv  : res_nsend: used send_dg 149 terrno: 0
06-29 13:34:47.813   369  4206 I resolv  : doQuery: rcode=0, ancount=4, return value=149
06-29 13:34:47.813   369  4207 I resolv  : doQuery: rcode=0, ancount=4, return value=101
06-29 13:34:47.813   369  4204 I resolv  : res_nsend: used send_dg 97 terrno: 0
06-29 13:34:47.813   369  4204 I resolv  : doQuery: rcode=0, ancount=4, return value=97
06-29 13:34:47.813   369  4203 I resolv  : doQuery: rcode=0, ancount=4, return value=145
06-29 13:34:47.814  1934  3338 D TrafficStats: tagSocket(180) with statsTag=0x30010101, statsUid=-1
06-29 13:34:47.814  1934  3384 D TrafficStats: tagSocket(168) with statsTag=0x1065fff, statsUid=10142
06-29 13:34:48.009  1934  3384 D TrafficStats: tagSocket(160) with statsTag=0x1065fff, statsUid=10142
06-29 13:34:48.010  1934  3384 D TrafficStats: tagSocket(160) with statsTag=0x1065fff, statsUid=10142
06-29 13:34:48.011  1934  3384 D TrafficStats: tagSocket(160) with statsTag=0x1065fff, statsUid=10142
06-29 13:34:48.013  1934  3384 D TrafficStats: tagSocket(160) with statsTag=0x1065fff, statsUid=10142
06-29 13:34:48.014  1934  3384 D TrafficStats: tagSocket(160) with statsTag=0x1065fff, statsUid=10142
06-29 13:34:48.064  1934  3338 I TrustedTime: SntpTimeSignal: SntpTimeSignalImpl{serverSocketAddress=time.google.com/216.239.35.0:123, response=NtpMessage{header=NtpHeader{leapIndicator=0, versionNumber=3, mode=4, stratum=1, pollInterval=Duration{seconds=1, nanosOfSecond=0}, precisionExponent=-20, rootDelay=Duration{seconds=0, nanosOfSecond=0}, rootDispersion=Duration{seconds=0, nanosOfSecond=91552}, referenceIdentifier='GOOG', referenceTimestamp=eded2b38.1f9e3ab0, originateTimestamp=8a6bc86e.771bbea5, receiveTimestamp=eded2b38.1f9e3ab1, transmitTimestamp=eded2b38.1f9e3ab3}}, resultTicks=Ticks{originalTicker=PlatformTicker, value=256721731787}, resultInstant=Instant{seconds=1782754488, nanosOfSecond=247573824}, clientOffset=Duration{seconds=0, nanosOfSecond=184442449}, totalTransactionDuration=Duration{seconds=0, nanosOfSecond=248131375}, roundTripDuration=Duration{seconds=0, nanosOfSecond=248131375}, responseInstant=Instant{seconds=1782754488, nanosOfSecond=63131375}} [CONTEXT service_id=326 ]
06-29 13:34:48.064  1934  3338 I TrustedTime: Client ticker: PlatformTicker [CONTEXT service_id=326 ]
06-29 13:34:48.064  1934  3338 I TrustedTime: Client instant source: PlatformInstantSource [CONTEXT service_id=326 ]
06-29 13:34:48.065  1934  3338 I TrustedTime: Server instant: Instant{seconds=1782754488, nanosOfSecond=247573824} [CONTEXT service_id=326 ]
06-29 13:34:48.065  1934  3338 I TrustedTime: At ticks: Ticks{originalTicker=PlatformTicker, value=256721731787} [CONTEXT service_id=326 ]
06-29 13:34:48.065  1934  3338 I TrustedTime: Current ticks: Ticks{originalTicker=PlatformTicker, value=256723694329} [CONTEXT service_id=326 ]
06-29 13:34:48.065  1934  3338 I TrustedTime: Offset between client and server: Duration{seconds=0, nanosOfSecond=184442449} [CONTEXT service_id=326 ]
06-29 13:34:48.065  1934  3338 I TrustedTime: Client instant now: Instant{seconds=1782754488, nanosOfSecond=65000000} [CONTEXT service_id=326 ]
06-29 13:34:48.065  1934  3338 I TrustedTime: Network time update is successful. Scheduling next task. [CONTEXT service_id=326 ]
06-29 13:34:48.067  1934  3338 I TrustedTime: Attempting to schedule one-off maintenance task [CONTEXT service_id=326 ]
06-29 13:34:48.067  1934  3338 I TrustedTime: Scheduling maintenance task 'OneOffTrustedTimeMaintenanceTask' [CONTEXT service_id=326 ]
06-29 13:34:48.069  1934  3340 I NetworkScheduler.Stats: Task com.google.android.gms/com.google.android.gms.time.trustedtime.singleuserapi.service.TrustedTimeMaintenanceTaskService finished executing. cause:5 result: 1 elapsed_millis: 454 uptime_millis: 454 exec_start_elapsed_seconds: 256 [CONTEXT service_id=218 ]
06-29 13:34:48.069  1934  1934 D BoundBrokerSvc: onUnbind: Intent { act=com.google.android.gms.time.trustedtime.singleuserapi.service.TrustedTimeMaintenanceTaskService.ACTION_TASK_READY dat=chimera-action:/... cmp=com.google.android.gms/.chimera.PersistentInternalBoundBrokerService }
06-29 13:34:48.069  1934  1934 I TrustedTime: TrustedTimeMaintenanceTaskService destroyed [CONTEXT service_id=326 ]
06-29 13:34:48.102  1934  3338 I NetworkScheduler.Stats: Task com.google.android.gms/com.google.android.gms.phenotype.service.sync.PhenotypeConfigurator started execution. cause:5 exec_start_elapsed_seconds: 256 [CONTEXT service_id=218 ]
06-29 13:34:48.126  1934  3338 I PhenotypeResourceReader: unable to find any Phenotype resource metadata for com.google.android.onetimeinitializer
06-29 13:34:48.155  1934  3384 D TrafficStats: tagSocket(262) with statsTag=0x1065fff, statsUid=-1
06-29 13:34:48.173  1934  3338 I PhenotypeResourceReader: unable to find any Phenotype resource metadata for com.google.android.devicelockcontroller
06-29 13:34:48.183  1934  3338 I PhenotypeResourceReader: unable to find any Phenotype resource metadata for com.google.android.modulemetadata
06-29 13:34:48.196  1934  3338 I PhenotypeResourceReader: unable to find any Phenotype resource metadata for com.google.android.gsf
06-29 13:34:48.197  1934  3338 I PhenotypeResourceReader: unable to find any Phenotype resource metadata for com.google.android.tag
06-29 13:34:48.202  1934  3338 I PhenotypeResourceReader: unable to find any Phenotype resource metadata for com.google.android.apps.nexuslauncher
06-29 13:34:48.208  1934  3338 I PhenotypeResourceReader: unable to find any Phenotype resource metadata for com.google.android.feedback
06-29 13:34:48.222  1934  3338 I PhenotypeResourceReader: unable to find any Phenotype resource metadata for com.google.android.gms.supervision
06-29 13:34:48.225  1934  3338 I PhenotypeResourceReader: unable to find any Phenotype resource metadata for com.android.settings
06-29 13:34:48.233  1934  3338 I PhenotypeResourceReader: unable to find any Phenotype resource metadata for com.google.android.apps.wallpaper
06-29 13:34:48.233  1934  3384 D TrafficStats: tagSocket(289) with statsTag=0x1065fff, statsUid=10143
06-29 13:34:48.237  1934  3338 I PhenotypeResourceReader: unable to find any Phenotype resource metadata for com.android.systemui
06-29 13:34:48.345  1934  3338 I HeterodyneSyncer: Removed 0 invalid users [CONTEXT service_id=51 ]
06-29 13:34:48.345  1934  1954 W .gms.persistent: ApkAssets: Deleting an ApkAssets object '<empty> and /product/app/YouTube/YouTube.apk' with 1 weak references
06-29 13:34:48.345  1934  1954 W .gms.persistent: ApkAssets: Deleting an ApkAssets object '<empty> and /product/priv-app/Velvet/Velvet.apk' with 1 weak references
06-29 13:34:48.345  1934  1954 W .gms.persistent: ApkAssets: Deleting an ApkAssets object '<empty> and /product/priv-app/PrebuiltBugle/PrebuiltBugle.apk' with 1 weak references
06-29 13:34:48.346  1934  1954 W .gms.persistent: ApkAssets: Deleting an ApkAssets object '<empty> and /product/app/SoundPickerPrebuilt/SoundPickerPrebuilt.apk' with 1 weak references
06-29 13:34:48.346  1934  1954 W .gms.persistent: ApkAssets: Deleting an ApkAssets object '<empty> and /product/priv-app/ConfigUpdater/ConfigUpdater.apk' with 1 weak references
06-29 13:34:48.346  1934  1954 W .gms.persistent: ApkAssets: Deleting an ApkAssets object '<empty> and /product/priv-app/SafetyHubPrebuilt/SafetyHubPrebuilt.apk' with 1 weak references
06-29 13:34:48.346  1934  1954 W .gms.persistent: ApkAssets: Deleting an ApkAssets object '<empty> and /product/app/talkback/talkback.apk' with 1 weak references
06-29 13:34:48.346  1934  1954 W .gms.persistent: ApkAssets: Deleting an ApkAssets object '/vendor/overlay/EmulatorTalkBackOverlay/EmulatorTalkBackOverlay.apk' with 1 weak references
06-29 13:34:48.346  1934  1954 W .gms.persistent: ApkAssets: Deleting an ApkAssets object '<empty> and /product/app/PrebuiltDeskClockGoogle/PrebuiltDeskClockGoogle.apk' with 1 weak references
06-29 13:34:48.346  1934  1954 W .gms.persistent: ApkAssets: Deleting an ApkAssets object '<empty> and /product/priv-app/DevicePersonalizationPrebuiltPixel2021-aiai_20240329.00_RC16/DevicePersonalizationPrebuiltPixel2021-aiai_20240329.00_RC16.apk' with 1 weak references
06-29 13:34:48.346  1934  1954 W .gms.persistent: ApkAssets: Deleting an ApkAssets object '<empty> and /product/app/PrebuiltGmail/PrebuiltGmail.apk' with 1 weak references
06-29 13:34:48.347  1934  1954 W .gms.persistent: ApkAssets: Deleting an ApkAssets object '<empty> and /product/priv-app/WellbeingPrebuilt/WellbeingPrebuilt.apk' with 1 weak references
06-29 13:34:48.347  1934  1954 W .gms.persistent: ApkAssets: Deleting an ApkAssets object '<empty> and /product/priv-app/GoogleDialer/GoogleDialer.apk' with 1 weak references
06-29 13:34:48.347  1934  1954 W .gms.persistent: ApkAssets: Deleting an ApkAssets object '<empty> and /product/app/Drive/Drive.apk' with 1 weak references
06-29 13:34:48.347  1934  1954 W .gms.persistent: ApkAssets: Deleting an ApkAssets object '<empty> and /product/app/Maps/Maps.apk' with 1 weak references
06-29 13:34:48.348  1934  1954 W .gms.persistent: ApkAssets: Deleting an ApkAssets object '<empty> and /product/app/GoogleContacts/GoogleContacts.apk' with 1 weak references
06-29 13:34:48.348  1934  1954 W .gms.persistent: ApkAssets: Deleting an ApkAssets object '<empty> and /data/app/~~4fA4rNYrS9DDplm9W427cQ==/com.android.chrome-PN6gZo4YYoyfWYDg3f9B4Q==/Chrome.apk' with 1 weak references
06-29 13:34:48.348  1934  1954 W .gms.persistent: ApkAssets: Deleting an ApkAssets object '<empty> and /data/app/~~hvi_Ii6iysn5svcDAOQ_mg==/com.google.android.trichromelibrary_636771932-z8LzAzdQVDr6V7la6pvD1A==/TrichromeLibrary.apk' with 1 weak references
06-29 13:34:48.348  1934  1954 W .gms.persistent: ApkAssets: Deleting an ApkAssets object '<empty> and /product/app/GoogleTTS/GoogleTTS.apk' with 1 weak references
06-29 13:34:48.348  1934  1954 W .gms.persistent: ApkAssets: Deleting an ApkAssets object '<empty> and /product/priv-app/PartnerSetupPrebuilt/PartnerSetupPrebuilt.apk' with 1 weak references
06-29 13:34:48.349  1934  1954 W .gms.persistent: ApkAssets: Deleting an ApkAssets object '<empty> and /product/app/Photos/Photos.apk' with 1 weak references
06-29 13:34:48.349  1934  1954 W .gms.persistent: ApkAssets: Deleting an ApkAssets object '<empty> and /product/app/CalendarGooglePrebuilt/CalendarGooglePrebuilt.apk' with 1 weak references
06-29 13:34:48.349  1934  1954 W .gms.persistent: ApkAssets: Deleting an ApkAssets object '<empty> and /product/priv-app/SettingsIntelligenceGooglePrebuilt/SettingsIntelligenceGooglePrebuilt.apk' with 1 weak references
06-29 13:34:48.349  1934  1954 W .gms.persistent: ApkAssets: Deleting an ApkAssets object '<empty> and /product/priv-app/AndroidAutoStubPrebuilt/AndroidAutoStubPrebuilt.apk' with 1 weak references
06-29 13:34:48.350  1934  1954 W .gms.persistent: ApkAssets: Deleting an ApkAssets object '<empty> and /product/app/YouTubeMusicPrebuilt/YouTubeMusicPrebuilt.apk' with 1 weak references
06-29 13:34:48.350  1934  1954 W .gms.persistent: ApkAssets: Deleting an ApkAssets object '<empty> and /product/app/LatinIMEGooglePrebuilt/LatinIMEGooglePrebuilt.apk' with 1 weak references
06-29 13:34:48.350  1934  1954 W .gms.persistent: ApkAssets: Deleting an ApkAssets object '<empty> and /product/priv-app/GoogleRestorePrebuilt-v526684/GoogleRestorePrebuilt-v526684.apk' with 1 weak references
