06-30 02:25:14.292   549   976 I AppsFilter: interaction: PackageSetting{df23d01 ai.elizaos.app/10232} -> PackageSetting{15d6c41 com.android.server.telecom.auto_generated_rro_product__/10030} BLOCKED
06-30 02:25:14.292   549   976 I AppsFilter: interaction: PackageSetting{df23d01 ai.elizaos.app/10232} -> PackageSetting{70915e6 com.google.android.overlay.googleconfig/10059} BLOCKED
06-30 02:25:14.292   549   976 I AppsFilter: interaction: PackageSetting{df23d01 ai.elizaos.app/10232} -> PackageSetting{54e6dd4 com.android.bips.auto_generated_rro_product__/10035} BLOCKED
06-30 02:25:14.292   549   976 I AppsFilter: interaction: PackageSetting{df23d01 ai.elizaos.app/10232} -> PackageSetting{fb8860d com.google.android.apps.customization.pixel/10143} BLOCKED
06-30 02:25:14.292   549   976 I AppsFilter: interaction: PackageSetting{df23d01 ai.elizaos.app/10232} -> PackageSetting{57739c2 com.google.android.tag/10083} BLOCKED
06-30 02:25:14.292   549   976 I AppsFilter: interaction: PackageSetting{df23d01 ai.elizaos.app/10232} -> PackageSetting{a37ec3 com.google.android.overlay.permissioncontroller/10002} BLOCKED
06-30 02:25:14.292   549   976 I AppsFilter: interaction: PackageSetting{df23d01 ai.elizaos.app/10232} -> PackageSetting{568e3d3 com.google.android.partnersetup/10124} BLOCKED
06-30 02:25:14.292   549   976 I AppsFilter: interaction: PackageSetting{df23d01 ai.elizaos.app/10232} -> PackageSetting{b457b10 com.google.android.apps.wallpaper.nexus/10141} BLOCKED
06-30 02:25:14.292   549   976 I AppsFilter: interaction: PackageSetting{df23d01 ai.elizaos.app/10232} -> PackageSetting{6747609 com.google.android.apps.nexuslauncher/10169} BLOCKED
06-30 02:25:14.292   549   976 I AppsFilter: interaction: PackageSetting{df23d01 ai.elizaos.app/10232} -> PackageSetting{f83300e com.google.android.nearby.halfsheet/10191} BLOCKED
06-30 02:25:14.292   549   976 I AppsFilter: interaction: PackageSetting{df23d01 ai.elizaos.app/10232} -> PackageSetting{9e9a36c com.android.theme.font.notoserifsource/10066} BLOCKED
06-30 02:25:14.292   549   976 I AppsFilter: interaction: PackageSetting{df23d01 ai.elizaos.app/10232} -> PackageSetting{c53ea2f com.google.android.safetycenter.resources/10177} BLOCKED
06-30 02:25:14.292   549   976 I AppsFilter: interaction: PackageSetting{df23d01 ai.elizaos.app/10232} -> PackageSetting{35715ca com.android.internal.display.cutout.emulation.waterfall/10040} BLOCKED
06-30 02:25:14.292   549   976 I AppsFilter: interaction: PackageSetting{df23d01 ai.elizaos.app/10232} -> PackageSetting{8f4033b com.android.internal.systemui.navbar.transparent/10029} BLOCKED
06-30 02:25:14.292   549   976 I AppsFilter: interaction: PackageSetting{df23d01 ai.elizaos.app/10232} -> PackageSetting{6f383c com.google.android.connectivity.resources/10190} BLOCKED
06-30 02:25:14.292   549   976 I AppsFilter: interaction: PackageSetting{df23d01 ai.elizaos.app/10232} -> PackageSetting{b38e7b1 com.android.providers.contacts.auto_generated_rro_product__/10016} BLOCKED
06-30 02:25:14.292   549   976 I AppsFilter: interaction: PackageSetting{df23d01 ai.elizaos.app/10232} -> PackageSetting{ce569c5 com.google.android.feedback/10163} BLOCKED
06-30 02:25:14.292   549   976 I AppsFilter: interaction: PackageSetting{df23d01 ai.elizaos.app/10232} -> PackageSetting{7463f1a com.google.android.printservice.recommendation/10109} BLOCKED
06-30 02:25:14.292   549   976 I AppsFilter: interaction: PackageSetting{df23d01 ai.elizaos.app/10232} -> PackageSetting{83efa4b com.google.android.apps.photos/10140} BLOCKED
06-30 02:25:14.292   549   976 I AppsFilter: interaction: PackageSetting{df23d01 ai.elizaos.app/10232} -> PackageSetting{d437ccf com.google.android.calendar/10145} BLOCKED
06-30 02:25:14.292   549   976 I AppsFilter: interaction: PackageSetting{df23d01 ai.elizaos.app/10232} -> PackageSetting{4159c28 com.google.android.documentsui/10098} BLOCKED
06-30 02:25:14.292   549   976 I AppsFilter: interaction: PackageSetting{df23d01 ai.elizaos.app/10232} -> PackageSetting{cb49422 com.android.systemui.emulation.pixel_3a_xl/10018} BLOCKED
06-30 02:25:14.292   549   976 I AppsFilter: interaction: PackageSetting{df23d01 ai.elizaos.app/10232} -> PackageSetting{2519eb3 com.android.systemui.emulation.pixel_6_pro/10063} BLOCKED
06-30 02:25:14.292   549   976 I AppsFilter: interaction: PackageSetting{df23d01 ai.elizaos.app/10232} -> PackageSetting{c8d4c70 com.android.systemui.emulation.pixel_7_pro/10054} BLOCKED
06-30 02:25:14.292   549   976 I AppsFilter: interaction: PackageSetting{df23d01 ai.elizaos.app/10232} -> PackageSetting{413dbe9 com.android.systemui.emulation.pixel_8_pro/10000} BLOCKED
06-30 02:25:14.292   549   976 I AppsFilter: interaction: PackageSetting{df23d01 ai.elizaos.app/10232} -> PackageSetting{19be5b4 ai.eliza.plugins.mobilesignals.test/10218} BLOCKED
06-30 02:25:14.292   549   976 I AppsFilter: interaction: PackageSetting{df23d01 ai.elizaos.app/10232} -> PackageSetting{1b7dd41 com.google.mainline.telemetry/10151} BLOCKED
06-30 02:25:14.292   549   976 I AppsFilter: interaction: PackageSetting{df23d01 ai.elizaos.app/10232} -> PackageSetting{dbd730f com.android.carrierconfig.auto_generated_rro_product__/10064} BLOCKED
06-30 02:25:14.293   549   976 I AppsFilter: interaction: PackageSetting{df23d01 ai.elizaos.app/10232} -> PackageSetting{1f932e6 com.android.providers.partnerbookmarks/10100} BLOCKED
06-30 02:25:14.293   549   976 I AppsFilter: interaction: PackageSetting{df23d01 ai.elizaos.app/10232} -> PackageSetting{880f027 com.android.wallpaper.livepicker/10089} BLOCKED
06-30 02:25:14.293   549   976 I AppsFilter: interaction: PackageSetting{df23d01 ai.elizaos.app/10232} -> PackageSetting{cc8857a com.android.providers.telephony.auto_generated_rro_product__/10062} BLOCKED
06-30 02:25:14.293   549   976 I AppsFilter: interaction: PackageSetting{df23d01 ai.elizaos.app/10232} -> PackageSetting{68312b com.android.phone.auto_generated_rro_vendor__/10079} BLOCKED
06-30 02:25:14.293   549   976 I AppsFilter: interaction: PackageSetting{df23d01 ai.elizaos.app/10232} -> PackageSetting{d3c52d4 com.google.mainline.adservices/10136} BLOCKED
06-30 02:25:14.293   549   976 I AppsFilter: interaction: PackageSetting{df23d01 ai.elizaos.app/10232} -> PackageSetting{7e40c7d com.android.imsserviceentitlement/10117} BLOCKED
06-30 02:25:14.293   549   976 I AppsFilter: interaction: PackageSetting{df23d01 ai.elizaos.app/10232} -> PackageSetting{d959772 com.google.android.healthconnect.controller/10181} BLOCKED
06-30 02:25:14.293   549   976 I AppsFilter: interaction: PackageSetting{df23d01 ai.elizaos.app/10232} -> PackageSetting{eb6b507 com.android.internal.emulation.pixel_2_xl/10013} BLOCKED
06-30 02:25:14.293   549   976 I AppsFilter: interaction: PackageSetting{df23d01 ai.elizaos.app/10232} -> PackageSetting{95d6634 com.android.internal.emulation.pixel_3_xl/10056} BLOCKED
06-30 02:25:14.293   549   976 I AppsFilter: interaction: PackageSetting{df23d01 ai.elizaos.app/10232} -> PackageSetting{2208c5d com.android.internal.emulation.pixel_4_xl/10047} BLOCKED
06-30 02:25:14.293   549   976 I AppsFilter: interaction: PackageSetting{df23d01 ai.elizaos.app/10232} -> PackageSetting{f8e49d2 com.android.internal.emulation.pixel_fold/10009} BLOCKED
06-30 02:25:14.293   549   976 I AppsFilter: interaction: PackageSetting{df23d01 ai.elizaos.app/10232} -> PackageSetting{10267c3 com.android.bookmarkprovider/10114} BLOCKED
06-30 02:25:14.293   549   976 I AppsFilter: interaction: PackageSetting{df23d01 ai.elizaos.app/10232} -> PackageSetting{884b1a0 com.google.android.overlay.pixelconfigcommon/10011} BLOCKED
06-30 02:25:14.293   549   976 I AppsFilter: interaction: PackageSetting{df23d01 ai.elizaos.app/10232} -> PackageSetting{5e9159 com.android.systemui.accessibility.accessibilitymenu.auto_generated_rro_product__/10050} BLOCKED
06-30 02:25:14.293   549   976 I AppsFilter: interaction: PackageSetting{df23d01 ai.elizaos.app/10232} -> PackageSetting{c63311e com.android.systemui.emulation.pixel_3a/10010} BLOCKED
06-30 02:25:14.293   549   976 I AppsFilter: interaction: PackageSetting{df23d01 ai.elizaos.app/10232} -> PackageSetting{a673dff com.android.systemui.emulation.pixel_4a/10001} BLOCKED
06-30 02:25:14.293   549   976 I AppsFilter: interaction: PackageSetting{df23d01 ai.elizaos.app/10232} -> PackageSetting{51347cc com.android.systemui.emulation.pixel_6a/10042} BLOCKED
06-30 02:25:14.293   549   976 I AppsFilter: interaction: PackageSetting{df23d01 ai.elizaos.app/10232} -> PackageSetting{cddea15 com.android.systemui.emulation.pixel_7a/10014} BLOCKED
06-30 02:25:14.293   549   976 I AppsFilter: interaction: PackageSetting{df23d01 ai.elizaos.app/10232} -> PackageSetting{d75c840 com.google.android.settings.intelligence/10118} BLOCKED
06-30 02:25:14.293   549   976 I AppsFilter: interaction: PackageSetting{df23d01 ai.elizaos.app/10232} -> PackageSetting{65c968e com.google.android.projection.gearhead/10123} BLOCKED
06-30 02:25:14.293   549   976 I AppsFilter: interaction: PackageSetting{df23d01 ai.elizaos.app/10232} -> PackageSetting{fa9f379 com.google.android.uwb.resources/10172} BLOCKED
06-30 02:25:14.293   549   976 I AppsFilter: interaction: PackageSetting{df23d01 ai.elizaos.app/10232} -> PackageSetting{b1f8eaf com.android.cts.ctsshim/10174} BLOCKED
06-30 02:25:14.293   549   976 I AppsFilter: interaction: PackageSetting{df23d01 ai.elizaos.app/10232} -> PackageSetting{c21b8be com.google.android.wifi.resources/10186} BLOCKED
06-30 02:25:14.293   549   976 I AppsFilter: interaction: PackageSetting{df23d01 ai.elizaos.app/10232} -> PackageSetting{199bd1f com.google.android.wifi.dialog/10187} BLOCKED
06-30 02:25:14.293   549   976 I AppsFilter: interaction: PackageSetting{df23d01 ai.elizaos.app/10232} -> PackageSetting{b0f286c com.google.android.apps.wallpaper/10161} BLOCKED
06-30 02:25:14.293   549   976 I AppsFilter: interaction: PackageSetting{df23d01 ai.elizaos.app/10232} -> PackageSetting{34d4e35 com.google.android.odad/10122} BLOCKED
06-30 02:25:14.293   549   976 I AppsFilter: interaction: PackageSetting{df23d01 ai.elizaos.app/10232} -> PackageSetting{f40c464 com.android.settings.auto_generated_rro_product__/10033} BLOCKED
06-30 02:25:14.293   549   976 I AppsFilter: interaction: PackageSetting{df23d01 ai.elizaos.app/10232} -> PackageSetting{3c246cd com.android.internal.systemui.navbar.gestural/10051} BLOCKED
06-30 02:25:14.293   549   976 I AppsFilter: interaction: PackageSetting{df23d01 ai.elizaos.app/10232} -> PackageSetting{7bca2ca com.google.android.apps.youtube.music/10156} BLOCKED
06-30 02:25:14.293   549   976 I AppsFilter: interaction: PackageSetting{df23d01 ai.elizaos.app/10232} -> PackageSetting{7270c3b com.android.bluetoothmidiservice/10108} BLOCKED
06-30 02:25:14.293   549   976 I AppsFilter: interaction: PackageSetting{df23d01 ai.elizaos.app/10232} -> PackageSetting{d77c2d0 com.android.storagemanager.auto_generated_rro_product__/10025} BLOCKED
06-30 02:25:14.293   549   976 I AppsFilter: interaction: PackageSetting{df23d01 ai.elizaos.app/10232} -> PackageSetting{1fc5f58 com.google.android.cellbroadcastreceiver/10175} BLOCKED
06-30 02:25:14.293   549   976 I AppsFilter: interaction: PackageSetting{df23d01 ai.elizaos.app/10232} -> PackageSetting{ccc1dce com.android.phone.auto_generated_rro_product__/10061} BLOCKED
06-30 02:25:14.293   549   976 I AppsFilter: interaction: PackageSetting{df23d01 ai.elizaos.app/10232} -> PackageSetting{f51a4ef android.auto_generated_rro_product__/10069} BLOCKED
06-30 02:25:14.293   549   976 I AppsFilter: interaction: PackageSetting{df23d01 ai.elizaos.app/10232} -> PackageSetting{5de3bfc com.android.internal.systemui.navbar.gestural_narrow_back/10052} BLOCKED
06-30 02:25:14.293   549   976 I AppsFilter: interaction: PackageSetting{df23d01 ai.elizaos.app/10232} -> PackageSetting{39198b1 com.google.android.inputmethod.latin/10144} BLOCKED
06-30 02:25:14.293   549   976 I AppsFilter: interaction: PackageSetting{df23d01 ai.elizaos.app/10232} -> PackageSetting{99048da android.auto_generated_rro_vendor__/10077} BLOCKED
06-30 02:25:14.293   549   976 I AppsFilter: interaction: PackageSetting{df23d01 ai.elizaos.app/10232} -> PackageSetting{b6a2196 com.google.android.apps.restore/10121} BLOCKED
06-30 02:25:14.301 20801 20801 I AndroidJUnitRunner: newApplication android.app.Application
06-30 02:25:14.307 20801 20801 W FirebaseApp: Default FirebaseApp failed to initialize because no default options were found. This usually means that com.google.gms:google-services was not applied to your gradle project.
06-30 02:25:14.307 20801 20801 I FirebaseInitProvider: FirebaseApp initialization unsuccessful
06-30 02:25:14.318 20801 20801 D WM-WrkMgrInitializer: Initializing WorkManager with default configuration.
06-30 02:25:14.363 20801 20801 D WM-PackageManagerHelper: Skipping component enablement for androidx.work.impl.background.systemjob.SystemJobService
06-30 02:25:14.364 20801 20801 D WM-Schedulers: Created SystemJobScheduler and enabled SystemJobService
--------- beginning of kernel
06-30 02:25:14.456     0     0 I logd    : logdr: UID=2000 GID=2000 PID=20902 n tail=0 logMask=99 pid=0 start=0ns deadline=0ns
06-30 02:25:14.490     0     0 I logd    : logdr: UID=2000 GID=2000 PID=20909 n tail=0 logMask=99 pid=0 start=0ns deadline=0ns
06-30 02:25:14.418 20801 20908 D WM-ForceStopRunnable: The default process name was not specified.
06-30 02:25:14.419 20801 20908 D WM-ForceStopRunnable: Performing cleanup operations.
06-30 02:25:14.448 20801 20801 I AndroidJUnitRunner: onCreate Bundle[mParcelledData.dataSize=140]
06-30 02:25:14.449 20801 20801 D AndroidJUnitRunner: Use the raw file system for managing file I/O.
06-30 02:25:14.452 20801 20908 D CompatibilityChangeReporter: Compat change id reported: 160794467; UID 10232; state: ENABLED
06-30 02:25:14.454 20801 20908 D WM-ForceStopRunnable: Application was force-stopped, rescheduling.
06-30 02:25:14.472 20801 20801 V TestEventClient: No service name argument was given (testDiscoveryService, testRunEventService or orchestratorService)
06-30 02:25:14.472 20801 20918 D AndroidJUnitRunner: onStart is called.
06-30 02:25:14.473   549   976 I ActivityManager: Flag disabled. Ignoring finishAttachApplication from uid: 10232. pid: 20801
06-30 02:25:14.478   549   976 D CompatibilityChangeReporter: Compat change id reported: 161145287; UID 10232; state: ENABLED
06-30 02:25:14.479 20801 20908 D CompatibilityChangeReporter: Compat change id reported: 194532703; UID 10232; state: ENABLED
06-30 02:25:14.479 20801 20908 D CompatibilityChangeReporter: Compat change id reported: 253665015; UID 10232; state: ENABLED
06-30 02:25:14.479 20801 20908 D WM-SystemJobScheduler: Scheduling work ID 97407967-ebe2-4aef-a448-9e357bb69de8Job ID 1
06-30 02:25:14.480 20801 20918 I InstrConnection: Could not send broadcast or register receiver (isolatedProcess?)
06-30 02:25:14.480   549   976 D CompatibilityChangeReporter: Compat change id reported: 253665015; UID 10232; state: ENABLED
06-30 02:25:14.480   549   976 D CompatibilityChangeReporter: Compat change id reported: 194532703; UID 10232; state: ENABLED
06-30 02:25:14.501 20801 20918 I TestRunner: run started: 5 tests
06-30 02:25:14.502 20801 20918 I TestRunner: started: readyHealthBodyAcceptsOnlyRunningRuntime(ai.elizaos.app.ElizaAgentWatchdogPolicyInstrumentedTest)
06-30 02:25:14.508 20801 20918 I TestRunner: finished: readyHealthBodyAcceptsOnlyRunningRuntime(ai.elizaos.app.ElizaAgentWatchdogPolicyInstrumentedTest)
06-30 02:25:14.511 20801 20924 D WM-PackageManagerHelper: Skipping component enablement for androidx.work.impl.background.systemalarm.RescheduleReceiver
06-30 02:25:14.511 20801 20918 I TestRunner: started: okProbeClearsStrikesAndResetsBackoff(ai.elizaos.app.ElizaAgentWatchdogPolicyInstrumentedTest)
06-30 02:25:14.512 20801 20918 I TestRunner: finished: okProbeClearsStrikesAndResetsBackoff(ai.elizaos.app.ElizaAgentWatchdogPolicyInstrumentedTest)
06-30 02:25:14.513 20801 20918 I TestRunner: started: restartPolicyUsesBoundedExponentialBackoff(ai.elizaos.app.ElizaAgentWatchdogPolicyInstrumentedTest)
06-30 02:25:14.515 20801 20918 I TestRunner: finished: restartPolicyUsesBoundedExponentialBackoff(ai.elizaos.app.ElizaAgentWatchdogPolicyInstrumentedTest)
06-30 02:25:14.516 20801 20918 I TestRunner: started: deadProbeRestartsOnlyAfterConfiguredStrikeThreshold(ai.elizaos.app.ElizaAgentWatchdogPolicyInstrumentedTest)
06-30 02:25:14.518 20801 20918 I TestRunner: finished: deadProbeRestartsOnlyAfterConfiguredStrikeThreshold(ai.elizaos.app.ElizaAgentWatchdogPolicyInstrumentedTest)
06-30 02:25:14.519 20801 20918 I TestRunner: started: busyProbePreservesExistingStrikeCounter(ai.elizaos.app.ElizaAgentWatchdogPolicyInstrumentedTest)
06-30 02:25:14.521 20801 20918 I TestRunner: finished: busyProbePreservesExistingStrikeCounter(ai.elizaos.app.ElizaAgentWatchdogPolicyInstrumentedTest)
06-30 02:25:14.523 20801 20918 I TestRunner: run finished: 5 tests, 0 failed, 0 ignored
06-30 02:25:14.529   549   976 I ActivityManager: Force stopping ai.elizaos.app appid=10232 user=0: finished inst
06-30 02:25:14.531   549   976 E ActivityManager: Unable to freeze binder for 20801: -11
06-30 02:25:14.531 20749 20749 I app_process: System.exit called, status: 0
06-30 02:25:14.531 20749 20749 I AndroidRuntime: VM exiting with result code 0.
06-30 02:25:14.532   549   569 D DisplayManagerService: Drop pending events for gone uid 10232
06-30 02:25:14.533   549   976 I ActivityManager: Killing 20801:ai.elizaos.app/u0a232 (adj 0): stop ai.elizaos.app due to finished inst
06-30 02:25:14.610     0     0 I binder  : 549:976 ioctl 400c620e 7db95b1ec930 returned -11
06-30 02:25:14.611     0     0 I binder  : 549:976 ioctl 400c620e 7db95b1ec930 returned -11
06-30 02:25:14.540   549   976 W ProcessStats: Tracking association SourceState{2c95875 com.google.android.googlequicksearchbox:search/10132 BTop #41558} whose proc state 2 is better than process ProcessState{a101e0b com.google.android.googlequicksearchbox:interactor/10132 pkg=com.google.android.googlequicksearchbox} proc state 4 (248 skipped)
06-30 02:25:14.546 19537 19599 W Bugle   : TextClassifierLibManagerImpl: Reclaiming memory at level: 40
