--------- beginning of main
06-30 02:25:11.328 18116 18931 I FontLog : Font PFD returned from cache for {Google Sans, wdth 100.0, wght 500, ital 0.0, bestEffort false} [CONTEXT service_id=132 ]
06-30 02:25:11.329 18116 18931 I FontLog : Fetch {Google Sans, wdth 100.0, wght 500, ital 0.0, bestEffort false} end status Status{statusCode=SUCCESS, resolution=null} [CONTEXT service_id=132 ]
06-30 02:25:11.332 18116 18931 I FontLog : Pulling font file for id = 35, cache size = 35 [CONTEXT service_id=132 ]
06-30 02:25:11.337 20749 20749 D AndroidRuntime: >>>>>> START com.android.internal.os.RuntimeInit uid 2000 <<<<<<
06-30 02:25:11.339 18116 18504 I SQLiteConnectionPool: The connection pool for /data/user/0/com.google.android.gms/databases/metadata.db has been closed but there are still 1 connections in use.  They will be closed as they are released back to the pool.
06-30 02:25:11.341 18116 19494 W FontLog : Error updating last accessed time for {Google Sans, wdth 100.0, wght 500, ital 0.0, bestEffort false}. [CONTEXT service_id=132 ]
06-30 02:25:11.341 18116 19494 W FontLog : java.lang.IllegalStateException: Cannot perform this operation because the connection pool has been closed.
06-30 02:25:11.341 18116 19494 W FontLog : 	at android.database.sqlite.SQLiteConnectionPool.throwIfClosedLocked(SQLiteConnectionPool.java:1096)
06-30 02:25:11.341 18116 19494 W FontLog : 	at android.database.sqlite.SQLiteConnectionPool.waitForConnection(SQLiteConnectionPool.java:787)
06-30 02:25:11.341 18116 19494 W FontLog : 	at android.database.sqlite.SQLiteConnectionPool.acquireConnection(SQLiteConnectionPool.java:392)
06-30 02:25:11.341 18116 19494 W FontLog : 	at android.database.sqlite.SQLiteSession.acquireConnection(SQLiteSession.java:896)
06-30 02:25:11.341 18116 19494 W FontLog : 	at android.database.sqlite.SQLiteSession.executeForChangedRowCount(SQLiteSession.java:754)
06-30 02:25:11.341 18116 19494 W FontLog : 	at android.database.sqlite.SQLiteStatement.executeUpdateDelete(SQLiteStatement.java:67)
06-30 02:25:11.341 18116 19494 W FontLog : 	at android.database.sqlite.SQLiteDatabase.executeSql(SQLiteDatabase.java:2089)
06-30 02:25:11.341 18116 19494 W FontLog : 	at android.database.sqlite.SQLiteDatabase.execSQL(SQLiteDatabase.java:2066)
06-30 02:25:11.341 18116 19494 W FontLog : 	at anyn.run(:com.google.android.gms@231818047@23.18.18 (190800-535401451):6)
06-30 02:25:11.341 18116 19494 W FontLog : 	at aced.c(:com.google.android.gms@231818047@23.18.18 (190800-535401451):6)
06-30 02:25:11.341 18116 19494 W FontLog : 	at aced.run(:com.google.android.gms@231818047@23.18.18 (190800-535401451):7)
06-30 02:25:11.341 18116 19494 W FontLog : 	at java.util.concurrent.ThreadPoolExecutor.runWorker(ThreadPoolExecutor.java:1145)
06-30 02:25:11.341 18116 19494 W FontLog : 	at java.util.concurrent.ThreadPoolExecutor$Worker.run(ThreadPoolExecutor.java:644)
06-30 02:25:11.341 18116 19494 W FontLog : 	at acjn.run(:com.google.android.gms@231818047@23.18.18 (190800-535401451):0)
06-30 02:25:11.341 18116 19494 W FontLog : 	at java.lang.Thread.run(Thread.java:1012)
06-30 02:25:11.370 20749 20749 I AndroidRuntime: Using default boot image
06-30 02:25:11.370 20749 20749 I AndroidRuntime: Leaving lock profiling enabled
06-30 02:25:11.389 20749 20749 I app_process: Core platform API reporting enabled, enforcing=false
06-30 02:25:11.390 20749 20749 I app_process: Using CollectorTypeCC GC.
06-30 02:25:11.434 20599 20760 I OpenGLRenderer: Davey! duration=819ms; Flags=1, FrameTimelineVsyncId=165058, IntendedVsync=8404787367847, Vsync=8405337367825, InputEventId=0, HandleInputStart=8405345515247, AnimationStart=8405345522091, PerformTraversalsStart=8405346613987, DrawStart=8405493256185, FrameDeadline=8404804034513, FrameInterval=8405339829458, FrameStartTime=16666666, SyncQueued=8405499578747, SyncStart=8405499908350, IssueDrawCommandsStart=8405501087067, SwapBuffers=8405517347149, FrameCompleted=8405607264437, DequeueBufferDuration=4884, QueueBufferDuration=644379, GpuCompleted=8405607185289, SwapBuffersCompleted=8405607264437, DisplayPresentTime=0, CommandSubmissionCompleted=8405517347149,
--------- beginning of system
06-30 02:25:11.563   549   571 W ActivityTaskManager: Activity top resumed state loss timeout for ActivityRecord{a4e171f u0 ai.elizaos.app/.MainActivity t39}
06-30 02:25:11.564   549   571 W ActivityTaskManager: Activity pause timeout for ActivityRecord{a4e171f u0 ai.elizaos.app/.MainActivity t39}
06-30 02:25:11.597   549  2308 D CompatibilityChangeReporter: Compat change id reported: 170668199; UID 10232; state: ENABLED
06-30 02:25:11.619 19279 19279 D AutofillManager: Fill dialog is enabled:false, hints=[password, passwordAuto, creditCardNumber, creditCardSecurityCode, creditCardExpirationDate]
06-30 02:25:11.679 19279 19279 I ImeTracker: com.google.android.permissioncontroller:774f005f: onRequestHide at ORIGIN_CLIENT_HIDE_SOFT_INPUT reason HIDE_SOFT_INPUT
06-30 02:25:11.680 19279 19279 I ImeTracker: com.google.android.permissioncontroller:774f005f: onFailed at PHASE_CLIENT_VIEW_SERVED
06-30 02:25:11.755   549  2308 D CoreBackPreview: Window{b79949 u0 com.google.android.permissioncontroller/com.android.permissioncontroller.permission.ui.GrantPermissionsActivity}: Setting back callback OnBackInvokedCallbackInfo{mCallback=android.window.IOnBackInvokedCallback$Stub$Proxy@391df6f, mPriority=0, mIsAnimationCallback=false}
06-30 02:25:11.769 20599 20775 I ElizaAgent: APK changed (was=1782811413855, now=1782811469325); refreshing extracted agent assets
06-30 02:25:11.772 20599 20775 E ElizaAgent: Failed to extract agent assets for abi=x86_64
06-30 02:25:11.772 20599 20775 E ElizaAgent: java.io.FileNotFoundException: agent/agent-bundle.js
06-30 02:25:11.772 20599 20775 E ElizaAgent: 	at android.content.res.AssetManager.nativeOpenAsset(Native Method)
06-30 02:25:11.772 20599 20775 E ElizaAgent: 	at android.content.res.AssetManager.open(AssetManager.java:904)
06-30 02:25:11.772 20599 20775 E ElizaAgent: 	at android.content.res.AssetManager.open(AssetManager.java:881)
06-30 02:25:11.772 20599 20775 E ElizaAgent: 	at ai.elizaos.app.ElizaAgentService.copyAssetIfMissing(ElizaAgentService.java:1054)
06-30 02:25:11.772 20599 20775 E ElizaAgent: 	at ai.elizaos.app.ElizaAgentService.extractAssetsIfNeeded(ElizaAgentService.java:804)
06-30 02:25:11.772 20599 20775 E ElizaAgent: 	at ai.elizaos.app.ElizaAgentService.startAgentProcess(ElizaAgentService.java:1247)
06-30 02:25:11.772 20599 20775 E ElizaAgent: 	at ai.elizaos.app.ElizaAgentService.lambda$requestAgentStart$0(ElizaAgentService.java:1187)
06-30 02:25:11.772 20599 20775 E ElizaAgent: 	at ai.elizaos.app.ElizaAgentService.$r8$lambda$xYswh7k0Vlr60QflgZW760fMAq0(Unknown Source:0)
06-30 02:25:11.772 20599 20775 E ElizaAgent: 	at ai.elizaos.app.ElizaAgentService$$ExternalSyntheticLambda1.run(D8$$SyntheticClass:0)
06-30 02:25:11.772 20599 20775 E ElizaAgent: 	at java.lang.Thread.run(Thread.java:1012)
06-30 02:25:11.822 20749 20749 D nativeloader: InitDefaultPublicLibraries for_preload=1: libandroid.so:libaaudio.so:libamidi.so:libbinder_ndk.so:libc.so:libcamera2ndk.so:libdl.so:libEGL.so:libGLESv1_CM.so:libGLESv2.so:libGLESv3.so:libicu.so:libicui18n.so:libicuuc.so:libjnigraphics.so:liblog.so:libmediandk.so:libm.so:libnativehelper.so:libnativewindow.so:libOpenMAXAL.so:libOpenSLES.so:libRS.so:libstdc++.so:libsync.so:libvulkan.so:libwebviewchromium_plat_support.so:libz.so
06-30 02:25:11.849   893   944 W WindowOnBackDispatcher: sendCancelIfRunning: isInProgress=falsecallback=android.view.ViewRootImpl$$ExternalSyntheticLambda17@7e94e01
06-30 02:25:11.849 20599 20599 D Capacitor: App paused
06-30 02:25:11.854   549   959 W InputManager-JNI: Input channel object '7cca322 Splash Screen ai.elizaos.app (client)' was disposed without first being removed with the input manager!
06-30 02:25:11.867   893   935 V WindowManagerShell: onTransitionReady android.os.BinderProxy@95a62f4: {id=117 t=OPEN f=0x0 trk=0 r=[0@Point(0, 0)] c=[{null m=OPEN f=TRANSLUCENT|FILLS_TASK|IS_BEHIND_STARTING_WINDOW leash=Surface(name=ActivityRecord{5a898f9 u0 com.google.android.permissioncontroller/com.android.permissioncontroller.permission.ui.GrantPermissionsActivity)/@0x13f03ea sb=Rect(0, 0 - 0, 0) eb=Rect(0, 0 - 1080, 2400) d=-1->0 r=-1->0:-1}]}
06-30 02:25:11.867   893   935 V WindowManagerShell: Playing animation for (#117)android.os.BinderProxy@95a62f4@0
06-30 02:25:11.867   893   935 V WindowManagerShell:  try handler com.android.wm.shell.transition.DefaultMixedHandler@86f4a25
06-30 02:25:11.867   893   935 V WindowManagerShell:  try handler com.android.wm.shell.keyguard.KeyguardTransitionHandler@d9807fa
06-30 02:25:11.867   893   935 V WindowManagerShell:  try handler com.android.wm.shell.activityembedding.ActivityEmbeddingController@185c1ab
06-30 02:25:11.867   893   935 V WindowManagerShell:  try handler com.android.wm.shell.recents.RecentsTransitionHandler@c37c008
06-30 02:25:11.867   893   935 V ShellRecents: RecentsTransitionHandler.startAnimation: no controller found
06-30 02:25:11.868   893   935 V WindowManagerShell:  try handler com.android.wm.shell.pip.PipTransition@e6f63a1
06-30 02:25:11.868   893   935 V WindowManagerShell:  try handler com.android.wm.shell.splitscreen.StageCoordinator@54ea9c6
06-30 02:25:11.868   893   935 V WindowManagerShell:  try handler com.android.wm.shell.transition.RemoteTransitionHandler@f5ccd87
06-30 02:25:11.868   893   935 V WindowManagerShell: Transition doesn't have explicit remote, search filters for match for {id=117 t=OPEN f=0x0 trk=0 r=[0@Point(0, 0)] c=[{null m=OPEN f=TRANSLUCENT|FILLS_TASK|IS_BEHIND_STARTING_WINDOW leash=Surface(name=ActivityRecord{5a898f9 u0 com.google.android.permissioncontroller/com.android.permissioncontroller.permission.ui.GrantPermissionsActivity)/@0x13f03ea sb=Rect(0, 0 - 0, 0) eb=Rect(0, 0 - 1080, 2400) d=-1->0 r=-1->0:-1}]}
06-30 02:25:11.868   893   935 V WindowManagerShell:  Checking filter Pair{{types=[] flags=0x0] notFlags=0x0 checks=[{atype=dream independent=true modes=[OPEN,TO_FRONT] flags=NONE mustBeTask=false order=ANY topActivity=null},{atype=home independent=true modes=[CLOSE,TO_BACK] flags=NONE mustBeTask=false order=ANY topActivity=null}]} RemoteTransition { remoteTransition = android.window.IRemoteTransition$Stub$Proxy@c085c34, appThread = android.app.IApplicationThread$Stub$Proxy@fdf4a5d, debugName = LauncherToDream }}
06-30 02:25:11.868   893   935 V WindowManagerShell:  Checking filter Pair{{types=[] flags=0x0] notFlags=0x100 checks=[{atype=home independent=true modes=[OPEN,TO_FRONT] flags=NONE mustBeTask=false order=TOP topActivity=ComponentInfo{com.google.android.apps.nexuslauncher/com.google.android.apps.nexuslauncher.NexusLauncherActivity}},{atype=standard independent=true modes=[CLOSE,TO_BACK] flags=NONE mustBeTask=false order=ANY topActivity=null}]} RemoteTransition { remoteTransition = android.window.IRemoteTransition$Stub$Proxy@ba92fd2, appThread = android.app.IApplicationThread$Stub$Proxy@20788a3, debugName = QuickstepLaunchHome }}
06-30 02:25:11.868   893   935 V WindowManagerShell:  Delegate animation for #117 to null
06-30 02:25:11.868   893   935 V WindowManagerShell:  try handler com.android.wm.shell.transition.DefaultTransitionHandler@f7c8820
06-30 02:25:11.868   893   935 V WindowManagerShell: start default transition animation, info = {id=117 t=OPEN f=0x0 trk=0 r=[0@Point(0, 0)] c=[{null m=OPEN f=TRANSLUCENT|FILLS_TASK|IS_BEHIND_STARTING_WINDOW leash=Surface(name=ActivityRecord{5a898f9 u0 com.google.android.permissioncontroller/com.android.permissioncontroller.permission.ui.GrantPermissionsActivity)/@0x13f03ea sb=Rect(0, 0 - 0, 0) eb=Rect(0, 0 - 1080, 2400) d=-1->0 r=-1->0:-1}]}
06-30 02:25:11.868   893   935 V WindowManagerShell: loadAnimation: anim=null animAttr=0x4 type=OPEN isEntrance=true
06-30 02:25:11.870   893   935 V WindowManagerShell: Transition animation finished (aborted=false), notifying core (#117)android.os.BinderProxy@95a62f4@0
06-30 02:25:11.871   549   568 I ActivityTaskManager: Displayed com.google.android.permissioncontroller/com.android.permissioncontroller.permission.ui.GrantPermissionsActivity for user 0: +2s576ms
06-30 02:25:11.874   549   882 D CoreBackPreview: Window{7cca322 u0 Splash Screen ai.elizaos.app EXITING}: Setting back callback null
06-30 02:25:11.876   893   935 V WindowManagerShell: Track 0 became idle
06-30 02:25:11.876   893   935 V WindowManagerShell: All active transition animations finished
06-30 02:25:11.876   893   935 V WindowManagerShell:  animated by com.android.wm.shell.transition.DefaultTransitionHandler@f7c8820
06-30 02:25:11.876   893   935 V WindowManagerShell: Track 0 became idle
06-30 02:25:11.877   893   935 V WindowManagerShell: All active transition animations finished
06-30 02:25:11.880 20599 20599 I Choreographer: Skipped 43 frames!  The application may be doing too much work on its main thread.
06-30 02:25:11.889   549   959 I ImeTracker: com.google.android.permissioncontroller:1f201a60: onRequestHide at ORIGIN_SERVER_HIDE_INPUT reason HIDE_ALWAYS_HIDDEN_STATE
06-30 02:25:11.889   549   959 I ImeTracker: com.google.android.permissioncontroller:1f201a60: onCancelled at PHASE_SERVER_SHOULD_HIDE
06-30 02:25:11.895 17983 18092 I ImeTracker: com.google.android.apps.nexuslauncher:506d7e21: onRequestHide at ORIGIN_CLIENT_HIDE_SOFT_INPUT reason HIDE_SOFT_INPUT
06-30 02:25:11.895 17983 18092 I ImeTracker: com.google.android.apps.nexuslauncher:506d7e21: onFailed at PHASE_CLIENT_VIEW_SERVED
06-30 02:25:11.898 19459 19459 I GoogleInputMethodService: GoogleInputMethodService.onFinishInput():3227
06-30 02:25:11.899 17983 18257 D OneSearchSuggestProvider: Shut down the binder channel
06-30 02:25:11.900 19459 19459 I GoogleInputMethodService: GoogleInputMethodService.updateDeviceLockedStatus():2087 repeatCheckTimes = 0, unlocked = true
06-30 02:25:11.901 19459 19459 I GoogleInputMethodService: GoogleInputMethodService.onStartInput():1877 onStartInput(EditorInfo{inputType=0x0(NULL) imeOptions=0x0 privateImeOptions=null actionName=UNSPECIFIED actionLabel=null actionId=0 initialSelStart=-1 initialSelEnd=-1 initialCapsMode=0x0 hintText=null label=null packageName=com.google.android.permissioncontroller fieldId=0 fieldName=null extras=null}, false)
06-30 02:25:11.901 19459 19459 I GoogleInputMethodService: GoogleInputMethodService.shouldHideHeaderOnInitialState():4008 ShouldHideHeaderOnInitialState = false
06-30 02:25:11.902 19459 19459 I GoogleInputMethodService: GoogleInputMethodService.updateDeviceLockedStatus():2087 repeatCheckTimes = 2, unlocked = true
06-30 02:25:11.912 20749 20749 D app_process: Time zone APEX ICU file found: /apex/com.android.tzdata/etc/icu/icu_tzdata.dat
06-30 02:25:11.913 20749 20749 D app_process: I18n APEX ICU file found: /apex/com.android.i18n/etc/icu/icudt72l.dat
06-30 02:25:11.947   549   568 V WindowManager: Sent Transition #117 createdAt=06-30 02:25:11.056 via request=TransitionRequestInfo { type = OPEN, triggerTask = TaskInfo{userId=0 taskId=39 displayId=0 isRunning=true baseIntent=Intent { flg=0x10000000 cmp=ai.elizaos.app/.MainActivity } baseActivity=ComponentInfo{com.google.android.permissioncontroller/com.android.permissioncontroller.permission.ui.GrantPermissionsActivity} topActivity=ComponentInfo{com.google.android.permissioncontroller/com.android.permissioncontroller.permission.ui.GrantPermissionsActivity} origActivity=null realActivity=ComponentInfo{ai.elizaos.app/ai.elizaos.app.MainActivity} numActivities=7 lastActiveTime=8405262 supportsMultiWindow=true resizeMode=1 isResizeable=true minWidth=-1 minHeight=-1 defaultMinSize=220 token=WCT{RemoteToken{4586d9 Task{d035acb #39 type=standard A=10232:ai.elizaos.app}}} topActivityType=1 pictureInPictureParams=null shouldDockBigOverlays=false launchIntoPipHostTaskId=-1 lastParentTaskIdBeforePip=-1 displayCutoutSafeInsets=Rect(0, 128 - 0, 0) topActivityInfo=ActivityInfo{c6990dc com.android.permissioncontroller.permission.ui.GrantPermissionsActivity} launchCookies=[] positionInParent=Point(0, 0) parentTaskId=-1 isFocused=true isVisible=true isVisibleRequested=true isSleeping=false topActivityInSizeCompat=false topActivityEligibleForLetterboxEducation= false topActivityLetterboxed= false isFromDoubleTap= false topActivityLetterboxVerticalPosition= -1 topActivityLetterboxHorizontalPosition= -1 topActivityLetterboxWidth=-1 topActivityLetterboxHeight=-1 locusId=null displayAreaFeatureId=1 cameraCompatControlState=hidden}, remoteTransition = null, displayChange = null }
06-30 02:25:11.947   549   568 V WindowManager:     startWCT=WindowContainerTransaction { changes = {} hops = [] errorCallbackToken=null taskFragmentOrganizer=null }
06-30 02:25:11.948   549   568 V WindowManager:     info={id=117 t=OPEN f=0x0 trk=0 r=[0@Point(0, 0)] c=[{null m=OPEN f=TRANSLUCENT|FILLS_TASK|IS_BEHIND_STARTING_WINDOW leash=Surface(name=ActivityRecord{5a898f9 u0 com.google.android.permissioncontroller/com.android.permissioncontroller.permission.ui.GrantPermissionsActivity)/@0xfdf825f sb=Rect(0, 0 - 0, 0) eb=Rect(0, 0 - 1080, 2400) d=-1->0 r=-1->0:-1}]}
06-30 02:25:11.948   549   568 V WindowManager: Finish Transition #117: created at 06-30 02:25:11.056 collect-started=0.042ms request-sent=4.971ms started=11.204ms ready=541.784ms sent=809.166ms finished=818.524ms
06-30 02:25:11.957   549   579 W UsageStatsService: Unexpected activity event reported! (com.google.android.permissioncontroller/com.android.permissioncontroller.permission.ui.GrantPermissionsActivity event : 23 instanceId : 243201240)
06-30 02:25:11.957   549   579 W UsageStatsService: Unexpected activity event reported! (com.google.android.permissioncontroller/com.android.permissioncontroller.permission.ui.GrantPermissionsActivity event : 23 instanceId : 152809507)
06-30 02:25:11.957   549   579 W UsageStatsService: Unexpected activity event reported! (com.google.android.permissioncontroller/com.android.permissioncontroller.permission.ui.GrantPermissionsActivity event : 23 instanceId : 23955596)
06-30 02:25:11.957   549   579 W UsageStatsService: Unexpected activity event reported! (com.google.android.permissioncontroller/com.android.permissioncontroller.permission.ui.GrantPermissionsActivity event : 23 instanceId : 28298228)
06-30 02:25:11.958   549   579 W UsageStatsService: Unexpected activity event reported! (com.google.android.apps.nexuslauncher/com.google.android.apps.nexuslauncher.NexusLauncherActivity event : 23 instanceId : 179924500)
06-30 02:25:11.962   893   977 D EGL_emulation: app_time_stats: avg=213.06ms min=20.62ms max=1790.00ms count=11
06-30 02:25:11.985 20749 20749 W app_process: Unexpected CPU variant for x86: x86_64.
06-30 02:25:11.985 20749 20749 W app_process: Known variants: atom, sandybridge, silvermont, goldmont, goldmont-plus, tremont, kabylake, default
06-30 02:25:12.036 20599 20599 E Capacitor/Console: File: chrome-error://chromewebdata/ - Line 1 - Msg: Uncaught TypeError: Cannot read properties of undefined (reading 'triggerEvent')
06-30 02:25:12.081 20749 20749 W libc    : Access denied finding property "ro.product.name_for_attestation"
06-30 02:25:12.081 20749 20749 W libc    : Access denied finding property "ro.product.brand_for_attestation"
06-30 02:25:12.081 20749 20749 W libc    : Access denied finding property "ro.product.model_for_attestation"
06-30 02:25:12.084 20749 20749 D AndroidRuntime: Calling main entry com.android.commands.am.Am
06-30 02:25:12.079 20749 20749 W main    : type=1400 audit(0.0:3604): avc:  denied  { read } for  name="u:object_r:build_attestation_prop:s0" dev="tmpfs" ino=86 scontext=u:r:shell:s0 tcontext=u:object_r:build_attestation_prop:s0 tclass=file permissive=0
06-30 02:25:12.079 20749 20749 W main    : type=1400 audit(0.0:3605): avc:  denied  { read } for  name="u:object_r:build_attestation_prop:s0" dev="tmpfs" ino=86 scontext=u:r:shell:s0 tcontext=u:object_r:build_attestation_prop:s0 tclass=file permissive=0
06-30 02:25:12.079 20749 20749 W main    : type=1400 audit(0.0:3606): avc:  denied  { read } for  name="u:object_r:build_attestation_prop:s0" dev="tmpfs" ino=86 scontext=u:r:shell:s0 tcontext=u:object_r:build_attestation_prop:s0 tclass=file permissive=0
06-30 02:25:12.101 20749 20749 D UiAutomationConnection: Created on user UserHandle{0}
06-30 02:25:12.105   549   976 I ActivityManager: Force stopping ai.elizaos.app appid=10232 user=0: start instr
06-30 02:25:12.107   549   569 D DisplayManagerService: Drop pending events for gone uid 10232
06-30 02:25:12.113   549   976 I ActivityManager: Killing 20599:ai.elizaos.app/u0a232 (adj 50): stop ai.elizaos.app due to start instr
06-30 02:25:12.115   549   976 D CompatibilityChangeReporter: Compat change id reported: 261072174; UID 10232; state: ENABLED
06-30 02:25:12.117 20697 20697 I cr_ChildProcessService: Destroying ChildProcessService pid=20697
06-30 02:25:12.120   549   976 I ActivityManager: Killing 20697:com.google.android.webview:sandboxed_process0:org.chromium.content.app.SandboxedProcessService0:0/u0a232i22 (adj 0): isolated not needed
06-30 02:25:12.122   549   976 W ActivityTaskManager: Force removing ActivityRecord{a4e171f u0 ai.elizaos.app/.MainActivity t39 f}}: app died, no saved state
06-30 02:25:12.123   893   935 V WindowManagerShell: Transition requested: android.os.BinderProxy@20174b6 TransitionRequestInfo { type = CLOSE, triggerTask = null, remoteTransition = null, displayChange = null }
06-30 02:25:12.168   420   420 I BpBinder: onLastStrongRef automatically unlinking death recipients:
06-30 02:25:12.183   893   935 W Looper  : Slow dispatch took 60ms wmshell.main h=android.os.Handler c=com.android.wm.shell.transition.Transitions$TransitionPlayerImpl$$ExternalSyntheticLambda1@6f255b7 m=0
06-30 02:25:12.184   893   935 W Looper  : Slow delivery took 53ms wmshell.main h=android.os.Handler c=com.android.wm.shell.pip.PinnedStackListenerForwarder$PinnedTaskListenerImpl$$ExternalSyntheticLambda1@dd67124 m=0
06-30 02:25:12.314   549   582 I libprocessgroup: Successfully killed process cgroup uid 99022 pid 20697 in 193ms
06-30 02:25:12.319   549   568 V WindowManager: Sent Transition #118 createdAt=06-30 02:25:12.122 via request=TransitionRequestInfo { type = CLOSE, triggerTask = null, remoteTransition = null, displayChange = null }
06-30 02:25:12.319   549   568 V WindowManager:     startWCT=WindowContainerTransaction { changes = {} hops = [] errorCallbackToken=null taskFragmentOrganizer=null }
06-30 02:25:12.319   549   568 V WindowManager:     info={id=118 t=CLOSE f=0x0 trk=0 r=[0@Point(0, 0)] c=[{null m=CLOSE f=FILLS_TASK leash=Surface(name=ActivityRecord{a4e171f u0 ai.elizaos.app/.MainActivity)/@0x458dd34 sb=Rect(0, 0 - 1080, 2400) eb=Rect(0, 0 - 1080, 2400) d=0},{null m=TO_FRONT f=TRANSLUCENT|FILLS_TASK leash=Surface(name=ActivityRecord{b0f12fd u0 com.google.android.permissioncontroller/com.android.permissioncontroller.permission.ui.GrantPermissionsActivity)/@0xa707e0a sb=Rect(0, 0 - 1080, 2400) eb=Rect(0, 0 - 1080, 2400) d=0},{null m=TO_FRONT f=TRANSLUCENT|FILLS_TASK leash=Surface(name=ActivityRecord{f6887bb u0 com.google.android.permissioncontroller/com.android.permissioncontroller.permission.ui.GrantPermissionsActivity)/@0x43ba726 sb=Rect(0, 0 - 1080, 2400) eb=Rect(0, 0 - 1080, 2400) d=0},{null m=TO_FRONT f=TRANSLUCENT|FILLS_TASK leash=Surface(name=ActivityRecord{25f4552 u0 com.google.android.permissioncontroller/com.android.permissioncontroller.permission.ui.GrantPermissionsActivity)/@0x6876eae sb=Rect(0, 0 - 1080, 2400) eb=Rect(0, 0 - 1080, 2400) d=0},{null m=TO_FRONT f=TRANSLUCENT|FILLS_TASK leash=Surface(name=ActivityRecord{e3309bf u0 com.google.android.permissioncontroller/com.android.permissioncontroller.permission.ui.GrantPermissionsActivity)/@0x6bcdafa sb=Rect(0, 0 - 1080, 2400) eb=Rect(0, 0 - 1080, 2400) d=0},{null m=TO_FRONT f=TRANSLUCENT|FILLS_TASK leash=Surface(name=ActivityRecord{26019c7 u0 com.google.android.permissioncontroller/com.android.permissioncontroller.permission.ui.GrantPermissionsActivity)/@0x8eebdd9 sb=Rect(0, 0 - 1080, 2400) eb=Rect(0, 0 - 1080, 2400) d=0},{WCT{RemoteToken{10375d9 Task{94c32c1 #1 type=home}}} m=TO_FRONT f=SHOW_WALLPAPER leash=Surface(name=Task=1)/@0x1276769 sb=Rect(0, 0 - 1080, 2400) eb=Rect(0, 0 - 1080, 2400) d=0},{null m=TO_FRONT f=IS_WALLPAPER leash=Surface(name=WallpaperWindowToken{d3042e2 token=android.os.Binder@f397fad})/@0xc78dcd1 sb=Rect(0, 0 - 1080, 2400) eb=Rect(0, 0 - 1080, 2400) d=0}]}
06-30 02:25:12.326   893   935 V WindowManagerShell: onTransitionReady android.os.BinderProxy@20174b6: {id=118 t=CLOSE f=0x0 trk=0 r=[0@Point(0, 0)] c=[{null m=CLOSE f=FILLS_TASK leash=Surface(name=ActivityRecord{a4e171f u0 ai.elizaos.app/.MainActivity)/@0x9f548d sb=Rect(0, 0 - 1080, 2400) eb=Rect(0, 0 - 1080, 2400) d=0},{null m=TO_FRONT f=TRANSLUCENT|FILLS_TASK leash=Surface(name=ActivityRecord{b0f12fd u0 com.google.android.permissioncontroller/com.android.permissioncontroller.permission.ui.GrantPermissionsActivity)/@0x1a82642 sb=Rect(0, 0 - 1080, 2400) eb=Rect(0, 0 - 1080, 2400) d=0},{null m=TO_FRONT f=TRANSLUCENT|FILLS_TASK leash=Surface(name=ActivityRecord{f6887bb u0 com.google.android.permissioncontroller/com.android.permissioncontroller.permission.ui.GrantPermissionsActivity)/@0x94c9653 sb=Rect(0, 0 - 1080, 2400) eb=Rect(0, 0 - 1080, 2400) d=0},{null m=TO_FRONT f=TRANSLUCENT|FILLS_TASK leash=Surface(name=ActivityRecord{25f4552 u0 com.google.android.permissioncontroller/com.android.permissioncontroller.permission.ui.GrantPermissionsActivity)/@0x29b7b90 sb=Rect(0, 0 - 1080, 2400) eb=Rect(0, 0 - 1080, 2400) d=0},{null m=TO_FRONT f=TRANSLUCENT|FILLS_TASK leash=Surface(name=ActivityRecord{e3309bf u0 com.google.android.permissioncontroller/com.android.permissioncontroller.permission.ui.GrantPermissionsActivity)/@0xd39ac89 sb=Rect(0, 0 - 1080, 2400) eb=Rect(0, 0 - 1080, 2400) d=0},{null m=TO_FRONT f=TRANSLUCENT|FILLS_TASK leash=Surface(name=ActivityRecord{26019c7 u0 com.google.android.permissioncontroller/com.android.permissioncontroller.permission.ui.GrantPermissionsActivity)/@0xf16648e sb=Rect(0, 0 - 1080, 2400) eb=Rect(0, 0 - 1080, 2400) d=0},{WCT{android.window.IWindowContainerToken$Stub$Proxy@2183b9a} m=TO_FRONT f=SHOW_WALLPAPER leash=Surface(name=Task=1)/@0x30044af sb=Rect(0, 0 - 1080, 2400) eb=Rect(0, 0 - 1080, 2400) d=0},{null m=TO_FRONT f=IS_WALLPAPER leash=Surface(name=WallpaperWindowToken{d3042e2 token=android.os.Binder@f397fad})/@0xa64c0bc sb=Rect(0, 0 - 1080, 2400) eb=Rect(0, 0 - 1080, 2400) d=0}]}
06-30 02:25:12.326   893   935 V WindowManagerShell: Playing animation for (#118)android.os.BinderProxy@20174b6@0
06-30 02:25:12.326   893   935 V WindowManagerShell:  try handler com.android.wm.shell.transition.DefaultMixedHandler@86f4a25
06-30 02:25:12.326   893   935 V WindowManagerShell:  try handler com.android.wm.shell.keyguard.KeyguardTransitionHandler@d9807fa
06-30 02:25:12.326   893   935 V WindowManagerShell:  try handler com.android.wm.shell.activityembedding.ActivityEmbeddingController@185c1ab
06-30 02:25:12.326   893   935 V WindowManagerShell:  try handler com.android.wm.shell.recents.RecentsTransitionHandler@c37c008
06-30 02:25:12.326   893   935 V ShellRecents: RecentsTransitionHandler.startAnimation: no controller found
06-30 02:25:12.326   893   935 V WindowManagerShell:  try handler com.android.wm.shell.pip.PipTransition@e6f63a1
06-30 02:25:12.326   893   935 V WindowManagerShell:  try handler com.android.wm.shell.splitscreen.StageCoordinator@54ea9c6
06-30 02:25:12.326   893   935 V WindowManagerShell:  try handler com.android.wm.shell.transition.RemoteTransitionHandler@f5ccd87
06-30 02:25:12.326   893   935 V WindowManagerShell: Transition doesn't have explicit remote, search filters for match for {id=118 t=CLOSE f=0x0 trk=0 r=[0@Point(0, 0)] c=[{null m=CLOSE f=FILLS_TASK leash=Surface(name=ActivityRecord{a4e171f u0 ai.elizaos.app/.MainActivity)/@0x9f548d sb=Rect(0, 0 - 1080, 2400) eb=Rect(0, 0 - 1080, 2400) d=0},{null m=TO_FRONT f=TRANSLUCENT|FILLS_TASK leash=Surface(name=ActivityRecord{b0f12fd u0 com.google.android.permissioncontroller/com.android.permissioncontroller.permission.ui.GrantPermissionsActivity)/@0x1a82642 sb=Rect(0, 0 - 1080, 2400) eb=Rect(0, 0 - 1080, 2400) d=0},{null m=TO_FRONT f=TRANSLUCENT|FILLS_TASK leash=Surface(name=ActivityRecord{f6887bb u0 com.google.android.permissioncontroller/com.android.permissioncontroller.permission.ui.GrantPermissionsActivity)/@0x94c9653 sb=Rect(0, 0 - 1080, 2400) eb=Rect(0, 0 - 1080, 2400) d=0},{null m=TO_FRONT f=TRANSLUCENT|FILLS_TASK leash=Surface(name=ActivityRecord{25f4552 u0 com.google.android.permissioncontroller/com.android.permissioncontroller.permission.ui.GrantPermissionsActivity)/@0x29b7b90 sb=Rect(0, 0 - 1080, 2400) eb=Rect(0, 0 - 1080, 2400) d=0},{null m=TO_FRONT f=TRANSLUCENT|FILLS_TASK leash=Surface(name=ActivityRecord{e3309bf u0 com.google.android.permissioncontroller/com.android.permissioncontroller.permission.ui.GrantPermissionsActivity)/@0xd39ac89 sb=Rect(0, 0 - 1080, 2400) eb=Rect(0, 0 - 1080, 2400) d=0},{null m=TO_FRONT f=TRANSLUCENT|FILLS_TASK leash=Surface(name=ActivityRecord{26019c7 u0 com.google.android.permissioncontroller/com.android.permissioncontroller.permission.ui.GrantPermissionsActivity)/@0xf16648e sb=Rect(0, 0 - 1080, 2400) eb=Rect(0, 0 - 1080, 2400) d=0},{WCT{android.window.IWindowContainerToken$Stub$Proxy@2183b9a} m=TO_FRONT f=SHOW_WALLPAPER leash=Surface(name=Task=1)/@0x30044af sb=Rect(0, 0 - 1080, 2400) eb=Rect(0, 0 - 1080, 2400) d=0},{null m=TO_FRONT f=IS_WALLPAPER leash=Surface(name=WallpaperWindowToken{d3042e2 token=android.os.Binder@f397fad})/@0xa64c0bc sb=Rect(0, 0 - 1080, 2400) eb=Rect(0, 0 - 1080, 2400) d=0}]}
06-30 02:25:12.326   893   935 V WindowManagerShell:  Checking filter Pair{{types=[] flags=0x0] notFlags=0x0 checks=[{atype=dream independent=true modes=[OPEN,TO_FRONT] flags=NONE mustBeTask=false order=ANY topActivity=null},{atype=home independent=true modes=[CLOSE,TO_BACK] flags=NONE mustBeTask=false order=ANY topActivity=null}]} RemoteTransition { remoteTransition = android.window.IRemoteTransition$Stub$Proxy@c085c34, appThread = android.app.IApplicationThread$Stub$Proxy@fdf4a5d, debugName = LauncherToDream }}
06-30 02:25:12.326   893   935 V WindowManagerShell:  Checking filter Pair{{types=[] flags=0x0] notFlags=0x100 checks=[{atype=home independent=true modes=[OPEN,TO_FRONT] flags=NONE mustBeTask=false order=TOP topActivity=ComponentInfo{com.google.android.apps.nexuslauncher/com.google.android.apps.nexuslauncher.NexusLauncherActivity}},{atype=standard independent=true modes=[CLOSE,TO_BACK] flags=NONE mustBeTask=false order=ANY topActivity=null}]} RemoteTransition { remoteTransition = android.window.IRemoteTransition$Stub$Proxy@ba92fd2, appThread = android.app.IApplicationThread$Stub$Proxy@20788a3, debugName = QuickstepLaunchHome }}
06-30 02:25:12.326   893   935 V WindowManagerShell:  Delegate animation for #118 to null
06-30 02:25:12.326   893   935 V WindowManagerShell:  try handler com.android.wm.shell.transition.DefaultTransitionHandler@f7c8820
06-30 02:25:12.327   893   935 V WindowManagerShell: start default transition animation, info = {id=118 t=CLOSE f=0x0 trk=0 r=[0@Point(0, 0)] c=[{null m=CLOSE f=FILLS_TASK leash=Surface(name=ActivityRecord{a4e171f u0 ai.elizaos.app/.MainActivity)/@0x9f548d sb=Rect(0, 0 - 1080, 2400) eb=Rect(0, 0 - 1080, 2400) d=0},{null m=TO_FRONT f=TRANSLUCENT|FILLS_TASK leash=Surface(name=ActivityRecord{b0f12fd u0 com.google.android.permissioncontroller/com.android.permissioncontroller.permission.ui.GrantPermissionsActivity)/@0x1a82642 sb=Rect(0, 0 - 1080, 2400) eb=Rect(0, 0 - 1080, 2400) d=0},{null m=TO_FRONT f=TRANSLUCENT|FILLS_TASK leash=Surface(name=ActivityRecord{f6887bb u0 com.google.android.permissioncontroller/com.android.permissioncontroller.permission.ui.GrantPermissionsActivity)/@0x94c9653 sb=Rect(0, 0 - 1080, 2400) eb=Rect(0, 0 - 1080, 2400) d=0},{null m=TO_FRONT f=TRANSLUCENT|FILLS_TASK leash=Surface(name=ActivityRecord{25f4552 u0 com.google.android.permissioncontroller/com.android.permissioncontroller.permission.ui.GrantPermissionsActivity)/@0x29b7b90 sb=Rect(0, 0 - 1080, 2400) eb=Rect(0, 0 - 1080, 2400) d=0},{null m=TO_FRONT f=TRANSLUCENT|FILLS_TASK leash=Surface(name=ActivityRecord{e3309bf u0 com.google.android.permissioncontroller/com.android.permissioncontroller.permission.ui.GrantPermissionsActivity)/@0xd39ac89 sb=Rect(0, 0 - 1080, 2400) eb=Rect(0, 0 - 1080, 2400) d=0},{null m=TO_FRONT f=TRANSLUCENT|FILLS_TASK leash=Surface(name=ActivityRecord{26019c7 u0 com.google.android.permissioncontroller/com.android.permissioncontroller.permission.ui.GrantPermissionsActivity)/@0xf16648e sb=Rect(0, 0 - 1080, 2400) eb=Rect(0, 0 - 1080, 2400) d=0},{WCT{android.window.IWindowContainerToken$Stub$Proxy@2183b9a} m=TO_FRONT f=SHOW_WALLPAPER leash=Surface(name=Task=1)/@0x30044af sb=Rect(0, 0 - 1080, 2400) eb=Rect(0, 0 - 1080, 2400) d=0},{null m=TO_FRONT f=IS_WALLPAPER leash=Surface(name=WallpaperWindowToken{d3042e2 token=android.os.Binder@f397fad})/@0xa64c0bc sb=Rect(0, 0 - 1080, 2400) eb=Rect(0, 0 - 1080, 2400) d=0}]}
06-30 02:25:12.328   893   935 V WindowManagerShell: loadAnimation: anim=android.view.animation.AnimationSet@f1b2ca8 animAttr=0x10 type=CLOSE isEntrance=true
06-30 02:25:12.328   893   935 V WindowManagerShell: loadAnimation: anim=android.view.animation.AnimationSet@81d63c1 animAttr=0x10 type=CLOSE isEntrance=true
06-30 02:25:12.328   893   935 V WindowManagerShell: loadAnimation: anim=android.view.animation.AnimationSet@12e7766 animAttr=0x10 type=CLOSE isEntrance=true
06-30 02:25:12.328   893   935 V WindowManagerShell: loadAnimation: anim=android.view.animation.AnimationSet@80e1aa7 animAttr=0x10 type=CLOSE isEntrance=true
06-30 02:25:12.328   893   935 V WindowManagerShell: loadAnimation: anim=android.view.animation.AnimationSet@e4a6b54 animAttr=0x10 type=CLOSE isEntrance=true
06-30 02:25:12.328   893   935 V WindowManagerShell: loadAnimation: anim=android.view.animation.AnimationSet@95b7afd animAttr=0x10 type=CLOSE isEntrance=true
06-30 02:25:12.329   893   935 V WindowManagerShell: loadAnimation: anim=android.view.animation.AnimationSet@8ce8c0 animAttr=0x11 type=CLOSE isEntrance=false
06-30 02:25:12.336   893   935 V WindowManagerShell:  animated by com.android.wm.shell.transition.DefaultTransitionHandler@f7c8820
06-30 02:25:12.337   893   935 W Looper  : Drained
06-30 02:25:12.340  1058  1058 I Zygote  : Process 20697 exited due to signal 9 (Killed)
06-30 02:25:12.343   549   976 D CompatibilityChangeReporter: Compat change id reported: 135634846; UID 10232; state: DISABLED
06-30 02:25:12.344   549   571 W system_server: Long monitor contention with owner binder:549_9 (976) at void com.android.server.am.OomAdjuster.updateOomAdjLocked(int)(OomAdjuster.java:570) waiters=2 in void com.android.server.am.ProcessRecord.setPendingUiClean(boolean) for 214ms
06-30 02:25:12.347   549   588 W system_server: Long monitor contention with owner binder:549_9 (976) at boolean com.android.server.am.ActivityManagerService.startInstrumentation(android.content.ComponentName, java.lang.String, int, android.os.Bundle, android.app.IInstrumentationWatcher, android.app.IUiAutomationConnection, int, java.lang.String)(ActivityManagerService.java:15633) waiters=0 in boolean com.android.server.am.ActivityManagerService$LocalService.isProfileOwner(int) for 230ms
06-30 02:25:12.348   549   580 W system_server: Long monitor contention with owner binder:549_9 (976) at boolean com.android.server.am.ActivityManagerService.startInstrumentation(android.content.ComponentName, java.lang.String, int, android.os.Bundle, android.app.IInstrumentationWatcher, android.app.IUiAutomationConnection, int, java.lang.String)(ActivityManagerService.java:15633) waiters=1 in void com.android.server.am.ServiceRecord.signalForegroundServiceNotification(java.lang.String, int, int, boolean) for 231ms
06-30 02:25:12.348   549   581 D CompatibilityChangeReporter: Compat change id reported: 143937733; UID 10232; state: ENABLED
06-30 02:25:12.349   549   569 W Looper  : Slow dispatch took 153ms android.ui h=com.android.server.am.ActivityManagerService$UiHandler c=com.android.server.am.UidObserverController$$ExternalSyntheticLambda0@ce04394 m=0
06-30 02:25:12.362   549   569 D DisplayManagerService: Drop pending events for gone uid 99022
06-30 02:25:12.365  1095  1382 D BtGatt.ScanManager: uid 10128 isForeground true scanMode 1
06-30 02:25:12.366  1095  1382 D BtGatt.ScanManager: uid 10128 isForeground true scanMode -1
06-30 02:25:12.366  1095  1382 D BtGatt.ScanManager: uid 10128 isForeground true scanMode 1
06-30 02:25:12.372   549   628 D CompatibilityChangeReporter: Compat change id reported: 265195908; UID 10232; state: ENABLED
06-30 02:25:12.372   364   364 D Zygote  : Forked child process 20801
06-30 02:25:12.374  1095  1382 D BtGatt.ScanManager: uid 10128 isForeground true scanMode -1
06-30 02:25:12.375   549   581 I ActivityManager: Start proc 20801:ai.elizaos.app/u0a232 for added application ai.elizaos.app
06-30 02:25:12.382 20801 20801 I ai.elizaos.app: Late-enabling -Xcheck:jni
06-30 02:25:12.419 20801 20801 I ai.elizaos.app: Using CollectorTypeCC GC.
06-30 02:25:12.420 20801 20801 W ai.elizaos.app: Unexpected CPU variant for x86: x86_64.
06-30 02:25:12.420 20801 20801 W ai.elizaos.app: Known variants: atom, sandybridge, silvermont, goldmont, goldmont-plus, tremont, kabylake, default
06-30 02:25:12.421   549  3389 E TaskPersister: File error accessing recents directory (directory doesn't exist?).
06-30 02:25:12.444   549  2561 I WindowManager: WIN DEATH: Window{31e1ad8 u0 ai.elizaos.app/ai.elizaos.app.MainActivity}
06-30 02:25:12.446   549  2561 W InputManager-JNI: Input channel object '31e1ad8 ai.elizaos.app/ai.elizaos.app.MainActivity (client)' was disposed without first being removed with the input manager!
06-30 02:25:12.446   439   449 I adbd    : jdwp connection from 20801
06-30 02:25:12.447   549   825 D ConnectivityService: releasing NetworkRequest [ REQUEST id=766, [ Capabilities: INTERNET&NOT_RESTRICTED&TRUSTED&NOT_VCN_MANAGED Uid: 10232 RequestorUid: 10232 RequestorPkg: ai.elizaos.app UnderlyingNetworks: Null] ] (release request)
06-30 02:25:12.448   549   848 V ActivityManager: Got obituary of 20599:ai.elizaos.app
06-30 02:25:12.459   364   364 I Zygote  : Process 20599 exited due to signal 9 (Killed)
06-30 02:25:12.491   549   976 D CompatibilityChangeReporter: Compat change id reported: 168419799; UID 10232; state: DISABLED
06-30 02:25:12.492   549   976 D CompatibilityChangeReporter: Compat change id reported: 273564678; UID 10232; state: DISABLED
06-30 02:25:12.507 20801 20801 D CompatibilityChangeReporter: Compat change id reported: 171979766; UID 10232; state: ENABLED
06-30 02:25:12.507 20801 20801 D CompatibilityChangeReporter: Compat change id reported: 242716250; UID 10232; state: ENABLED
06-30 02:25:12.512   549   976 D CompatibilityChangeReporter: Compat change id reported: 170503758; UID 10232; state: ENABLED
06-30 02:25:12.516 20801 20801 W ActivityThread: Package uses different ABI(s) than its instrumentation: package[ai.elizaos.app]: x86_64, null instrumentation[ai.elizaos.app.test]: null, null
06-30 02:25:12.519 20801 20801 D ApplicationLoaders: Returning zygote-cached class loader: /system_ext/framework/androidx.window.extensions.jar
06-30 02:25:12.519 20801 20801 D ApplicationLoaders: Returning zygote-cached class loader: /system_ext/framework/androidx.window.sidecar.jar
06-30 02:25:12.522 20801 20801 W ai.elizaos.app: ClassLoaderContext classpath element mismatch. expected=/system/framework/android.test.base.jar, found=/system_ext/framework/androidx.window.extensions.jar (PCL[]{PCL[/system/framework/android.test.base.jar*836642756]#PCL[/system/framework/android.test.mock.jar*3186112116]} | PCL[]{PCL[/system_ext/framework/androidx.window.extensions.jar*3801209684]#PCL[/system_ext/framework/androidx.window.sidecar.jar*2709203797]})
06-30 02:25:12.538 20801 20801 W ai.elizaos.app: ClassLoaderContext classpath size mismatch. expected=0, found=1 (PCL[] | PCL[/system/framework/android.test.runner.jar*4168958247]{PCL[/system_ext/framework/androidx.window.extensions.jar*3801209684]#PCL[/system_ext/framework/androidx.window.sidecar.jar*2709203797]})
06-30 02:25:12.551 20801 20801 W ai.elizaos.app: ClassLoaderContext classpath size mismatch. expected=0, found=2 (PCL[] | PCL[/system/framework/android.test.runner.jar*4168958247:/system/framework/android.test.mock.jar*3186112116]{PCL[/system_ext/framework/androidx.window.extensions.jar*3801209684]#PCL[/system_ext/framework/androidx.window.sidecar.jar*2709203797]})
06-30 02:25:12.561 20801 20801 W ziparchive: Unable to open '/data/app/~~4Ad6mlD4aYgDpVkt1S2l3g==/ai.elizaos.app.test-Duw4S_pSGBhmqM8mtVZg3g==/base.dm': No such file or directory
06-30 02:25:12.561 20801 20801 W ziparchive: Unable to open '/data/app/~~4Ad6mlD4aYgDpVkt1S2l3g==/ai.elizaos.app.test-Duw4S_pSGBhmqM8mtVZg3g==/base.dm': No such file or directory
06-30 02:25:12.586   893   935 V WindowManagerShell: Transition animation finished (aborted=false), notifying core (#118)android.os.BinderProxy@20174b6@0
06-30 02:25:12.592   549   568 V WindowManager: Finish Transition #118: created at 06-30 02:25:12.122 collect-started=0.088ms request-sent=0.411ms started=40.784ms ready=40.77ms sent=187.07ms finished=468.893ms
06-30 02:25:12.600 20801 20801 W ziparchive: Unable to open '/data/app/~~m-eMzDc7vOFZFgQuGi_VZA==/ai.elizaos.app-d6XSDXs8pXRxWc05rT-8iQ==/base.dm': No such file or directory
06-30 02:25:12.600 20801 20801 W ziparchive: Unable to open '/data/app/~~m-eMzDc7vOFZFgQuGi_VZA==/ai.elizaos.app-d6XSDXs8pXRxWc05rT-8iQ==/base.dm': No such file or directory
06-30 02:25:12.601   549   976 W WindowManager: Exception thrown during dispatchAppVisibility Window{31e1ad8 u0 ai.elizaos.app/ai.elizaos.app.MainActivity EXITING}
06-30 02:25:12.601   549   976 W WindowManager: android.os.DeadObjectException
06-30 02:25:12.601   549   976 W WindowManager: 	at android.os.BinderProxy.transactNative(Native Method)
06-30 02:25:12.601   549   976 W WindowManager: 	at android.os.BinderProxy.transact(BinderProxy.java:584)
06-30 02:25:12.601   549   976 W WindowManager: 	at android.view.IWindow$Stub$Proxy.dispatchAppVisibility(IWindow.java:546)
06-30 02:25:12.601   549   976 W WindowManager: 	at com.android.server.wm.WindowState.sendAppVisibilityToClients(WindowState.java:3271)
06-30 02:25:12.601   549   976 W WindowManager: 	at com.android.server.wm.WindowContainer.sendAppVisibilityToClients(WindowContainer.java:1221)
06-30 02:25:12.601   549   976 W WindowManager: 	at com.android.server.wm.WindowToken.setClientVisible(WindowToken.java:409)
06-30 02:25:12.601   549   976 W WindowManager: 	at com.android.server.wm.ActivityRecord.setClientVisible(ActivityRecord.java:6946)
06-30 02:25:12.601   549   976 W WindowManager: 	at com.android.server.wm.ActivityRecord.postApplyAnimation(ActivityRecord.java:5637)
06-30 02:25:12.601   549   976 W WindowManager: 	at com.android.server.wm.ActivityRecord.commitVisibility(ActivityRecord.java:5580)
06-30 02:25:12.601   549   976 W WindowManager: 	at com.android.server.wm.Transition.finishTransition(Transition.java:1151)
06-30 02:25:12.601   549   976 W WindowManager: 	at com.android.server.wm.TransitionController.finishTransition(TransitionController.java:868)
06-30 02:25:12.601   549   976 W WindowManager: 	at com.android.server.wm.WindowOrganizerController.finishTransition(WindowOrganizerController.java:396)
06-30 02:25:12.601   549   976 W WindowManager: 	at android.window.IWindowOrganizerController$Stub.onTransact(IWindowOrganizerController.java:286)
06-30 02:25:12.601   549   976 W WindowManager: 	at com.android.server.wm.WindowOrganizerController.onTransact(WindowOrganizerController.java:181)
06-30 02:25:12.601   549   976 W WindowManager: 	at android.os.Binder.execTransactInternal(Binder.java:1344)
06-30 02:25:12.601   549   976 W WindowManager: 	at android.os.Binder.execTransact(Binder.java:1275)
06-30 02:25:12.601   549   976 I Process : Sending signal. PID: 20599 SIG: 9
06-30 02:25:12.611   549   571 W ActivityManager: setHasOverlayUi called on unknown pid: 20599
06-30 02:25:12.613   893   935 V WindowManagerShell: Track 0 became idle
06-30 02:25:12.613   893   935 V WindowManagerShell: All active transition animations finished
06-30 02:25:12.654   420   420 E BpTransactionCompletedListener: Failed to transact (-32)
06-30 02:25:12.965   893   977 D EGL_emulation: app_time_stats: avg=22.83ms min=1.36ms max=329.76ms count=25
06-30 02:25:13.189   549   976 D WifiNl80211Manager: Scan result ready event
06-30 02:25:13.189   549   976 D WifiNative: Scan result ready event
06-30 02:25:13.670 20801 20801 D nativeloader: Configuring clns-6 for other apk /system/framework/android.test.runner.jar:/system/framework/android.test.mock.jar:/system/framework/android.test.base.jar:/data/app/~~4Ad6mlD4aYgDpVkt1S2l3g==/ai.elizaos.app.test-Duw4S_pSGBhmqM8mtVZg3g==/base.apk:/data/app/~~m-eMzDc7vOFZFgQuGi_VZA==/ai.elizaos.app-d6XSDXs8pXRxWc05rT-8iQ==/base.apk. target_sdk_version=35, uses_libraries=, library_path=/data/app/~~4Ad6mlD4aYgDpVkt1S2l3g==/ai.elizaos.app.test-Duw4S_pSGBhmqM8mtVZg3g==/lib/x86_64:/data/app/~~m-eMzDc7vOFZFgQuGi_VZA==/ai.elizaos.app-d6XSDXs8pXRxWc05rT-8iQ==/lib/x86_64:/data/app/~~4Ad6mlD4aYgDpVkt1S2l3g==/ai.elizaos.app.test-Duw4S_pSGBhmqM8mtVZg3g==/base.apk!/lib/x86_64:/data/app/~~m-eMzDc7vOFZFgQuGi_VZA==/ai.elizaos.app-d6XSDXs8pXRxWc05rT-8iQ==/base.apk!/lib/x86_64, permitted_path=/data:/mnt/expand:/data/user/0/ai.elizaos.app
06-30 02:25:13.671   549   976 I AppsFilter: interaction: PackageSetting{df23d01 ai.elizaos.app/10232} -> PackageSetting{87cc2ae com.android.cts.priv.ctsshim/10173} BLOCKED
06-30 02:25:13.671   549   976 I AppsFilter: interaction: PackageSetting{df23d01 ai.elizaos.app/10232} -> PackageSetting{104184f com.google.android.youtube/10139} BLOCKED
06-30 02:25:13.671   549   976 I AppsFilter: interaction: PackageSetting{df23d01 ai.elizaos.app/10232} -> PackageSetting{837a2e4 com.android.internal.display.cutout.emulation.corner/10024} BLOCKED
06-30 02:25:13.671   549   976 I AppsFilter: interaction: PackageSetting{df23d01 ai.elizaos.app/10232} -> PackageSetting{3aa034d com.android.internal.display.cutout.emulation.double/10048} BLOCKED
06-30 02:25:13.671   549   976 I AppsFilter: interaction: PackageSetting{df23d01 ai.elizaos.app/10232} -> PackageSetting{a409bdc com.google.android.onetimeinitializer/10125} BLOCKED
06-30 02:25:13.671   549   976 I AppsFilter: interaction: PackageSetting{df23d01 ai.elizaos.app/10232} -> PackageSetting{52794e5 com.google.android.ext.shared/10101} BLOCKED
06-30 02:25:13.671   549   976 I AppsFilter: interaction: PackageSetting{df23d01 ai.elizaos.app/10232} -> PackageSetting{6208749 com.android.internal.systemui.navbar.gestural_wide_back/10022} BLOCKED
06-30 02:25:13.671   549   976 I AppsFilter: interaction: PackageSetting{df23d01 ai.elizaos.app/10232} -> PackageSetting{f565bba com.google.android.federatedcompute/10179} BLOCKED
06-30 02:25:13.671   549   976 I AppsFilter: interaction: PackageSetting{df23d01 ai.elizaos.app/10232} -> PackageSetting{e026a7c com.android.managedprovisioning.auto_generated_rro_product__/10021} BLOCKED
06-30 02:25:13.671   549   976 I AppsFilter: interaction: PackageSetting{df23d01 ai.elizaos.app/10232} -> PackageSetting{b614f05 com.android.carrierconfig.auto_generated_rro_vendor__/10075} BLOCKED
06-30 02:25:13.671   549   976 I AppsFilter: interaction: PackageSetting{df23d01 ai.elizaos.app/10232} -> PackageSetting{1605b5a com.android.systemui.emulation.pixel_3_xl/10034} BLOCKED
06-30 02:25:13.671   549   976 I AppsFilter: interaction: PackageSetting{df23d01 ai.elizaos.app/10232} -> PackageSetting{378818b com.android.systemui.emulation.pixel_4_xl/10058} BLOCKED
06-30 02:25:13.671   549   976 I AppsFilter: interaction: PackageSetting{df23d01 ai.elizaos.app/10232} -> PackageSetting{e49b268 com.android.systemui.emulation.pixel_fold/10006} BLOCKED
06-30 02:25:13.671   549   976 I AppsFilter: interaction: PackageSetting{df23d01 ai.elizaos.app/10232} -> PackageSetting{e2cd681 com.android.simappdialog.auto_generated_rro_product__/10028} BLOCKED
06-30 02:25:13.672   549   976 I AppsFilter: interaction: PackageSetting{df23d01 ai.elizaos.app/10232} -> PackageSetting{393ea6b com.android.htmlviewer/10115} BLOCKED
06-30 02:25:13.672   549   976 I AppsFilter: interaction: PackageSetting{df23d01 ai.elizaos.app/10232} -> PackageSetting{12999c8 com.google.android.health.connect.backuprestore/10182} BLOCKED
06-30 02:25:13.672   549   976 I AppsFilter: interaction: PackageSetting{df23d01 ai.elizaos.app/10232} -> PackageSetting{73b8d14 com.android.systemui.auto_generated_rro_product__/10031} BLOCKED
06-30 02:25:13.672   549   976 I AppsFilter: interaction: PackageSetting{df23d01 ai.elizaos.app/10232} -> PackageSetting{4419a61 com.google.android.apps.messaging/10131} BLOCKED
06-30 02:25:13.672   549   976 I AppsFilter: interaction: PackageSetting{df23d01 ai.elizaos.app/10232} -> PackageSetting{4fe7986 com.google.android.soundpicker/10137} BLOCKED
06-30 02:25:13.672   549   976 I AppsFilter: interaction: PackageSetting{df23d01 ai.elizaos.app/10232} -> PackageSetting{27d9703 com.google.android.marvin.talkbackoverlay/10076} BLOCKED
06-30 02:25:13.672   549   976 I AppsFilter: interaction: PackageSetting{df23d01 ai.elizaos.app/10232} -> PackageSetting{d04c247 com.google.android.configupdater/10129} BLOCKED
06-30 02:25:13.672   549   976 I AppsFilter: interaction: PackageSetting{df23d01 ai.elizaos.app/10232} -> PackageSetting{c1cd4b9 com.android.internal.emulation.pixel_3a_xl/10044} BLOCKED
06-30 02:25:13.672   549   976 I AppsFilter: interaction: PackageSetting{df23d01 ai.elizaos.app/10232} -> PackageSetting{12d20fe com.android.internal.emulation.pixel_6_pro/10015} BLOCKED
06-30 02:25:13.672   549   976 I AppsFilter: interaction: PackageSetting{df23d01 ai.elizaos.app/10232} -> PackageSetting{2b8a05f com.android.internal.emulation.pixel_7_pro/10008} BLOCKED
