03-11 03:36:47.166  9724  9724 W libbinder.BackendUnifiedServiceManager: Thread Pool max thread count is 0. Cannot cache binder as linkToDeath cannot be implemented. serviceName: sensorservice
03-11 03:36:47.166  9724  9724 W libbinder.BackendUnifiedServiceManager: Thread Pool max thread count is 0. Cannot cache binder as linkToDeath cannot be implemented. serviceName: serial
03-11 03:36:47.166  9724  9724 W libbinder.BackendUnifiedServiceManager: Thread Pool max thread count is 0. Cannot cache binder as linkToDeath cannot be implemented. serviceName: servicediscovery
03-11 03:36:47.166  9724  9724 W libbinder.BackendUnifiedServiceManager: Thread Pool max thread count is 0. Cannot cache binder as linkToDeath cannot be implemented. serviceName: settings
03-11 03:36:47.166  9724  9724 E libbinder.Parcel: Reading a NULL string not supported here.
03-11 03:36:47.166  9724  9724 W libbinder.BackendUnifiedServiceManager: Thread Pool max thread count is 0. Cannot cache binder as linkToDeath cannot be implemented. serviceName: shortcut
03-11 03:36:47.167  9724  9724 W libbinder.BackendUnifiedServiceManager: Thread Pool max thread count is 0. Cannot cache binder as linkToDeath cannot be implemented. serviceName: simphonebook
03-11 03:36:47.167  9724  9724 W libbinder.BackendUnifiedServiceManager: Thread Pool max thread count is 0. Cannot cache binder as linkToDeath cannot be implemented. serviceName: slice
03-11 03:36:47.167  9724  9724 W libbinder.BackendUnifiedServiceManager: Thread Pool max thread count is 0. Cannot cache binder as linkToDeath cannot be implemented. serviceName: smartspace
03-11 03:36:47.167  9724  9724 W libbinder.BackendUnifiedServiceManager: Thread Pool max thread count is 0. Cannot cache binder as linkToDeath cannot be implemented. serviceName: soundtrigger
03-11 03:36:47.167  9724  9724 W libbinder.BackendUnifiedServiceManager: Thread Pool max thread count is 0. Cannot cache binder as linkToDeath cannot be implemented. serviceName: soundtrigger_middleware
03-11 03:36:47.167  9724  9724 W libbinder.BackendUnifiedServiceManager: Thread Pool max thread count is 0. Cannot cache binder as linkToDeath cannot be implemented. serviceName: speech_recognition
03-11 03:36:47.168  9724  9724 W libbinder.BackendUnifiedServiceManager: Thread Pool max thread count is 0. Cannot cache binder as linkToDeath cannot be implemented. serviceName: stats
03-11 03:36:47.168  9724  9724 W libbinder.BackendUnifiedServiceManager: Thread Pool max thread count is 0. Cannot cache binder as linkToDeath cannot be implemented. serviceName: statsbootstrap
03-11 03:36:47.168  9724  9724 W libbinder.BackendUnifiedServiceManager: Thread Pool max thread count is 0. Cannot cache binder as linkToDeath cannot be implemented. serviceName: statscompanion
03-11 03:36:47.168  9724  9724 W libbinder.BackendUnifiedServiceManager: Thread Pool max thread count is 0. Cannot cache binder as linkToDeath cannot be implemented. serviceName: statsmanager
03-11 03:36:47.168  9724  9724 W libbinder.BackendUnifiedServiceManager: Thread Pool max thread count is 0. Cannot cache binder as linkToDeath cannot be implemented. serviceName: statusbar
03-11 03:36:47.168  9724  9724 W libbinder.BackendUnifiedServiceManager: Thread Pool max thread count is 0. Cannot cache binder as linkToDeath cannot be implemented. serviceName: storaged
03-11 03:36:47.169  9724  9724 W libbinder.BackendUnifiedServiceManager: Thread Pool max thread count is 0. Cannot cache binder as linkToDeath cannot be implemented. serviceName: storaged_pri
03-11 03:36:47.169  9724  9724 W libbinder.BackendUnifiedServiceManager: Thread Pool max thread count is 0. Cannot cache binder as linkToDeath cannot be implemented. serviceName: storagestats
03-11 03:36:47.169  9724  9724 W libbinder.BackendUnifiedServiceManager: Thread Pool max thread count is 0. Cannot cache binder as linkToDeath cannot be implemented. serviceName: supervision
03-11 03:36:47.169  9724  9724 W libbinder.BackendUnifiedServiceManager: Thread Pool max thread count is 0. Cannot cache binder as linkToDeath cannot be implemented. serviceName: system_config
03-11 03:36:47.169  9724  9724 W libbinder.BackendUnifiedServiceManager: Thread Pool max thread count is 0. Cannot cache binder as linkToDeath cannot be implemented. serviceName: system_server_dumper
03-11 03:36:47.170  9724  9724 E libbinder.Parcel: Reading a NULL string not supported here.
03-11 03:36:47.170  9724  9724 W libbinder.BackendUnifiedServiceManager: Thread Pool max thread count is 0. Cannot cache binder as linkToDeath cannot be implemented. serviceName: system_update
03-11 03:36:47.173  9724  9724 W libbinder.BackendUnifiedServiceManager: Thread Pool max thread count is 0. Cannot cache binder as linkToDeath cannot be implemented. serviceName: telecom
03-11 03:36:47.174  9724  9724 W libbinder.BackendUnifiedServiceManager: Thread Pool max thread count is 0. Cannot cache binder as linkToDeath cannot be implemented. serviceName: telephony.oem.oemrilhook
03-11 03:36:47.174  9724  9724 W libbinder.BackendUnifiedServiceManager: Thread Pool max thread count is 0. Cannot cache binder as linkToDeath cannot be implemented. serviceName: telephony.registry
03-11 03:36:47.175  9724  9724 W libbinder.BackendUnifiedServiceManager: Thread Pool max thread count is 0. Cannot cache binder as linkToDeath cannot be implemented. serviceName: telephony_ims
03-11 03:36:47.175  9724  9724 W libbinder.BackendUnifiedServiceManager: Thread Pool max thread count is 0. Cannot cache binder as linkToDeath cannot be implemented. serviceName: telephony_phone_number
03-11 03:36:47.175  9724  9724 W libbinder.BackendUnifiedServiceManager: Thread Pool max thread count is 0. Cannot cache binder as linkToDeath cannot be implemented. serviceName: testharness
03-11 03:36:47.176  9724  9724 E libbinder.Parcel: Reading a NULL string not supported here.
03-11 03:36:47.176  9724  9724 W libbinder.BackendUnifiedServiceManager: Thread Pool max thread count is 0. Cannot cache binder as linkToDeath cannot be implemented. serviceName: tethering
03-11 03:36:47.176  9724  9724 W libbinder.BackendUnifiedServiceManager: Thread Pool max thread count is 0. Cannot cache binder as linkToDeath cannot be implemented. serviceName: textclassification
03-11 03:36:47.176  9724  9724 W libbinder.BackendUnifiedServiceManager: Thread Pool max thread count is 0. Cannot cache binder as linkToDeath cannot be implemented. serviceName: textservices
03-11 03:36:47.176  9724  9724 W libbinder.BackendUnifiedServiceManager: Thread Pool max thread count is 0. Cannot cache binder as linkToDeath cannot be implemented. serviceName: texttospeech
03-11 03:36:47.176  9724  9724 W libbinder.BackendUnifiedServiceManager: Thread Pool max thread count is 0. Cannot cache binder as linkToDeath cannot be implemented. serviceName: thermalservice
03-11 03:36:47.176  9724  9724 W libbinder.BackendUnifiedServiceManager: Thread Pool max thread count is 0. Cannot cache binder as linkToDeath cannot be implemented. serviceName: time_detector
03-11 03:36:47.177  9724  9724 W libbinder.BackendUnifiedServiceManager: Thread Pool max thread count is 0. Cannot cache binder as linkToDeath cannot be implemented. serviceName: time_zone_detector
03-11 03:36:47.177  9724  9724 W libbinder.BackendUnifiedServiceManager: Thread Pool max thread count is 0. Cannot cache binder as linkToDeath cannot be implemented. serviceName: tracing.proxy
03-11 03:36:47.177  9724  9724 W libbinder.BackendUnifiedServiceManager: Thread Pool max thread count is 0. Cannot cache binder as linkToDeath cannot be implemented. serviceName: tradeinmode
03-11 03:36:47.177  9724  9724 W libbinder.BackendUnifiedServiceManager: Thread Pool max thread count is 0. Cannot cache binder as linkToDeath cannot be implemented. serviceName: translation
03-11 03:36:47.177  9724  9724 W libbinder.BackendUnifiedServiceManager: Thread Pool max thread count is 0. Cannot cache binder as linkToDeath cannot be implemented. serviceName: transparency
03-11 03:36:47.177  9724  9724 W libbinder.BackendUnifiedServiceManager: Thread Pool max thread count is 0. Cannot cache binder as linkToDeath cannot be implemented. serviceName: trust
03-11 03:36:47.178  9724  9724 W libbinder.BackendUnifiedServiceManager: Thread Pool max thread count is 0. Cannot cache binder as linkToDeath cannot be implemented. serviceName: uimode
03-11 03:36:47.178  9724  9724 W libbinder.BackendUnifiedServiceManager: Thread Pool max thread count is 0. Cannot cache binder as linkToDeath cannot be implemented. serviceName: updatelock
03-11 03:36:47.178  9724  9724 W libbinder.BackendUnifiedServiceManager: Thread Pool max thread count is 0. Cannot cache binder as linkToDeath cannot be implemented. serviceName: uri_grants
03-11 03:36:47.178  9724  9724 W libbinder.BackendUnifiedServiceManager: Thread Pool max thread count is 0. Cannot cache binder as linkToDeath cannot be implemented. serviceName: usagestats
03-11 03:36:47.178  9724  9724 W libbinder.BackendUnifiedServiceManager: Thread Pool max thread count is 0. Cannot cache binder as linkToDeath cannot be implemented. serviceName: usb
03-11 03:36:47.178  9724  9724 W libbinder.BackendUnifiedServiceManager: Thread Pool max thread count is 0. Cannot cache binder as linkToDeath cannot be implemented. serviceName: user
03-11 03:36:47.178  9724  9724 W libbinder.BackendUnifiedServiceManager: Thread Pool max thread count is 0. Cannot cache binder as linkToDeath cannot be implemented. serviceName: vcn_management
03-11 03:36:47.179  9724  9724 W libbinder.BackendUnifiedServiceManager: Thread Pool max thread count is 0. Cannot cache binder as linkToDeath cannot be implemented. serviceName: vendor.google.battery_mitigation.IBatteryMitigation/default
03-11 03:36:47.179  9724  9724 E libbinder.IPCThreadState: Binder transaction failure. id: 8941055, cmd: BR_FAILED_REPLY (29201), error: -1 (Operation not permitted)
03-11 03:36:47.179  9724  9724 W libbinder.BackendUnifiedServiceManager: Thread Pool max thread count is 0. Cannot cache binder as linkToDeath cannot be implemented. serviceName: vendor.google.bluetooth_ext.IBTChannelAvoidance/default
03-11 03:36:47.179  9724  9724 E libbinder.IPCThreadState: Binder transaction failure. id: 8941059, cmd: BR_FAILED_REPLY (29201), error: -1 (Operation not permitted)
03-11 03:36:47.179  9724  9724 W libbinder.BackendUnifiedServiceManager: Thread Pool max thread count is 0. Cannot cache binder as linkToDeath cannot be implemented. serviceName: vendor.google.bluetooth_ext.IBluetoothCcc/default
03-11 03:36:47.179  9724  9724 E libbinder.IPCThreadState: Binder transaction failure. id: 8941063, cmd: BR_FAILED_REPLY (29201), error: -1 (Operation not permitted)
03-11 03:36:47.180  9724  9724 W libbinder.BackendUnifiedServiceManager: Thread Pool max thread count is 0. Cannot cache binder as linkToDeath cannot be implemented. serviceName: vendor.google.bluetooth_ext.IBluetoothCco/default
03-11 03:36:47.180  9724  9724 E libbinder.IPCThreadState: Binder transaction failure. id: 8941067, cmd: BR_FAILED_REPLY (29201), error: -1 (Operation not permitted)
03-11 03:36:47.180  9724  9724 W libbinder.BackendUnifiedServiceManager: Thread Pool max thread count is 0. Cannot cache binder as linkToDeath cannot be implemented. serviceName: vendor.google.bluetooth_ext.IBluetoothEwp/default
03-11 03:36:47.180  9724  9724 E libbinder.IPCThreadState: Binder transaction failure. id: 8941071, cmd: BR_FAILED_REPLY (29201), error: -1 (Operation not permitted)
03-11 03:36:47.180  9724  9724 W libbinder.BackendUnifiedServiceManager: Thread Pool max thread count is 0. Cannot cache binder as linkToDeath cannot be implemented. serviceName: vendor.google.bluetooth_ext.IBluetoothExt/default
03-11 03:36:47.180  9724  9724 E libbinder.IPCThreadState: Binder transaction failure. id: 8941075, cmd: BR_FAILED_REPLY (29201), error: -1 (Operation not permitted)
03-11 03:36:47.181  9724  9724 W libbinder.BackendUnifiedServiceManager: Thread Pool max thread count is 0. Cannot cache binder as linkToDeath cannot be implemented. serviceName: vendor.google.bluetooth_ext.IBluetoothFinder/default
03-11 03:36:47.181  9724  9724 E libbinder.IPCThreadState: Binder transaction failure. id: 8941079, cmd: BR_FAILED_REPLY (29201), error: -1 (Operation not permitted)
03-11 03:36:47.181  9724  9724 W libbinder.BackendUnifiedServiceManager: Thread Pool max thread count is 0. Cannot cache binder as linkToDeath cannot be implemented. serviceName: vendor.google.bluetooth_ext.IBluetoothSar/default
03-11 03:36:47.181  9724  9724 E libbinder.IPCThreadState: Binder transaction failure. id: 8941083, cmd: BR_FAILED_REPLY (29201), error: -1 (Operation not permitted)
03-11 03:36:47.181  9724  9724 W libbinder.BackendUnifiedServiceManager: Thread Pool max thread count is 0. Cannot cache binder as linkToDeath cannot be implemented. serviceName: vendor.google.google_battery.IGoogleBattery/default
03-11 03:36:47.181  9724  9724 E libbinder.IPCThreadState: Binder transaction failure. id: 8941087, cmd: BR_FAILED_REPLY (29201), error: -1 (Operation not permitted)
03-11 03:36:47.181  9724  9724 W libbinder.BackendUnifiedServiceManager: Thread Pool max thread count is 0. Cannot cache binder as linkToDeath cannot be implemented. serviceName: vendor.google.wifi_ext.IWifiExt/default
03-11 03:36:47.181  9724  9724 E libbinder.IPCThreadState: Binder transaction failure. id: 8941091, cmd: BR_FAILED_REPLY (29201), error: -1 (Operation not permitted)
03-11 03:36:47.182  9724  9724 W libbinder.BackendUnifiedServiceManager: Thread Pool max thread count is 0. Cannot cache binder as linkToDeath cannot be implemented. serviceName: vibrator_manager
03-11 03:36:47.182  9724  9724 W libbinder.BackendUnifiedServiceManager: Thread Pool max thread count is 0. Cannot cache binder as linkToDeath cannot be implemented. serviceName: virtualdevice
03-11 03:36:47.182  9724  9724 W libbinder.BackendUnifiedServiceManager: Thread Pool max thread count is 0. Cannot cache binder as linkToDeath cannot be implemented. serviceName: virtualdevice_native
03-11 03:36:47.182  9724  9724 W libbinder.BackendUnifiedServiceManager: Thread Pool max thread count is 0. Cannot cache binder as linkToDeath cannot be implemented. serviceName: voiceinteraction
03-11 03:36:47.182  9724  9724 W libbinder.BackendUnifiedServiceManager: Thread Pool max thread count is 0. Cannot cache binder as linkToDeath cannot be implemented. serviceName: vpn_management
03-11 03:36:47.182  9724  9724 W libbinder.BackendUnifiedServiceManager: Thread Pool max thread count is 0. Cannot cache binder as linkToDeath cannot be implemented. serviceName: wallpaper
03-11 03:36:47.183  9724  9724 W libbinder.BackendUnifiedServiceManager: Thread Pool max thread count is 0. Cannot cache binder as linkToDeath cannot be implemented. serviceName: wallpaper_effects_generation
03-11 03:36:47.183  9724  9724 W libbinder.BackendUnifiedServiceManager: Thread Pool max thread count is 0. Cannot cache binder as linkToDeath cannot be implemented. serviceName: wearable_sensing
03-11 03:36:47.183  9724  9724 W libbinder.BackendUnifiedServiceManager: Thread Pool max thread count is 0. Cannot cache binder as linkToDeath cannot be implemented. serviceName: webviewupdate
03-11 03:36:47.183  9724  9724 W libbinder.BackendUnifiedServiceManager: Thread Pool max thread count is 0. Cannot cache binder as linkToDeath cannot be implemented. serviceName: wifi
03-11 03:36:47.183  9724  9724 W libbinder.BackendUnifiedServiceManager: Thread Pool max thread count is 0. Cannot cache binder as linkToDeath cannot be implemented. serviceName: wifiaware
03-11 03:36:47.183  9724  9724 W libbinder.BackendUnifiedServiceManager: Thread Pool max thread count is 0. Cannot cache binder as linkToDeath cannot be implemented. serviceName: wifinl80211
03-11 03:36:47.183  9724  9724 E libbinder.IPCThreadState: Binder transaction failure. id: 8941159, cmd: BR_FAILED_REPLY (29201), error: -1 (Operation not permitted)
03-11 03:36:47.184  9724  9724 W libbinder.BackendUnifiedServiceManager: Thread Pool max thread count is 0. Cannot cache binder as linkToDeath cannot be implemented. serviceName: wifip2p
03-11 03:36:47.184  9724  9724 W libbinder.BackendUnifiedServiceManager: Thread Pool max thread count is 0. Cannot cache binder as linkToDeath cannot be implemented. serviceName: wifirtt
03-11 03:36:47.184  9724  9724 W libbinder.BackendUnifiedServiceManager: Thread Pool max thread count is 0. Cannot cache binder as linkToDeath cannot be implemented. serviceName: wifiscanner
03-11 03:36:47.184  9724  9724 W libbinder.BackendUnifiedServiceManager: Thread Pool max thread count is 0. Cannot cache binder as linkToDeath cannot be implemented. serviceName: window
03-11 03:36:47.186  2086  2086 I KeyguardTransitionRepository: FINISHED transition: TransitionStep(from=LOCKSCREEN, to=OCCLUDED, value=1.0, transitionState=FINISHED, ownerName=FromLockscreenTransitionInteractor)
03-11 03:36:47.187  2086  2129 D StatusBar##isHomeStatusBarAllowed: newValue: true
03-11 03:36:47.187  2086  2129 D StatusBar##chips: newValue: Chips[allowed=true numChips=0]
03-11 03:36:47.195  2086  2244 D WallpaperService: onVisibilityChanged(false): com.android.systemui.wallpapers.ImageWallpaper$CanvasEngine@e1e4677
03-11 03:36:47.201  2086  2086 D DLObserver: remove listener: com.android.systemui.dock.DockManagerExtensionsKt$retrieveIsDocked$1$callback$1@f407cb5
03-11 03:36:47.202  2086  2086 D DLObserver: remove listener: com.android.systemui.dock.DockManagerExtensionsKt$retrieveIsDocked$1$callback$1@d726f4a
03-11 03:36:47.203  2086  2086 D DLObserver: remove listener: com.android.systemui.dock.DockManagerExtensionsKt$retrieveIsDocked$1$callback$1@6ac9b54
03-11 03:36:47.205  2086  2086 D DLObserver: remove listener: com.android.systemui.dock.DockManagerExtensionsKt$retrieveIsDocked$1$callback$1@4e218c0
03-11 03:36:47.206  2086  2086 D DLObserver: remove listener: com.android.systemui.dock.DockManagerExtensionsKt$retrieveIsDocked$1$callback$1@5c9eafd
03-11 03:36:47.206  7158  7167 I AiAiEcho: (REDACTED) Settings changed for uri: %s
03-11 03:36:47.207  2086  2086 D DLObserver: remove listener: com.android.systemui.dock.DockManagerExtensionsKt$retrieveIsDocked$1$callback$1@c4f39f9
03-11 03:36:47.207  7158  7659 I AiAiEcho: (REDACTED) Predicting[%d]: %s
03-11 03:36:47.207  7158  7659 I AiAiEcho: (REDACTED) EchoTargets: %s
03-11 03:36:47.207  7158  7659 I AiAiEcho: Filtered by AiAi flag check: %s
03-11 03:36:47.208  7158  7659 I AiAiEcho: #remoteViewsTwiddler: feature disabled.
03-11 03:36:47.208  7158  7659 I AiAiEcho: (REDACTED) Predicting[%d]: %s
03-11 03:36:47.208  7158  7659 I AiAiEcho: (REDACTED) EchoTargets: %s
03-11 03:36:47.208  7158  7659 I AiAiEcho: Filtered by AiAi flag check: %s
03-11 03:36:47.208  7158  7659 I AiAiEcho: #remoteViewsTwiddler: feature disabled.
03-11 03:36:47.208  7158  7659 I AiAiEcho: (REDACTED) Predicting[%d]: %s
03-11 03:36:47.208  7158  7659 I AiAiEcho: (REDACTED) EchoTargets: %s
03-11 03:36:47.208  7158  7659 I AiAiEcho: Filtered by AiAi flag check: %s
03-11 03:36:47.208  7158  7659 I AiAiEcho: #remoteViewsTwiddler: feature disabled.
03-11 03:36:47.209  7158  7659 I AiAiEcho: (REDACTED) #postPredictionTargets: Sending updates to UISurface %s with targets# %s (types=[%s])
03-11 03:36:47.209  2086  2125 I AmbientCueRepository: Receiving SmartSpace targets # 0
03-11 03:36:47.209  7158  7659 I AiAiEcho: (REDACTED) #postPredictionTargets: Sending updates to UISurface %s with targets# %s (types=[%s])
03-11 03:36:47.209  7158  7659 I AiAiEcho: (REDACTED) #postPredictionTargets: Sending updates to UISurface %s with targets# %s (types=[%s])
03-11 03:36:47.227  1676  1942 I ImeTracker: ai.eliza.plugins.mobilesignals.test:dcc8431f: onRequestHide at ORIGIN_SERVER reason HIDE_UNSPECIFIED_WINDOW fromUser false userId 0 displayId 0
03-11 03:36:47.228  9653  9653 I ImeTracker: ai.eliza.plugins.mobilesignals.test:dcc8431f: onCancelled at PHASE_CLIENT_ALREADY_HIDDEN
03-11 03:36:47.231 22459 22459 I GoogleInputMethodService: GoogleInputMethodService.onFinishInput():2259
03-11 03:36:47.231  1676  2395 I ImeTracker: system_server:7ae6c3b9: onRequestHide at ORIGIN_SERVER reason IME_REQUESTED_CHANGED_LISTENER fromUser false displayId 0
03-11 03:36:47.231 22459 22459 I Module  : DeviceLockedStatusModuleProvider$Module.updateDeviceLockedStatus():103 repeatCheckTimes = 0, locked = true
03-11 03:36:47.232 22459 22459 I GoogleInputMethodService: GoogleInputMethodService.onStartInput():1446 onStartInput(EditorInfo{EditorInfo{packageName=ai.eliza.plugins.mobilesignals.test, inputType=0, inputTypeString=NULL, enableLearning=false, autoCorrection=false, autoComplete=false, imeOptions=0, privateImeOptions=null, actionName=UNSPECIFIED, actionLabel=null, initialSelStart=-1, initialSelEnd=-1, initialCapsMode=0, label=null, fieldId=0, fieldName=null, extras=null, hintText=null, hintLocales=[]}}, false)
03-11 03:36:47.232 22459 22459 W AndroidIME: LatinIMEBase.updateInputViewCoverNavigation():327 Null input view, cannot update padding!
03-11 03:36:47.232  1676  1737 I ImeTracker: system_server:7ae6c3b9: onCancelled at PHASE_SERVER_SHOULD_HIDE
03-11 03:36:47.232 22459 22459 I Module  : DeviceLockedStatusModuleProvider$Module.updateDeviceLockedStatus():103 repeatCheckTimes = 1, locked = true
03-11 03:36:47.232 22459 22459 I Module  : DeviceLockedStatusModuleProvider$Module.updateDeviceLockedStatus():110 Scheduled to recheck device lock status
03-11 03:36:47.238  7273  7273 I block_engine.manager: onEvent from com.android.systemui (false)
03-11 03:36:47.242  1676  2344 V GrammaticalInflectionUtils: AttributionSource: android.content.AttributionSource@46d234c does not have READ_SYSTEM_GRAMMATICAL_GENDER permission.
03-11 03:36:47.247  2086  2111 W DisplayDisconnectTransitionHandler: No disconnect change found in the transition, not handling request.
03-11 03:36:47.248  9653  9653 D LifecycleMonitor: Lifecycle status change: ai.eliza.plugins.mobilesignals.MobileSignalsReaderShowcaseActivity@3221eee in: PAUSED
03-11 03:36:47.248  9653  9653 V ActivityScenario: Update currentActivityStage to PAUSED, currentActivity=ai.eliza.plugins.mobilesignals.MobileSignalsReaderShowcaseActivity@3221eee
03-11 03:36:47.255   621   647 I libbinder.BpBinder: onLastStrongRef automatically unlinking death recipients for binder (0xb4000075f27c0780) with descriptor: '(not cached)'
03-11 03:36:47.256  9653  9653 D LifecycleMonitor: Lifecycle status change: androidx.test.core.app.InstrumentationActivityInvoker$EmptyActivity@f951adc in: PRE_ON_CREATE
03-11 03:36:47.256  9653  9653 V ActivityScenario: Activity lifecycle changed event received but ignored because the intent does not match. startActivityIntent=Intent { act=android.intent.action.MAIN cat=[android.intent.category.LAUNCHER] flg=0x10008000 cmp=ai.eliza.plugins.mobilesignals.test/ai.eliza.plugins.mobilesignals.MobileSignalsReaderShowcaseActivity }, activity.getIntent()=Intent { act=android.intent.action.MAIN cat=[android.intent.category.LAUNCHER] flg=0x10000000 xflg=0x4 cmp=ai.eliza.plugins.mobilesignals.test/androidx.test.core.app.InstrumentationActivityInvoker$EmptyActivity }, activity=androidx.test.core.app.InstrumentationActivityInvoker$EmptyActivity@f951adc
03-11 03:36:47.259  9653  9653 D LifecycleMonitor: Lifecycle status change: androidx.test.core.app.InstrumentationActivityInvoker$EmptyActivity@f951adc in: CREATED
03-11 03:36:47.259  9653  9653 V ActivityScenario: Activity lifecycle changed event received but ignored because the intent does not match. startActivityIntent=Intent { act=android.intent.action.MAIN cat=[android.intent.category.LAUNCHER] flg=0x10008000 cmp=ai.eliza.plugins.mobilesignals.test/ai.eliza.plugins.mobilesignals.MobileSignalsReaderShowcaseActivity }, activity.getIntent()=Intent { act=android.intent.action.MAIN cat=[android.intent.category.LAUNCHER] flg=0x10000000 xflg=0x4 cmp=ai.eliza.plugins.mobilesignals.test/androidx.test.core.app.InstrumentationActivityInvoker$EmptyActivity }, activity=androidx.test.core.app.InstrumentationActivityInvoker$EmptyActivity@f951adc
03-11 03:36:47.260  9653  9653 D LifecycleMonitor: Lifecycle status change: androidx.test.core.app.InstrumentationActivityInvoker$EmptyActivity@f951adc in: STARTED
03-11 03:36:47.260  9653  9653 V ActivityScenario: Activity lifecycle changed event received but ignored because the intent does not match. startActivityIntent=Intent { act=android.intent.action.MAIN cat=[android.intent.category.LAUNCHER] flg=0x10008000 cmp=ai.eliza.plugins.mobilesignals.test/ai.eliza.plugins.mobilesignals.MobileSignalsReaderShowcaseActivity }, activity.getIntent()=Intent { act=android.intent.action.MAIN cat=[android.intent.category.LAUNCHER] flg=0x10000000 xflg=0x4 cmp=ai.eliza.plugins.mobilesignals.test/androidx.test.core.app.InstrumentationActivityInvoker$EmptyActivity }, activity=androidx.test.core.app.InstrumentationActivityInvoker$EmptyActivity@f951adc
03-11 03:36:47.261  9653  9653 D LifecycleMonitor: Lifecycle status change: androidx.test.core.app.InstrumentationActivityInvoker$EmptyActivity@f951adc in: RESUMED
03-11 03:36:47.261  9653  9653 V ActivityScenario: Activity lifecycle changed event received but ignored because the intent does not match. startActivityIntent=Intent { act=android.intent.action.MAIN cat=[android.intent.category.LAUNCHER] flg=0x10008000 cmp=ai.eliza.plugins.mobilesignals.test/ai.eliza.plugins.mobilesignals.MobileSignalsReaderShowcaseActivity }, activity.getIntent()=Intent { act=android.intent.action.MAIN cat=[android.intent.category.LAUNCHER] flg=0x10000000 xflg=0x4 cmp=ai.eliza.plugins.mobilesignals.test/androidx.test.core.app.InstrumentationActivityInvoker$EmptyActivity }, activity=androidx.test.core.app.InstrumentationActivityInvoker$EmptyActivity@f951adc
03-11 03:36:47.265  9653  9653 D LifecycleMonitor: Lifecycle status change: androidx.test.core.app.InstrumentationActivityInvoker$EmptyActivity@f951adc in: PAUSED
03-11 03:36:47.265  9653  9653 V ActivityScenario: Activity lifecycle changed event received but ignored because the intent does not match. startActivityIntent=Intent { act=android.intent.action.MAIN cat=[android.intent.category.LAUNCHER] flg=0x10008000 cmp=ai.eliza.plugins.mobilesignals.test/ai.eliza.plugins.mobilesignals.MobileSignalsReaderShowcaseActivity }, activity.getIntent()=Intent { act=android.intent.action.MAIN cat=[android.intent.category.LAUNCHER] flg=0x10000000 xflg=0x4 cmp=ai.eliza.plugins.mobilesignals.test/androidx.test.core.app.InstrumentationActivityInvoker$EmptyActivity }, activity=androidx.test.core.app.InstrumentationActivityInvoker$EmptyActivity@f951adc
03-11 03:36:47.270  9653  9653 D VRI[InstrumentationActivityInvoker$EmptyActivity]: WindowInsets changed: 1080x2400 statusBars:[0,132,0,0] navigationBars:[0,0,0,63] mandatorySystemGestures:[0,164,0,84]
03-11 03:36:47.270  9653  9653 D WindowOnBackDispatcher: setTopOnBackInvokedCallback (unwrapped): android.view.ViewRootImpl$$ExternalSyntheticLambda25@ca98e3f
03-11 03:36:47.277  2086  2111 D KeyguardViewMediator: UnoccludeAnimator#onAnimationStart. Set occluded = false.
03-11 03:36:47.278  2086  2111 D KeyguardViewMediator: setOccluded(false)
03-11 03:36:47.278  2086  2086 D KeyguardViewMediator: handleSetOccluded(false)
03-11 03:36:47.279  2086  2086 D SbStateController: setState: requested state KEYGUARD!= upcomingState: SHADE. This usually means the status bar state transition was interrupted before the upcoming state could be applied.
03-11 03:36:47.280  1018  1018 D usf_sensor_hal: proximity: Enter Activate. Enable = 0.
03-11 03:36:47.280  2086  2086 D DLIndicator: onStateChanged(1)
03-11 03:36:47.280  2086  2086 D DLIndicator: updateVisibility(), mDozing=false, mDocking=false, mTopIconShowing=false, mViewAttached=true
03-11 03:36:47.280  1246  1246 D AOC     : A3:MSG: usf_sensor.cc, 1581: USF: Received stop sampling request for TMD3719 Proximity (active:0).
03-11 03:36:47.281  2086  2086 D WindowOnBackDispatcher: setTopOnBackInvokedCallback (unwrapped): com.android.systemui.back.domain.interactor.BackActionInteractor$callback$2@3674e2a
03-11 03:36:47.281  1246  1246 D AOC     : A3:MSG: tmd3719_sensor.cc, 327: USF: TMD3719: Report new active state:0
03-11 03:36:47.284  2086  2086 D KeyguardViewMediator: KeyguardViewMediator queue processing message: SET_OCCLUDED
03-11 03:36:47.284  2086  2086 I KeyguardTransitionRepository: STARTED transition: TransitionStep(from=OCCLUDED, to=LOCKSCREEN, value=0.0, transitionState=STARTED, ownerName=FromOccludedTransitionInteractor)
03-11 03:36:47.285  1018  1078 I usf_sensor_hal: Received REPORT_SENSOR_ACTIVE_STATE_CHANGES event from 'TMD3719 Proximity' with state:kInactive and desired fps:0!
03-11 03:36:47.286  1018  1694 I sensor-suez: Vendor atom [id = 100242] reported.
03-11 03:36:47.286  1018  1694 I sensor-suez: Vendor atom [id = 100243] reported.
03-11 03:36:47.288  9653  9653 D LifecycleMonitor: Lifecycle status change: ai.eliza.plugins.mobilesignals.MobileSignalsReaderShowcaseActivity@3221eee in: STOPPED
03-11 03:36:47.288  9653  9653 V ActivityScenario: Update currentActivityStage to STOPPED, currentActivity=ai.eliza.plugins.mobilesignals.MobileSignalsReaderShowcaseActivity@3221eee
03-11 03:36:47.288   623   672 D hwc-display: setMinIdleRefreshRate requester 0, fps 0
03-11 03:36:47.288  9653  9653 D LifecycleMonitor: Lifecycle status change: ai.eliza.plugins.mobilesignals.MobileSignalsReaderShowcaseActivity@3221eee in: DESTROYED
03-11 03:36:47.288  9653  9653 V ActivityScenario: Update currentActivityStage to DESTROYED, currentActivity=null
03-11 03:36:47.289  9653  9653 D WindowOnBackDispatcher: setTopOnBackInvokedCallback (unwrapped): null
03-11 03:36:47.289  1018  1018 D usf_sensor_hal: proximity: Enter Batch. Period = 20000000, latency = 0.
03-11 03:36:47.289  1018  1694 I sensor-suez: Vendor atom [id = 100243] reported.
03-11 03:36:47.290   623   672 I hwc-display: ExynosPrimaryDisplay::setMinIdleRefreshRate() writes min_vrefresh(0) to the sysfs node
03-11 03:36:47.290  9653  9653 D ViewRootImpl: Skipping stats log for color mode
03-11 03:36:47.290  1018  1018 D usf_sensor_hal: proximity: Enter Activate. Enable = 1.
03-11 03:36:47.291  1246  1246 D AOC     : A3:MSG: usf_sensor.cc, 1573: USF: Received start sampling request for TMD3719 Proximity (active:1).
03-11 03:36:47.292   623   672 I hwc-display: setRefreshRateThrottleNanos() requester(0) set delay to 0ns
03-11 03:36:47.292   623   672 I hwc-display: setDisplayIdleDelayNanos() writes idle_delay_ms(0) to the sysfs node (0x0)
03-11 03:36:47.293   621   621 I SurfaceFlinger: Display 4619827677550801152 policy changed
03-11 03:36:47.293   621   621 I SurfaceFlinger: Previous: {defaultModeId=0, allowGroupSwitching=false, primaryRanges={physical=[60.00 Hz, 60.00 Hz], render=[0.00 Hz, 60.00 Hz]}, appRequestRanges={physical=[60.00 Hz, 60.00 Hz], render=[0.00 Hz, 60.00 Hz]} idleScreenConfig=nullptr}
03-11 03:36:47.293   621   621 I SurfaceFlinger: Current:  DisplayManagerPolicy{defaultModeId=0, allowGroupSwitching=false, primaryRanges={physical=[0.00 Hz, inf Hz], render=[0.00 Hz, 60.00 Hz]}, appRequestRanges={physical=[0.00 Hz, inf Hz], render=[0.00 Hz, inf Hz]} idleScreenConfig=nullptr}
03-11 03:36:47.293   621   621 I SurfaceFlinger: 0 mode changes were performed under the previous policy
03-11 03:36:47.293   621   621 D SurfaceFlinger: setDesiredMode 4619827677550801152 {mode={fps=60.00 Hz, modePtr={id=0, vsyncRate=60.00 Hz, peakRefreshRate=60.00 Hz}}, emitEvent=true, force=false}
03-11 03:36:47.294  1246  1246 D AOC     : A3:MSG: tmd3719_sensor.cc, 327: USF: TMD3719: Report new active state:1
03-11 03:36:47.294  2086  2244 D WallpaperService: onVisibilityChanged(true): com.android.systemui.wallpapers.ImageWallpaper$CanvasEngine@e1e4677
03-11 03:36:47.295  2086  2086 W View    : requestLayout() improperly called by com.android.systemui.util.AutoMarqueeTextView{e9caba8 V.ED..... ..S...ID 0,0-193,50 #7f0a057a app:id/mobile_carrier_text} during layout: running second layout pass
03-11 03:36:47.297  9653  9653 D LifecycleMonitor: Lifecycle status change: androidx.test.core.app.InstrumentationActivityInvoker$EmptyActivity@f951adc in: STOPPED
03-11 03:36:47.297  9653  9653 V ActivityScenario: Activity lifecycle changed event received but ignored because the intent does not match. startActivityIntent=Intent { act=android.intent.action.MAIN cat=[android.intent.category.LAUNCHER] flg=0x10008000 cmp=ai.eliza.plugins.mobilesignals.test/ai.eliza.plugins.mobilesignals.MobileSignalsReaderShowcaseActivity }, activity.getIntent()=Intent { act=android.intent.action.MAIN cat=[android.intent.category.LAUNCHER] flg=0x10000000 xflg=0x4 cmp=ai.eliza.plugins.mobilesignals.test/androidx.test.core.app.InstrumentationActivityInvoker$EmptyActivity }, activity=androidx.test.core.app.InstrumentationActivityInvoker$EmptyActivity@f951adc
03-11 03:36:47.297  1018  1078 I usf_sensor_hal: Received REPORT_SENSOR_ACTIVE_STATE_CHANGES event from 'TMD3719 Proximity' with state:kActive and desired fps:0!
03-11 03:36:47.298  1018  1694 I sensor-suez: Vendor atom [id = 100242] reported.
03-11 03:36:47.298  1018  1694 I sensor-suez: Vendor atom [id = 100243] reported.
03-11 03:36:47.299  9653  9653 D LifecycleMonitor: Lifecycle status change: androidx.test.core.app.InstrumentationActivityInvoker$EmptyActivity@f951adc in: DESTROYED
03-11 03:36:47.299  9653  9653 V ActivityScenario: Activity lifecycle changed event received but ignored because the intent does not match. startActivityIntent=Intent { act=android.intent.action.MAIN cat=[android.intent.category.LAUNCHER] flg=0x10008000 cmp=ai.eliza.plugins.mobilesignals.test/ai.eliza.plugins.mobilesignals.MobileSignalsReaderShowcaseActivity }, activity.getIntent()=Intent { act=android.intent.action.MAIN cat=[android.intent.category.LAUNCHER] flg=0x10000000 xflg=0x4 cmp=ai.eliza.plugins.mobilesignals.test/androidx.test.core.app.InstrumentationActivityInvoker$EmptyActivity }, activity=androidx.test.core.app.InstrumentationActivityInvoker$EmptyActivity@f951adc
03-11 03:36:47.299  9653  9653 D WindowOnBackDispatcher: setTopOnBackInvokedCallback (unwrapped): null
03-11 03:36:47.301   623   672 D hwc-display: setMinIdleRefreshRate requester 0, fps 60
03-11 03:36:47.301   623   672 I hwc-display: ExynosPrimaryDisplay::setMinIdleRefreshRate() writes min_vrefresh(60) to the sysfs node
03-11 03:36:47.301   623   672 I hwc-display: setRefreshRateThrottleNanos() requester(0) set delay to 1000000000ns
03-11 03:36:47.301   623   672 I hwc-display: setDisplayIdleDelayNanos() writes idle_delay_ms(1000) to the sysfs node (0x0)
03-11 03:36:47.302  2086  2086 D DeviceEntryIconViewBinder: Initializing device entry fgIconView
03-11 03:36:47.302  9653  9653 D ViewRootImpl: Skipping stats log for color mode
03-11 03:36:47.303   621   621 I SurfaceFlinger: Display 4619827677550801152 policy changed
03-11 03:36:47.303   621   621 I SurfaceFlinger: Previous: {defaultModeId=0, allowGroupSwitching=false, primaryRanges={physical=[0.00 Hz, inf Hz], render=[0.00 Hz, 60.00 Hz]}, appRequestRanges={physical=[0.00 Hz, inf Hz], render=[0.00 Hz, inf Hz]} idleScreenConfig=nullptr}
03-11 03:36:47.303   621   621 I SurfaceFlinger: Current:  DisplayManagerPolicy{defaultModeId=0, allowGroupSwitching=false, primaryRanges={physical=[60.00 Hz, 60.00 Hz], render=[0.00 Hz, 60.00 Hz]}, appRequestRanges={physical=[60.00 Hz, 60.00 Hz], render=[0.00 Hz, 60.00 Hz]} idleScreenConfig=nullptr}
03-11 03:36:47.303   621   621 I SurfaceFlinger: 0 mode changes were performed under the previous policy
03-11 03:36:47.303   621   621 D SurfaceFlinger: setDesiredMode 4619827677550801152 {mode={fps=60.00 Hz, modePtr={id=0, vsyncRate=60.00 Hz, peakRefreshRate=60.00 Hz}}, emitEvent=true, force=false}
03-11 03:36:47.307  9653  9676 I TestRunner: finished: showcaseActivityRendersReaderOutput(ai.eliza.plugins.mobilesignals.MobileSignalsDeviceReaderInstrumentedTest)
