03-11 03:36:47.114  9724  9724 E libbinder.IPCThreadState: Binder transaction failure. id: 8939493, cmd: BR_FAILED_REPLY (29201), error: -1 (Operation not permitted)
03-11 03:36:47.115  9724  9724 W libbinder.BackendUnifiedServiceManager: Thread Pool max thread count is 0. Cannot cache binder as linkToDeath cannot be implemented. serviceName: android.hardware.oemlock.IOemLock/default
03-11 03:36:47.115  9724  9724 E libbinder.IPCThreadState: Binder transaction failure. id: 8939497, cmd: BR_FAILED_REPLY (29201), error: -1 (Operation not permitted)
03-11 03:36:47.115  9724  9724 W libbinder.BackendUnifiedServiceManager: Thread Pool max thread count is 0. Cannot cache binder as linkToDeath cannot be implemented. serviceName: android.hardware.power.IPower/default
03-11 03:36:47.115  9724  9724 E libbinder.IPCThreadState: Binder transaction failure. id: 8939501, cmd: BR_FAILED_REPLY (29201), error: -1 (Operation not permitted)
03-11 03:36:47.115  9724  9724 W libbinder.BackendUnifiedServiceManager: Thread Pool max thread count is 0. Cannot cache binder as linkToDeath cannot be implemented. serviceName: android.hardware.power.stats.IPowerStats/default
03-11 03:36:47.115  9724  9724 E libbinder.IPCThreadState: Binder transaction failure. id: 8939505, cmd: BR_FAILED_REPLY (29201), error: -1 (Operation not permitted)
03-11 03:36:47.116  9724  9724 W libbinder.BackendUnifiedServiceManager: Thread Pool max thread count is 0. Cannot cache binder as linkToDeath cannot be implemented. serviceName: android.hardware.security.keymint.IRemotelyProvisionedComponent/default
03-11 03:36:47.117  9724  9724 W libbinder.BackendUnifiedServiceManager: Thread Pool max thread count is 0. Cannot cache binder as linkToDeath cannot be implemented. serviceName: android.hardware.sensors.ISensors/default
03-11 03:36:47.117  9724  9724 E libbinder.IPCThreadState: Binder transaction failure. id: 8939531, cmd: BR_FAILED_REPLY (29201), error: -1 (Operation not permitted)
03-11 03:36:47.117  9724  9724 W libbinder.BackendUnifiedServiceManager: Thread Pool max thread count is 0. Cannot cache binder as linkToDeath cannot be implemented. serviceName: android.hardware.thermal.IThermal/default
03-11 03:36:47.117  9724  9724 E libbinder.IPCThreadState: Binder transaction failure. id: 8939535, cmd: BR_FAILED_REPLY (29201), error: -1 (Operation not permitted)
03-11 03:36:47.118  9724  9724 W libbinder.BackendUnifiedServiceManager: Thread Pool max thread count is 0. Cannot cache binder as linkToDeath cannot be implemented. serviceName: android.hardware.usb.IUsb/default
03-11 03:36:47.118  9724  9724 E libbinder.IPCThreadState: Binder transaction failure. id: 8939539, cmd: BR_FAILED_REPLY (29201), error: -1 (Operation not permitted)
03-11 03:36:47.118  9724  9724 W libbinder.BackendUnifiedServiceManager: Thread Pool max thread count is 0. Cannot cache binder as linkToDeath cannot be implemented. serviceName: android.hardware.usb.gadget.IUsbGadget/default
03-11 03:36:47.118  9724  9724 E libbinder.IPCThreadState: Binder transaction failure. id: 8939543, cmd: BR_FAILED_REPLY (29201), error: -1 (Operation not permitted)
03-11 03:36:47.118  9724  9724 W libbinder.BackendUnifiedServiceManager: Thread Pool max thread count is 0. Cannot cache binder as linkToDeath cannot be implemented. serviceName: android.hardware.vibrator.IVibrator/default
03-11 03:36:47.118  9724  9724 E libbinder.IPCThreadState: Binder transaction failure. id: 8939547, cmd: BR_FAILED_REPLY (29201), error: -1 (Operation not permitted)
03-11 03:36:47.118  9724  9724 W libbinder.BackendUnifiedServiceManager: Thread Pool max thread count is 0. Cannot cache binder as linkToDeath cannot be implemented. serviceName: android.hardware.weaver.IWeaver/default
03-11 03:36:47.118  9724  9724 E libbinder.IPCThreadState: Binder transaction failure. id: 8939551, cmd: BR_FAILED_REPLY (29201), error: -1 (Operation not permitted)
03-11 03:36:47.118  9724  9724 W libbinder.BackendUnifiedServiceManager: Thread Pool max thread count is 0. Cannot cache binder as linkToDeath cannot be implemented. serviceName: android.hardware.wifi.IWifi/default
03-11 03:36:47.119  9724  9724 E libbinder.IPCThreadState: Binder transaction failure. id: 8939555, cmd: BR_FAILED_REPLY (29201), error: -1 (Operation not permitted)
03-11 03:36:47.119  9724  9724 W libbinder.BackendUnifiedServiceManager: Thread Pool max thread count is 0. Cannot cache binder as linkToDeath cannot be implemented. serviceName: android.hardware.wifi.supplicant.ISupplicant/default
03-11 03:36:47.119  9724  9724 E libbinder.IPCThreadState: Binder transaction failure. id: 8939559, cmd: BR_FAILED_REPLY (29201), error: -1 (Operation not permitted)
03-11 03:36:47.119  9724  9724 W libbinder.BackendUnifiedServiceManager: Thread Pool max thread count is 0. Cannot cache binder as linkToDeath cannot be implemented. serviceName: android.os.UpdateEngineService
03-11 03:36:47.119  9724  9724 E libbinder.IPCThreadState: Binder transaction failure. id: 8939563, cmd: BR_FAILED_REPLY (29201), error: -1 (Operation not permitted)
03-11 03:36:47.119  9724  9724 W libbinder.BackendUnifiedServiceManager: Thread Pool max thread count is 0. Cannot cache binder as linkToDeath cannot be implemented. serviceName: android.os.UpdateEngineStableService
03-11 03:36:47.119  9724  9724 E libbinder.IPCThreadState: Binder transaction failure. id: 8939567, cmd: BR_FAILED_REPLY (29201), error: -1 (Operation not permitted)
03-11 03:36:47.119  9724  9724 W libbinder.BackendUnifiedServiceManager: Thread Pool max thread count is 0. Cannot cache binder as linkToDeath cannot be implemented. serviceName: android.security.apc
03-11 03:36:47.119  9724  9724 W libbinder.BackendUnifiedServiceManager: Thread Pool max thread count is 0. Cannot cache binder as linkToDeath cannot be implemented. serviceName: android.security.authorization
03-11 03:36:47.119  9724  9724 W libbinder.BackendUnifiedServiceManager: Thread Pool max thread count is 0. Cannot cache binder as linkToDeath cannot be implemented. serviceName: android.security.identity
03-11 03:36:47.120  9724  9724 W libbinder.BackendUnifiedServiceManager: Thread Pool max thread count is 0. Cannot cache binder as linkToDeath cannot be implemented. serviceName: android.security.legacykeystore
03-11 03:36:47.120  9724  9724 W libbinder.BackendUnifiedServiceManager: Thread Pool max thread count is 0. Cannot cache binder as linkToDeath cannot be implemented. serviceName: android.security.maintenance
03-11 03:36:47.120  9724  9724 W libbinder.BackendUnifiedServiceManager: Thread Pool max thread count is 0. Cannot cache binder as linkToDeath cannot be implemented. serviceName: android.security.metrics
03-11 03:36:47.121  9724  9724 W libbinder.BackendUnifiedServiceManager: Thread Pool max thread count is 0. Cannot cache binder as linkToDeath cannot be implemented. serviceName: android.system.keystore2.IKeystoreService/default
03-11 03:36:47.122  9724  9724 W libbinder.BackendUnifiedServiceManager: Thread Pool max thread count is 0. Cannot cache binder as linkToDeath cannot be implemented. serviceName: android.system.net.netd.INetd/default
03-11 03:36:47.122  9724  9724 E libbinder.IPCThreadState: Binder transaction failure. id: 8939619, cmd: BR_FAILED_REPLY (29201), error: -1 (Operation not permitted)
03-11 03:36:47.122  9724  9724 W libbinder.BackendUnifiedServiceManager: Thread Pool max thread count is 0. Cannot cache binder as linkToDeath cannot be implemented. serviceName: android.system.suspend.ISystemSuspend/default
03-11 03:36:47.122  9724  9724 E libbinder.IPCThreadState: Binder transaction failure. id: 8939624, cmd: BR_FAILED_REPLY (29201), error: -1 (Operation not permitted)
03-11 03:36:47.122  9724  9724 W libbinder.BackendUnifiedServiceManager: Thread Pool max thread count is 0. Cannot cache binder as linkToDeath cannot be implemented. serviceName: android.system.vmtethering.IVmTethering
03-11 03:36:47.122  9724  9724 W libbinder.BackendUnifiedServiceManager: Thread Pool max thread count is 0. Cannot cache binder as linkToDeath cannot be implemented. serviceName: android.system.vold.IVold/default
03-11 03:36:47.123  9724  9724 E libbinder.IPCThreadState: Binder transaction failure. id: 8939635, cmd: BR_FAILED_REPLY (29201), error: -1 (Operation not permitted)
03-11 03:36:47.123  9724  9724 W libbinder.BackendUnifiedServiceManager: Thread Pool max thread count is 0. Cannot cache binder as linkToDeath cannot be implemented. serviceName: aocx.IAocx/default
03-11 03:36:47.123  9724  9724 E libbinder.IPCThreadState: Binder transaction failure. id: 8939639, cmd: BR_FAILED_REPLY (29201), error: -1 (Operation not permitted)
03-11 03:36:47.123  9724  9724 W libbinder.BackendUnifiedServiceManager: Thread Pool max thread count is 0. Cannot cache binder as linkToDeath cannot be implemented. serviceName: app_binding
03-11 03:36:47.123  9724  9724 E libbinder.Parcel: Reading a NULL string not supported here.
03-11 03:36:47.123  9724  9724 W libbinder.BackendUnifiedServiceManager: Thread Pool max thread count is 0. Cannot cache binder as linkToDeath cannot be implemented. serviceName: app_function
03-11 03:36:47.123  9724  9724 W libbinder.BackendUnifiedServiceManager: Thread Pool max thread count is 0. Cannot cache binder as linkToDeath cannot be implemented. serviceName: app_hibernation
03-11 03:36:47.123  9724  9724 W libbinder.BackendUnifiedServiceManager: Thread Pool max thread count is 0. Cannot cache binder as linkToDeath cannot be implemented. serviceName: app_integrity
03-11 03:36:47.124  9724  9724 W libbinder.BackendUnifiedServiceManager: Thread Pool max thread count is 0. Cannot cache binder as linkToDeath cannot be implemented. serviceName: app_prediction
03-11 03:36:47.124  9724  9724 W libbinder.BackendUnifiedServiceManager: Thread Pool max thread count is 0. Cannot cache binder as linkToDeath cannot be implemented. serviceName: app_search
03-11 03:36:47.124  9724  9724 W libbinder.BackendUnifiedServiceManager: Thread Pool max thread count is 0. Cannot cache binder as linkToDeath cannot be implemented. serviceName: appops
03-11 03:36:47.124  9724  9724 W libbinder.BackendUnifiedServiceManager: Thread Pool max thread count is 0. Cannot cache binder as linkToDeath cannot be implemented. serviceName: appwidget
03-11 03:36:47.124  9724  9724 E libbinder.IPCThreadState: Binder transaction failure. id: 8939687, cmd: BR_FAILED_REPLY (29201), error: -1 (Operation not permitted)
03-11 03:36:47.124  9724  9724 W libbinder.BackendUnifiedServiceManager: Thread Pool max thread count is 0. Cannot cache binder as linkToDeath cannot be implemented. serviceName: attention
03-11 03:36:47.124  9724  9724 E libbinder.Parcel: Reading a NULL string not supported here.
03-11 03:36:47.125  9724  9724 W libbinder.BackendUnifiedServiceManager: Thread Pool max thread count is 0. Cannot cache binder as linkToDeath cannot be implemented. serviceName: attestation_verification
03-11 03:36:47.125  9724  9724 W libbinder.BackendUnifiedServiceManager: Thread Pool max thread count is 0. Cannot cache binder as linkToDeath cannot be implemented. serviceName: audio
03-11 03:36:47.125  9724  9724 W libbinder.BackendUnifiedServiceManager: Thread Pool max thread count is 0. Cannot cache binder as linkToDeath cannot be implemented. serviceName: auth
03-11 03:36:47.125  9724  9724 W libbinder.BackendUnifiedServiceManager: Thread Pool max thread count is 0. Cannot cache binder as linkToDeath cannot be implemented. serviceName: authentication_policy
03-11 03:36:47.125  9724  9724 W libbinder.BackendUnifiedServiceManager: Thread Pool max thread count is 0. Cannot cache binder as linkToDeath cannot be implemented. serviceName: autofill
03-11 03:36:47.125  9724  9724 W libbinder.BackendUnifiedServiceManager: Thread Pool max thread count is 0. Cannot cache binder as linkToDeath cannot be implemented. serviceName: background_install_control
03-11 03:36:47.126  9724  9724 W libbinder.BackendUnifiedServiceManager: Thread Pool max thread count is 0. Cannot cache binder as linkToDeath cannot be implemented. serviceName: backup
03-11 03:36:47.126  9724  9724 W libbinder.BackendUnifiedServiceManager: Thread Pool max thread count is 0. Cannot cache binder as linkToDeath cannot be implemented. serviceName: battery
03-11 03:36:47.126  9724  9724 E libbinder.Parcel: Reading a NULL string not supported here.
03-11 03:36:47.126  9724  9724 W libbinder.BackendUnifiedServiceManager: Thread Pool max thread count is 0. Cannot cache binder as linkToDeath cannot be implemented. serviceName: batteryproperties
03-11 03:36:47.126  9724  9724 W libbinder.BackendUnifiedServiceManager: Thread Pool max thread count is 0. Cannot cache binder as linkToDeath cannot be implemented. serviceName: batterystats
03-11 03:36:47.126  9724  9724 W libbinder.BackendUnifiedServiceManager: Thread Pool max thread count is 0. Cannot cache binder as linkToDeath cannot be implemented. serviceName: binder_calls_stats
03-11 03:36:47.126  9724  9724 E libbinder.Parcel: Reading a NULL string not supported here.
03-11 03:36:47.126  9724  9724 W libbinder.BackendUnifiedServiceManager: Thread Pool max thread count is 0. Cannot cache binder as linkToDeath cannot be implemented. serviceName: binder_stats_consumer
03-11 03:36:47.127  9724  9724 W libbinder.BackendUnifiedServiceManager: Thread Pool max thread count is 0. Cannot cache binder as linkToDeath cannot be implemented. serviceName: biometric
03-11 03:36:47.127  9724  9724 W libbinder.BackendUnifiedServiceManager: Thread Pool max thread count is 0. Cannot cache binder as linkToDeath cannot be implemented. serviceName: blob_store
03-11 03:36:47.127  9724  9724 W libbinder.BackendUnifiedServiceManager: Thread Pool max thread count is 0. Cannot cache binder as linkToDeath cannot be implemented. serviceName: bluetooth_manager
03-11 03:36:47.127  9724  9724 W libbinder.BackendUnifiedServiceManager: Thread Pool max thread count is 0. Cannot cache binder as linkToDeath cannot be implemented. serviceName: bugreport
03-11 03:36:47.127  9724  9724 W libbinder.BackendUnifiedServiceManager: Thread Pool max thread count is 0. Cannot cache binder as linkToDeath cannot be implemented. serviceName: cacheinfo
03-11 03:36:47.127  9724  9724 E libbinder.Parcel: Reading a NULL string not supported here.
03-11 03:36:47.127  9724  9724 W libbinder.BackendUnifiedServiceManager: Thread Pool max thread count is 0. Cannot cache binder as linkToDeath cannot be implemented. serviceName: carrier_config
03-11 03:36:47.128  9724  9724 W libbinder.BackendUnifiedServiceManager: Thread Pool max thread count is 0. Cannot cache binder as linkToDeath cannot be implemented. serviceName: clipboard
03-11 03:36:47.128  9724  9724 W libbinder.BackendUnifiedServiceManager: Thread Pool max thread count is 0. Cannot cache binder as linkToDeath cannot be implemented. serviceName: color_display
03-11 03:36:47.128  9724  9724 W libbinder.BackendUnifiedServiceManager: Thread Pool max thread count is 0. Cannot cache binder as linkToDeath cannot be implemented. serviceName: com.google.edgetpu.IEdgeTpuAppService/default
03-11 03:36:47.129  9724  9724 W libbinder.BackendUnifiedServiceManager: Thread Pool max thread count is 0. Cannot cache binder as linkToDeath cannot be implemented. serviceName: com.google.hardware.pixel.display.IDisplay/default
03-11 03:36:47.129  9724  9724 E libbinder.IPCThreadState: Binder transaction failure. id: 8939804, cmd: BR_FAILED_REPLY (29201), error: -1 (Operation not permitted)
03-11 03:36:47.129  9724  9724 W libbinder.BackendUnifiedServiceManager: Thread Pool max thread count is 0. Cannot cache binder as linkToDeath cannot be implemented. serviceName: com.google.input.ITouchContextService/default
03-11 03:36:47.129  9724  9724 E libbinder.IPCThreadState: Binder transaction failure. id: 8939808, cmd: BR_FAILED_REPLY (29201), error: -1 (Operation not permitted)
03-11 03:36:47.129  9724  9724 W libbinder.BackendUnifiedServiceManager: Thread Pool max thread count is 0. Cannot cache binder as linkToDeath cannot be implemented. serviceName: com.google.input.ITwoshayFileDumpService/touchflow_default
03-11 03:36:47.129  9724  9724 E libbinder.IPCThreadState: Binder transaction failure. id: 8939812, cmd: BR_FAILED_REPLY (29201), error: -1 (Operation not permitted)
03-11 03:36:47.129  9724  9724 W libbinder.BackendUnifiedServiceManager: Thread Pool max thread count is 0. Cannot cache binder as linkToDeath cannot be implemented. serviceName: com.google.input.ITwoshayFileDumpService/twoshay
03-11 03:36:47.129  9724  9724 E libbinder.IPCThreadState: Binder transaction failure. id: 8939816, cmd: BR_FAILED_REPLY (29201), error: -1 (Operation not permitted)
03-11 03:36:47.130  9724  9724 W libbinder.BackendUnifiedServiceManager: Thread Pool max thread count is 0. Cannot cache binder as linkToDeath cannot be implemented. serviceName: com.google.pixel.camera.services.binder.IServiceBinder/default
03-11 03:36:47.130  9724  9724 W libbinder.BackendUnifiedServiceManager: Thread Pool max thread count is 0. Cannot cache binder as linkToDeath cannot be implemented. serviceName: com.google.pixel.camera.services.cameraidremapper.ICameraIdRemapper/default
03-11 03:36:47.130  9724  9724 W libbinder.BackendUnifiedServiceManager: Thread Pool max thread count is 0. Cannot cache binder as linkToDeath cannot be implemented. serviceName: com.google.pixel.camera.services.lyricconfigprovider.ILyricConfigProvider/default
03-11 03:36:47.131  9724  9724 W libbinder.BackendUnifiedServiceManager: Thread Pool max thread count is 0. Cannot cache binder as linkToDeath cannot be implemented. serviceName: com.google.pixel.shared_modem_platform.ISharedModemPlatform/default
03-11 03:36:47.131  9724  9724 E libbinder.IPCThreadState: Binder transaction failure. id: 8939835, cmd: BR_FAILED_REPLY (29201), error: -1 (Operation not permitted)
03-11 03:36:47.131  9724  9724 W libbinder.BackendUnifiedServiceManager: Thread Pool max thread count is 0. Cannot cache binder as linkToDeath cannot be implemented. serviceName: companiondevice
03-11 03:36:47.131  9724  9724 W libbinder.BackendUnifiedServiceManager: Thread Pool max thread count is 0. Cannot cache binder as linkToDeath cannot be implemented. serviceName: connectivity
03-11 03:36:47.131  9724  9724 W libbinder.BackendUnifiedServiceManager: Thread Pool max thread count is 0. Cannot cache binder as linkToDeath cannot be implemented. serviceName: connectivity_native
03-11 03:36:47.131  9724  9724 W libbinder.BackendUnifiedServiceManager: Thread Pool max thread count is 0. Cannot cache binder as linkToDeath cannot be implemented. serviceName: connmetrics
03-11 03:36:47.132  9724  9724 W libbinder.BackendUnifiedServiceManager: Thread Pool max thread count is 0. Cannot cache binder as linkToDeath cannot be implemented. serviceName: content
03-11 03:36:47.132  9724  9724 W libbinder.BackendUnifiedServiceManager: Thread Pool max thread count is 0. Cannot cache binder as linkToDeath cannot be implemented. serviceName: content_capture
03-11 03:36:47.132  9724  9724 W libbinder.BackendUnifiedServiceManager: Thread Pool max thread count is 0. Cannot cache binder as linkToDeath cannot be implemented. serviceName: content_suggestions
03-11 03:36:47.132  9724  9724 W libbinder.BackendUnifiedServiceManager: Thread Pool max thread count is 0. Cannot cache binder as linkToDeath cannot be implemented. serviceName: contexthub
03-11 03:36:47.132  9724  9724 W libbinder.BackendUnifiedServiceManager: Thread Pool max thread count is 0. Cannot cache binder as linkToDeath cannot be implemented. serviceName: contextual_search
03-11 03:36:47.132  9724  9724 W libbinder.BackendUnifiedServiceManager: Thread Pool max thread count is 0. Cannot cache binder as linkToDeath cannot be implemented. serviceName: country_detector
03-11 03:36:47.133  9724  9724 W libbinder.BackendUnifiedServiceManager: Thread Pool max thread count is 0. Cannot cache binder as linkToDeath cannot be implemented. serviceName: cpuinfo
03-11 03:36:47.133  9724  9724 E libbinder.Parcel: Reading a NULL string not supported here.
03-11 03:36:47.133  9724  9724 W libbinder.BackendUnifiedServiceManager: Thread Pool max thread count is 0. Cannot cache binder as linkToDeath cannot be implemented. serviceName: credential
03-11 03:36:47.133  9724  9724 W libbinder.BackendUnifiedServiceManager: Thread Pool max thread count is 0. Cannot cache binder as linkToDeath cannot be implemented. serviceName: crossprofileapps
03-11 03:36:47.133  9724  9724 W libbinder.BackendUnifiedServiceManager: Thread Pool max thread count is 0. Cannot cache binder as linkToDeath cannot be implemented. serviceName: dataloader_manager
03-11 03:36:47.133  9724  9724 W libbinder.BackendUnifiedServiceManager: Thread Pool max thread count is 0. Cannot cache binder as linkToDeath cannot be implemented. serviceName: dbinfo
03-11 03:36:47.133  9724  9724 E libbinder.Parcel: Reading a NULL string not supported here.
03-11 03:36:47.133  9724  9724 W libbinder.BackendUnifiedServiceManager: Thread Pool max thread count is 0. Cannot cache binder as linkToDeath cannot be implemented. serviceName: device_config
03-11 03:36:47.133  9724  9724 E libbinder.Parcel: Reading a NULL string not supported here.
03-11 03:36:47.134  9724  9724 W libbinder.BackendUnifiedServiceManager: Thread Pool max thread count is 0. Cannot cache binder as linkToDeath cannot be implemented. serviceName: device_identifiers
03-11 03:36:47.134  9724  9724 W libbinder.BackendUnifiedServiceManager: Thread Pool max thread count is 0. Cannot cache binder as linkToDeath cannot be implemented. serviceName: device_lock
03-11 03:36:47.134  9724  9724 W libbinder.BackendUnifiedServiceManager: Thread Pool max thread count is 0. Cannot cache binder as linkToDeath cannot be implemented. serviceName: device_policy
03-11 03:36:47.134  9724  9724 W libbinder.BackendUnifiedServiceManager: Thread Pool max thread count is 0. Cannot cache binder as linkToDeath cannot be implemented. serviceName: device_state
03-11 03:36:47.134  9724  9724 W libbinder.BackendUnifiedServiceManager: Thread Pool max thread count is 0. Cannot cache binder as linkToDeath cannot be implemented. serviceName: deviceidle
03-11 03:36:47.134  9724  9724 W libbinder.BackendUnifiedServiceManager: Thread Pool max thread count is 0. Cannot cache binder as linkToDeath cannot be implemented. serviceName: devicestoragemonitor
03-11 03:36:47.134  9724  9724 E libbinder.Parcel: Reading a NULL string not supported here.
03-11 03:36:47.135  9724  9724 W libbinder.BackendUnifiedServiceManager: Thread Pool max thread count is 0. Cannot cache binder as linkToDeath cannot be implemented. serviceName: diskstats
03-11 03:36:47.135  9724  9724 E libbinder.Parcel: Reading a NULL string not supported here.
03-11 03:36:47.135  9724  9724 W libbinder.BackendUnifiedServiceManager: Thread Pool max thread count is 0. Cannot cache binder as linkToDeath cannot be implemented. serviceName: display
03-11 03:36:47.135  9724  9724 W libbinder.BackendUnifiedServiceManager: Thread Pool max thread count is 0. Cannot cache binder as linkToDeath cannot be implemented. serviceName: domain_verification
03-11 03:36:47.135  9724  9724 W libbinder.BackendUnifiedServiceManager: Thread Pool max thread count is 0. Cannot cache binder as linkToDeath cannot be implemented. serviceName: dreams
03-11 03:36:47.135  9724  9724 W libbinder.BackendUnifiedServiceManager: Thread Pool max thread count is 0. Cannot cache binder as linkToDeath cannot be implemented. serviceName: drm.drmManager
03-11 03:36:47.136  9724  9724 W libbinder.BackendUnifiedServiceManager: Thread Pool max thread count is 0. Cannot cache binder as linkToDeath cannot be implemented. serviceName: dropbox
03-11 03:36:47.136  9724  9724 W libbinder.BackendUnifiedServiceManager: Thread Pool max thread count is 0. Cannot cache binder as linkToDeath cannot be implemented. serviceName: dynamic_instrumentation
03-11 03:36:47.136  9724  9724 W libbinder.BackendUnifiedServiceManager: Thread Pool max thread count is 0. Cannot cache binder as linkToDeath cannot be implemented. serviceName: dynamic_system
03-11 03:36:47.136  9724  9724 W libbinder.BackendUnifiedServiceManager: Thread Pool max thread count is 0. Cannot cache binder as linkToDeath cannot be implemented. serviceName: ecm_enhanced_confirmation
03-11 03:36:47.136  9724  9724 W libbinder.BackendUnifiedServiceManager: Thread Pool max thread count is 0. Cannot cache binder as linkToDeath cannot be implemented. serviceName: econtroller
03-11 03:36:47.136  2086  2086 E NotifRow: Magnetic state changed from IDLE to IDLE on a null swiped listener, or the logging key of the listener is null
03-11 03:36:47.136  9724  9724 W libbinder.BackendUnifiedServiceManager: Thread Pool max thread count is 0. Cannot cache binder as linkToDeath cannot be implemented. serviceName: emergency_affordance
03-11 03:36:47.137  9724  9724 E libbinder.Parcel: Reading a NULL string not supported here.
03-11 03:36:47.137  9724  9724 W libbinder.BackendUnifiedServiceManager: Thread Pool max thread count is 0. Cannot cache binder as linkToDeath cannot be implemented. serviceName: ethernet
03-11 03:36:47.137  9724  9724 W libbinder.BackendUnifiedServiceManager: Thread Pool max thread count is 0. Cannot cache binder as linkToDeath cannot be implemented. serviceName: euicc_card_controller
03-11 03:36:47.137  9724  9724 W libbinder.BackendUnifiedServiceManager: Thread Pool max thread count is 0. Cannot cache binder as linkToDeath cannot be implemented. serviceName: external_vibrator_service
03-11 03:36:47.137  9724  9724 W libbinder.BackendUnifiedServiceManager: Thread Pool max thread count is 0. Cannot cache binder as linkToDeath cannot be implemented. serviceName: feature_flags
03-11 03:36:47.137  2086  2086 D SbStateController: setState: requested state SHADE!= upcomingState: KEYGUARD. This usually means the status bar state transition was interrupted before the upcoming state could be applied.
03-11 03:36:47.138  9724  9724 W libbinder.BackendUnifiedServiceManager: Thread Pool max thread count is 0. Cannot cache binder as linkToDeath cannot be implemented. serviceName: file_integrity
03-11 03:36:47.138  9724  9724 W libbinder.BackendUnifiedServiceManager: Thread Pool max thread count is 0. Cannot cache binder as linkToDeath cannot be implemented. serviceName: fingerprint
03-11 03:36:47.138  9724  9724 W libbinder.BackendUnifiedServiceManager: Thread Pool max thread count is 0. Cannot cache binder as linkToDeath cannot be implemented. serviceName: font
03-11 03:36:47.138  2086  2086 D DLIndicator: onStateChanged(0)
03-11 03:36:47.138  9724  9724 W libbinder.BackendUnifiedServiceManager: Thread Pool max thread count is 0. Cannot cache binder as linkToDeath cannot be implemented. serviceName: game
03-11 03:36:47.138  2086  2086 D DLIndicator: updateVisibility(), mDozing=false, mDocking=false, mTopIconShowing=false, mViewAttached=true
03-11 03:36:47.139  9724  9724 W libbinder.BackendUnifiedServiceManager: Thread Pool max thread count is 0. Cannot cache binder as linkToDeath cannot be implemented. serviceName: gfxinfo
03-11 03:36:47.139  9724  9724 E libbinder.Parcel: Reading a NULL string not supported here.
03-11 03:36:47.139  9724  9724 W libbinder.BackendUnifiedServiceManager: Thread Pool max thread count is 0. Cannot cache binder as linkToDeath cannot be implemented. serviceName: gpu
03-11 03:36:47.139  9724  9724 W libbinder.BackendUnifiedServiceManager: Thread Pool max thread count is 0. Cannot cache binder as linkToDeath cannot be implemented. serviceName: grammatical_inflection
03-11 03:36:47.139  2086  2124 D ShadeStatusBarComponentsInteractor#disableFlagsInteractor: newValue: DisableFlagsModel(disable1=0, disable2=0, animate=false)
03-11 03:36:47.139  9724  9724 W libbinder.BackendUnifiedServiceManager: Thread Pool max thread count is 0. Cannot cache binder as linkToDeath cannot be implemented. serviceName: graphicsstats
03-11 03:36:47.139  9724  9724 W libbinder.BackendUnifiedServiceManager: Thread Pool max thread count is 0. Cannot cache binder as linkToDeath cannot be implemented. serviceName: hardware_properties
03-11 03:36:47.139  9724  9724 W libbinder.BackendUnifiedServiceManager: Thread Pool max thread count is 0. Cannot cache binder as linkToDeath cannot be implemented. serviceName: healthconnect
03-11 03:36:47.140  9724  9724 W libbinder.BackendUnifiedServiceManager: Thread Pool max thread count is 0. Cannot cache binder as linkToDeath cannot be implemented. serviceName: imms
03-11 03:36:47.140  9724  9724 W libbinder.BackendUnifiedServiceManager: Thread Pool max thread count is 0. Cannot cache binder as linkToDeath cannot be implemented. serviceName: incidentcompanion
03-11 03:36:47.141  9724  9724 W libbinder.BackendUnifiedServiceManager: Thread Pool max thread count is 0. Cannot cache binder as linkToDeath cannot be implemented. serviceName: incremental
03-11 03:36:47.141  9724  9724 W libbinder.BackendUnifiedServiceManager: Thread Pool max thread count is 0. Cannot cache binder as linkToDeath cannot be implemented. serviceName: input
03-11 03:36:47.141  9724  9724 W libbinder.BackendUnifiedServiceManager: Thread Pool max thread count is 0. Cannot cache binder as linkToDeath cannot be implemented. serviceName: input_method
03-11 03:36:47.141  9724  9724 W libbinder.BackendUnifiedServiceManager: Thread Pool max thread count is 0. Cannot cache binder as linkToDeath cannot be implemented. serviceName: inputflinger
03-11 03:36:47.142  9724  9724 W libbinder.BackendUnifiedServiceManager: Thread Pool max thread count is 0. Cannot cache binder as linkToDeath cannot be implemented. serviceName: intrusion_detection
03-11 03:36:47.142  9724  9724 W libbinder.BackendUnifiedServiceManager: Thread Pool max thread count is 0. Cannot cache binder as linkToDeath cannot be implemented. serviceName: ions
03-11 03:36:47.142  9724  9724 W libbinder.BackendUnifiedServiceManager: Thread Pool max thread count is 0. Cannot cache binder as linkToDeath cannot be implemented. serviceName: iphonesubinfo
03-11 03:36:47.143  2086  2103 D KeyguardService: setOccluded(true)
03-11 03:36:47.143  2086  2103 D KeyguardViewMediator: setOccluded(true)
03-11 03:36:47.143  9724  9724 W libbinder.BackendUnifiedServiceManager: Thread Pool max thread count is 0. Cannot cache binder as linkToDeath cannot be implemented. serviceName: ipsec
03-11 03:36:47.143  9724  9724 W libbinder.BackendUnifiedServiceManager: Thread Pool max thread count is 0. Cannot cache binder as linkToDeath cannot be implemented. serviceName: isms
03-11 03:36:47.143  9724  9724 W libbinder.BackendUnifiedServiceManager: Thread Pool max thread count is 0. Cannot cache binder as linkToDeath cannot be implemented. serviceName: isub
03-11 03:36:47.143  9724  9724 W libbinder.BackendUnifiedServiceManager: Thread Pool max thread count is 0. Cannot cache binder as linkToDeath cannot be implemented. serviceName: jobscheduler
03-11 03:36:47.144  2086  2086 D KeyguardViewMediator: handleSetOccluded(true)
03-11 03:36:47.144  2086  2086 D KeyguardViewMediator: KeyguardViewMediator queue processing message: SET_OCCLUDED
03-11 03:36:47.144  9724  9724 W libbinder.BackendUnifiedServiceManager: Thread Pool max thread count is 0. Cannot cache binder as linkToDeath cannot be implemented. serviceName: launcherapps
03-11 03:36:47.144  9724  9724 W libbinder.BackendUnifiedServiceManager: Thread Pool max thread count is 0. Cannot cache binder as linkToDeath cannot be implemented. serviceName: legacy_permission
03-11 03:36:47.144  9724  9724 W libbinder.BackendUnifiedServiceManager: Thread Pool max thread count is 0. Cannot cache binder as linkToDeath cannot be implemented. serviceName: lights
03-11 03:36:47.144  9724  9724 W libbinder.BackendUnifiedServiceManager: Thread Pool max thread count is 0. Cannot cache binder as linkToDeath cannot be implemented. serviceName: locale
03-11 03:36:47.144  9724  9724 W libbinder.BackendUnifiedServiceManager: Thread Pool max thread count is 0. Cannot cache binder as linkToDeath cannot be implemented. serviceName: location
03-11 03:36:47.145  9724  9724 W libbinder.BackendUnifiedServiceManager: Thread Pool max thread count is 0. Cannot cache binder as linkToDeath cannot be implemented. serviceName: location_time_zone_manager
03-11 03:36:47.145  9724  9724 E libbinder.Parcel: Reading a NULL string not supported here.
03-11 03:36:47.145  9724  9724 W libbinder.BackendUnifiedServiceManager: Thread Pool max thread count is 0. Cannot cache binder as linkToDeath cannot be implemented. serviceName: lock_settings
03-11 03:36:47.145  9724  9724 W libbinder.BackendUnifiedServiceManager: Thread Pool max thread count is 0. Cannot cache binder as linkToDeath cannot be implemented. serviceName: logcat
03-11 03:36:47.145  9724  9724 W libbinder.BackendUnifiedServiceManager: Thread Pool max thread count is 0. Cannot cache binder as linkToDeath cannot be implemented. serviceName: looper_stats
03-11 03:36:47.145  9724  9724 E libbinder.Parcel: Reading a NULL string not supported here.
03-11 03:36:47.145  9724  9724 W libbinder.BackendUnifiedServiceManager: Thread Pool max thread count is 0. Cannot cache binder as linkToDeath cannot be implemented. serviceName: manager
03-11 03:36:47.146  9724  9724 W libbinder.BackendUnifiedServiceManager: Thread Pool max thread count is 0. Cannot cache binder as linkToDeath cannot be implemented. serviceName: media.aaudio
03-11 03:36:47.146  9724  9724 W libbinder.BackendUnifiedServiceManager: Thread Pool max thread count is 0. Cannot cache binder as linkToDeath cannot be implemented. serviceName: media.audio_flinger
03-11 03:36:47.146  9724  9724 W libbinder.BackendUnifiedServiceManager: Thread Pool max thread count is 0. Cannot cache binder as linkToDeath cannot be implemented. serviceName: media.audio_policy
03-11 03:36:47.146  9724  9724 W libbinder.BackendUnifiedServiceManager: Thread Pool max thread count is 0. Cannot cache binder as linkToDeath cannot be implemented. serviceName: media.camera
03-11 03:36:47.146  9724  9724 W libbinder.BackendUnifiedServiceManager: Thread Pool max thread count is 0. Cannot cache binder as linkToDeath cannot be implemented. serviceName: media.camera.proxy
03-11 03:36:47.147  9724  9724 W libbinder.BackendUnifiedServiceManager: Thread Pool max thread count is 0. Cannot cache binder as linkToDeath cannot be implemented. serviceName: media.ecoservice
03-11 03:36:47.147  9724  9724 W libbinder.BackendUnifiedServiceManager: Thread Pool max thread count is 0. Cannot cache binder as linkToDeath cannot be implemented. serviceName: media.extractor
03-11 03:36:47.147  9724  9724 W libbinder.BackendUnifiedServiceManager: Thread Pool max thread count is 0. Cannot cache binder as linkToDeath cannot be implemented. serviceName: media.metrics
03-11 03:36:47.147  9724  9724 W libbinder.BackendUnifiedServiceManager: Thread Pool max thread count is 0. Cannot cache binder as linkToDeath cannot be implemented. serviceName: media.player
03-11 03:36:47.147  9724  9724 W libbinder.BackendUnifiedServiceManager: Thread Pool max thread count is 0. Cannot cache binder as linkToDeath cannot be implemented. serviceName: media.resource_manager
03-11 03:36:47.147  9724  9724 W libbinder.BackendUnifiedServiceManager: Thread Pool max thread count is 0. Cannot cache binder as linkToDeath cannot be implemented. serviceName: media.resource_observer
03-11 03:36:47.148  9724  9724 W libbinder.BackendUnifiedServiceManager: Thread Pool max thread count is 0. Cannot cache binder as linkToDeath cannot be implemented. serviceName: media_communication
03-11 03:36:47.148  9724  9724 W libbinder.BackendUnifiedServiceManager: Thread Pool max thread count is 0. Cannot cache binder as linkToDeath cannot be implemented. serviceName: media_metrics
03-11 03:36:47.148  9724  9724 W libbinder.BackendUnifiedServiceManager: Thread Pool max thread count is 0. Cannot cache binder as linkToDeath cannot be implemented. serviceName: media_projection
03-11 03:36:47.148  9724  9724 W libbinder.BackendUnifiedServiceManager: Thread Pool max thread count is 0. Cannot cache binder as linkToDeath cannot be implemented. serviceName: media_resource_monitor
03-11 03:36:47.148  9724  9724 W libbinder.BackendUnifiedServiceManager: Thread Pool max thread count is 0. Cannot cache binder as linkToDeath cannot be implemented. serviceName: media_router
03-11 03:36:47.148  9724  9724 W libbinder.BackendUnifiedServiceManager: Thread Pool max thread count is 0. Cannot cache binder as linkToDeath cannot be implemented. serviceName: media_session
03-11 03:36:47.149  9724  9724 W libbinder.BackendUnifiedServiceManager: Thread Pool max thread count is 0. Cannot cache binder as linkToDeath cannot be implemented. serviceName: meminfo
03-11 03:36:47.149  9724  9724 E libbinder.Parcel: Reading a NULL string not supported here.
03-11 03:36:47.149  9724  9724 W libbinder.BackendUnifiedServiceManager: Thread Pool max thread count is 0. Cannot cache binder as linkToDeath cannot be implemented. serviceName: memtrack.proxy
03-11 03:36:47.149  9724  9724 W libbinder.BackendUnifiedServiceManager: Thread Pool max thread count is 0. Cannot cache binder as linkToDeath cannot be implemented. serviceName: midi
03-11 03:36:47.149  9724  9724 W libbinder.BackendUnifiedServiceManager: Thread Pool max thread count is 0. Cannot cache binder as linkToDeath cannot be implemented. serviceName: mmd
03-11 03:36:47.149  9724  9724 E libbinder.IPCThreadState: Binder transaction failure. id: 8940356, cmd: BR_FAILED_REPLY (29201), error: -1 (Operation not permitted)
03-11 03:36:47.149  9724  9724 W libbinder.BackendUnifiedServiceManager: Thread Pool max thread count is 0. Cannot cache binder as linkToDeath cannot be implemented. serviceName: mount
03-11 03:36:47.149  9724  9724 W libbinder.BackendUnifiedServiceManager: Thread Pool max thread count is 0. Cannot cache binder as linkToDeath cannot be implemented. serviceName: music_recognition
03-11 03:36:47.150  9724  9724 W libbinder.BackendUnifiedServiceManager: Thread Pool max thread count is 0. Cannot cache binder as linkToDeath cannot be implemented. serviceName: nearby
03-11 03:36:47.150  9724  9724 W libbinder.BackendUnifiedServiceManager: Thread Pool max thread count is 0. Cannot cache binder as linkToDeath cannot be implemented. serviceName: netd_listener
03-11 03:36:47.150  9724  9724 W libbinder.BackendUnifiedServiceManager: Thread Pool max thread count is 0. Cannot cache binder as linkToDeath cannot be implemented. serviceName: netpolicy
03-11 03:36:47.150  9724  9724 W libbinder.BackendUnifiedServiceManager: Thread Pool max thread count is 0. Cannot cache binder as linkToDeath cannot be implemented. serviceName: netstats
03-11 03:36:47.150  9724  9724 W libbinder.BackendUnifiedServiceManager: Thread Pool max thread count is 0. Cannot cache binder as linkToDeath cannot be implemented. serviceName: network_management
03-11 03:36:47.151  9724  9724 W libbinder.BackendUnifiedServiceManager: Thread Pool max thread count is 0. Cannot cache binder as linkToDeath cannot be implemented. serviceName: network_score
03-11 03:36:47.151  9724  9724 W libbinder.BackendUnifiedServiceManager: Thread Pool max thread count is 0. Cannot cache binder as linkToDeath cannot be implemented. serviceName: network_stack
03-11 03:36:47.152  9724  9724 W libbinder.BackendUnifiedServiceManager: Thread Pool max thread count is 0. Cannot cache binder as linkToDeath cannot be implemented. serviceName: network_time_update_service
03-11 03:36:47.152  9724  9724 E libbinder.Parcel: Reading a NULL string not supported here.
03-11 03:36:47.152  9724  9724 W libbinder.BackendUnifiedServiceManager: Thread Pool max thread count is 0. Cannot cache binder as linkToDeath cannot be implemented. serviceName: network_watchlist
03-11 03:36:47.152  9724  9724 W libbinder.BackendUnifiedServiceManager: Thread Pool max thread count is 0. Cannot cache binder as linkToDeath cannot be implemented. serviceName: nfc
03-11 03:36:47.152  9724  9724 W libbinder.BackendUnifiedServiceManager: Thread Pool max thread count is 0. Cannot cache binder as linkToDeath cannot be implemented. serviceName: notification
03-11 03:36:47.152  9724  9724 W libbinder.BackendUnifiedServiceManager: Thread Pool max thread count is 0. Cannot cache binder as linkToDeath cannot be implemented. serviceName: oem_lock
03-11 03:36:47.152  9724  9724 W libbinder.BackendUnifiedServiceManager: Thread Pool max thread count is 0. Cannot cache binder as linkToDeath cannot be implemented. serviceName: on_device_intelligence
03-11 03:36:47.153  9724  9724 W libbinder.BackendUnifiedServiceManager: Thread Pool max thread count is 0. Cannot cache binder as linkToDeath cannot be implemented. serviceName: ondevicepersonalization_system_service
03-11 03:36:47.153  9724  9724 W libbinder.BackendUnifiedServiceManager: Thread Pool max thread count is 0. Cannot cache binder as linkToDeath cannot be implemented. serviceName: overlay
03-11 03:36:47.154  9724  9724 W libbinder.BackendUnifiedServiceManager: Thread Pool max thread count is 0. Cannot cache binder as linkToDeath cannot be implemented. serviceName: pac_proxy
03-11 03:36:47.155  9724  9724 W libbinder.BackendUnifiedServiceManager: Thread Pool max thread count is 0. Cannot cache binder as linkToDeath cannot be implemented. serviceName: package
03-11 03:36:47.156  9724  9724 W libbinder.BackendUnifiedServiceManager: Thread Pool max thread count is 0. Cannot cache binder as linkToDeath cannot be implemented. serviceName: package_native
03-11 03:36:47.156  9724  9724 W libbinder.BackendUnifiedServiceManager: Thread Pool max thread count is 0. Cannot cache binder as linkToDeath cannot be implemented. serviceName: people
03-11 03:36:47.157  2086  2086 D WindowOnBackDispatcher: setTopOnBackInvokedCallback (unwrapped): null
03-11 03:36:47.158  9724  9724 W libbinder.BackendUnifiedServiceManager: Thread Pool max thread count is 0. Cannot cache binder as linkToDeath cannot be implemented. serviceName: performance_hint
03-11 03:36:47.159  9724  9724 W libbinder.BackendUnifiedServiceManager: Thread Pool max thread count is 0. Cannot cache binder as linkToDeath cannot be implemented. serviceName: permission
03-11 03:36:47.159 31410 31541 I FontLog : (REDACTED) Received query %s, URI %s
03-11 03:36:47.159 31410 31541 I FontLog : (REDACTED) Query [%s] resolved to %s
03-11 03:36:47.159  9724  9724 W libbinder.BackendUnifiedServiceManager: Thread Pool max thread count is 0. Cannot cache binder as linkToDeath cannot be implemented. serviceName: permission_checker
03-11 03:36:47.160  9724  9724 W libbinder.BackendUnifiedServiceManager: Thread Pool max thread count is 0. Cannot cache binder as linkToDeath cannot be implemented. serviceName: permissionmgr
03-11 03:36:47.160  9724  9724 W libbinder.BackendUnifiedServiceManager: Thread Pool max thread count is 0. Cannot cache binder as linkToDeath cannot be implemented. serviceName: persistent_data_block
03-11 03:36:47.160  9724  9724 W libbinder.BackendUnifiedServiceManager: Thread Pool max thread count is 0. Cannot cache binder as linkToDeath cannot be implemented. serviceName: phone
03-11 03:36:47.160 31410 31541 I FontLog : (REDACTED) Fetch %s end status %s
03-11 03:36:47.160  9724  9724 W libbinder.BackendUnifiedServiceManager: Thread Pool max thread count is 0. Cannot cache binder as linkToDeath cannot be implemented. serviceName: pinner
03-11 03:36:47.160  9724  9724 W libbinder.BackendUnifiedServiceManager: Thread Pool max thread count is 0. Cannot cache binder as linkToDeath cannot be implemented. serviceName: platform_compat
03-11 03:36:47.160  9724  9724 W libbinder.BackendUnifiedServiceManager: Thread Pool max thread count is 0. Cannot cache binder as linkToDeath cannot be implemented. serviceName: platform_compat_native
03-11 03:36:47.161  9724  9724 W libbinder.BackendUnifiedServiceManager: Thread Pool max thread count is 0. Cannot cache binder as linkToDeath cannot be implemented. serviceName: power
03-11 03:36:47.161  9724  9724 W libbinder.BackendUnifiedServiceManager: Thread Pool max thread count is 0. Cannot cache binder as linkToDeath cannot be implemented. serviceName: powerstats
03-11 03:36:47.161  9724  9724 W libbinder.BackendUnifiedServiceManager: Thread Pool max thread count is 0. Cannot cache binder as linkToDeath cannot be implemented. serviceName: print
03-11 03:36:47.162  9724  9724 W libbinder.BackendUnifiedServiceManager: Thread Pool max thread count is 0. Cannot cache binder as linkToDeath cannot be implemented. serviceName: processinfo
03-11 03:36:47.162  9724  9724 W libbinder.BackendUnifiedServiceManager: Thread Pool max thread count is 0. Cannot cache binder as linkToDeath cannot be implemented. serviceName: procstats
03-11 03:36:47.162  9724  9724 W libbinder.BackendUnifiedServiceManager: Thread Pool max thread count is 0. Cannot cache binder as linkToDeath cannot be implemented. serviceName: profiling_service
03-11 03:36:47.162  9724  9724 W libbinder.BackendUnifiedServiceManager: Thread Pool max thread count is 0. Cannot cache binder as linkToDeath cannot be implemented. serviceName: protolog_configuration
03-11 03:36:47.162 31410 31541 I FontLog : (REDACTED) Pulling font file for id = %d, cache size = %d
03-11 03:36:47.162  9724  9724 W libbinder.BackendUnifiedServiceManager: Thread Pool max thread count is 0. Cannot cache binder as linkToDeath cannot be implemented. serviceName: ranging
03-11 03:36:47.162  9724  9724 W libbinder.BackendUnifiedServiceManager: Thread Pool max thread count is 0. Cannot cache binder as linkToDeath cannot be implemented. serviceName: reboot_readiness
03-11 03:36:47.163  9724  9724 W libbinder.BackendUnifiedServiceManager: Thread Pool max thread count is 0. Cannot cache binder as linkToDeath cannot be implemented. serviceName: recovery
03-11 03:36:47.163  9724  9724 W libbinder.BackendUnifiedServiceManager: Thread Pool max thread count is 0. Cannot cache binder as linkToDeath cannot be implemented. serviceName: remote_provisioning
03-11 03:36:47.163  9724  9724 W libbinder.BackendUnifiedServiceManager: Thread Pool max thread count is 0. Cannot cache binder as linkToDeath cannot be implemented. serviceName: resolver
03-11 03:36:47.163  9724  9724 E libbinder.Parcel: Reading a NULL string not supported here.
03-11 03:36:47.163  9724  9724 W libbinder.BackendUnifiedServiceManager: Thread Pool max thread count is 0. Cannot cache binder as linkToDeath cannot be implemented. serviceName: resources
03-11 03:36:47.163  9724  9724 W libbinder.BackendUnifiedServiceManager: Thread Pool max thread count is 0. Cannot cache binder as linkToDeath cannot be implemented. serviceName: restrictions
03-11 03:36:47.163  9724  9724 W libbinder.BackendUnifiedServiceManager: Thread Pool max thread count is 0. Cannot cache binder as linkToDeath cannot be implemented. serviceName: rlsservice
03-11 03:36:47.163  9724  9724 E libbinder.IPCThreadState: Binder transaction failure. id: 8940676, cmd: BR_FAILED_REPLY (29201), error: -1 (Operation not permitted)
03-11 03:36:47.163  9724  9724 W libbinder.BackendUnifiedServiceManager: Thread Pool max thread count is 0. Cannot cache binder as linkToDeath cannot be implemented. serviceName: role
03-11 03:36:47.164  9724  9724 W libbinder.BackendUnifiedServiceManager: Thread Pool max thread count is 0. Cannot cache binder as linkToDeath cannot be implemented. serviceName: rollback
03-11 03:36:47.164  9724  9724 W libbinder.BackendUnifiedServiceManager: Thread Pool max thread count is 0. Cannot cache binder as linkToDeath cannot be implemented. serviceName: runtime
03-11 03:36:47.164  9724  9724 E libbinder.Parcel: Reading a NULL string not supported here.
03-11 03:36:47.164  9724  9724 W libbinder.BackendUnifiedServiceManager: Thread Pool max thread count is 0. Cannot cache binder as linkToDeath cannot be implemented. serviceName: safety_center
03-11 03:36:47.164  9724  9724 W libbinder.BackendUnifiedServiceManager: Thread Pool max thread count is 0. Cannot cache binder as linkToDeath cannot be implemented. serviceName: scheduling_policy
03-11 03:36:47.164  9724  9724 W libbinder.BackendUnifiedServiceManager: Thread Pool max thread count is 0. Cannot cache binder as linkToDeath cannot be implemented. serviceName: sdk_sandbox
03-11 03:36:47.164  9724  9724 W libbinder.BackendUnifiedServiceManager: Thread Pool max thread count is 0. Cannot cache binder as linkToDeath cannot be implemented. serviceName: search
03-11 03:36:47.165  9724  9724 W libbinder.BackendUnifiedServiceManager: Thread Pool max thread count is 0. Cannot cache binder as linkToDeath cannot be implemented. serviceName: search_ui
03-11 03:36:47.165  9724  9724 W libbinder.BackendUnifiedServiceManager: Thread Pool max thread count is 0. Cannot cache binder as linkToDeath cannot be implemented. serviceName: sec_key_att_app_id_provider
03-11 03:36:47.165 31410 31541 I FontLog : (REDACTED) Pulling font file for id = %d, cache size = %d
03-11 03:36:47.165  9724  9724 W libbinder.BackendUnifiedServiceManager: Thread Pool max thread count is 0. Cannot cache binder as linkToDeath cannot be implemented. serviceName: secure_element
03-11 03:36:47.165  9724  9724 W libbinder.BackendUnifiedServiceManager: Thread Pool max thread count is 0. Cannot cache binder as linkToDeath cannot be implemented. serviceName: security_state
03-11 03:36:47.165  9724  9724 W libbinder.BackendUnifiedServiceManager: Thread Pool max thread count is 0. Cannot cache binder as linkToDeath cannot be implemented. serviceName: selection_toolbar
03-11 03:36:47.165  9724  9724 W libbinder.BackendUnifiedServiceManager: Thread Pool max thread count is 0. Cannot cache binder as linkToDeath cannot be implemented. serviceName: sensitive_content_protection_service
03-11 03:36:47.166  9724  9724 W libbinder.BackendUnifiedServiceManager: Thread Pool max thread count is 0. Cannot cache binder as linkToDeath cannot be implemented. serviceName: sensor_privacy
