03-11 03:36:46.565  9653  9676 I TestRunner: started: showcaseActivityRendersReaderOutput(ai.eliza.plugins.mobilesignals.MobileSignalsDeviceReaderInstrumentedTest)
03-11 03:36:46.569  9653  9676 W Settings: Setting always_finish_activities has moved from android.provider.Settings.System to android.provider.Settings.Global, returning read-only value.
03-11 03:36:46.579  1676  2234 V GrammaticalInflectionUtils: AttributionSource: android.content.AttributionSource@46d234c does not have READ_SYSTEM_GRAMMATICAL_GENDER permission.
03-11 03:36:46.582   621   762 I libbinder.BpBinder: onLastStrongRef automatically unlinking death recipients for binder (0xb4000075f27d0320) with descriptor: '(not cached)'
03-11 03:36:46.583  8018  8018 D RecentsView: onTaskDisplayChanged: 58142, new displayId = 0
03-11 03:36:46.589  2086  2111 W DisplayDisconnectTransitionHandler: No disconnect change found in the transition, not handling request.
03-11 03:36:46.591  8018  8018 D b/417220811: invalidateLoadedTasks - previous requestLoadId: -1
03-11 03:36:46.591  8018  8018 D b/417220811: invalidateLoadedTasks - previous requestLoadId: -1
03-11 03:36:46.596  9653  9653 D LifecycleMonitor: Lifecycle status change: ai.eliza.plugins.mobilesignals.MobileSignalsReaderShowcaseActivity@3221eee in: PRE_ON_CREATE
03-11 03:36:46.596  9653  9653 V ActivityScenario: Activity lifecycle changed event received but ignored because the reported transition was not ON_CREATE while the last known transition was PRE_ON_CREATE
03-11 03:36:46.598  1701  1701 I pixel-thermal: VIRTUAL-SKIN:40.4186 raw data: VIRTUAL-SKIN:40418.6
03-11 03:36:46.599  1701  1701 I pixel-thermal: VIRTUAL-SKIN:40.4186 raw data: VIRTUAL-SKIN:40418.6
03-11 03:36:46.599  1701  1701 I pixel-thermal: neutral_therm:38.539 raw data: neutral_therm:38539
03-11 03:36:46.599  1701  1701 I pixel-thermal: cellular-emergency:40.4186 raw data: cellular-emergency:40418.6
03-11 03:36:46.599  1701  1701 I pixel-thermal: usb_pwr_therm2:36.202 raw data: usb_pwr_therm2:36202
03-11 03:36:46.599  1701  1701 I pixel-thermal: VIRTUAL-USB-UI:0 raw data: USB2-MINUS-CHG:-10214 VIRTUAL-USB-UI:0 charger_skin_therm:46416 usb_pwr_therm2:36202
03-11 03:36:46.601  2086  2120 D WindowOnBackDispatcher: setTopOnBackInvokedCallback (unwrapped): android.view.ViewRootImpl$$ExternalSyntheticLambda25@dfac185
03-11 03:36:46.615  2086  2111 D KeyguardViewMediator: OccludeAnimator#onAnimationStart. Set occluded = true.
03-11 03:36:46.615  2086  2111 D KeyguardViewMediator: setOccluded(true)
03-11 03:36:46.615  2086  2086 D KeyguardViewMediator: handleSetOccluded(true)
03-11 03:36:46.616  2086  2086 D KeyguardViewMediator: KeyguardViewMediator queue processing message: SET_OCCLUDED
03-11 03:36:46.616  2086  2086 I KeyguardTransitionRepository: STARTED transition: TransitionStep(from=LOCKSCREEN, to=OCCLUDED, value=0.0, transitionState=STARTED, ownerName=FromLockscreenTransitionInteractor)
03-11 03:36:46.619  2086  2130 D ShadeStatusBarComponentsInteractor#disableFlagsInteractor: newValue: DisableFlagsModel(disable1=0, disable2=0, animate=true)
03-11 03:36:46.621  8018  8018 D b/417220811: invalidateLoadedTasks - previous requestLoadId: -1
03-11 03:36:46.625  9653  9653 E ilesignals.test: Invalid resource ID 0x00000000.
03-11 03:36:46.630  9653  9653 D CompatChangeReporter: Compat change id reported: 309578419; UID 10333; state: ENABLED
03-11 03:36:46.630  9653  9653 D DesktopExperienceFlags: Toggle override initialized to: false
03-11 03:36:46.630  9653  9653 D DesktopModeFlags: Toggle override initialized to: OVERRIDE_UNSET
03-11 03:36:46.633  9653  9653 D LifecycleMonitor: Lifecycle status change: ai.eliza.plugins.mobilesignals.MobileSignalsReaderShowcaseActivity@3221eee in: CREATED
03-11 03:36:46.633  9653  9653 V ActivityScenario: Update currentActivityStage to CREATED, currentActivity=ai.eliza.plugins.mobilesignals.MobileSignalsReaderShowcaseActivity@3221eee
03-11 03:36:46.634  9653  9653 D LifecycleMonitor: Lifecycle status change: ai.eliza.plugins.mobilesignals.MobileSignalsReaderShowcaseActivity@3221eee in: STARTED
03-11 03:36:46.635  9653  9653 V ActivityScenario: Update currentActivityStage to STARTED, currentActivity=ai.eliza.plugins.mobilesignals.MobileSignalsReaderShowcaseActivity@3221eee
03-11 03:36:46.645  9653  9653 D LifecycleMonitor: Lifecycle status change: ai.eliza.plugins.mobilesignals.MobileSignalsReaderShowcaseActivity@3221eee in: RESUMED
03-11 03:36:46.645  9653  9653 V ActivityScenario: Update currentActivityStage to RESUMED, currentActivity=ai.eliza.plugins.mobilesignals.MobileSignalsReaderShowcaseActivity@3221eee
03-11 03:36:46.650  9653  9653 D CompatChangeReporter: Compat change id reported: 349153669; UID 10333; state: ENABLED
03-11 03:36:46.652  2086  2086 D UdfpsTouchOverlayBinder: [com.android.systemui.biometrics.ui.view.UdfpsTouchOverlay{4c0d55f V.E...... ........ 0,0-1080,2400 #7f0a0992 app:id/udfps_touch_overlay}]: update shouldHandleTouches=false
03-11 03:36:46.653  1731  1731 I FingerprintSession: setIgnoreDisplayTouches 1
03-11 03:36:46.653  1731  1731 I FingerprintSession: onContextChanged
03-11 03:36:46.661  9653  9653 D LifecycleMonitor: Lifecycle status change: ai.eliza.plugins.mobilesignals.MobileSignalsReaderShowcaseActivity@3221eee in: PAUSED
03-11 03:36:46.661  9653  9653 V ActivityScenario: Update currentActivityStage to PAUSED, currentActivity=ai.eliza.plugins.mobilesignals.MobileSignalsReaderShowcaseActivity@3221eee
03-11 03:36:46.662  9653  9653 D LifecycleMonitor: Lifecycle status change: ai.eliza.plugins.mobilesignals.MobileSignalsReaderShowcaseActivity@3221eee in: RESUMED
03-11 03:36:46.662  9653  9653 V ActivityScenario: Update currentActivityStage to RESUMED, currentActivity=ai.eliza.plugins.mobilesignals.MobileSignalsReaderShowcaseActivity@3221eee
03-11 03:36:46.671  9653  9653 D VRI[MobileSignalsReaderShowcaseActivity]: WindowInsets changed: 1080x2400 statusBars:[0,132,0,0] navigationBars:[0,0,0,63] mandatorySystemGestures:[0,164,0,84]
03-11 03:36:46.671  9653  9653 D WindowOnBackDispatcher: setTopOnBackInvokedCallback (unwrapped): android.view.ViewRootImpl$$ExternalSyntheticLambda25@2fa3f5a
03-11 03:36:46.672  9653  9653 I HWUI    : Using FreeType backend (prop=Auto)
03-11 03:36:46.678   621   647 W libbinder.ServiceManagerCppClient: Permission failure: android.permission.ACCESS_SURFACE_FLINGER from uid=10333 pid=9653
03-11 03:36:46.678   621   647 D libbinder.PermissionCache: checking android.permission.ACCESS_SURFACE_FLINGER for uid=10333 => denied (152 us)
03-11 03:36:46.678   621   647 W libbinder.ServiceManagerCppClient: Permission failure: android.permission.ROTATE_SURFACE_FLINGER from uid=10333 pid=9653
03-11 03:36:46.678   621   647 D libbinder.PermissionCache: checking android.permission.ROTATE_SURFACE_FLINGER for uid=10333 => denied (55 us)
03-11 03:36:46.678   621   647 W libbinder.ServiceManagerCppClient: Permission failure: android.permission.INTERNAL_SYSTEM_WINDOW from uid=10333 pid=9653
03-11 03:36:46.678   621   647 D libbinder.PermissionCache: checking android.permission.INTERNAL_SYSTEM_WINDOW for uid=10333 => denied (72 us)
03-11 03:36:46.678   621   647 W libbinder.ServiceManagerCppClient: Permission failure: android.permission.READ_FRAME_BUFFER from uid=10333 pid=9653
03-11 03:36:46.678   621   647 D libbinder.PermissionCache: checking android.permission.READ_FRAME_BUFFER for uid=10333 => denied (89 us)
03-11 03:36:46.698  8018  8018 D b/417220811: invalidateLoadedTasks - previous requestLoadId: -1
03-11 03:36:46.705  1676  2344 W libbinder.ServiceManagerCppClient: Permission failure: android.permission.ACCESS_SURFACE_FLINGER from uid=10333 pid=0
03-11 03:36:46.705  1676  2344 D libbinder.PermissionCache: checking android.permission.ACCESS_SURFACE_FLINGER for uid=10333 => denied (175 us)
03-11 03:36:46.705  1676  2344 W libbinder.ServiceManagerCppClient: Permission failure: android.permission.ROTATE_SURFACE_FLINGER from uid=10333 pid=0
03-11 03:36:46.705  1676  2344 D libbinder.PermissionCache: checking android.permission.ROTATE_SURFACE_FLINGER for uid=10333 => denied (48 us)
03-11 03:36:46.705  1676  2344 W libbinder.ServiceManagerCppClient: Permission failure: android.permission.INTERNAL_SYSTEM_WINDOW from uid=10333 pid=0
03-11 03:36:46.705  1676  2344 D libbinder.PermissionCache: checking android.permission.INTERNAL_SYSTEM_WINDOW for uid=10333 => denied (32 us)
03-11 03:36:46.705  1676  2344 W libbinder.ServiceManagerCppClient: Permission failure: android.permission.READ_FRAME_BUFFER from uid=10333 pid=0
03-11 03:36:46.705  1676  2344 D libbinder.PermissionCache: checking android.permission.READ_FRAME_BUFFER for uid=10333 => denied (27 us)
03-11 03:36:46.710  1676  1734 I ActivityTaskManager: Displayed ai.eliza.plugins.mobilesignals.test/ai.eliza.plugins.mobilesignals.MobileSignalsReaderShowcaseActivity for user 0: +133ms
03-11 03:36:46.717  7273  7273 I block_engine.manager: onEvent from com.android.systemui (false)
03-11 03:36:46.803   623   679 E hwc-display: [PrimaryDisplay] resetColorMappingInfoForClientComp:: resetColorMappingInfo() idx=3 error(-22)
03-11 03:36:46.803   623   679 E hwc-display: Fail to open file /data/vendor/log/hwc/PrimaryDisplay_hwc_error_log0.txt, error: Permission denied
03-11 03:36:46.803   623   679 E hwc-display: Fail to open file /data/log/PrimaryDisplay_hwc_error_log0.txt, error: No such file or directory
03-11 03:36:46.803   623   679 E hwc-display: Unable to open log file for PrimaryDisplay_hwc_error_log0.txt
03-11 03:36:46.803   623   679 E hwc-display: [PrimaryDisplay] resetColorMappingInfoForClientComp:: resetColorMappingInfo() idx=4 error(-22)
03-11 03:36:46.803   623   679 E hwc-display: Fail to open file /data/vendor/log/hwc/PrimaryDisplay_hwc_error_log0.txt, error: Permission denied
03-11 03:36:46.803   623   679 E hwc-display: Fail to open file /data/log/PrimaryDisplay_hwc_error_log0.txt, error: No such file or directory
03-11 03:36:46.803   623   679 E hwc-display: Unable to open log file for PrimaryDisplay_hwc_error_log0.txt
03-11 03:36:46.800   623   623 W HwBinder:623_2: type=1400 audit(0.0:10674): avc:  denied  { search } for  name="log" dev="dm-65" ino=236 scontext=u:r:hal_graphics_composer_default:s0 tcontext=u:object_r:vendor_log_file:s0 tclass=dir permissive=0
03-11 03:36:46.800   623   623 W HwBinder:623_2: type=1400 audit(0.0:10675): avc:  denied  { search } for  name="log" dev="dm-65" ino=236 scontext=u:r:hal_graphics_composer_default:s0 tcontext=u:object_r:vendor_log_file:s0 tclass=dir permissive=0
03-11 03:36:46.800   623   623 W HwBinder:623_2: type=1400 audit(0.0:10676): avc:  denied  { search } for  name="log" dev="dm-65" ino=236 scontext=u:r:hal_graphics_composer_default:s0 tcontext=u:object_r:vendor_log_file:s0 tclass=dir permissive=0
03-11 03:36:46.800   623   623 W HwBinder:623_2: type=1400 audit(0.0:10677): avc:  denied  { search } for  name="log" dev="dm-65" ino=236 scontext=u:r:hal_graphics_composer_default:s0 tcontext=u:object_r:vendor_log_file:s0 tclass=dir permissive=0
03-11 03:36:46.822  7273  7273 I block_engine.manager: onEvent from com.android.systemui (false)
03-11 03:36:46.872  9653  9661 I ilesignals.test: Compiler allocated 5038KB to compile void android.view.ViewRootImpl.performTraversals()
03-11 03:36:46.971  7273  7273 I block_engine.manager: onEvent from com.android.systemui (false)
03-11 03:36:46.976  9720  9720 W libbinder.BackendUnifiedServiceManager: Thread Pool max thread count is 0. Cannot cache binder as linkToDeath cannot be implemented. serviceName: DockObserver
03-11 03:36:46.976  9720  9720 E libbinder.Parcel: Reading a NULL string not supported here.
03-11 03:36:46.976  9720  9720 W libbinder.BackendUnifiedServiceManager: Thread Pool max thread count is 0. Cannot cache binder as linkToDeath cannot be implemented. serviceName: SurfaceFlinger
03-11 03:36:46.977  9720  9720 W libbinder.BackendUnifiedServiceManager: Thread Pool max thread count is 0. Cannot cache binder as linkToDeath cannot be implemented. serviceName: SurfaceFlingerAIDL
03-11 03:36:46.977  9720  9720 W libbinder.BackendUnifiedServiceManager: Thread Pool max thread count is 0. Cannot cache binder as linkToDeath cannot be implemented. serviceName: accessibility
03-11 03:36:46.978  9720  9720 W libbinder.BackendUnifiedServiceManager: Thread Pool max thread count is 0. Cannot cache binder as linkToDeath cannot be implemented. serviceName: account
03-11 03:36:46.978  9720  9720 W libbinder.BackendUnifiedServiceManager: Thread Pool max thread count is 0. Cannot cache binder as linkToDeath cannot be implemented. serviceName: activity
03-11 03:36:46.978  9720  9720 W libbinder.BackendUnifiedServiceManager: Thread Pool max thread count is 0. Cannot cache binder as linkToDeath cannot be implemented. serviceName: activity_task
03-11 03:36:46.978  9720  9720 W libbinder.BackendUnifiedServiceManager: Thread Pool max thread count is 0. Cannot cache binder as linkToDeath cannot be implemented. serviceName: adb
03-11 03:36:46.979  9720  9720 W libbinder.BackendUnifiedServiceManager: Thread Pool max thread count is 0. Cannot cache binder as linkToDeath cannot be implemented. serviceName: adservices_manager
03-11 03:36:46.979  9720  9720 W libbinder.BackendUnifiedServiceManager: Thread Pool max thread count is 0. Cannot cache binder as linkToDeath cannot be implemented. serviceName: advanced_protection
03-11 03:36:46.979  9720  9720 W libbinder.BackendUnifiedServiceManager: Thread Pool max thread count is 0. Cannot cache binder as linkToDeath cannot be implemented. serviceName: alarm
03-11 03:36:46.979  9720  9720 W libbinder.BackendUnifiedServiceManager: Thread Pool max thread count is 0. Cannot cache binder as linkToDeath cannot be implemented. serviceName: ambient_context
03-11 03:36:46.979  9720  9720 W libbinder.BackendUnifiedServiceManager: Thread Pool max thread count is 0. Cannot cache binder as linkToDeath cannot be implemented. serviceName: android.frameworks.cameraservice.service.ICameraService/default
03-11 03:36:46.980  9720  9720 W libbinder.BackendUnifiedServiceManager: Thread Pool max thread count is 0. Cannot cache binder as linkToDeath cannot be implemented. serviceName: android.frameworks.devicestate.IDeviceStateService/default
03-11 03:36:46.980  9720  9720 W libbinder.BackendUnifiedServiceManager: Thread Pool max thread count is 0. Cannot cache binder as linkToDeath cannot be implemented. serviceName: android.frameworks.location.altitude.IAltitudeService/default
03-11 03:36:46.981  9720  9720 W libbinder.BackendUnifiedServiceManager: Thread Pool max thread count is 0. Cannot cache binder as linkToDeath cannot be implemented. serviceName: android.frameworks.sensorservice.ISensorManager/default
03-11 03:36:46.983  9720  9720 W libbinder.BackendUnifiedServiceManager: Thread Pool max thread count is 0. Cannot cache binder as linkToDeath cannot be implemented. serviceName: android.frameworks.stats.IStats/default
03-11 03:36:46.980  9720  9720 W service : type=1400 audit(0.0:10678): avc:  denied  { call } for  scontext=u:r:shell:s0 tcontext=u:r:hal_authsecret_citadel:s0 tclass=binder permissive=0
03-11 03:36:46.984  9720  9720 W libbinder.BackendUnifiedServiceManager: Thread Pool max thread count is 0. Cannot cache binder as linkToDeath cannot be implemented. serviceName: android.frameworks.vibrator.IVibratorControlService/default
03-11 03:36:46.985  9720  9720 W libbinder.BackendUnifiedServiceManager: Thread Pool max thread count is 0. Cannot cache binder as linkToDeath cannot be implemented. serviceName: android.hardware.authsecret.IAuthSecret/default
03-11 03:36:46.985  9720  9720 E libbinder.IPCThreadState: Binder transaction failure. id: 8937490, cmd: BR_FAILED_REPLY (29201), error: -1 (Operation not permitted)
03-11 03:36:46.985  9720  9720 W libbinder.BackendUnifiedServiceManager: Thread Pool max thread count is 0. Cannot cache binder as linkToDeath cannot be implemented. serviceName: android.hardware.biometrics.fingerprint.IFingerprint/default
03-11 03:36:46.985  9720  9720 E libbinder.IPCThreadState: Binder transaction failure. id: 8937494, cmd: BR_FAILED_REPLY (29201), error: -1 (Operation not permitted)
03-11 03:36:46.986  9720  9720 W libbinder.BackendUnifiedServiceManager: Thread Pool max thread count is 0. Cannot cache binder as linkToDeath cannot be implemented. serviceName: android.hardware.bluetooth.IBluetoothHci/default
03-11 03:36:46.986  9720  9720 E libbinder.IPCThreadState: Binder transaction failure. id: 8937502, cmd: BR_FAILED_REPLY (29201), error: -1 (Operation not permitted)
03-11 03:36:46.988  9720  9720 W libbinder.BackendUnifiedServiceManager: Thread Pool max thread count is 0. Cannot cache binder as linkToDeath cannot be implemented. serviceName: android.hardware.bluetooth.audio.IBluetoothAudioProviderFactory/default
03-11 03:36:46.988  9720  9720 E libbinder.IPCThreadState: Binder transaction failure. id: 8937514, cmd: BR_FAILED_REPLY (29201), error: -1 (Operation not permitted)
03-11 03:36:46.989  9720  9720 W libbinder.BackendUnifiedServiceManager: Thread Pool max thread count is 0. Cannot cache binder as linkToDeath cannot be implemented. serviceName: android.hardware.bluetooth.finder.IBluetoothFinder/default
03-11 03:36:46.989  9720  9720 E libbinder.IPCThreadState: Binder transaction failure. id: 8937526, cmd: BR_FAILED_REPLY (29201), error: -1 (Operation not permitted)
03-11 03:36:46.989  9720  9720 W libbinder.BackendUnifiedServiceManager: Thread Pool max thread count is 0. Cannot cache binder as linkToDeath cannot be implemented. serviceName: android.hardware.bluetooth.ranging.IBluetoothChannelSounding/default
03-11 03:36:46.989  9720  9720 E libbinder.IPCThreadState: Binder transaction failure. id: 8937532, cmd: BR_FAILED_REPLY (29201), error: -1 (Operation not permitted)
03-11 03:36:46.989  9720  9720 W libbinder.BackendUnifiedServiceManager: Thread Pool max thread count is 0. Cannot cache binder as linkToDeath cannot be implemented. serviceName: android.hardware.boot.IBootControl/default
03-11 03:36:46.989  9720  9720 E libbinder.IPCThreadState: Binder transaction failure. id: 8937537, cmd: BR_FAILED_REPLY (29201), error: -1 (Operation not permitted)
03-11 03:36:46.990  9720  9720 W libbinder.BackendUnifiedServiceManager: Thread Pool max thread count is 0. Cannot cache binder as linkToDeath cannot be implemented. serviceName: android.hardware.camera.provider.ICameraProvider/internal/0
03-11 03:36:46.990  9720  9720 E libbinder.IPCThreadState: Binder transaction failure. id: 8937541, cmd: BR_FAILED_REPLY (29201), error: -1 (Operation not permitted)
03-11 03:36:46.992  9720  9720 W libbinder.BackendUnifiedServiceManager: Thread Pool max thread count is 0. Cannot cache binder as linkToDeath cannot be implemented. serviceName: android.hardware.contexthub.IContextHub/default
03-11 03:36:46.992  9720  9720 E libbinder.IPCThreadState: Binder transaction failure. id: 8937549, cmd: BR_FAILED_REPLY (29201), error: -1 (Operation not permitted)
03-11 03:36:46.993  9720  9720 W libbinder.BackendUnifiedServiceManager: Thread Pool max thread count is 0. Cannot cache binder as linkToDeath cannot be implemented. serviceName: android.hardware.drm.IDrmFactory/clearkey
03-11 03:36:46.993  9720  9720 W libbinder.BackendUnifiedServiceManager: Thread Pool max thread count is 0. Cannot cache binder as linkToDeath cannot be implemented. serviceName: android.hardware.drm.IDrmFactory/widevine
03-11 03:36:46.994  9720  9720 W libbinder.BackendUnifiedServiceManager: Thread Pool max thread count is 0. Cannot cache binder as linkToDeath cannot be implemented. serviceName: android.hardware.dumpstate.IDumpstateDevice/default
03-11 03:36:46.994  9720  9720 E libbinder.IPCThreadState: Binder transaction failure. id: 8937563, cmd: BR_FAILED_REPLY (29201), error: -1 (Operation not permitted)
03-11 03:36:46.994  9720  9720 W libbinder.BackendUnifiedServiceManager: Thread Pool max thread count is 0. Cannot cache binder as linkToDeath cannot be implemented. serviceName: android.hardware.gatekeeper.IGatekeeper/default
03-11 03:36:46.994  9720  9720 E libbinder.IPCThreadState: Binder transaction failure. id: 8937567, cmd: BR_FAILED_REPLY (29201), error: -1 (Operation not permitted)
03-11 03:36:46.994  9720  9720 W libbinder.BackendUnifiedServiceManager: Thread Pool max thread count is 0. Cannot cache binder as linkToDeath cannot be implemented. serviceName: android.hardware.gnss.IGnss/default
03-11 03:36:46.994  9720  9720 E libbinder.IPCThreadState: Binder transaction failure. id: 8937571, cmd: BR_FAILED_REPLY (29201), error: -1 (Operation not permitted)
03-11 03:36:46.994  9720  9720 W libbinder.BackendUnifiedServiceManager: Thread Pool max thread count is 0. Cannot cache binder as linkToDeath cannot be implemented. serviceName: android.hardware.graphics.allocator.IAllocator/default
03-11 03:36:46.995  9720  9720 W libbinder.BackendUnifiedServiceManager: Thread Pool max thread count is 0. Cannot cache binder as linkToDeath cannot be implemented. serviceName: android.hardware.health.IHealth/default
03-11 03:36:46.995  9720  9720 E libbinder.IPCThreadState: Binder transaction failure. id: 8937580, cmd: BR_FAILED_REPLY (29201), error: -1 (Operation not permitted)
03-11 03:36:46.995  9720  9720 W libbinder.BackendUnifiedServiceManager: Thread Pool max thread count is 0. Cannot cache binder as linkToDeath cannot be implemented. serviceName: android.hardware.input.processor.IInputProcessor/default
03-11 03:36:46.995  9720  9720 E libbinder.IPCThreadState: Binder transaction failure. id: 8937584, cmd: BR_FAILED_REPLY (29201), error: -1 (Operation not permitted)
03-11 03:36:46.995  9720  9720 W libbinder.BackendUnifiedServiceManager: Thread Pool max thread count is 0. Cannot cache binder as linkToDeath cannot be implemented. serviceName: android.hardware.media.c2.IComponentStore/default
03-11 03:36:46.995  9720  9720 W libbinder.BackendUnifiedServiceManager: Thread Pool max thread count is 0. Cannot cache binder as linkToDeath cannot be implemented. serviceName: android.hardware.media.c2.IComponentStore/default1
03-11 03:36:46.996  9720  9720 W libbinder.BackendUnifiedServiceManager: Thread Pool max thread count is 0. Cannot cache binder as linkToDeath cannot be implemented. serviceName: android.hardware.media.c2.IComponentStore/software
03-11 03:36:46.996  9720  9720 W libbinder.BackendUnifiedServiceManager: Thread Pool max thread count is 0. Cannot cache binder as linkToDeath cannot be implemented. serviceName: android.hardware.memtrack.IMemtrack/default
03-11 03:36:46.996  9720  9720 E libbinder.IPCThreadState: Binder transaction failure. id: 8937603, cmd: BR_FAILED_REPLY (29201), error: -1 (Operation not permitted)
03-11 03:36:46.996  9720  9720 W libbinder.BackendUnifiedServiceManager: Thread Pool max thread count is 0. Cannot cache binder as linkToDeath cannot be implemented. serviceName: android.hardware.neuralnetworks.IDevice/google-edgetpu
03-11 03:36:46.996  9720  9720 W libbinder.BackendUnifiedServiceManager: Thread Pool max thread count is 0. Cannot cache binder as linkToDeath cannot be implemented. serviceName: android.hardware.nfc.INfc/default
03-11 03:36:46.996  9720  9720 E libbinder.IPCThreadState: Binder transaction failure. id: 8937612, cmd: BR_FAILED_REPLY (29201), error: -1 (Operation not permitted)
03-11 03:36:46.997  9720  9720 W libbinder.BackendUnifiedServiceManager: Thread Pool max thread count is 0. Cannot cache binder as linkToDeath cannot be implemented. serviceName: android.hardware.oemlock.IOemLock/default
03-11 03:36:46.997  9720  9720 E libbinder.IPCThreadState: Binder transaction failure. id: 8937616, cmd: BR_FAILED_REPLY (29201), error: -1 (Operation not permitted)
03-11 03:36:46.997  9720  9720 W libbinder.BackendUnifiedServiceManager: Thread Pool max thread count is 0. Cannot cache binder as linkToDeath cannot be implemented. serviceName: android.hardware.power.IPower/default
03-11 03:36:46.997  9720  9720 E libbinder.IPCThreadState: Binder transaction failure. id: 8937620, cmd: BR_FAILED_REPLY (29201), error: -1 (Operation not permitted)
03-11 03:36:46.997  9720  9720 W libbinder.BackendUnifiedServiceManager: Thread Pool max thread count is 0. Cannot cache binder as linkToDeath cannot be implemented. serviceName: android.hardware.power.stats.IPowerStats/default
03-11 03:36:46.997  9720  9720 E libbinder.IPCThreadState: Binder transaction failure. id: 8937624, cmd: BR_FAILED_REPLY (29201), error: -1 (Operation not permitted)
03-11 03:36:46.998  9720  9720 W libbinder.BackendUnifiedServiceManager: Thread Pool max thread count is 0. Cannot cache binder as linkToDeath cannot be implemented. serviceName: android.hardware.security.keymint.IRemotelyProvisionedComponent/default
03-11 03:36:47.001  9720  9720 W libbinder.BackendUnifiedServiceManager: Thread Pool max thread count is 0. Cannot cache binder as linkToDeath cannot be implemented. serviceName: android.hardware.sensors.ISensors/default
03-11 03:36:47.001  9720  9720 E libbinder.IPCThreadState: Binder transaction failure. id: 8937650, cmd: BR_FAILED_REPLY (29201), error: -1 (Operation not permitted)
03-11 03:36:47.001  9720  9720 W libbinder.BackendUnifiedServiceManager: Thread Pool max thread count is 0. Cannot cache binder as linkToDeath cannot be implemented. serviceName: android.hardware.thermal.IThermal/default
03-11 03:36:47.001  9720  9720 E libbinder.IPCThreadState: Binder transaction failure. id: 8937654, cmd: BR_FAILED_REPLY (29201), error: -1 (Operation not permitted)
03-11 03:36:47.003  9720  9720 W libbinder.BackendUnifiedServiceManager: Thread Pool max thread count is 0. Cannot cache binder as linkToDeath cannot be implemented. serviceName: android.hardware.usb.IUsb/default
03-11 03:36:47.003  9720  9720 E libbinder.IPCThreadState: Binder transaction failure. id: 8937660, cmd: BR_FAILED_REPLY (29201), error: -1 (Operation not permitted)
03-11 03:36:47.004  9720  9720 W libbinder.BackendUnifiedServiceManager: Thread Pool max thread count is 0. Cannot cache binder as linkToDeath cannot be implemented. serviceName: android.hardware.usb.gadget.IUsbGadget/default
03-11 03:36:47.004  9720  9720 E libbinder.IPCThreadState: Binder transaction failure. id: 8937668, cmd: BR_FAILED_REPLY (29201), error: -1 (Operation not permitted)
03-11 03:36:47.005  9720  9720 W libbinder.BackendUnifiedServiceManager: Thread Pool max thread count is 0. Cannot cache binder as linkToDeath cannot be implemented. serviceName: android.hardware.vibrator.IVibrator/default
03-11 03:36:47.005  9720  9720 E libbinder.IPCThreadState: Binder transaction failure. id: 8937683, cmd: BR_FAILED_REPLY (29201), error: -1 (Operation not permitted)
03-11 03:36:47.006  9720  9720 W libbinder.BackendUnifiedServiceManager: Thread Pool max thread count is 0. Cannot cache binder as linkToDeath cannot be implemented. serviceName: android.hardware.weaver.IWeaver/default
03-11 03:36:47.006  9720  9720 E libbinder.IPCThreadState: Binder transaction failure. id: 8937695, cmd: BR_FAILED_REPLY (29201), error: -1 (Operation not permitted)
03-11 03:36:47.007  9720  9720 W libbinder.BackendUnifiedServiceManager: Thread Pool max thread count is 0. Cannot cache binder as linkToDeath cannot be implemented. serviceName: android.hardware.wifi.IWifi/default
03-11 03:36:47.007  9720  9720 E libbinder.IPCThreadState: Binder transaction failure. id: 8937702, cmd: BR_FAILED_REPLY (29201), error: -1 (Operation not permitted)
03-11 03:36:47.007  2086  2120 D WindowOnBackDispatcher: setTopOnBackInvokedCallback (unwrapped): null
03-11 03:36:47.007  9720  9720 W libbinder.BackendUnifiedServiceManager: Thread Pool max thread count is 0. Cannot cache binder as linkToDeath cannot be implemented. serviceName: android.hardware.wifi.supplicant.ISupplicant/default
03-11 03:36:47.007  9720  9720 E libbinder.IPCThreadState: Binder transaction failure. id: 8937709, cmd: BR_FAILED_REPLY (29201), error: -1 (Operation not permitted)
03-11 03:36:47.007  9720  9720 W libbinder.BackendUnifiedServiceManager: Thread Pool max thread count is 0. Cannot cache binder as linkToDeath cannot be implemented. serviceName: android.os.UpdateEngineService
03-11 03:36:47.007  9720  9720 E libbinder.IPCThreadState: Binder transaction failure. id: 8937715, cmd: BR_FAILED_REPLY (29201), error: -1 (Operation not permitted)
03-11 03:36:47.008  9720  9720 W libbinder.BackendUnifiedServiceManager: Thread Pool max thread count is 0. Cannot cache binder as linkToDeath cannot be implemented. serviceName: android.os.UpdateEngineStableService
03-11 03:36:47.008  9720  9720 E libbinder.IPCThreadState: Binder transaction failure. id: 8937722, cmd: BR_FAILED_REPLY (29201), error: -1 (Operation not permitted)
03-11 03:36:47.009  9720  9720 W libbinder.BackendUnifiedServiceManager: Thread Pool max thread count is 0. Cannot cache binder as linkToDeath cannot be implemented. serviceName: android.security.apc
03-11 03:36:47.009  9720  9720 W libbinder.BackendUnifiedServiceManager: Thread Pool max thread count is 0. Cannot cache binder as linkToDeath cannot be implemented. serviceName: android.security.authorization
03-11 03:36:47.009  9720  9720 W libbinder.BackendUnifiedServiceManager: Thread Pool max thread count is 0. Cannot cache binder as linkToDeath cannot be implemented. serviceName: android.security.identity
03-11 03:36:47.010  9720  9720 W libbinder.BackendUnifiedServiceManager: Thread Pool max thread count is 0. Cannot cache binder as linkToDeath cannot be implemented. serviceName: android.security.legacykeystore
03-11 03:36:47.010  9720  9720 W libbinder.BackendUnifiedServiceManager: Thread Pool max thread count is 0. Cannot cache binder as linkToDeath cannot be implemented. serviceName: android.security.maintenance
03-11 03:36:47.010  9720  9720 W libbinder.BackendUnifiedServiceManager: Thread Pool max thread count is 0. Cannot cache binder as linkToDeath cannot be implemented. serviceName: android.security.metrics
03-11 03:36:47.011  9720  9720 W libbinder.BackendUnifiedServiceManager: Thread Pool max thread count is 0. Cannot cache binder as linkToDeath cannot be implemented. serviceName: android.system.keystore2.IKeystoreService/default
03-11 03:36:47.011  9720  9720 W libbinder.BackendUnifiedServiceManager: Thread Pool max thread count is 0. Cannot cache binder as linkToDeath cannot be implemented. serviceName: android.system.net.netd.INetd/default
03-11 03:36:47.011  9720  9720 E libbinder.IPCThreadState: Binder transaction failure. id: 8937771, cmd: BR_FAILED_REPLY (29201), error: -1 (Operation not permitted)
03-11 03:36:47.012  9720  9720 W libbinder.BackendUnifiedServiceManager: Thread Pool max thread count is 0. Cannot cache binder as linkToDeath cannot be implemented. serviceName: android.system.suspend.ISystemSuspend/default
03-11 03:36:47.012  9720  9720 E libbinder.IPCThreadState: Binder transaction failure. id: 8937775, cmd: BR_FAILED_REPLY (29201), error: -1 (Operation not permitted)
03-11 03:36:47.012  9720  9720 W libbinder.BackendUnifiedServiceManager: Thread Pool max thread count is 0. Cannot cache binder as linkToDeath cannot be implemented. serviceName: android.system.vmtethering.IVmTethering
03-11 03:36:47.012  9720  9720 W libbinder.BackendUnifiedServiceManager: Thread Pool max thread count is 0. Cannot cache binder as linkToDeath cannot be implemented. serviceName: android.system.vold.IVold/default
03-11 03:36:47.012  9720  9720 E libbinder.IPCThreadState: Binder transaction failure. id: 8937784, cmd: BR_FAILED_REPLY (29201), error: -1 (Operation not permitted)
03-11 03:36:47.012  9720  9720 W libbinder.BackendUnifiedServiceManager: Thread Pool max thread count is 0. Cannot cache binder as linkToDeath cannot be implemented. serviceName: aocx.IAocx/default
03-11 03:36:47.012  9720  9720 E libbinder.IPCThreadState: Binder transaction failure. id: 8937788, cmd: BR_FAILED_REPLY (29201), error: -1 (Operation not permitted)
03-11 03:36:47.012  9720  9720 W libbinder.BackendUnifiedServiceManager: Thread Pool max thread count is 0. Cannot cache binder as linkToDeath cannot be implemented. serviceName: app_binding
03-11 03:36:47.013  9720  9720 E libbinder.Parcel: Reading a NULL string not supported here.
03-11 03:36:47.013  9720  9720 W libbinder.BackendUnifiedServiceManager: Thread Pool max thread count is 0. Cannot cache binder as linkToDeath cannot be implemented. serviceName: app_function
03-11 03:36:47.013  9720  9720 W libbinder.BackendUnifiedServiceManager: Thread Pool max thread count is 0. Cannot cache binder as linkToDeath cannot be implemented. serviceName: app_hibernation
03-11 03:36:47.013  9720  9720 W libbinder.BackendUnifiedServiceManager: Thread Pool max thread count is 0. Cannot cache binder as linkToDeath cannot be implemented. serviceName: app_integrity
03-11 03:36:47.013  9720  9720 W libbinder.BackendUnifiedServiceManager: Thread Pool max thread count is 0. Cannot cache binder as linkToDeath cannot be implemented. serviceName: app_prediction
03-11 03:36:47.013  9720  9720 W libbinder.BackendUnifiedServiceManager: Thread Pool max thread count is 0. Cannot cache binder as linkToDeath cannot be implemented. serviceName: app_search
03-11 03:36:47.013  9720  9720 W libbinder.BackendUnifiedServiceManager: Thread Pool max thread count is 0. Cannot cache binder as linkToDeath cannot be implemented. serviceName: appops
03-11 03:36:47.014  9720  9720 W libbinder.BackendUnifiedServiceManager: Thread Pool max thread count is 0. Cannot cache binder as linkToDeath cannot be implemented. serviceName: appwidget
03-11 03:36:47.014  9720  9720 E libbinder.IPCThreadState: Binder transaction failure. id: 8937832, cmd: BR_FAILED_REPLY (29201), error: -1 (Operation not permitted)
03-11 03:36:47.014  9720  9720 W libbinder.BackendUnifiedServiceManager: Thread Pool max thread count is 0. Cannot cache binder as linkToDeath cannot be implemented. serviceName: attention
03-11 03:36:47.014  9720  9720 E libbinder.Parcel: Reading a NULL string not supported here.
03-11 03:36:47.014  9720  9720 W libbinder.BackendUnifiedServiceManager: Thread Pool max thread count is 0. Cannot cache binder as linkToDeath cannot be implemented. serviceName: attestation_verification
03-11 03:36:47.014  9720  9720 W libbinder.BackendUnifiedServiceManager: Thread Pool max thread count is 0. Cannot cache binder as linkToDeath cannot be implemented. serviceName: audio
03-11 03:36:47.014  9720  9720 W libbinder.BackendUnifiedServiceManager: Thread Pool max thread count is 0. Cannot cache binder as linkToDeath cannot be implemented. serviceName: auth
03-11 03:36:47.015  9720  9720 W libbinder.BackendUnifiedServiceManager: Thread Pool max thread count is 0. Cannot cache binder as linkToDeath cannot be implemented. serviceName: authentication_policy
03-11 03:36:47.015  9720  9720 W libbinder.BackendUnifiedServiceManager: Thread Pool max thread count is 0. Cannot cache binder as linkToDeath cannot be implemented. serviceName: autofill
03-11 03:36:47.015  9720  9720 W libbinder.BackendUnifiedServiceManager: Thread Pool max thread count is 0. Cannot cache binder as linkToDeath cannot be implemented. serviceName: background_install_control
03-11 03:36:47.015  9720  9720 W libbinder.BackendUnifiedServiceManager: Thread Pool max thread count is 0. Cannot cache binder as linkToDeath cannot be implemented. serviceName: backup
03-11 03:36:47.015  9720  9720 W libbinder.BackendUnifiedServiceManager: Thread Pool max thread count is 0. Cannot cache binder as linkToDeath cannot be implemented. serviceName: battery
03-11 03:36:47.015  9720  9720 E libbinder.Parcel: Reading a NULL string not supported here.
03-11 03:36:47.015  9720  9720 W libbinder.BackendUnifiedServiceManager: Thread Pool max thread count is 0. Cannot cache binder as linkToDeath cannot be implemented. serviceName: batteryproperties
03-11 03:36:47.015  9720  9720 W libbinder.BackendUnifiedServiceManager: Thread Pool max thread count is 0. Cannot cache binder as linkToDeath cannot be implemented. serviceName: batterystats
03-11 03:36:47.016  9720  9720 W libbinder.BackendUnifiedServiceManager: Thread Pool max thread count is 0. Cannot cache binder as linkToDeath cannot be implemented. serviceName: binder_calls_stats
03-11 03:36:47.016  9720  9720 E libbinder.Parcel: Reading a NULL string not supported here.
03-11 03:36:47.016  9720  9720 W libbinder.BackendUnifiedServiceManager: Thread Pool max thread count is 0. Cannot cache binder as linkToDeath cannot be implemented. serviceName: binder_stats_consumer
03-11 03:36:47.016  9720  9720 W libbinder.BackendUnifiedServiceManager: Thread Pool max thread count is 0. Cannot cache binder as linkToDeath cannot be implemented. serviceName: biometric
03-11 03:36:47.016  9720  9720 W libbinder.BackendUnifiedServiceManager: Thread Pool max thread count is 0. Cannot cache binder as linkToDeath cannot be implemented. serviceName: blob_store
03-11 03:36:47.016  9720  9720 W libbinder.BackendUnifiedServiceManager: Thread Pool max thread count is 0. Cannot cache binder as linkToDeath cannot be implemented. serviceName: bluetooth_manager
03-11 03:36:47.016  9720  9720 W libbinder.BackendUnifiedServiceManager: Thread Pool max thread count is 0. Cannot cache binder as linkToDeath cannot be implemented. serviceName: bugreport
03-11 03:36:47.017  9720  9720 W libbinder.BackendUnifiedServiceManager: Thread Pool max thread count is 0. Cannot cache binder as linkToDeath cannot be implemented. serviceName: cacheinfo
03-11 03:36:47.017  9720  9720 E libbinder.Parcel: Reading a NULL string not supported here.
03-11 03:36:47.017  9720  9720 W libbinder.BackendUnifiedServiceManager: Thread Pool max thread count is 0. Cannot cache binder as linkToDeath cannot be implemented. serviceName: carrier_config
03-11 03:36:47.017  9720  9720 W libbinder.BackendUnifiedServiceManager: Thread Pool max thread count is 0. Cannot cache binder as linkToDeath cannot be implemented. serviceName: clipboard
03-11 03:36:47.017  9720  9720 W libbinder.BackendUnifiedServiceManager: Thread Pool max thread count is 0. Cannot cache binder as linkToDeath cannot be implemented. serviceName: color_display
03-11 03:36:47.018  9720  9720 W libbinder.BackendUnifiedServiceManager: Thread Pool max thread count is 0. Cannot cache binder as linkToDeath cannot be implemented. serviceName: com.google.edgetpu.IEdgeTpuAppService/default
03-11 03:36:47.018  9720  9720 W libbinder.BackendUnifiedServiceManager: Thread Pool max thread count is 0. Cannot cache binder as linkToDeath cannot be implemented. serviceName: com.google.hardware.pixel.display.IDisplay/default
03-11 03:36:47.018  9720  9720 E libbinder.IPCThreadState: Binder transaction failure. id: 8937953, cmd: BR_FAILED_REPLY (29201), error: -1 (Operation not permitted)
03-11 03:36:47.018  9720  9720 W libbinder.BackendUnifiedServiceManager: Thread Pool max thread count is 0. Cannot cache binder as linkToDeath cannot be implemented. serviceName: com.google.input.ITouchContextService/default
03-11 03:36:47.018  9720  9720 E libbinder.IPCThreadState: Binder transaction failure. id: 8937957, cmd: BR_FAILED_REPLY (29201), error: -1 (Operation not permitted)
03-11 03:36:47.018  9720  9720 W libbinder.BackendUnifiedServiceManager: Thread Pool max thread count is 0. Cannot cache binder as linkToDeath cannot be implemented. serviceName: com.google.input.ITwoshayFileDumpService/touchflow_default
03-11 03:36:47.018  9720  9720 E libbinder.IPCThreadState: Binder transaction failure. id: 8937961, cmd: BR_FAILED_REPLY (29201), error: -1 (Operation not permitted)
03-11 03:36:47.019  9720  9720 W libbinder.BackendUnifiedServiceManager: Thread Pool max thread count is 0. Cannot cache binder as linkToDeath cannot be implemented. serviceName: com.google.input.ITwoshayFileDumpService/twoshay
03-11 03:36:47.019  9720  9720 E libbinder.IPCThreadState: Binder transaction failure. id: 8937965, cmd: BR_FAILED_REPLY (29201), error: -1 (Operation not permitted)
03-11 03:36:47.019  9720  9720 W libbinder.BackendUnifiedServiceManager: Thread Pool max thread count is 0. Cannot cache binder as linkToDeath cannot be implemented. serviceName: com.google.pixel.camera.services.binder.IServiceBinder/default
03-11 03:36:47.023  9720  9720 W libbinder.BackendUnifiedServiceManager: Thread Pool max thread count is 0. Cannot cache binder as linkToDeath cannot be implemented. serviceName: com.google.pixel.camera.services.cameraidremapper.ICameraIdRemapper/default
03-11 03:36:47.023  9720  9720 W libbinder.BackendUnifiedServiceManager: Thread Pool max thread count is 0. Cannot cache binder as linkToDeath cannot be implemented. serviceName: com.google.pixel.camera.services.lyricconfigprovider.ILyricConfigProvider/default
03-11 03:36:47.024  9720  9720 W libbinder.BackendUnifiedServiceManager: Thread Pool max thread count is 0. Cannot cache binder as linkToDeath cannot be implemented. serviceName: com.google.pixel.shared_modem_platform.ISharedModemPlatform/default
03-11 03:36:47.024  9720  9720 E libbinder.IPCThreadState: Binder transaction failure. id: 8938012, cmd: BR_FAILED_REPLY (29201), error: -1 (Operation not permitted)
03-11 03:36:47.024  9720  9720 W libbinder.BackendUnifiedServiceManager: Thread Pool max thread count is 0. Cannot cache binder as linkToDeath cannot be implemented. serviceName: companiondevice
03-11 03:36:47.024  9720  9720 W libbinder.BackendUnifiedServiceManager: Thread Pool max thread count is 0. Cannot cache binder as linkToDeath cannot be implemented. serviceName: connectivity
03-11 03:36:47.024  9720  9720 W libbinder.BackendUnifiedServiceManager: Thread Pool max thread count is 0. Cannot cache binder as linkToDeath cannot be implemented. serviceName: connectivity_native
03-11 03:36:47.024  9720  9720 W libbinder.BackendUnifiedServiceManager: Thread Pool max thread count is 0. Cannot cache binder as linkToDeath cannot be implemented. serviceName: connmetrics
03-11 03:36:47.025  9720  9720 W libbinder.BackendUnifiedServiceManager: Thread Pool max thread count is 0. Cannot cache binder as linkToDeath cannot be implemented. serviceName: content
03-11 03:36:47.025  9720  9720 W libbinder.BackendUnifiedServiceManager: Thread Pool max thread count is 0. Cannot cache binder as linkToDeath cannot be implemented. serviceName: content_capture
03-11 03:36:47.025  9720  9720 W libbinder.BackendUnifiedServiceManager: Thread Pool max thread count is 0. Cannot cache binder as linkToDeath cannot be implemented. serviceName: content_suggestions
03-11 03:36:47.025  9720  9720 W libbinder.BackendUnifiedServiceManager: Thread Pool max thread count is 0. Cannot cache binder as linkToDeath cannot be implemented. serviceName: contexthub
03-11 03:36:47.025  9720  9720 W libbinder.BackendUnifiedServiceManager: Thread Pool max thread count is 0. Cannot cache binder as linkToDeath cannot be implemented. serviceName: contextual_search
03-11 03:36:47.025  9720  9720 W libbinder.BackendUnifiedServiceManager: Thread Pool max thread count is 0. Cannot cache binder as linkToDeath cannot be implemented. serviceName: country_detector
03-11 03:36:47.026  9720  9720 W libbinder.BackendUnifiedServiceManager: Thread Pool max thread count is 0. Cannot cache binder as linkToDeath cannot be implemented. serviceName: cpuinfo
03-11 03:36:47.026  9720  9720 E libbinder.Parcel: Reading a NULL string not supported here.
03-11 03:36:47.026  9720  9720 W libbinder.BackendUnifiedServiceManager: Thread Pool max thread count is 0. Cannot cache binder as linkToDeath cannot be implemented. serviceName: credential
03-11 03:36:47.026  9720  9720 W libbinder.BackendUnifiedServiceManager: Thread Pool max thread count is 0. Cannot cache binder as linkToDeath cannot be implemented. serviceName: crossprofileapps
03-11 03:36:47.026  9720  9720 W libbinder.BackendUnifiedServiceManager: Thread Pool max thread count is 0. Cannot cache binder as linkToDeath cannot be implemented. serviceName: dataloader_manager
03-11 03:36:47.026  9720  9720 W libbinder.BackendUnifiedServiceManager: Thread Pool max thread count is 0. Cannot cache binder as linkToDeath cannot be implemented. serviceName: dbinfo
03-11 03:36:47.026  9720  9720 E libbinder.Parcel: Reading a NULL string not supported here.
03-11 03:36:47.026  9720  9720 W libbinder.BackendUnifiedServiceManager: Thread Pool max thread count is 0. Cannot cache binder as linkToDeath cannot be implemented. serviceName: device_config
03-11 03:36:47.026  9720  9720 E libbinder.Parcel: Reading a NULL string not supported here.
03-11 03:36:47.026  9720  9720 W libbinder.BackendUnifiedServiceManager: Thread Pool max thread count is 0. Cannot cache binder as linkToDeath cannot be implemented. serviceName: device_identifiers
03-11 03:36:47.027  9720  9720 W libbinder.BackendUnifiedServiceManager: Thread Pool max thread count is 0. Cannot cache binder as linkToDeath cannot be implemented. serviceName: device_lock
03-11 03:36:47.027  9720  9720 W libbinder.BackendUnifiedServiceManager: Thread Pool max thread count is 0. Cannot cache binder as linkToDeath cannot be implemented. serviceName: device_policy
03-11 03:36:47.027  9720  9720 W libbinder.BackendUnifiedServiceManager: Thread Pool max thread count is 0. Cannot cache binder as linkToDeath cannot be implemented. serviceName: device_state
03-11 03:36:47.027  9720  9720 W libbinder.BackendUnifiedServiceManager: Thread Pool max thread count is 0. Cannot cache binder as linkToDeath cannot be implemented. serviceName: deviceidle
03-11 03:36:47.027  9720  9720 W libbinder.BackendUnifiedServiceManager: Thread Pool max thread count is 0. Cannot cache binder as linkToDeath cannot be implemented. serviceName: devicestoragemonitor
03-11 03:36:47.027  9720  9720 E libbinder.Parcel: Reading a NULL string not supported here.
03-11 03:36:47.027  9720  9720 W libbinder.BackendUnifiedServiceManager: Thread Pool max thread count is 0. Cannot cache binder as linkToDeath cannot be implemented. serviceName: diskstats
03-11 03:36:47.028  9720  9720 E libbinder.Parcel: Reading a NULL string not supported here.
03-11 03:36:47.028  9720  9720 W libbinder.BackendUnifiedServiceManager: Thread Pool max thread count is 0. Cannot cache binder as linkToDeath cannot be implemented. serviceName: display
03-11 03:36:47.028  9720  9720 W libbinder.BackendUnifiedServiceManager: Thread Pool max thread count is 0. Cannot cache binder as linkToDeath cannot be implemented. serviceName: domain_verification
03-11 03:36:47.028  9720  9720 W libbinder.BackendUnifiedServiceManager: Thread Pool max thread count is 0. Cannot cache binder as linkToDeath cannot be implemented. serviceName: dreams
03-11 03:36:47.028  9720  9720 W libbinder.BackendUnifiedServiceManager: Thread Pool max thread count is 0. Cannot cache binder as linkToDeath cannot be implemented. serviceName: drm.drmManager
03-11 03:36:47.028  9720  9720 W libbinder.BackendUnifiedServiceManager: Thread Pool max thread count is 0. Cannot cache binder as linkToDeath cannot be implemented. serviceName: dropbox
03-11 03:36:47.029  9720  9720 W libbinder.BackendUnifiedServiceManager: Thread Pool max thread count is 0. Cannot cache binder as linkToDeath cannot be implemented. serviceName: dynamic_instrumentation
03-11 03:36:47.029  9720  9720 W libbinder.BackendUnifiedServiceManager: Thread Pool max thread count is 0. Cannot cache binder as linkToDeath cannot be implemented. serviceName: dynamic_system
03-11 03:36:47.029  9720  9720 W libbinder.BackendUnifiedServiceManager: Thread Pool max thread count is 0. Cannot cache binder as linkToDeath cannot be implemented. serviceName: ecm_enhanced_confirmation
03-11 03:36:47.029  9720  9720 W libbinder.BackendUnifiedServiceManager: Thread Pool max thread count is 0. Cannot cache binder as linkToDeath cannot be implemented. serviceName: econtroller
03-11 03:36:47.029  9720  9720 W libbinder.BackendUnifiedServiceManager: Thread Pool max thread count is 0. Cannot cache binder as linkToDeath cannot be implemented. serviceName: emergency_affordance
03-11 03:36:47.029  9720  9720 E libbinder.Parcel: Reading a NULL string not supported here.
03-11 03:36:47.030  9720  9720 W libbinder.BackendUnifiedServiceManager: Thread Pool max thread count is 0. Cannot cache binder as linkToDeath cannot be implemented. serviceName: ethernet
03-11 03:36:47.030  9720  9720 W libbinder.BackendUnifiedServiceManager: Thread Pool max thread count is 0. Cannot cache binder as linkToDeath cannot be implemented. serviceName: euicc_card_controller
03-11 03:36:47.030  9720  9720 W libbinder.BackendUnifiedServiceManager: Thread Pool max thread count is 0. Cannot cache binder as linkToDeath cannot be implemented. serviceName: external_vibrator_service
03-11 03:36:47.030  9720  9720 W libbinder.BackendUnifiedServiceManager: Thread Pool max thread count is 0. Cannot cache binder as linkToDeath cannot be implemented. serviceName: feature_flags
03-11 03:36:47.030  9720  9720 W libbinder.BackendUnifiedServiceManager: Thread Pool max thread count is 0. Cannot cache binder as linkToDeath cannot be implemented. serviceName: file_integrity
03-11 03:36:47.030  9720  9720 W libbinder.BackendUnifiedServiceManager: Thread Pool max thread count is 0. Cannot cache binder as linkToDeath cannot be implemented. serviceName: fingerprint
03-11 03:36:47.031  9720  9720 W libbinder.BackendUnifiedServiceManager: Thread Pool max thread count is 0. Cannot cache binder as linkToDeath cannot be implemented. serviceName: font
03-11 03:36:47.031  9720  9720 W libbinder.BackendUnifiedServiceManager: Thread Pool max thread count is 0. Cannot cache binder as linkToDeath cannot be implemented. serviceName: game
03-11 03:36:47.031  9720  9720 W libbinder.BackendUnifiedServiceManager: Thread Pool max thread count is 0. Cannot cache binder as linkToDeath cannot be implemented. serviceName: gfxinfo
03-11 03:36:47.031  9720  9720 E libbinder.Parcel: Reading a NULL string not supported here.
03-11 03:36:47.031  9720  9720 W libbinder.BackendUnifiedServiceManager: Thread Pool max thread count is 0. Cannot cache binder as linkToDeath cannot be implemented. serviceName: gpu
