# adb logcat -d (tail) — device 53081JEBF11586 — 2026-06-29T00:18:04.973Z
--------- beginning of main
06-28 19:16:54.588 D/ReflectedParamUpdater(13418): ignored struct field coding.gop.values
06-28 19:16:54.591 D/CCodecConfig(13418): ignoring local param raw.color (0xc2001809) as it is already supported
06-28 19:16:54.592 I/CCodecConfig(13418): query failed after returning 21 values (BAD_INDEX)
06-28 19:16:54.592 D/CCodecConfig(13418): c2 config diff is Dict {
06-28 19:16:54.592 D/CCodecConfig(13418):   c2::u32 algo.bitrate-mode.value = 3
06-28 19:16:54.592 D/CCodecConfig(13418):   c2::u32 algo.encoding-quality-level.value = 0
06-28 19:16:54.592 D/CCodecConfig(13418):   c2::i32 algo.priority.value = 0
06-28 19:16:54.592 D/CCodecConfig(13418):   c2::float algo.rate.value = 0
06-28 19:16:54.592 D/CCodecConfig(13418):   c2::i32 coded.average-qp.value = 0
06-28 19:16:54.592 D/CCodecConfig(13418):   c2::u32 coded.bitrate-mode.value = 1
06-28 19:16:54.592 D/CCodecConfig(13418):   c2::u32 coded.bitrate.value = 64000
06-28 19:16:54.592 D/CCodecConfig(13418):   c2::float coded.frame-rate.value = 15
06-28 19:16:54.592 D/CCodecConfig(13418):   c2::u32 coded.hdr-format.value = 0
06-28 19:16:54.592 D/CCodecConfig(13418):   c2::u32 coded.picture-type.value = 0
06-28 19:16:54.592 D/CCodecConfig(13418):   c2::u32 coded.pl.level = 20480
06-28 19:16:54.592 D/CCodecConfig(13418):   c2::u32 coded.pl.profile = 20484
06-28 19:16:54.592 D/CCodecConfig(13418):   c2::u32 coding.intra-refresh.mode = 0
06-28 19:16:54.592 D/CCodecConfig(13418):   c2::float coding.intra-refresh.period = 0
06-28 19:16:54.592 D/CCodecConfig(13418):   c2::u32 coding.request-sync-frame.value = 0
06-28 19:16:54.592 D/CCodecConfig(13418):   c2::i64 coding.sync-frame-interval.value = 1000000
06-28 19:16:54.592 D/CCodecConfig(13418):   Buffer coding.temporal-layering = {
06-28 19:16:54.592 D/CCodecConfig(13418):     00000000:  10 00 00 00 07 20 01 52  00 00 00 00 00 00 00 00  ..... .R........
06-28 19:16:54.592 D/CCodecConfig(13418):   }
06-28 19:16:54.592 D/CCodecConfig(13418):   c2::u32 input.delay.value = 0
06-28 19:16:54.592 D/CCodecConfig(13418):   string input.media-type.value = "video/raw"
06-28 19:16:54.592 D/CCodecConfig(13418):   c2::u32 output.buffers.prepend-header.value = 0
06-28 19:16:54.592 D/CCodecConfig(13418):   string output.media-type.value = "video/avc"
06-28 19:16:54.592 D/CCodecConfig(13418):   c2::u32 raw.color.matrix = 0
06-28 19:16:54.592 D/CCodecConfig(13418):   c2::u32 raw.color.primaries = 0
06-28 19:16:54.592 D/CCodecConfig(13418):  
06-28 19:16:54.598 I/MediaCodec(13418): media_quality service unavailable, skipping updatePictureProfile
06-28 19:16:54.598 D/AOC     ( 1237): A3:MSG: tmd3733_device.cc, 4363: USF: TMD3733: R/C:0.49 2D->1CD d_lux:7.0 c_lux:6.8/-1.0 c_coeff:0.50/-1.00
06-28 19:16:54.598 D/AOC     ( 1237): A3:MSG: tmd3733_device.cc, 4366: USF: TMD3733:  w:0.02 C:17.24 d_leak:0.2 c_leak:0.0 lux:7.0 leak:0.2
06-28 19:16:54.613 D/CodecSeeding(13418): Seed: codec c2.exynos.h264.encoder, mediatype video/avc, overrideable 1
06-28 19:16:54.613 D/CodecProperties(13418): setTuningValue(vq-target-bpp,0)
06-28 19:16:54.613 D/CodecProperties(13418): setTuningValue(vq-target-bpp-1080p,1.90)
06-28 19:16:54.613 D/CodecProperties(13418): setTuningValue(vq-target-bpp-720p,2.25)
06-28 19:16:54.613 D/CodecProperties(13418): setTuningValue(vq-target-bpp-540p,2.65)
06-28 19:16:54.613 D/CodecProperties(13418): setTuningValue(vq-target-bpp-480p,3.00)
06-28 19:16:54.613 D/CodecProperties(13418): setTuningValue(vq-target-bpp-320x240,0)
06-28 19:16:54.613 D/CodecProperties(13418): setTuningValue(vq-target-qpmax,-1)
06-28 19:16:54.613 D/CodecProperties(13418): setTuningValue(vq-target-qpmax-1080p,45)
06-28 19:16:54.613 D/CodecProperties(13418): setTuningValue(vq-target-qpmax-720p,43)
06-28 19:16:54.613 D/CodecProperties(13418): setTuningValue(vq-target-qpmax-540p,42)
06-28 19:16:54.613 D/CodecProperties(13418): setTuningValue(vq-target-qpmax-480p,38)
06-28 19:16:54.613 D/CodecProperties(13418): setTuningValue(vq-bitrate-phaseout,1.75)
06-28 19:16:54.613 D/CodecProperties(13418): setTuningValue(vq-boost-missing-qp,0.20)
06-28 19:16:54.614 D/CodecProperties(13418): setFeatureValue(can-swap-width-height,1)
06-28 19:16:54.614 D/CodecProperties(13418): setFeatureValue(encoding-statistics,0)
06-28 19:16:54.614 D/CodecProperties(13418): setFeatureValue(qp-bounds,0)
06-28 19:16:54.614 D/CodecProperties(13418): setFeatureValue(vq-minimum-quality,0)
06-28 19:16:54.614 D/CodecProperties(13418): setFeatureValue(_vq_eligible.device,1)
06-28 19:16:54.614 D/CodecProperties(13418): setFeatureValue(_quality.target,1)
06-28 19:16:54.614 D/CodecSeeding(13418): Seed: codec c2.exynos.h264.encoder, mediatype video/avc, overrideable 0
06-28 19:16:54.614 D/VQApply (13418): minquality: 2424x1080 outside of shaping range
06-28 19:16:54.614 D/MediaCodec(13418): shapeMediaFormat: deltas(1): AMessage(what = 0x00000000) = {
06-28 19:16:54.614 D/MediaCodec(13418):     int32_t android._encoding-quality-level = 0
06-28 19:16:54.614 D/MediaCodec(13418):   }
06-28 19:16:54.614 I/NetworkScheduler.Stats( 2726): (REDACTED) Task %s/%s started execution. cause:%s exec_start_elapsed_seconds: %s
06-28 19:16:54.614 D/CCodec  (13418): [c2.exynos.h264.encoder] buffers are bound to CCodec for this session
06-28 19:16:54.615 D/CCodecConfig(13418): no c2 equivalents for color-format
06-28 19:16:54.615 D/CCodecConfig(13418): no c2 equivalents for max-bframes
06-28 19:16:54.615 D/CCodecConfig(13418): no c2 equivalents for flags
06-28 19:16:54.615 D/CCodecConfig(13418): no c2 equivalents for encoder
06-28 19:16:54.616 D/CCodecConfig(13418): c2 config diff is   c2::u32 coded.bitrate.value = 4000000
06-28 19:16:54.616 D/CCodecConfig(13418):   c2::float coded.frame-rate.value = 60
06-28 19:16:54.616 D/CCodecConfig(13418):   c2::i64 coding.sync-frame-interval.value = 2000000
06-28 19:16:54.616 D/CCodecConfig(13418):   c2::u32 raw.size.height = 1080
06-28 19:16:54.616 D/CCodecConfig(13418):   c2::u32 raw.size.width = 2424
06-28 19:16:54.617 D/CCodec  (13418): encoding statistics level = 0
06-28 19:16:54.617 D/CCodec  (13418): setup formats input: AMessage(what = 0x00000000) = {
06-28 19:16:54.617 D/CCodec  (13418):   int32_t android._color-format = 2130708361
06-28 19:16:54.617 D/CCodec  (13418):   int32_t android._dataspace = 0
06-28 19:16:54.617 D/CCodec  (13418):   int32_t bitrate-mode = 1
06-28 19:16:54.617 D/CCodec  (13418):   int32_t frame-rate = 60
06-28 19:16:54.617 D/CCodec  (13418):   int32_t height = 1080
06-28 19:16:54.617 D/CCodec  (13418):   int32_t intra-refresh-period = 0
06-28 19:16:54.617 D/CCodec  (13418):   string mime = "video/raw"
06-28 19:16:54.617 D/CCodec  (13418):   int32_t prepend-sps-pps-to-idr-frames = 0
06-28 19:16:54.617 D/CCodec  (13418):   int32_t priority = 0
06-28 19:16:54.617 D/CCodec  (13418):   int32_t video-qp-average = 0
06-28 19:16:54.617 D/CCodec  (13418):   int32_t width = 2424
06-28 19:16:54.617 D/CCodec  (13418):   Rect crop(0, 0, 2423, 1079)
06-28 19:16:54.617 D/CCodec  (13418):   int64_t android._C2MemoryUsage = 1125899906908160
06-28 19:16:54.617 D/CCodec  (13418):   int32_t color-format = 2130708361
06-28 19:16:54.617 D/CCodec  (13418): }
06-28 19:16:54.617 D/CCodec  (13418): setup formats output: AMessage(what = 0x00000000) = {
06-28 19:16:54.617 D/CCodec  (13418):   int32_t bitrate = 4000000
06-28 19:16:54.617 D/CCodec  (13418):   int32_t bitrate-mode = 1
06-28 19:16:54.617 D/CCodec  (13418):   Rect crop(0, 0, 2423, 1079)
06-28 19:16:54.617 D/CCodec  (13418):   int32_t width = 2424
06-28 19:16:54.617 D/CCodec  (13418):   int32_t color-standard = 0
06-28 19:16:54.617 D/CCodec  (13418):   int32_t color-range = 0
06-28 19:16:54.617 D/CCodec  (13418):   int32_t color-transfer = 0
06-28 19:16:54.617 D/CCodec  (13418):   int32_t frame-rate = 60
06-28 19:16:54.617 D/CCodec  (13418):   int32_t height = 1080
06-28 19:16:54.617 D/CCodec  (13418):   int32_t intra-refresh-period = 0
06-28 19:16:54.617 D/CCodec  (13418):   int32_t level = 1
06-28 19:16:54.617 D/CCodec  (13418):   int32_t max-bitrate = 4000000
06-28 19:16:54.617 D/CCodec  (13418):   string mime = "video/avc"
06-28 19:16:54.617 D/CCodec  (13418):   int32_t prepend-sps-pps-to-idr-frames = 0
06-28 19:16:54.617 D/CCodec  (13418):   int32_t priority = 0
06-28 19:16:54.617 D/CCodec  (13418):   int32_t profile = 8
06-28 19:16:54.617 D/CCodec  (13418):   int32_t video-qp-average = 0
06-28 19:16:54.617 D/CCodec  (13418): }
06-28 19:16:54.618 I/CCodecConfig(13418): query failed after returning 22 values (BAD_INDEX)
06-28 19:16:54.618 D/CCodecConfig(13418): c2 config diff is   c2::u32 coded.pl.level = 20495
06-28 19:16:54.618 E/screenrecord(13418): Failed to query component interface for required system resources: 6
06-28 19:16:54.619 D/CCodec  (13418): aidl based PersistentSurface created
06-28 19:16:54.619 D/CCodec  (13418): input format changed to AMessage(what = 0x00000000) = {
06-28 19:16:54.619 D/CCodec  (13418):   int32_t android._color-format = 2130708361
06-28 19:16:54.619 D/CCodec  (13418):   int32_t android._dataspace = 260
06-28 19:16:54.619 D/CCodec  (13418):   int32_t bitrate-mode = 1
06-28 19:16:54.619 D/CCodec  (13418):   int32_t frame-rate = 60
06-28 19:16:54.619 D/CCodec  (13418):   int32_t height = 1080
06-28 19:16:54.619 D/CCodec  (13418):   int32_t intra-refresh-period = 0
06-28 19:16:54.619 D/CCodec  (13418):   string mime = "video/raw"
06-28 19:16:54.619 D/CCodec  (13418):   int32_t prepend-sps-pps-to-idr-frames = 0
06-28 19:16:54.619 D/CCodec  (13418):   int32_t priority = 0
06-28 19:16:54.619 D/CCodec  (13418):   int32_t video-qp-average = 0
06-28 19:16:54.619 D/CCodec  (13418):   int32_t width = 2424
06-28 19:16:54.619 D/CCodec  (13418):   Rect crop(0, 0, 2423, 1079)
06-28 19:16:54.619 D/CCodec  (13418):   int64_t android._C2MemoryUsage = 1125899906908160
06-28 19:16:54.619 D/CCodec  (13418):   int32_t color-format = 2130708361
06-28 19:16:54.619 D/CCodec  (13418):   int32_t color-range = 2
06-28 19:16:54.619 D/CCodec  (13418):   int32_t color-standard = 1
06-28 19:16:54.619 D/CCodec  (13418):   int32_t color-transfer = 3
06-28 19:16:54.619 D/CCodec  (13418): }
06-28 19:16:54.620 D/GraphicBufferSource(13418): setting dataspace: 0x10c10000, acquired=0
06-28 19:16:54.620 D/CCodec  (13418): ISConfig not changed
06-28 19:16:54.622 I/ExynosC2H264EncComponent( 1019): [onStart] resource is obtained (2)
06-28 19:16:54.622 I/ExynosC2H264EncComponent( 1019): Creating ECOServiceStatsProvider c2.exynos.h264.encoder video/avc
06-28 19:16:54.622 I/ECOServiceStatsProvider( 1019): Connected to ecoservice
06-28 19:16:54.622 I/ECOService( 1019): ECOService::obtainSession w: 2424, h: 1080, isCameraRecording: 1
06-28 19:16:54.622 E/ECOSession( 1019): Failed to create ECOSession with w: 2424, h: 1080, isCameraRecording: 1
06-28 19:16:54.622 E/ECOService( 1019): ECOService failed to create ECOSession w: 2424, h: 1080, isCameraRecording: 1
06-28 19:16:54.622 E/ECOServiceStatsProvider( 1019): Failed to obtain an ECO session
06-28 19:16:54.622 E/ExynosC2H264EncComponent( 1019): Failed to create stats provider
06-28 19:16:54.623 D/libexynosv4l2( 1019): try node: /dev/video6
06-28 19:16:54.624 D/libexynosv4l2( 1019): try node: /dev/video7
06-28 19:16:54.624 I/libexynosv4l2( 1019): node found for device s5p-mfc-enc: /dev/video7
06-28 19:16:54.637 I/libexynosv4l2( 1019): open video device /dev/video7
06-28 19:16:54.646 D/CCodecBufferChannel(13418): [c2.exynos.h264.encoder#326] Created input block pool with allocatorID 17 => poolID 17 - OK (0)
06-28 19:16:54.647 D/C2Store (13418): debug.c2.use_dmabufheaps set, forcing DMABUF Heaps
06-28 19:16:54.647 D/C2Store (13418): Using DMABUF Heaps
06-28 19:16:54.650 I/CCodecBufferChannel(13418): [c2.exynos.h264.encoder#326] Created output block pool with allocatorID 16 => poolID 19 - OK
06-28 19:16:54.650 D/CCodecBufferChannel(13418): [c2.exynos.h264.encoder#326] Configured output block pool ids 19 => OK
06-28 19:16:54.651 W/ResourceManagerServiceUtils( 1187): Ignoring request to add new resource entry with value <= 0
06-28 19:16:54.652 I/NetworkScheduler.Stats( 2726): (REDACTED) Task %s/%s finished executing. cause:%s result: %s elapsed_millis: %s uptime_millis: %s exec_start_elapsed_seconds: %s
06-28 19:16:54.652 D/SurfaceFlinger(  502): Creating virtual display: ScreenRecorder
06-28 19:16:54.659 E/SurfaceFlinger(  502): [ScreenRecorder] getUniqueId: Invalid operation on virtual display
06-28 19:16:54.659 D/SurfaceFlinger(  502): processDisplayAdded: Optimizing thread scheduling: optimizeForPerformance
06-28 19:16:54.666 I/MediaProvider( 3139): Deleted 0 0 0 1 0 0 0 items on external_primary due to com.android.shell
06-28 19:16:54.668 I/NetworkScheduler.Stats( 2726): (REDACTED) Task %s/%s started execution. cause:%s exec_start_elapsed_seconds: %s
06-28 19:16:54.669 I/NetworkScheduler.Stats( 2726): (REDACTED) Task %s/%s finished executing. cause:%s result: %s elapsed_millis: %s uptime_millis: %s exec_start_elapsed_seconds: %s
06-28 19:16:54.673 W/MediaProvider( 3139): isAppCloneUserPair for user 0: false
06-28 19:16:54.677 D/MPEG4Writer(13418): PreAllocation enabled
06-28 19:16:54.685 D/WM-SystemJobScheduler( 3139): Scheduling work ID cd8b6a80-b9e2-48f5-9460-a56997b33fc7Job ID 194
06-28 19:16:54.685 D/GraphicBufferSource(13418): got buffer with new dataSpace 0x10c10000
06-28 19:16:54.685 D/C2NodeImpl(13418): dataspace changed to 0x10c10000 pixel format: 0x1
06-28 19:16:54.690 V/ExynosVideoOSAL( 1019): Codec_OSAL_SetControls: QP[0] range (5 / 50)
06-28 19:16:54.691 V/ExynosVideoOSAL( 1019): Codec_OSAL_SetControls: QP[1] range (5 / 50)
06-28 19:16:54.691 V/ExynosVideoOSAL( 1019): Codec_OSAL_SetControls: QP[2] range (5 / 50)
06-28 19:16:54.691 V/ExynosVideoOSAL( 1019): Codec_OSAL_SetControls: QP[0] range (5 / 50)
06-28 19:16:54.691 V/ExynosVideoOSAL( 1019): Codec_OSAL_SetControls: QP[1] range (5 / 50)
06-28 19:16:54.691 V/ExynosVideoOSAL( 1019): Codec_OSAL_SetControls: QP[2] range (5 / 50)
06-28 19:16:54.694 D/WM-GreedyScheduler( 3139): Ignoring {WorkSpec: eeaa221a-70bc-4bf1-8af5-fe9a04283d7e}. Requires device idle.
06-28 19:16:54.694 D/WM-GreedyScheduler( 3139): Ignoring {WorkSpec: b0724da5-2dd1-4d38-8b79-3d16dc525921}. Requires device idle.
06-28 19:16:54.694 D/WM-GreedyScheduler( 3139): Ignoring {WorkSpec: 949e6dc0-3da4-44df-8b49-b1f2a63daa4e}. Requires device idle.
06-28 19:16:54.700 I/ExynosC2H264EncComponent( 1019): [onUpdateC2Work] set CSD to configuration on output.
06-28 19:16:54.700 I/ExynosC2H264EncComponent( 1019): [onUpdateC2Work] got SYNC FRAME
06-28 19:16:54.701 W/screenrecord(13418): AIBinder_linkToDeath is being called with a non-null cookie and no onUnlink callback set. Use AIBinder_DeathRecipient_setOnUnlinked to manage the lifetime of the cookie. This will become an abort.
06-28 19:16:54.702 W/samsung.hardware.media.c2@1.2-service( 1019): AIBinder_linkToDeath is being called with a non-null cookie and no onUnlink callback set. Use AIBinder_DeathRecipient_setOnUnlinked to manage the lifetime of the cookie. This will become an abort.
06-28 19:16:54.703 D/CCodecConfig(13418): c2 config diff is   Buffer coded.init-data.value = {
06-28 19:16:54.703 D/CCodecConfig(13418):     00000000:  00 00 00 01 67 64 00 33  ac b4 01 30 04 4f 2c b3  ....gd.3...0.O,.
06-28 19:16:54.703 D/CCodecConfig(13418):     00000010:  50 10 10 10 78 a1 55 00  00 00 01 68 ee 0d 8b     P...x.U....h...
06-28 19:16:54.705 D/MPEG4Writer(13418): fpathconf _PC_FILESIZEBITS:64
06-28 19:16:54.705 D/MPEG4Writer(13418): File size limit set to 4503599627370495 bytes implicitly
06-28 19:16:54.705 D/MPEG4Writer(13418): MP4WtrCtrlHlpLooper Started
06-28 19:16:54.706 I/MPEG4Writer(13418): limits: 4503599627370495/0 bytes/us, bit rate: -1 bps and the estimated moov size 3192 bytes
06-28 19:16:54.711 I/MPEG4Writer(13418): setStartTimestampUs: 11162163613
06-28 19:16:54.711 I/MPEG4Writer(13418): Earliest track starting time: 11162163613
06-28 19:16:54.734 I/UriTaskContentObserver( 2726): (REDACTED) Throttling content uri change event for %s
06-28 19:16:54.740 I/NetworkScheduler.Stats( 2726): (REDACTED) Task %s/%s started execution. cause:%s exec_start_elapsed_seconds: %s
--------- beginning of system
06-28 19:16:54.755 D/BackgroundInstallControlService( 1551): Package event received: 0
06-28 19:16:54.756 D/BackgroundInstallControlService( 1551): Package event received: 0
06-28 19:16:54.757 D/BoundBrokerSvc( 3088): onBind: Intent { act=com.google.android.gms.dck.service.START dat=chimera-action:/... xflg=0x4 cmp=com.google.android.gms/.chimera.GmsApiService }
06-28 19:16:54.757 D/BoundBrokerSvc( 3088): Loading bound service for intent: Intent { act=com.google.android.gms.dck.service.START dat=chimera-action:/... xflg=0x4 cmp=com.google.android.gms/.chimera.GmsApiService }
06-28 19:16:54.785 I/Dck     ( 3088): (REDACTED) disableDckSupport: %s
06-28 19:16:54.786 E/Dck     ( 3088): Could not get ProviderInfo when resolving the content provider authority. [CONTEXT service_id=289 ]
06-28 19:16:54.786 I/Dck     ( 3088): Samsung Content Provider failed app verification [CONTEXT service_id=289 ]
06-28 19:16:54.788 I/Dck     ( 3088): [WirelessCapabilitiesFeatures] wccSysProp: 2 [CONTEXT service_id=289 ]
06-28 19:16:54.788 I/Dck     ( 3088): [WirelessCapabilitiesFeatures] wccOverride: not set [CONTEXT service_id=289 ]
06-28 19:16:54.788 I/Dck     ( 3088): (REDACTED) [WirelessCapabilitiesFeatures] returned wcc: %s
06-28 19:16:54.788 I/Dck     ( 3088): Dck module condition - isDckModuleEligible: true [CONTEXT service_id=289 ]
06-28 19:16:54.790 I/NetworkScheduler.Stats( 2726): (REDACTED) Task %s/%s started execution. cause:%s exec_start_elapsed_seconds: %s
06-28 19:16:54.805 D/WearableService( 2726): Creating wearable service asynchronously.
06-28 19:16:54.811 D/WearableService( 2726): onGetService: waiting for onCreate to be completed.
06-28 19:16:54.830 I/Wear_Controller( 2726): Wearable module requires a companion app to be installed.
06-28 19:16:54.830 I/WearableService( 2726): Wearable Services not starting. Wear is not available on this device: MISSING_COMPANION_APP
06-28 19:16:54.830 W/WearableService( 2726): onGetService: Wear is not available on this device. Calling package: com.google.android.gms
06-28 19:16:54.834 W/GoogleApiManager( 3088): Not showing notification since connectionResult is not user-facing: ksa{statusCode=API_UNAVAILABLE, resolution=null, message=null, clientMethodKey=null}
06-28 19:16:54.836 W/Dck     ( 3088): [WearManager] failed to list wearables [CONTEXT service_id=289 ]
06-28 19:16:54.836 W/Dck     ( 3088): java.util.concurrent.ExecutionException: m20.kuh: 17: API: Wearable.API is not available on this device. Connection failed with: ksa{statusCode=API_UNAVAILABLE, resolution=null, message=null, clientMethodKey=null}
06-28 19:16:54.836 W/Dck     ( 3088): 	at m20.adwr.f(:com.google.android.gms.optional_dck@262334041@26.23.34 (150400-0):28)
06-28 19:16:54.836 W/Dck     ( 3088): 	at m20.adwr.d(:com.google.android.gms.optional_dck@262334041@26.23.34 (150400-0):39)
06-28 19:16:54.836 W/Dck     ( 3088): 	at m20.ufr.b(:com.google.android.gms.optional_dck@262334041@26.23.34 (150400-0):13)
06-28 19:16:54.836 W/Dck     ( 3088): 	at m20.sdo.j(:com.google.android.gms.optional_dck@262334041@26.23.34 (150400-0):3)
06-28 19:16:54.836 W/Dck     ( 3088): 	at m20.sdo.i(:com.google.android.gms.optional_dck@262334041@26.23.34 (150400-0):2)
06-28 19:16:54.836 W/Dck     ( 3088): 	at m20.oed.j(:com.google.android.gms.optional_dck@262334041@26.23.34 (150400-0):99)
06-28 19:16:54.836 W/Dck     ( 3088): 	at m20.tpl.a(:com.google.android.gms.optional_dck@262334041@26.23.34 (150400-0):19)
06-28 19:16:54.836 W/Dck     ( 3088): 	at m20.toy.g(:com.google.android.gms.optional_dck@262334041@26.23.34 (150400-0):10)
06-28 19:16:54.836 W/Dck     ( 3088): 	at m20.acin.k(:com.google.android.gms.optional_dck@262334041@26.23.34 (150400-0):1)
06-28 19:16:54.836 W/Dck     ( 3088): 	at m20.aciv.run(:com.google.android.gms.optional_dck@262334041@26.23.34 (150400-0):88)
06-28 19:16:54.836 W/Dck     ( 3088): 	at m20.alkc.run(:com.google.android.gms.optional_dck@262334041@26.23.34 (150400-0):21)
06-28 19:16:54.836 W/Dck     ( 3088): 	at m20.lln.c(:com.google.android.gms.optional_dck@262334041@26.23.34 (150400-0):50)
06-28 19:16:54.836 W/Dck     ( 3088): 	at m20.lln.run(:com.google.android.gms.optional_dck@262334041@26.23.34 (150400-0):73)
06-28 19:16:54.836 W/Dck     ( 3088): 	at java.util.concurrent.ThreadPoolExecutor.runWorker(ThreadPoolExecutor.java:1100)
06-28 19:16:54.836 W/Dck     ( 3088): 	at java.util.concurrent.ThreadPoolExecutor$Worker.run(ThreadPoolExecutor.java:624)
06-28 19:16:54.836 W/Dck     ( 3088): 	at blpw.run(:com.google.android.gms@262334035@26.23.34 (260400-933906539):8)
06-28 19:16:54.836 W/Dck     ( 3088): 	at java.lang.Thread.run(Thread.java:1572)
06-28 19:16:54.836 W/Dck     ( 3088): Caused by: m20.kuh: 17: API: Wearable.API is not available on this device. Connection failed with: ksa{statusCode=API_UNAVAILABLE, resolution=null, message=null, clientMethodKey=null}
06-28 19:16:54.836 W/Dck     ( 3088): 	at m20.lbl.a(:com.google.android.gms.optional_dck@262334041@26.23.34 (150400-0):13)
06-28 19:16:54.836 W/Dck     ( 3088): 	at m20.leb.a(:com.google.android.gms.optional_dck@262334041@26.23.34 (150400-0):29)
06-28 19:16:54.836 W/Dck     ( 3088): 	at m20.kwl.run(:com.google.android.gms.optional_dck@262334041@26.23.34 (150400-0):7)
06-28 19:16:54.836 W/Dck     ( 3088): 	at m20.lkx.c(:com.google.android.gms.optional_dck@262334041@26.23.34 (150400-0):12)
06-28 19:16:54.836 W/Dck     ( 3088): 	at m20.kwn.a(:com.google.android.gms.optional_dck@262334041@26.23.34 (150400-0):12)
06-28 19:16:54.836 W/Dck     ( 3088): 	at com.google.android.gms.common.api.internal.BasePendingResult.p(:com.google.android.gms.optional_dck@262334041@26.23.34 (150400-0):72)
06-28 19:16:54.836 W/Dck     ( 3088): 	at com.google.android.gms.common.api.internal.BasePendingResult.n(:com.google.android.gms.optional_dck@262334041@26.23.34 (150400-0):35)
06-28 19:16:54.836 W/Dck     ( 3088): 	at m20.kwf.j(:com.google.android.gms.optional_dck@262334041@26.23.34 (150400-0):16)
06-28 19:16:54.836 W/Dck     ( 3088): 	at m20.kvu.e(:com.google.android.gms.optional_dck@262334041@26.23.34 (150400-0):3)
06-28 19:16:54.836 W/Dck     ( 3088): 	at m20.kxj.q(:com.google.android.gms.optional_dck@262334041@26.23.34 (150400-0):48)
06-28 19:16:54.836 W/Dck     ( 3088): 	at m20.kxj.d(:com.google.android.gms.optional_dck@262334041@26.23.34 (150400-0):10)
06-28 19:16:54.836 W/Dck     ( 3088): 	at m20.kxj.g(:com.google.android.gms.optional_dck@262334041@26.23.34 (150400-0):218)
06-28 19:16:54.836 W/Dck     ( 3088): 	at m20.kxj.onConnectionFailed(:com.google.android.gms.optional_dck@262334041@26.23.34 (150400-0):2)
06-28 19:16:54.836 W/Dck     ( 3088): 	at m20.lcv.a(:com.google.android.gms.optional_dck@262334041@26.23.34 (150400-0):3)
06-28 19:16:54.836 W/Dck     ( 3088): 	at m20.lbu.a(:com.google.android.gms.optional_dck@262334041@26.23.34 (150400-0):7)
06-28 19:16:54.836 W/Dck     ( 3088): 	at m20.lbn.c(:com.google.android.gms.optional_dck@262334041@26.23.34 (150400-0):77)
06-28 19:16:54.836 W/Dck     ( 3088): 	at m20.lbo.handleMessage(:com.google.android.gms.optional_dck@262334041@26.23.34 (150400-0):266)
06-28 19:16:54.836 W/Dck     ( 3088): 	at android.os.Handler.dispatchMessageImpl(Handler.java:142)
06-28 19:16:54.836 W/Dck     ( 3088): 	at android.os.Handler.dispatchMessage(Handler.java:125)
06-28 19:16:54.836 W/Dck     ( 3088): 	at m20.acmy.b(:com.google.android.gms.optional_dck@262334041@26.23.34 (150400-0):1)
06-28 19:16:54.836 W/Dck     ( 3088): 	at m20.acmy.dispatchMessage(:com.google.android.gms.optional_dck@262334041@26.23.34 (150400-0):139)
06-28 19:16:54.836 W/Dck     ( 3088): 	at android.os.Looper.loopOnce(Looper.java:269)
06-28 19:16:54.836 W/Dck     ( 3088): 	at android.os.Looper.loop(Looper.java:367)
06-28 19:16:54.836 W/Dck     ( 3088): 	at android.os.HandlerThread.run(HandlerThread.java:139)
06-28 19:16:54.836 I/Dck     ( 3088): (REDACTED) [AllWearableKeysGetter] getAllWearableKeys(%s)
06-28 19:16:54.838 I/Dck     ( 3088): (REDACTED) [AllWearableKeysGetter] transmitting results: %s
06-28 19:16:54.848 I/NetworkScheduler.Stats( 2726): (REDACTED) Task %s/%s finished executing. cause:%s result: %s elapsed_millis: %s uptime_millis: %s exec_start_elapsed_seconds: %s
06-28 19:16:54.892 I/NetworkScheduler.Stats( 2726): (REDACTED) Task %s/%s started execution. cause:%s exec_start_elapsed_seconds: %s
06-28 19:16:55.068 I/ForwardSyncCache( 4226): reclaimMemory: Clearing caches
06-28 19:16:55.070 I/BugleSpam( 4226): HadesBitmapStore: Purged 0 images during memory reclamation
06-28 19:16:55.078 I/BugleRestore( 4226): reclaimMemory: Clearing persistent caches
06-28 19:16:55.086 W/Bugle   ( 4226): TextClassifierLibManagerImpl: Reclaiming memory at level: 40
06-28 19:16:55.097 D/BoundBrokerSvc( 2726): onRebind: Intent { act=com.google.android.gms.auth.aang.events.services.START dat=chimera-action:/... xflg=0x4 cmp=com.google.android.gms/.chimera.PersistentApiService }
06-28 19:16:55.146 I/adbd    ( 1269): adbd service requested 'shell,v2,TERM=tmux-256color,raw:input keyevent KEYCODE_WAKEUP'
06-28 19:16:55.226 I/adbd    ( 1269): adbd service requested 'shell,v2,TERM=tmux-256color,raw:input swipe 540 1600 540 600 300'
06-28 19:16:55.276 W/InputDispatcher( 1551): Not sending touch gesture to 7341687 ActivityRecordInputSink ai.elizaos.app/.MainActivity because it has config NO_INPUT_CHANNEL
06-28 19:16:55.592 I/adbd    ( 1269): adbd service requested 'shell,v2,TERM=tmux-256color,raw:input swipe 540 600 540 1600 300'
06-28 19:16:55.601 D/AOC     ( 1237): A3:MSG: tmd3733_device.cc, 4363: USF: TMD3733: R/C:0.51 1CD->2D d_lux:7.5 c_lux:-1.0/-1.0 c_coeff:-1.00/-1.00
06-28 19:16:55.601 D/AOC     ( 1237): A3:MSG: tmd3733_device.cc, 4366: USF: TMD3733:  w:0.00 C:18.50 d_leak:0.2 c_leak:0.0 lux:7.5 leak:0.2
06-28 19:16:55.695 I/hwc-display(  505): Display Temperature : 30°C
06-28 19:16:55.775 I/pixel-thermal( 9753): soc_therm:34.31 raw data: soc_therm:34310 
06-28 19:16:55.775 I/pixel-thermal( 9753): north_therm:33.264 raw data: north_therm:33264 
06-28 19:16:55.776 I/pixel-thermal( 9753): battery:30.6 raw data: battery:30600 
06-28 19:16:55.776 I/pixel-thermal( 9753): rfpa_therm:33.776 raw data: rfpa_therm:33776 
06-28 19:16:55.777 I/pixel-thermal( 9753): quiet_therm:33.442 raw data: quiet_therm:33442 
06-28 19:16:55.777 I/pixel-thermal( 9753): Power rails total power: 909.61 mW for 60017 ms
06-28 19:16:55.777 I/pixel-thermal( 9753): Power rails [S6M_LLDO1: 58.24 mW] [S4M_VDD_CPUCL0: 159.35 mW] [S3M_VDD_CPUCL2: 8.40 mW] [S1M_VDD_MIF: 41.14 mW] [S5M_VDD_INT: 22.56 mW] [S9M_VDD_CPUCL1_M: 17.63 mW] 
06-28 19:16:55.777 I/pixel-thermal( 9753): Power rails [S2M_VDD_CPUCL1: 50.61 mW] [VSYS_PWR_CAMERA: 0.24 mW] [VSYS_PWR_DISPLAY: 148.73 mW] [L21S_VDD2L_MEM: 22.86 mW] [S8M_LLDO2: 53.45 mW] [S3S_LLDO1: 70.73 mW] 
06-28 19:16:55.777 I/pixel-thermal( 9753): Power rails [VSYS_PWR_RFFE: 0.15 mW] [VSYS_PWR_WLAN_BT: 72.37 mW] [VSYS_PWR_MODEM: 48.03 mW] [L2S_PLL_MIPI_UFS: 31.35 mW] [S4S_VDD2H_MEM: 33.31 mW] [S9S_VDD_AOC: 7.19 mW] 
06-28 19:16:55.777 I/pixel-thermal( 9753): Power rails [S2S_VDD_G3D: 32.86 mW] [S1S_VDD_CAM: 19.46 mW] [S7M_VDD_TPU: 0.00 mW] [L22S_UDFPS: 0.48 mW] [S12S_VDD_AUR: 5.51 mW] [S5S_VDDQ_MEM: 4.96 mW] 
06-28 19:16:55.777 I/pixel-thermal( 9753): CDEV log dc_icl state:0 gxp-cooling state:0 thermal-uclamp-4 state:0 thermal-cpufreq-2 state:0 thermal-cpufreq-0 state:0 tpu_cooling state:0 usbc-port state:0 thermal-uclamp-0 state:0 fcc state:0 thermal-cpufreq-1 state:0 thermal-gpufreq-0 state:0 thermal-uclamp-7 state:0 
06-28 19:16:55.979 I/Capacitor/Console( 4681): File:  - Line 349 - Msg: [object Object]
06-28 19:16:55.983 V/Capacitor/Plugin( 4681): To native (Capacitor plugin): callbackId: 87952111, pluginId: CapacitorHttp, methodName: request
06-28 19:16:55.983 V/Capacitor( 4681): callback: 87952111, pluginId: CapacitorHttp, methodName: request, methodData: {"url":"https:\/\/api.elizacloud.ai\/api\/v1\/eliza\/agents\/a18eae0f-a6d1-4e90-ba65-1a72a004cbd6\/api\/computer-use\/approvals","method":"GET","headers":{"authorization":"Bearer eliza_f8bb9701655f37cf72a50f4b9cf6a391a058d5db1352551285b495b2bd3ec344","content-type":"application\/json","x-elizaos-client-id":"ui-6acf9265-d33a-4260-9a28-28d12d79ce0e","x-elizaos-ui-language":"en"},"responseType":"text","disableRedirects":true,"connectTimeout":10000,"readTimeout":10000}
06-28 19:16:55.991 I/CapacitorCookies( 4681): Getting cookies at: 'https://api.elizacloud.ai/api/v1/eliza/agents/a18eae0f-a6d1-4e90-ba65-1a72a004cbd6/api/computer-use/approvals'
06-28 19:16:56.010 D/Capacitor( 4681): Handling local request: https://localhost/api/vision/capture-requests
06-28 19:16:56.097 I/Capacitor/Console( 4681): File:  - Line 333 - Msg: {"status":404,"headers":{"Access-Control-Allow-Headers":"Content-Type, Authorization, X-API-Key, X-App-Id, X-Request-ID, Cookie, X-Miniapp-Token, X-Anonymous-Session, X-Gateway-Secret, X-Wallet-Address, X-Timestamp, X-Wallet-Signature, X-Service-Key, Cache-Control, X-Agent-Client-Id, X-PAYMENT, X-PAYMENT-RESPONSE, X-PAYMENT-STATUS, X-Steward-Tenant, Idempotency-Key, X-Affiliate-Code, X-ElizaOS-Client-Id, X-Eliza-Client-Id, X-ElizaOS-UI-Language, X-Eliza-UI-Language","Access-Control-Allow-Methods":"GET, POST, OPTIONS","Access-Control-Allow-Origin":"*","Access-Control-Max-Age":"86400","alt-svc":"h3=\":443\"; ma=86400","Cache-Control":"no-store","CF-RAY":"a130beccde0fb7a0-EWR","Connection":"keep-alive","Content-Type":"application/json","Cross-Origin-Resource-Policy":"cross-origin","Date":"Mon, 29 Jun 2026 00:16:55 GMT","Nel":"{\"report_to\":\"cf-nel\",\"success_fraction\":0.0,\"max_age\":604800}","Origin-Agent-Cluster":"?1","Referrer-Policy":"strict-origin-when-cross-origin","Report-To":"{\"group\":\"cf-nel\",\"max_age\":604800,\"endpoints\":[{\"url\":\"https://a.nel.cloudflare.com/report/v4?s=5r2fCiP3PjnmjZtuqBaCVawkd5Q9AJoCPFkL3aJ1VTuaa84delZpqZht6ztyG%2By%2F2sWgd8LNKI%2B65LlY9Uli8YoXPZs0VQkuKHW96NEeoZRNg7Qb5kCExFSc6eYMlxUcHUWUBw%3D%3D\"}]}","Server":"cloudflare","Server-Timing":"cfEdge;dur=1,cfOrigin;dur=0,cfWorker;dur=22","Strict-Transport-Security":"max-age=63072000; includeSubDomains; preload","Transfer-Encoding":"chunked","X-Android-Received-Millis":"1782692216092","X-Android-Response-Source":"NETWORK 404","X-Android-Selected-Protocol":"http/1.1","X-Android-Sent-Millis":"1782692215993","X-Content-Type-Options":"nosniff","X-DNS-Prefetch-Control":"off","X-Download-Options":"noopen","X-Frame-Options":"DENY","X-Permitted-Cross-Domain-Policies":"none","x-request-id":"f6c4c2c0-7624-45c2-bdb5-3ff9cf4a9171","X-XSS-Protection":"0"},"url":"https://api.elizacloud.ai/api/v1/eliza/agents/a18eae0f-a6d1-4e90-ba65-1a72a004cbd6/api/computer-use/approvals","data":{"success":false,"error":"Not found","code":"resource_not_found"},"error":true}
06-28 19:16:56.178 D/WM-DelayedWorkTracker( 3139): Scheduling work cd8b6a80-b9e2-48f5-9460-a56997b33fc7
06-28 19:16:56.178 D/WM-GreedyScheduler( 3139): Starting tracking for cd8b6a80-b9e2-48f5-9460-a56997b33fc7
06-28 19:16:56.182 D/WM-ConstraintTracker( 3139): BatteryNotLowTracker: initial state = true
06-28 19:16:56.182 D/WM-BrdcstRcvrCnstrntTrc( 3139): BatteryNotLowTracker: registering receiver
06-28 19:16:56.184 D/WM-GreedyScheduler( 3139): Constraints met: Scheduling work ID WorkGenerationalId(workSpecId=cd8b6a80-b9e2-48f5-9460-a56997b33fc7, generation=0)
06-28 19:16:56.185 D/WM-Processor( 3139): Processor: processing WorkGenerationalId(workSpecId=cd8b6a80-b9e2-48f5-9460-a56997b33fc7, generation=0)
06-28 19:16:56.194 D/WM-WorkerWrapper( 3139): Starting work for com.android.providers.media.photopicker.sync.ProactiveSyncWorker
06-28 19:16:56.198 I/PSyncWorker( 3139): Starting proactive picker sync from sync source: 1
06-28 19:16:56.199 I/PickerSyncTracker( 3139): Created new sync future java.util.concurrent.CompletableFuture@28c8e28[Not completed, 1 dependents]. Future map: {cd8b6a80-b9e2-48f5-9460-a56997b33fc7=java.util.concurrent.CompletableFuture@28c8e28[Not completed, 1 dependents]}
06-28 19:16:56.200 D/BackgroundInstallControlService( 1551): Package event received: 0
06-28 19:16:56.201 D/WM-SystemJobService( 3139): onStartJob for WorkGenerationalId(workSpecId=cd8b6a80-b9e2-48f5-9460-a56997b33fc7, generation=0)
06-28 19:16:56.202 D/PickerSyncController( 3139): syncAllMediaFromProvider() LOCAL, auth=com.android.providers.media.photopicker, retry=true
06-28 19:16:56.202 D/PickerSyncController( 3139): getSyncRequestParams() LOCAL, auth=com.android.providers.media.photopicker
06-28 19:16:56.204 D/WM-Processor( 3139): Work WorkGenerationalId(workSpecId=cd8b6a80-b9e2-48f5-9460-a56997b33fc7, generation=0) is already enqueued for processing
06-28 19:16:56.205 D/PickerSyncController( 3139):    Latest ID/Gen=9020a0649b106503:external_primary/521
06-28 19:16:56.205 D/PickerSyncController( 3139):    Cached ID/Gen=9020a0649b106503:external_primary/508
06-28 19:16:56.205 D/PickerSyncController( 3139):    RESULT=SyncRequestParams{type=MEDIA_INCREMENTAL, gen=508, latest=Bundle[{last_media_sync_generation=521, media_collection_id=9020a0649b106503:external_primary}], pageSize=1000}
06-28 19:16:56.205 I/PickerSyncController( 3139): Executing SyncAdd. isLocal: true. authority: com.android.providers.media.photopicker
06-28 19:16:56.205 D/PickerSyncLockManager( 3139): Trying to acquire lock com.android.providers.media.photopicker.sync.CloseableReentrantLock@690081f[Unlocked]. Lock Name = CLOUD_PROVIDER_LOCK. Threads that may be waiting to acquire this lock = [] with timeout.
06-28 19:16:56.205 D/CloseableReentrantLock( 3139): Successfully acquired lock com.android.providers.media.photopicker.sync.CloseableReentrantLock@690081f[Locked by thread pool-4-thread-7]. Lock Name = CLOUD_PROVIDER_LOCK. Threads that may be waiting to acquire this lock = []
06-28 19:16:56.205 D/CloseableReentrantLock( 3139): Successfully released lock com.android.providers.media.photopicker.sync.CloseableReentrantLock@690081f[Unlocked]. Lock Name = CLOUD_PROVIDER_LOCK. Threads that may be waiting to acquire this lock = []
06-28 19:16:56.206 D/ExternalDbFacade( 3139): Token received for queryMedia = null
06-28 19:16:56.209 D/PickerSyncLockManager( 3139): Trying to acquire lock com.android.providers.media.photopicker.sync.CloseableReentrantLock@690081f[Unlocked]. Lock Name = CLOUD_PROVIDER_LOCK. Threads that may be waiting to acquire this lock = [] with timeout.
06-28 19:16:56.209 D/CloseableReentrantLock( 3139): Successfully acquired lock com.android.providers.media.photopicker.sync.CloseableReentrantLock@690081f[Locked by thread pool-4-thread-7]. Lock Name = CLOUD_PROVIDER_LOCK. Threads that may be waiting to acquire this lock = []
06-28 19:16:56.209 D/PickerSyncController( 3139): Clearing next page token for key: local_provider:media_add:resume
06-28 19:16:56.209 D/CloseableReentrantLock( 3139): Successfully released lock com.android.providers.media.photopicker.sync.CloseableReentrantLock@690081f[Unlocked]. Lock Name = CLOUD_PROVIDER_LOCK. Threads that may be waiting to acquire this lock = []
06-28 19:16:56.209 D/PickerNotificationSender( 3139): Sending a notification for media update
06-28 19:16:56.211 D/PickerNotificationSender( 3139): Sending a notification for merged album media update Favorites
06-28 19:16:56.211 D/PickerNotificationSender( 3139): Sending a notification for album media update Favorites
06-28 19:16:56.212 D/PickerNotificationSender( 3139): Sending a notification for merged album media update Videos
06-28 19:16:56.212 D/PickerNotificationSender( 3139): Sending a notification for album media update Videos
06-28 19:16:56.212 I/PickerSyncController( 3139): Paged sync successful. QueryArgs: Bundle[{android.provider.extra.SYNC_GENERATION=508, android.provider.extra.PAGE_SIZE=1000}] Total Rows: 0
06-28 19:16:56.213 I/PickerSyncController( 3139): Executing SyncRemove. isLocal: true. authority: com.android.providers.media.photopicker
06-28 19:16:56.213 D/PickerSyncLockManager( 3139): Trying to acquire lock com.android.providers.media.photopicker.sync.CloseableReentrantLock@690081f[Unlocked]. Lock Name = CLOUD_PROVIDER_LOCK. Threads that may be waiting to acquire this lock = [] with timeout.
06-28 19:16:56.213 D/CloseableReentrantLock( 3139): Successfully acquired lock com.android.providers.media.photopicker.sync.CloseableReentrantLock@690081f[Locked by thread pool-4-thread-7]. Lock Name = CLOUD_PROVIDER_LOCK. Threads that may be waiting to acquire this lock = []
06-28 19:16:56.213 D/CloseableReentrantLock( 3139): Successfully released lock com.android.providers.media.photopicker.sync.CloseableReentrantLock@690081f[Unlocked]. Lock Name = CLOUD_PROVIDER_LOCK. Threads that may be waiting to acquire this lock = []
06-28 19:16:56.214 E/PickerDbFacade( 3139): Could not get first date taken millis for media id: 66
06-28 19:16:56.214 W/PickerDbFacade( 3139): Unable to promote cloud media with localId: 66
06-28 19:16:56.215 D/PickerSyncLockManager( 3139): Trying to acquire lock com.android.providers.media.photopicker.sync.CloseableReentrantLock@690081f[Unlocked]. Lock Name = CLOUD_PROVIDER_LOCK. Threads that may be waiting to acquire this lock = [] with timeout.
06-28 19:16:56.215 D/CloseableReentrantLock( 3139): Successfully acquired lock com.android.providers.media.photopicker.sync.CloseableReentrantLock@690081f[Locked by thread pool-4-thread-7]. Lock Name = CLOUD_PROVIDER_LOCK. Threads that may be waiting to acquire this lock = []
06-28 19:16:56.215 D/PickerSyncController( 3139): Clearing next page token for key: local_provider:media_remove:resume
06-28 19:16:56.215 D/CloseableReentrantLock( 3139): Successfully released lock com.android.providers.media.photopicker.sync.CloseableReentrantLock@690081f[Unlocked]. Lock Name = CLOUD_PROVIDER_LOCK. Threads that may be waiting to acquire this lock = []
06-28 19:16:56.215 D/PickerNotificationSender( 3139): Sending a notification for media update
06-28 19:16:56.216 D/PickerNotificationSender( 3139): Sending a notification for merged album media update Favorites
06-28 19:16:56.216 D/PickerNotificationSender( 3139): Sending a notification for album media update Favorites
06-28 19:16:56.216 D/PickerNotificationSender( 3139): Sending a notification for merged album media update Videos
06-28 19:16:56.216 D/PickerNotificationSender( 3139): Sending a notification for album media update Videos
06-28 19:16:56.217 I/PickerSyncController( 3139): Paged sync successful. QueryArgs: Bundle[{android.provider.extra.SYNC_GENERATION=508, android.provider.extra.PAGE_SIZE=1000}] Total Rows: 0
06-28 19:16:56.217 I/PickerSyncTracker( 3139): Marked sync future complete for work id: cd8b6a80-b9e2-48f5-9460-a56997b33fc7. Future map: {}
06-28 19:16:56.218 I/PSyncWorker( 3139): Completed picker proactive sync complete from local provider.
06-28 19:16:56.219 I/WM-WorkerWrapper( 3139): Worker result SUCCESS for Work [ id=cd8b6a80-b9e2-48f5-9460-a56997b33fc7, tags={ com.android.providers.media.photopicker.sync.ProactiveSyncWorker } ]
06-28 19:16:56.224 D/WM-Processor( 3139): Processor cd8b6a80-b9e2-48f5-9460-a56997b33fc7 executed; reschedule = false
06-28 19:16:56.224 D/WM-GreedyScheduler( 3139): Stopping tracking for WorkGenerationalId(workSpecId=cd8b6a80-b9e2-48f5-9460-a56997b33fc7, generation=0)
06-28 19:16:56.224 D/WM-SystemJobService( 3139): cd8b6a80-b9e2-48f5-9460-a56997b33fc7 executed on JobScheduler
06-28 19:16:56.228 D/WM-GreedyScheduler( 3139): Cancelling work ID cd8b6a80-b9e2-48f5-9460-a56997b33fc7
06-28 19:16:56.230 D/WM-GreedyScheduler( 3139): Ignoring {WorkSpec: eeaa221a-70bc-4bf1-8af5-fe9a04283d7e}. Requires device idle.
06-28 19:16:56.230 D/WM-GreedyScheduler( 3139): Ignoring {WorkSpec: b0724da5-2dd1-4d38-8b79-3d16dc525921}. Requires device idle.
06-28 19:16:56.230 D/WM-GreedyScheduler( 3139): Ignoring {WorkSpec: 949e6dc0-3da4-44df-8b49-b1f2a63daa4e}. Requires device idle.
06-28 19:16:56.231 D/WM-BrdcstRcvrCnstrntTrc( 3139): BatteryNotLowTracker: unregistering receiver
06-28 19:16:56.543 I/NetworkScheduler.Stats( 2726): (REDACTED) Task %s/%s finished executing. cause:%s result: %s elapsed_millis: %s uptime_millis: %s exec_start_elapsed_seconds: %s
06-28 19:16:56.592 D/BoundBrokerSvc( 2726): onRebind: Intent { act=com.google.android.contextmanager.service.ContextManagerLogsUploadBoundService.ACTION_TASK_READY dat=chimera-action:/... xflg=0x4 cmp=com.google.android.gms/.chimera.PersistentInternalBoundBrokerService }
06-28 19:16:56.596 I/WifiHAL ( 1045): Creating message to get link statistics; iface = 47
06-28 19:16:56.599 I/NetworkScheduler.Stats( 2726): (REDACTED) Task %s/%s started execution. cause:%s exec_start_elapsed_seconds: %s
06-28 19:16:56.600 D/AOC     ( 1237): A3:MSG: tmd3733_device.cc, 4363: USF: TMD3733: R/C:0.49 2D->1CD d_lux:7.6 c_lux:7.6/-1.0 c_coeff:0.50/-1.00
06-28 19:16:56.601 D/AOC     ( 1237): A3:MSG: tmd3733_device.cc, 4366: USF: TMD3733:  w:0.03 C:19.24 d_leak:0.2 c_leak:0.0 lux:7.6 leak:0.2
06-28 19:16:56.605 I/NetworkScheduler.Stats( 2726): (REDACTED) Task %s/%s finished executing. cause:%s result: %s elapsed_millis: %s uptime_millis: %s exec_start_elapsed_seconds: %s
06-28 19:16:56.619 D/BoundBrokerSvc( 2726): onUnbind: Intent { act=com.google.android.contextmanager.service.ContextManagerLogsUploadBoundService.ACTION_TASK_READY dat=chimera-action:/... xflg=0x4 cmp=com.google.android.gms/.chimera.PersistentInternalBoundBrokerService }
06-28 19:16:56.632 I/Capacitor/Console( 4681): File:  - Line 349 - Msg: [object Object]
06-28 19:16:56.633 V/Capacitor/Plugin( 4681): To native (Capacitor plugin): callbackId: 87952112, pluginId: CapacitorHttp, methodName: request
06-28 19:16:56.634 V/Capacitor( 4681): callback: 87952112, pluginId: CapacitorHttp, methodName: request, methodData: {"url":"https:\/\/api.elizacloud.ai\/api\/v1\/eliza\/agents\/a18eae0f-a6d1-4e90-ba65-1a72a004cbd6\/api\/apps\/runs","method":"GET","headers":{"authorization":"Bearer eliza_f8bb9701655f37cf72a50f4b9cf6a391a058d5db1352551285b495b2bd3ec344","content-type":"application\/json","x-elizaos-client-id":"ui-6acf9265-d33a-4260-9a28-28d12d79ce0e","x-elizaos-ui-language":"en"},"responseType":"text","disableRedirects":true,"connectTimeout":10000,"readTimeout":10000}
06-28 19:16:56.636 I/NetworkScheduler.Stats( 2726): (REDACTED) Task %s/%s finished executing. cause:%s result: %s elapsed_millis: %s uptime_millis: %s exec_start_elapsed_seconds: %s
06-28 19:16:56.638 I/CapacitorCookies( 4681): Getting cookies at: 'https://api.elizacloud.ai/api/v1/eliza/agents/a18eae0f-a6d1-4e90-ba65-1a72a004cbd6/api/apps/runs'
06-28 19:16:56.638 I/WifiHAL ( 1045): Getting cached scan results, iface handle = 0xb400007c8f2368d0
06-28 19:16:56.638 E/WifiHAL ( 1045): Creating message to get cached scan results
06-28 19:16:56.641 I/WifiHAL ( 1045): In GetCachedScanResultsCommand::handleResponse
06-28 19:16:56.659 D/WifiHAL ( 1045): Start debug command: mType GET_FEATURE
06-28 19:16:56.659 I/WifiHAL ( 1045): CreateRequest mType = GET_FEATURE
06-28 19:16:56.660 D/WifiHAL ( 1045): In DebugCommand::handleResponse, mType:GET_FEATURE
06-28 19:16:56.660 D/WifiHAL ( 1045): len = 4, expected len = 4
06-28 19:16:56.661 I/HalDevMgr( 1551): bestIfaceCreationProposal is null, requestIface=STA, existingIface=[name=wlan0 type=STA]
06-28 19:16:56.663 D/BoundBrokerSvc( 2726): onRebind: Intent { act=com.google.android.gms.findmydevice.spot.locationreporting.LocationReportUploadGmsTaskService.ACTION_TASK_READY dat=chimera-action:/... xflg=0x4 cmp=com.google.android.gms/.chimera.PersistentInternalBoundBrokerService }
06-28 19:16:56.675 I/NetworkScheduler.Stats( 2726): (REDACTED) Task %s/%s started execution. cause:%s exec_start_elapsed_seconds: %s
06-28 19:16:56.682 I/ExynosC2H264EncComponent( 1019): [onUpdateC2Work] got SYNC FRAME
06-28 19:16:56.682 D/BoundBrokerSvc( 2726): onUnbind: Intent { act=com.google.android.gms.findmydevice.spot.locationreporting.LocationReportUploadGmsTaskService.ACTION_TASK_READY dat=chimera-action:/... xflg=0x4 cmp=com.google.android.gms/.chimera.PersistentInternalBoundBrokerService }
06-28 19:16:56.682 I/NetworkScheduler.ATC( 2726): (REDACTED) Called cancelTask for already completed task %s :%d
06-28 19:16:56.683 I/NetworkScheduler.Stats( 2726): (REDACTED) Task %s/%s finished executing. cause:%s result: %s elapsed_millis: %s uptime_millis: %s exec_start_elapsed_seconds: %s
06-28 19:16:56.685 I/GmsCoreXrpcWrapper( 2726): (REDACTED) Creating a custom channel provider with trafficStatsTag=%d trafficStatsUid=%d
06-28 19:16:56.686 D/BoundBrokerSvc( 3088): onRebind: Intent { act=com.google.android.gms.onboardingconsent.api.ConsentManagerApiService.START dat=chimera-action:/... xflg=0x4 cmp=com.google.android.gms/.chimera.GmsApiService }
06-28 19:16:56.691 I/ConsentManagerApiServic( 3088): (REDACTED) ConsentManagerApiService onGetService success %s
06-28 19:16:56.696 I/LocationReportUplIntOp( 2726): Uploading owner sightings. [CONTEXT service_id=284 ratelimit_period="5 MINUTES" ]
06-28 19:16:56.696 I/GmsCoreXrpcWrapper( 2726): (REDACTED) Returning a channel provider with trafficStatsTag=%d trafficStatsUid=%d
06-28 19:16:56.696 I/Capacitor/Console( 4681): File:  - Line 333 - Msg: {"status":404,"headers":{"Access-Control-Allow-Headers":"Content-Type, Authorization, X-API-Key, X-App-Id, X-Request-ID, Cookie, X-Miniapp-Token, X-Anonymous-Session, X-Gateway-Secret, X-Wallet-Address, X-Timestamp, X-Wallet-Signature, X-Service-Key, Cache-Control, X-Agent-Client-Id, X-PAYMENT, X-PAYMENT-RESPONSE, X-PAYMENT-STATUS, X-Steward-Tenant, Idempotency-Key, X-Affiliate-Code, X-ElizaOS-Client-Id, X-Eliza-Client-Id, X-ElizaOS-UI-Language, X-Eliza-UI-Language","Access-Control-Allow-Methods":"GET, POST, OPTIONS","Access-Control-Allow-Origin":"*","Access-Control-Max-Age":"86400","alt-svc":"h3=\":443\"; ma=86400","Cache-Control":"no-store","CF-RAY":"a130bed08fd2b7a0-EWR","Connection":"keep-alive","Content-Type":"application/json","Cross-Origin-Resource-Policy":"cross-origin","Date":"Mon, 29 Jun 2026 00:16:56 GMT","Nel":"{\"report_to\":\"cf-nel\",\"success_fraction\":0.0,\"max_age\":604800}","Origin-Agent-Cluster":"?1","Referrer-Policy":"strict-origin-when-cross-origin","Report-To":"{\"group\":\"cf-nel\",\"max_age\":604800,\"endpoints\":[{\"url\":\"https://a.nel.cloudflare.com/report/v4?s=JiX4ZrIR8ifrBKyiLNjp4SPxHqjoEot68IEQ4shPv56uCuJ9W7XGbqIYuhKLEnzt%2B4%2FPt5epgVJYCuoH2yZy%2FUPJWBXnj37Aue1lurAhNnMmPdYeVis7jMMZVMqMOA33%2BbkHJQ%3D%3D\"}]}","Server":"cloudflare","Server-Timing":"cfEdge;dur=1,cfOrigin;dur=0,cfWorker;dur=30","Strict-Transport-Security":"max-age=63072000; includeSubDomains; preload","Transfer-Encoding":"chunked","X-Android-Received-Millis":"1782692216693","X-Android-Response-Source":"NETWORK 404","X-Android-Selected-Protocol":"http/1.1","X-Android-Sent-Millis":"1782692216640","X-Content-Type-Options":"nosniff","X-DNS-Prefetch-Control":"off","X-Download-Options":"noopen","X-Frame-Options":"DENY","X-Permitted-Cross-Domain-Policies":"none","x-request-id":"46a28b6c-e2e6-4e68-a324-a02d389603dc","X-XSS-Protection":"0"},"url":"https://api.elizacloud.ai/api/v1/eliza/agents/a18eae0f-a6d1-4e90-ba65-1a72a004cbd6/api/apps/runs","data":{"success":false,"error":"Not found","code":"resource_not_found"},"error":true}
06-28 19:16:56.720 E/kbit    ( 2726): *~*~*~ Previous channel {0} was garbage collected without being shut down! ~*~*~*
06-28 19:16:56.720 E/kbit    ( 2726):     Make sure to call shutdown()/shutdownNow()
06-28 19:16:56.720 E/kbit    ( 2726): java.lang.RuntimeException: ManagedChannel allocation site
06-28 19:16:56.720 E/kbit    ( 2726): 	at kbis.<init>(:com.google.android.gms@262334035@26.23.34 (260400-933906539):21)
06-28 19:16:56.720 E/kbit    ( 2726): 	at kbit.<init>(:com.google.android.gms@262334035@26.23.34 (260400-933906539):10)
06-28 19:16:56.720 E/kbit    ( 2726): 	at kbir.a(:com.google.android.gms@262334035@26.23.34 (260400-933906539):300)
06-28 19:16:56.720 E/kbit    ( 2726): 	at kaqj.a(:com.google.android.gms@262334035@26.23.34 (260400-933906539):5)
06-28 19:16:56.720 E/kbit    ( 2726): 	at deau.h(:com.google.android.gms@262334035@26.23.34 (260400-933906539):154)
06-28 19:16:56.720 E/kbit    ( 2726): 	at hsvu.a(:com.google.android.gms@262334035@26.23.34 (260400-933906539):142)
06-28 19:16:56.720 E/kbit    ( 2726): 	at hges.a(:com.google.android.gms@262334035@26.23.34 (260400-933906539):17)
06-28 19:16:56.720 E/kbit    ( 2726): 	at hpho.a(:com.google.android.gms@262334035@26.23.34 (260400-933906539):3)
06-28 19:16:56.720 E/kbit    ( 2726): 	at hpgp.run(:com.google.android.gms@262334035@26.23.34 (260400-933906539):19)
06-28 19:16:56.720 E/kbit    ( 2726): 	at hphq.run(:com.google.android.gms@262334035@26.23.34 (260400-933906539):5)
06-28 19:16:56.720 E/kbit    ( 2726): 	at blkd.c(:com.google.android.gms@262334035@26.23.34 (260400-933906539):50)
06-28 19:16:56.720 E/kbit    ( 2726): 	at blkd.run(:com.google.android.gms@262334035@26.23.34 (260400-933906539):66)
06-28 19:16:56.720 E/kbit    ( 2726): 	at java.util.concurrent.ThreadPoolExecutor.runWorker(ThreadPoolExecutor.java:1100)
06-28 19:16:56.720 E/kbit    ( 2726): 	at java.util.concurrent.ThreadPoolExecutor$Worker.run(ThreadPoolExecutor.java:624)
06-28 19:16:56.720 E/kbit    ( 2726): 	at blpw.run(:com.google.android.gms@262334035@26.23.34 (260400-933906539):8)
06-28 19:16:56.720 E/kbit    ( 2726): 	at java.lang.Thread.run(Thread.java:1572)
06-28 19:16:56.743 I/libbinder.BpBinder( 2726): onLastStrongRef automatically unlinking death recipients for binder (0xb400007544f48980) with descriptor: '(not cached)'
06-28 19:16:56.942 I/cn_CronetUrlRequestContext( 2726): destroyNativeStreamLocked org.chromium.net.impl.CronetBidirectionalStream@c46c35f
06-28 19:16:57.484 I/Capacitor/Console( 4681): File:  - Line 349 - Msg: [object Object]
06-28 19:16:57.487 V/Capacitor/Plugin( 4681): To native (Capacitor plugin): callbackId: 87952113, pluginId: CapacitorHttp, methodName: request
