--------- beginning of main
06-28 19:02:00.192  9015  9116 I BugleRcsEngine: [106] brnl.h: No RCS Configuration was found in Bugle for simID: redacted-pii:sim_id[chars:20,last3:897]
06-28 19:02:00.603  6204  6204 E adbd    : failed to connect to socket 'tcp:31337': Connection refused
06-28 19:02:00.753   776   776 D StatusBarIconController: ignoring old pipeline callbacks, because the new mobile icons are enabled
06-28 19:02:02.473  7474  7474 I NearbySharing: SharingTileService destroyed [CONTEXT service_id=194 ]
06-28 19:02:02.608  6204  6204 E adbd    : failed to connect to socket 'tcp:31337': Connection refused
06-28 19:02:04.614  6204  6204 E adbd    : failed to connect to socket 'tcp:31337': Connection refused
--------- beginning of system
06-28 19:02:04.757   567   598 D CompatibilityChangeReporter: Compat change id reported: 143937733; UID 10149; state: ENABLED
06-28 19:02:04.766  7527  7527 D Zygote  : Forked child process 9128
06-28 19:02:04.771  9128  9128 I ocessService0:9: Using CollectorTypeCC GC.
06-28 19:02:04.772  9128  9128 W ocessService0:9: Unexpected CPU variant for x86: x86_64.
06-28 19:02:04.772  9128  9128 W ocessService0:9: Known variants: atom, sandybridge, silvermont, goldmont, goldmont-plus, tremont, kabylake, default
06-28 19:02:04.782  9128  9128 E ocessService0:9: Not starting debugger since process cannot load the jdwp agent.
06-28 19:02:04.797   567   598 I ActivityManager: Start proc 9128:com.android.chrome:sandboxed_process0:org.chromium.content.app.SandboxedProcessService0:9/u0ai9 for  {com.android.chrome/org.chromium.content.app.SandboxedProcessService0:9}
06-28 19:02:04.812  7422  7519 D EGL_emulation: app_time_stats: avg=2315.99ms min=4.06ms max=29816.21ms count=13
06-28 19:02:04.814   567  2008 D CompatibilityChangeReporter: Compat change id reported: 168419799; UID 10149; state: DISABLED
06-28 19:02:04.814   567  2008 D CompatibilityChangeReporter: Compat change id reported: 273564678; UID 10149; state: DISABLED
06-28 19:02:04.823  9128  9128 D CompatibilityChangeReporter: Compat change id reported: 171979766; UID 90009; state: ENABLED
06-28 19:02:04.824  9128  9128 D CompatibilityChangeReporter: Compat change id reported: 242716250; UID 90009; state: ENABLED
06-28 19:02:04.869  9128  9128 I LoadedApk: No resource references to update in package com.google.android.trichromelibrary
06-28 19:02:04.891  9128  9128 I cr_SplitCompatApp: Launched version=113.0.5672.136 minSdkVersion=29 isBundle=true processName=com.android.chrome:sandboxed_process0:org.chromium.content.app.SandboxedProcessService0:9 isIsolated=true
06-28 19:02:04.919  9128  9128 W SystemServiceRegistry: No service published for: uimode
06-28 19:02:04.922   567  2008 I ActivityManager: Flag disabled. Ignoring finishAttachApplication from uid: 90009. pid: 9128
06-28 19:02:04.924  9128  9128 W SystemServiceRegistry: No service published for: virtualdevice
06-28 19:02:04.925  9128  9128 I cr_ChildProcessService: Creating new ChildProcessService pid=9128
06-28 19:02:04.938   567  2173 I ActivityManager: Killing 9128:com.android.chrome:sandboxed_process0:org.chromium.content.app.SandboxedProcessService0:9/u0a149i-8991 (adj 0): isolated not needed
06-28 19:02:04.946   567   599 I libprocessgroup: Successfully killed process cgroup uid 90009 pid 9128 in 6ms
06-28 19:02:04.952   567   587 D DisplayManagerService: Drop pending events for gone uid 90009
06-28 19:02:04.953  7527  7527 I Zygote  : Process 9128 exited due to signal 9 (Killed)
06-28 19:02:05.151   567   597 I ActivityManager: Test idle passed
06-28 19:02:05.181   948   958 W com.android.se: Reducing the number of considered missed Gc histogram windows from 649 to 100
06-28 19:02:06.530  9015  9127 V ClearcutMetricXmitter: Transmission is done.
06-28 19:02:06.620  6204  6204 E adbd    : failed to connect to socket 'tcp:31337': Connection refused
06-28 19:02:06.685   567   597 D CompatibilityChangeReporter: Compat change id reported: 135634846; UID 10192; state: DISABLED
06-28 19:02:06.686   567   598 D CompatibilityChangeReporter: Compat change id reported: 143937733; UID 10192; state: ENABLED
06-28 19:02:06.694   371   371 D Zygote  : Forked child process 9145
06-28 19:02:06.694   567   598 I ActivityManager: Start proc 9145:ai.elizaos.app/u0a192 for service {ai.elizaos.app/ai.elizaos.app.ElizaAgentService}
06-28 19:02:06.726  9145  9145 I ai.elizaos.app: Late-enabling -Xcheck:jni
06-28 19:02:06.774  9145  9145 I ai.elizaos.app: Using CollectorTypeCC GC.
06-28 19:02:06.775  9145  9145 W ai.elizaos.app: Unexpected CPU variant for x86: x86_64.
06-28 19:02:06.775  9145  9145 W ai.elizaos.app: Known variants: atom, sandybridge, silvermont, goldmont, goldmont-plus, tremont, kabylake, default
06-28 19:02:06.807  6204  6211 I adbd    : jdwp connection from 9145
06-28 19:02:06.837  9145  9145 D CompatibilityChangeReporter: Compat change id reported: 171979766; UID 10192; state: ENABLED
06-28 19:02:06.838  9145  9145 D CompatibilityChangeReporter: Compat change id reported: 242716250; UID 10192; state: ENABLED
06-28 19:02:06.854  9145  9145 D ApplicationLoaders: Returning zygote-cached class loader: /system_ext/framework/androidx.window.extensions.jar
06-28 19:02:06.854  9145  9145 D ApplicationLoaders: Returning zygote-cached class loader: /system_ext/framework/androidx.window.sidecar.jar
06-28 19:02:06.855  9145  9145 W ziparchive: Unable to open '/data/app/~~XVUQRG0m-6plTCYMJWOJHw==/ai.elizaos.app-OhYojqPKkrS_LH_bBydOtw==/base.dm': No such file or directory
06-28 19:02:06.855  9145  9145 W ziparchive: Unable to open '/data/app/~~XVUQRG0m-6plTCYMJWOJHw==/ai.elizaos.app-OhYojqPKkrS_LH_bBydOtw==/base.dm': No such file or directory
06-28 19:02:06.923  9072  9085 V ClearcutMetricXmitter: Transmission is done.
06-28 19:02:06.924  9072  9085 V ClearcutMetricXmitter: Transmission is done.
06-28 19:02:07.051   567   567 W NotificationHistory: Attempted to add notif for locked/gone/disabled user 0
06-28 19:02:07.053  7893  8132 W AiAiEcho: LyftNotificationParser Ridesharing ETA not enabled
06-28 19:02:07.054  7893  8132 W AiAiEcho: SmartspaceNotificationPredictor no parser can handle this notification or notification is invalid
06-28 19:02:07.120   776   909 D EGL_emulation: app_time_stats: avg=7072.56ms min=7072.56ms max=7072.56ms count=1
06-28 19:02:07.166   776   901 D LocalImageResolver: Couldn't use ImageDecoder for drawable, falling back to non-resized load.
06-28 19:02:07.174   776   901 D LocalImageResolver: Couldn't use ImageDecoder for drawable, falling back to non-resized load.
06-28 19:02:07.409  9145  9145 D nativeloader: Configuring clns-6 for other apk /data/app/~~XVUQRG0m-6plTCYMJWOJHw==/ai.elizaos.app-OhYojqPKkrS_LH_bBydOtw==/base.apk. target_sdk_version=35, uses_libraries=, library_path=/data/app/~~XVUQRG0m-6plTCYMJWOJHw==/ai.elizaos.app-OhYojqPKkrS_LH_bBydOtw==/lib/x86_64:/data/app/~~XVUQRG0m-6plTCYMJWOJHw==/ai.elizaos.app-OhYojqPKkrS_LH_bBydOtw==/base.apk!/lib/x86_64, permitted_path=/data:/mnt/expand:/data/user/0/ai.elizaos.app
06-28 19:02:07.433  9145  9145 V GraphicsEnvironment: Currently set values for:
06-28 19:02:07.433  9145  9145 V GraphicsEnvironment:   angle_gl_driver_selection_pkgs=[]
06-28 19:02:07.433  9145  9145 V GraphicsEnvironment:   angle_gl_driver_selection_values=[]
06-28 19:02:07.434  9145  9145 V GraphicsEnvironment: ANGLE GameManagerService for ai.elizaos.app: false
06-28 19:02:07.434  9145  9145 V GraphicsEnvironment: ai.elizaos.app is not listed in per-application setting
06-28 19:02:07.434  9145  9145 V GraphicsEnvironment: Neither updatable production driver nor prerelease driver is supported.
06-28 19:02:07.452  9145  9145 W FirebaseApp: Default FirebaseApp failed to initialize because no default options were found. This usually means that com.google.gms:google-services was not applied to your gradle project.
06-28 19:02:07.452  9145  9145 I FirebaseInitProvider: FirebaseApp initialization unsuccessful
06-28 19:02:07.502  9145  9145 D WM-WrkMgrInitializer: Initializing WorkManager with default configuration.
06-28 19:02:07.535  9145  9145 D WM-PackageManagerHelper: Skipping component enablement for androidx.work.impl.background.systemjob.SystemJobService
06-28 19:02:07.535  9145  9145 D WM-Schedulers: Created SystemJobScheduler and enabled SystemJobService
06-28 19:02:07.539  9145  9165 D WM-ForceStopRunnable: The default process name was not specified.
06-28 19:02:07.540  9145  9165 D WM-ForceStopRunnable: Performing cleanup operations.
06-28 19:02:07.551   567  2173 I ActivityManager: Flag disabled. Ignoring finishAttachApplication from uid: 10192. pid: 9145
06-28 19:02:07.564  9145  9145 D CompatibilityChangeReporter: Compat change id reported: 160794467; UID 10192; state: ENABLED
06-28 19:02:07.600  9145  9170 D WM-PackageManagerHelper: Skipping component enablement for androidx.work.impl.background.systemalarm.RescheduleReceiver
06-28 19:02:07.607  9145  9166 I ElizaAgent: Agent launcher started (pid=-1).
06-28 19:02:07.705   776   776 D StatusBarIconController: ignoring old pipeline callback because the new wifi icon is enabled
06-28 19:02:07.775  7893  8132 W AiAiEcho: LyftNotificationParser Ridesharing ETA not enabled
06-28 19:02:07.775  7893  8132 W AiAiEcho: SmartspaceNotificationPredictor no parser can handle this notification or notification is invalid
06-28 19:02:07.776  7893  8132 W AiAiEcho: LyftNotificationParser Ridesharing ETA not enabled
06-28 19:02:07.776  7893  8132 W AiAiEcho: SmartspaceNotificationPredictor no parser can handle this notification or notification is invalid
06-28 19:02:07.811  7893  8132 W AiAiEcho: LyftNotificationParser Ridesharing ETA not enabled
06-28 19:02:07.811  7893  8132 W AiAiEcho: SmartspaceNotificationPredictor no parser can handle this notification or notification is invalid
06-28 19:02:07.871   776   901 D LocalImageResolver: Couldn't use ImageDecoder for drawable, falling back to non-resized load.
06-28 19:02:07.877   776   901 D LocalImageResolver: Couldn't use ImageDecoder for drawable, falling back to non-resized load.
06-28 19:02:08.625  6204  6204 E adbd    : failed to connect to socket 'tcp:31337': Connection refused
06-28 19:02:08.691  9145  9173 I ElizaAgent: Agent launcher exited after detached start (pid=-1 alive=1084ms).
06-28 19:02:08.712  9145  9179 D TrafficStats: tagSocket(83) with statsTag=0xffffffff, statsUid=-1
06-28 19:02:08.712  9178  9178 I libeliza_ld_mus: type=1400 audit(0.0:369): avc:  denied  { read } for  name="overcommit_memory" dev="proc" ino=83934 scontext=u:r:untrusted_app:s0:c192,c256,c512,c768 tcontext=u:object_r:proc_overcommit_memory:s0 tclass=file permissive=1 app=ai.elizaos.app
06-28 19:02:08.712  9178  9178 I libeliza_ld_mus: type=1400 audit(0.0:370): avc:  denied  { open } for  path="/proc/sys/vm/overcommit_memory" dev="proc" ino=83934 scontext=u:r:untrusted_app:s0:c192,c256,c512,c768 tcontext=u:object_r:proc_overcommit_memory:s0 tclass=file permissive=1 app=ai.elizaos.app
06-28 19:02:08.720  9178  9178 I libeliza_ld_mus: type=1400 audit(0.0:371): avc:  denied  { ioctl } for  path="/data/data/ai.elizaos.app/files/agent/agent.log" dev="dm-40" ino=196753 ioctlcmd=0x5413 scontext=u:r:untrusted_app:s0:c192,c256,c512,c768 tcontext=u:object_r:app_data_file:s0:c192,c256,c512,c768 tclass=file permissive=1 app=ai.elizaos.app
06-28 19:02:08.732  9178  9178 I libeliza_ld_mus: type=1400 audit(0.0:372): avc:  denied  { read } for  name="mmap_min_addr" dev="proc" ino=85455 scontext=u:r:untrusted_app:s0:c192,c256,c512,c768 tcontext=u:object_r:proc_security:s0 tclass=file permissive=1 app=ai.elizaos.app
06-28 19:02:08.732  9178  9178 I libeliza_ld_mus: type=1400 audit(0.0:373): avc:  denied  { open } for  path="/proc/sys/vm/mmap_min_addr" dev="proc" ino=85455 scontext=u:r:untrusted_app:s0:c192,c256,c512,c768 tcontext=u:object_r:proc_security:s0 tclass=file permissive=1 app=ai.elizaos.app
06-28 19:02:08.752  9178  9178 I libeliza_ld_mus: type=1400 audit(0.0:374): avc:  denied  { read } for  name="/" dev="dm-5" ino=2 scontext=u:r:untrusted_app:s0:c192,c256,c512,c768 tcontext=u:object_r:rootfs:s0 tclass=dir permissive=1 app=ai.elizaos.app
06-28 19:02:08.752  9178  9178 I libeliza_ld_mus: type=1400 audit(0.0:375): avc:  denied  { open } for  path="/" dev="dm-5" ino=2 scontext=u:r:untrusted_app:s0:c192,c256,c512,c768 tcontext=u:object_r:rootfs:s0 tclass=dir permissive=1 app=ai.elizaos.app
06-28 19:02:10.154   567   597 I ActivityManager: Test idle passed
06-28 19:02:10.237   971   987 W System  : A resource failed to call AbstractCursor.close. 
06-28 19:02:10.630  6204  6204 E adbd    : failed to connect to socket 'tcp:31337': Connection refused
06-28 19:02:10.718   776   776 D StatusBarIconController: ignoring old pipeline callbacks, because the new mobile icons are enabled
06-28 19:02:11.930   158   158 I lowmemorykiller: Kill 'com.google.android.apps.messaging' (9072), uid 10131, oom_score_adj 700 to free 59632kB rss, 44756kB swap; reason: low watermark is breached and swap is low (91064kB < 151580kB)
06-28 19:02:11.956   158   166 E lowmemorykiller: process_mrelease 9072 failed: No such process
06-28 19:02:11.957   371   371 I Zygote  : Process 9072 exited due to signal 9 (Killed)
06-28 19:02:11.968   567  2173 I ActivityManager: Process com.google.android.apps.messaging (pid 9072) has died: prev LAST
06-28 19:02:11.995   567   599 I libprocessgroup: Successfully killed process cgroup uid 10131 pid 9072 in 2ms
06-28 19:02:12.001   158   158 I lowmemorykiller: Kill 'ai.elizaos.app' (9145), uid 10192, oom_score_adj 200 to free 109932kB rss, 26172kB swap; reason: min watermark is breached and swap is low (58944kB < 151580kB)
06-28 19:02:12.016   567  2173 I ActivityManager: Process ai.elizaos.app (pid 9145) has died: prcp FGS 
06-28 19:02:12.017   371   371 I Zygote  : Process 9145 exited due to signal 9 (Killed)
06-28 19:02:12.024   158   165 W lowmemorykiller: Failed to open /proc/9145/task; errno=2: process pid(9145) might have died
06-28 19:02:12.025   158   165 E lowmemorykiller: process_mrelease 9145 failed: No such process
06-28 19:02:12.029   567  2173 W ActivityManager: Scheduling restart of crashed service ai.elizaos.app/.ElizaAgentService in 29800ms for start-requested
06-28 19:02:12.072   567   587 D DisplayManagerService: Drop pending events for gone uid 10192
06-28 19:02:12.122   567   599 I libprocessgroup: Successfully killed process cgroup uid 10192 pid 9145 in 100ms
--------- beginning of kernel
06-28 19:02:12.269     0     0 I init    : Untracked pid 9178 received signal 9
06-28 19:02:12.269     0     0 I init    : Untracked pid 9178 did not have an associated service entry and will not be reaped
06-28 19:02:12.158   776   909 D EGL_emulation: app_time_stats: avg=245.75ms min=3.89ms max=4247.21ms count=20
06-28 19:02:12.642  6204  6204 E adbd    : failed to connect to socket 'tcp:31337': Connection refused
06-28 19:02:13.736   776   776 D StatusBarIconController: ignoring old pipeline callback because the new wifi icon is enabled
06-28 19:02:14.646  6204  6204 E adbd    : failed to connect to socket 'tcp:31337': Connection refused
06-28 19:02:16.650  6204  6204 E adbd    : failed to connect to socket 'tcp:31337': Connection refused
06-28 19:02:17.046   567   597 I ActivityManager: Test idle passed
06-28 19:02:17.340   567   576 I system_server: Background concurrent copying GC freed 95812(3701KB) AllocSpace objects, 3(60KB) LOS objects, 48% free, 25MB/49MB, paused 165us,58us total 285.159ms
06-28 19:02:18.656  6204  6204 E adbd    : failed to connect to socket 'tcp:31337': Connection refused
06-28 19:02:20.664  6204  6204 E adbd    : failed to connect to socket 'tcp:31337': Connection refused
06-28 19:02:20.738   776   776 D StatusBarIconController: ignoring old pipeline callbacks, because the new mobile icons are enabled
06-28 19:02:20.739   776   909 D EGL_emulation: app_time_stats: avg=1221.26ms min=6.79ms max=8469.42ms count=7
06-28 19:02:22.054   567   597 I ActivityManager: Test idle passed
06-28 19:02:22.671  6204  6204 E adbd    : failed to connect to socket 'tcp:31337': Connection refused
06-28 19:02:24.376  7450  7589 I GMS_MM_Logger: Memory Metric Logging not allowed. Stopping.
06-28 19:02:24.674  6204  6204 E adbd    : failed to connect to socket 'tcp:31337': Connection refused
06-28 19:02:26.679  6204  6204 E adbd    : failed to connect to socket 'tcp:31337': Connection refused
06-28 19:02:27.055   567   597 I ActivityManager: Test idle passed
06-28 19:02:27.674   567   598 D CompatibilityChangeReporter: Compat change id reported: 143937733; UID 10149; state: ENABLED
06-28 19:02:27.681  7527  7527 D Zygote  : Forked child process 9188
06-28 19:02:27.691  9188  9188 I cessService0:10: Using CollectorTypeCC GC.
06-28 19:02:27.695  9188  9188 W cessService0:10: Unexpected CPU variant for x86: x86_64.
06-28 19:02:27.695  9188  9188 W cessService0:10: Known variants: atom, sandybridge, silvermont, goldmont, goldmont-plus, tremont, kabylake, default
06-28 19:02:27.701   567   598 I ActivityManager: Start proc 9188:com.android.chrome:sandboxed_process0:org.chromium.content.app.SandboxedProcessService0:10/u0ai10 for  {com.android.chrome/org.chromium.content.app.SandboxedProcessService0:10}
06-28 19:02:27.720  9188  9188 E cessService0:10: Not starting debugger since process cannot load the jdwp agent.
06-28 19:02:27.762  9188  9188 D CompatibilityChangeReporter: Compat change id reported: 171979766; UID 90010; state: ENABLED
06-28 19:02:27.762  9188  9188 D CompatibilityChangeReporter: Compat change id reported: 242716250; UID 90010; state: ENABLED
06-28 19:02:27.794  9188  9188 I LoadedApk: No resource references to update in package com.google.android.trichromelibrary
06-28 19:02:27.798  9188  9188 I cr_SplitCompatApp: Launched version=113.0.5672.136 minSdkVersion=29 isBundle=true processName=com.android.chrome:sandboxed_process0:org.chromium.content.app.SandboxedProcessService0:10 isIsolated=true
06-28 19:02:27.805  9188  9188 W SystemServiceRegistry: No service published for: uimode
06-28 19:02:27.808   567  2537 I ActivityManager: Flag disabled. Ignoring finishAttachApplication from uid: 90010. pid: 9188
06-28 19:02:27.809  9188  9188 W SystemServiceRegistry: No service published for: virtualdevice
06-28 19:02:27.809  9188  9188 I cr_ChildProcessService: Creating new ChildProcessService pid=9188
06-28 19:02:27.825  9188  9202 I cr_LibraryLoader: Successfully loaded native library
06-28 19:02:27.825  9188  9202 I cr_CachingUmaRecorder: Flushed 10 samples from 10 histograms.
06-28 19:02:27.840  9188  9188 I ThreadPoolForeg: type=1400 audit(0.0:376): avc:  denied  { setattr } for  name="real_time_url_checks_allowlist.pb" dev="dm-40" ino=188441 scontext=u:r:isolated_app:s0:c512,c768 tcontext=u:object_r:app_data_file:s0:c149,c256,c512,c768 tclass=file permissive=1
06-28 19:02:27.850  9188  9202 I chromium: [INFO:child_process_service.cc(69)] ChildProcessService: Exiting child process.
06-28 19:02:27.851   567  2173 I ActivityManager: Killing 9188:com.android.chrome:sandboxed_process0:org.chromium.content.app.SandboxedProcessService0:10/u0a149i-8990 (adj 0): isolated not needed
06-28 19:02:27.857   567   599 I libprocessgroup: Successfully killed process cgroup uid 90010 pid 9188 in 5ms
06-28 19:02:27.862  7422  7422 W chromium: [WARNING:compositor_view.cc(341)] Child process died (type=6) pid=9188)
06-28 19:02:28.006     0     0 I binder  : undelivered transaction 782548, process died.
06-28 19:02:28.008     0     0 I binder  : undelivered transaction 782549, process died.
06-28 19:02:28.009     0     0 I binder  : undelivered transaction 782550, process died.
06-28 19:02:27.865  7527  7527 I Zygote  : Process 9188 exited cleanly (0)
06-28 19:02:27.865   567   587 D DisplayManagerService: Drop pending events for gone uid 90010
06-28 19:02:28.686  6204  6204 E adbd    : failed to connect to socket 'tcp:31337': Connection refused
06-28 19:02:28.752   776   776 D StatusBarIconController: ignoring old pipeline callback because the new wifi icon is enabled
06-28 19:02:30.693  6204  6204 E adbd    : failed to connect to socket 'tcp:31337': Connection refused
06-28 19:02:30.718   776   776 D StatusBarIconController: ignoring old pipeline callbacks, because the new mobile icons are enabled
06-28 19:02:31.751   776   776 D StatusBarIconController: ignoring old pipeline callback because the new wifi icon is enabled
06-28 19:02:32.056   567   597 I ActivityManager: Test idle passed
06-28 19:02:32.510   370   442 I netd    : setProcSysNet(4, 2, wlan0, retrans_time_ms, 750) <1.38ms>
06-28 19:02:32.511   370   442 I netd    : setProcSysNet(4, 2, wlan0, ucast_solicit, 10) <0.10ms>
06-28 19:02:32.511   370   442 I netd    : setProcSysNet(6, 2, wlan0, retrans_time_ms, 750) <0.13ms>
06-28 19:02:32.511   370   442 I netd    : setProcSysNet(6, 2, wlan0, ucast_solicit, 10) <0.04ms>
06-28 19:02:32.699  6204  6204 E adbd    : failed to connect to socket 'tcp:31337': Connection refused
06-28 19:02:34.705  6204  6204 E adbd    : failed to connect to socket 'tcp:31337': Connection refused
06-28 19:02:34.768   776   776 D StatusBarIconController: ignoring old pipeline callback because the new wifi icon is enabled
06-28 19:02:36.713  6204  6204 E adbd    : failed to connect to socket 'tcp:31337': Connection refused
06-28 19:02:36.995  7893  7935 I IPCThreadState: oneway function results for code 2 on binder at 0x7f6ea17020a0 will be dropped but finished with status UNKNOWN_TRANSACTION
06-28 19:02:37.056   567   597 I ActivityManager: Test idle passed
06-28 19:02:37.769   776   776 D StatusBarIconController: ignoring old pipeline callback because the new wifi icon is enabled
06-28 19:02:38.719  6204  6204 E adbd    : failed to connect to socket 'tcp:31337': Connection refused
06-28 19:02:40.719   776   776 D StatusBarIconController: ignoring old pipeline callbacks, because the new mobile icons are enabled
06-28 19:02:40.730  6204  6204 E adbd    : failed to connect to socket 'tcp:31337': Connection refused
06-28 19:02:40.786   776   776 D StatusBarIconController: ignoring old pipeline callback because the new wifi icon is enabled
06-28 19:02:41.827   567   597 D CompatibilityChangeReporter: Compat change id reported: 135634846; UID 10192; state: DISABLED
06-28 19:02:41.828   567   598 D CompatibilityChangeReporter: Compat change id reported: 143937733; UID 10192; state: ENABLED
06-28 19:02:41.836   371   371 D Zygote  : Forked child process 9210
06-28 19:02:41.837   567   598 I ActivityManager: Start proc 9210:ai.elizaos.app/u0a192 for service {ai.elizaos.app/ai.elizaos.app.ElizaAgentService}
06-28 19:02:41.864  9210  9210 I ai.elizaos.app: Late-enabling -Xcheck:jni
06-28 19:02:41.898  9210  9210 I ai.elizaos.app: Using CollectorTypeCC GC.
06-28 19:02:41.899  9210  9210 W ai.elizaos.app: Unexpected CPU variant for x86: x86_64.
06-28 19:02:41.899  9210  9210 W ai.elizaos.app: Known variants: atom, sandybridge, silvermont, goldmont, goldmont-plus, tremont, kabylake, default
06-28 19:02:41.924  6204  6211 I adbd    : jdwp connection from 9210
06-28 19:02:41.952  9210  9210 D CompatibilityChangeReporter: Compat change id reported: 171979766; UID 10192; state: ENABLED
06-28 19:02:41.953  9210  9210 D CompatibilityChangeReporter: Compat change id reported: 242716250; UID 10192; state: ENABLED
06-28 19:02:41.966  9210  9210 D ApplicationLoaders: Returning zygote-cached class loader: /system_ext/framework/androidx.window.extensions.jar
06-28 19:02:41.966  9210  9210 D ApplicationLoaders: Returning zygote-cached class loader: /system_ext/framework/androidx.window.sidecar.jar
06-28 19:02:41.968  9210  9210 W ziparchive: Unable to open '/data/app/~~XVUQRG0m-6plTCYMJWOJHw==/ai.elizaos.app-OhYojqPKkrS_LH_bBydOtw==/base.dm': No such file or directory
06-28 19:02:41.968  9210  9210 W ziparchive: Unable to open '/data/app/~~XVUQRG0m-6plTCYMJWOJHw==/ai.elizaos.app-OhYojqPKkrS_LH_bBydOtw==/base.dm': No such file or directory
06-28 19:02:42.057   567   597 I ActivityManager: Test idle passed
06-28 19:02:42.105  1599  1614 W or.multidisplay: Reducing the number of considered missed Gc histogram windows from 653 to 100
06-28 19:02:42.149   567   567 W NotificationHistory: Attempted to add notif for locked/gone/disabled user 0
06-28 19:02:42.157  7893  8132 W AiAiEcho: LyftNotificationParser Ridesharing ETA not enabled
06-28 19:02:42.157  7893  8132 W AiAiEcho: SmartspaceNotificationPredictor no parser can handle this notification or notification is invalid
06-28 19:02:42.228   776   909 D EGL_emulation: app_time_stats: avg=21489.09ms min=21489.09ms max=21489.09ms count=1
06-28 19:02:42.274   776   901 D LocalImageResolver: Couldn't use ImageDecoder for drawable, falling back to non-resized load.
06-28 19:02:42.287   776   901 D LocalImageResolver: Couldn't use ImageDecoder for drawable, falling back to non-resized load.
06-28 19:02:42.727  9210  9210 D nativeloader: Configuring clns-6 for other apk /data/app/~~XVUQRG0m-6plTCYMJWOJHw==/ai.elizaos.app-OhYojqPKkrS_LH_bBydOtw==/base.apk. target_sdk_version=35, uses_libraries=, library_path=/data/app/~~XVUQRG0m-6plTCYMJWOJHw==/ai.elizaos.app-OhYojqPKkrS_LH_bBydOtw==/lib/x86_64:/data/app/~~XVUQRG0m-6plTCYMJWOJHw==/ai.elizaos.app-OhYojqPKkrS_LH_bBydOtw==/base.apk!/lib/x86_64, permitted_path=/data:/mnt/expand:/data/user/0/ai.elizaos.app
06-28 19:02:42.740  6204  6204 E adbd    : failed to connect to socket 'tcp:31337': Connection refused
06-28 19:02:42.763  9210  9210 V GraphicsEnvironment: Currently set values for:
06-28 19:02:42.763  9210  9210 V GraphicsEnvironment:   angle_gl_driver_selection_pkgs=[]
06-28 19:02:42.763  9210  9210 V GraphicsEnvironment:   angle_gl_driver_selection_values=[]
06-28 19:02:42.766  9210  9210 V GraphicsEnvironment: ANGLE GameManagerService for ai.elizaos.app: false
06-28 19:02:42.766  9210  9210 V GraphicsEnvironment: ai.elizaos.app is not listed in per-application setting
06-28 19:02:42.767  9210  9210 V GraphicsEnvironment: Neither updatable production driver nor prerelease driver is supported.
06-28 19:02:42.791  9210  9210 W FirebaseApp: Default FirebaseApp failed to initialize because no default options were found. This usually means that com.google.gms:google-services was not applied to your gradle project.
06-28 19:02:42.791  9210  9210 I FirebaseInitProvider: FirebaseApp initialization unsuccessful
06-28 19:02:42.850  9210  9210 D WM-WrkMgrInitializer: Initializing WorkManager with default configuration.
06-28 19:02:42.879  9210  9210 D WM-PackageManagerHelper: Skipping component enablement for androidx.work.impl.background.systemjob.SystemJobService
06-28 19:02:42.879  9210  9210 D WM-Schedulers: Created SystemJobScheduler and enabled SystemJobService
06-28 19:02:42.881  9210  9229 D WM-ForceStopRunnable: The default process name was not specified.
06-28 19:02:42.884  9210  9229 D WM-ForceStopRunnable: Performing cleanup operations.
06-28 19:02:42.891   567  2127 I ActivityManager: Flag disabled. Ignoring finishAttachApplication from uid: 10192. pid: 9210
06-28 19:02:42.903  9210  9210 D CompatibilityChangeReporter: Compat change id reported: 160794467; UID 10192; state: ENABLED
06-28 19:02:42.975  9210  9230 I ElizaAgent: Agent launcher started (pid=-1).
06-28 19:02:42.985  9210  9229 D WM-PackageManagerHelper: Skipping component enablement for androidx.work.impl.background.systemalarm.RescheduleReceiver
06-28 19:02:43.116  7893  8132 W AiAiEcho: LyftNotificationParser Ridesharing ETA not enabled
06-28 19:02:43.116  7893  8132 W AiAiEcho: SmartspaceNotificationPredictor no parser can handle this notification or notification is invalid
06-28 19:02:43.119  7893  8132 W AiAiEcho: LyftNotificationParser Ridesharing ETA not enabled
06-28 19:02:43.119  7893  8132 W AiAiEcho: SmartspaceNotificationPredictor no parser can handle this notification or notification is invalid
06-28 19:02:43.173   776   901 D LocalImageResolver: Couldn't use ImageDecoder for drawable, falling back to non-resized load.
06-28 19:02:43.179   776   901 D LocalImageResolver: Couldn't use ImageDecoder for drawable, falling back to non-resized load.
06-28 19:02:43.180  7893  8132 W AiAiEcho: LyftNotificationParser Ridesharing ETA not enabled
06-28 19:02:43.180  7893  8132 W AiAiEcho: SmartspaceNotificationPredictor no parser can handle this notification or notification is invalid
06-28 19:02:43.240   776   901 D LocalImageResolver: Couldn't use ImageDecoder for drawable, falling back to non-resized load.
06-28 19:02:43.240   776   901 D LocalImageResolver: Couldn't use ImageDecoder for drawable, falling back to non-resized load.
06-28 19:02:43.284   776   909 D EGL_emulation: app_time_stats: avg=58.45ms min=8.19ms max=522.75ms count=17
06-28 19:02:43.785   776   776 D StatusBarIconController: ignoring old pipeline callback because the new wifi icon is enabled
06-28 19:02:44.104  9210  9237 I ElizaAgent: Agent launcher exited after detached start (pid=-1 alive=1128ms).
06-28 19:02:44.144  9242  9242 I libeliza_ld_mus: type=1400 audit(0.0:377): avc:  denied  { read } for  name="overcommit_memory" dev="proc" ino=87335 scontext=u:r:untrusted_app:s0:c192,c256,c512,c768 tcontext=u:object_r:proc_overcommit_memory:s0 tclass=file permissive=1 app=ai.elizaos.app
06-28 19:02:44.144  9242  9242 I libeliza_ld_mus: type=1400 audit(0.0:378): avc:  denied  { open } for  path="/proc/sys/vm/overcommit_memory" dev="proc" ino=87335 scontext=u:r:untrusted_app:s0:c192,c256,c512,c768 tcontext=u:object_r:proc_overcommit_memory:s0 tclass=file permissive=1 app=ai.elizaos.app
06-28 19:02:44.160  9210  9243 D TrafficStats: tagSocket(83) with statsTag=0xffffffff, statsUid=-1
06-28 19:02:44.156  9242  9242 I libeliza_ld_mus: type=1400 audit(0.0:379): avc:  denied  { ioctl } for  path="/data/data/ai.elizaos.app/files/agent/agent.log" dev="dm-40" ino=196753 ioctlcmd=0x5413 scontext=u:r:untrusted_app:s0:c192,c256,c512,c768 tcontext=u:object_r:app_data_file:s0:c192,c256,c512,c768 tclass=file permissive=1 app=ai.elizaos.app
06-28 19:02:44.180  9242  9242 I libeliza_ld_mus: type=1400 audit(0.0:380): avc:  denied  { read } for  name="mmap_min_addr" dev="proc" ino=86226 scontext=u:r:untrusted_app:s0:c192,c256,c512,c768 tcontext=u:object_r:proc_security:s0 tclass=file permissive=1 app=ai.elizaos.app
06-28 19:02:44.180  9242  9242 I libeliza_ld_mus: type=1400 audit(0.0:381): avc:  denied  { open } for  path="/proc/sys/vm/mmap_min_addr" dev="proc" ino=86226 scontext=u:r:untrusted_app:s0:c192,c256,c512,c768 tcontext=u:object_r:proc_security:s0 tclass=file permissive=1 app=ai.elizaos.app
06-28 19:02:44.212  9242  9242 I libeliza_ld_mus: type=1400 audit(0.0:382): avc:  denied  { read } for  name="/" dev="dm-5" ino=2 scontext=u:r:untrusted_app:s0:c192,c256,c512,c768 tcontext=u:object_r:rootfs:s0 tclass=dir permissive=1 app=ai.elizaos.app
06-28 19:02:44.212  9242  9242 I libeliza_ld_mus: type=1400 audit(0.0:383): avc:  denied  { open } for  path="/" dev="dm-5" ino=2 scontext=u:r:untrusted_app:s0:c192,c256,c512,c768 tcontext=u:object_r:rootfs:s0 tclass=dir permissive=1 app=ai.elizaos.app
06-28 19:02:44.747  6204  6204 E adbd    : failed to connect to socket 'tcp:31337': Connection refused
06-28 19:02:46.752  6204  6204 E adbd    : failed to connect to socket 'tcp:31337': Connection refused
06-28 19:02:47.044   567   650 D ActivityManager: freezing 8168 com.google.android.as.oss
06-28 19:02:47.073   567   597 I ActivityManager: Test idle passed
06-28 19:02:47.138  1517  1537 W FuseDaemon: Reducing the number of considered missed Gc histogram windows from 652 to 100
06-28 19:02:48.327   776   791 I ndroid.systemui: Background young concurrent copying GC freed 282690(12MB) AllocSpace objects, 0(0B) LOS objects, 41% free, 17MB/30MB, paused 104us,34us total 105.786ms
06-28 19:02:48.401  9210  9246 D ProfileInstaller: Installing profile for ai.elizaos.app
06-28 19:02:48.783  6204  6204 E adbd    : failed to connect to socket 'tcp:31337': Connection refused
06-28 19:02:49.110   158   158 I lowmemorykiller: Kill 'com.google.android.as.oss' (8168), uid 10122, oom_score_adj 905 to free 15380kB rss, 44116kB swap; reason: low watermark is breached and swap is low (106220kB < 151580kB)
06-28 19:02:49.125   371   371 I Zygote  : Process 8168 exited due to signal 9 (Killed)
06-28 19:02:49.133   158   158 I lowmemorykiller: Kill 'com.google.process.gservices' (9047), uid 10128, oom_score_adj 700 to free 26232kB rss, 41996kB swap; reason: low watermark is breached and swap is low (114408kB < 151580kB)
06-28 19:02:49.137   158   166 W lowmemorykiller: Failed to open /proc/8168/task; errno=2: process pid(8168) might have died
06-28 19:02:49.137   158   166 E lowmemorykiller: process_mrelease 8168 failed: No such process
06-28 19:02:49.139   158   165 E lowmemorykiller: process_mrelease 9047 failed: No such process
06-28 19:02:49.140   371   371 I Zygote  : Process 9047 exited due to signal 9 (Killed)
06-28 19:02:49.171   567  2127 I ActivityManager: Process com.google.android.as.oss (pid 8168) has died: cch+5 CEM 
06-28 19:02:49.190   567   599 I libprocessgroup: Successfully killed process cgroup uid 10122 pid 8168 in 6ms
06-28 19:02:49.201   158   158 I lowmemorykiller: Kill 'ai.elizaos.app' (9210), uid 10192, oom_score_adj 200 to free 32352kB rss, 85760kB swap; reason: min watermark is breached and swap is low (91296kB < 151580kB)
06-28 19:02:49.250   567  2537 I ActivityManager: Process com.google.process.gservices (pid 9047) has died: prev LAST
06-28 19:02:49.250   567   599 I libprocessgroup: Successfully killed process cgroup uid 10128 pid 9047 in 0ms
06-28 19:02:49.273   567  2537 I ActivityManager: Process ai.elizaos.app (pid 9210) has died: prcp FGS 
06-28 19:02:49.277   371   371 I Zygote  : Process 9210 exited due to signal 9 (Killed)
06-28 19:02:49.287   567  2537 W ActivityManager: Scheduling restart of crashed service ai.elizaos.app/.ElizaAgentService in 119200ms for start-requested
06-28 19:02:49.289   567   587 D DisplayManagerService: Drop pending events for gone uid 10122
06-28 19:02:49.294   567   587 D DisplayManagerService: Drop pending events for gone uid 10192
06-28 19:02:49.394   567   599 I libprocessgroup: Successfully killed process cgroup uid 10192 pid 9210 in 121ms
06-28 19:02:49.548     0     0 I init    : Untracked pid 9242 received signal 9
06-28 19:02:49.549     0     0 I init    : Untracked pid 9242 did not have an associated service entry and will not be reaped
06-28 19:02:49.483   776   909 D EGL_emulation: app_time_stats: avg=6198.86ms min=6198.86ms max=6198.86ms count=1
06-28 19:02:49.867   776   776 D StatusBarIconController: ignoring old pipeline callback because the new wifi icon is enabled
06-28 19:02:50.767   776   776 D StatusBarIconController: ignoring old pipeline callbacks, because the new mobile icons are enabled
06-28 19:02:50.789  6204  6204 E adbd    : failed to connect to socket 'tcp:31337': Connection refused
06-28 19:02:52.469   567  1759 D WifiNl80211Manager: Scan result ready event
06-28 19:02:52.471   567  1759 D WifiNative: Scan result ready event
06-28 19:02:52.796  6204  6204 E adbd    : failed to connect to socket 'tcp:31337': Connection refused
06-28 19:02:52.872   776   776 D StatusBarIconController: ignoring old pipeline callback because the new wifi icon is enabled
06-28 19:02:54.295   567   597 I ActivityManager: Test idle passed
06-28 19:02:54.346  7422  7520 I cr_BindingManager: onLowMemory: evict 0 bindings
06-28 19:02:54.801  6204  6204 E adbd    : failed to connect to socket 'tcp:31337': Connection refused
06-28 19:02:55.869   776   776 D StatusBarIconController: ignoring old pipeline callback because the new wifi icon is enabled
06-28 19:02:56.807  6204  6204 E adbd    : failed to connect to socket 'tcp:31337': Connection refused
06-28 19:02:58.811  6204  6204 E adbd    : failed to connect to socket 'tcp:31337': Connection refused
06-28 19:02:58.886   776   776 D StatusBarIconController: ignoring old pipeline callback because the new wifi icon is enabled
06-28 19:02:59.314   567   597 I ActivityManager: Test idle passed
06-28 19:03:00.066   776   909 D EGL_emulation: app_time_stats: avg=2614.59ms min=3.88ms max=10437.00ms count=4
06-28 19:03:00.072  7893  8092 I AiAiEcho: Predicting[0]: 
06-28 19:03:00.072  7893  8092 I AiAiEcho: EchoTargets: 
06-28 19:03:00.072  7893  8092 I AiAiEcho: Filtered by AiAi flag check: 
06-28 19:03:00.072  7893  8092 I AiAiEcho: Ranked targets strategy: SORT, count: 0, ranking metadata: 
06-28 19:03:00.075  7893  8092 I AiAiEcho: #postPredictionTargets: Sending updates to UISurface lockscreen with targets# 0 (types=[])
06-28 19:03:00.085   776   776 W PageIndicator: Total number of pages invalid: 0. Assuming 1 page.
06-28 19:03:00.336     0     0 W healthd : battery l=100 v=5000 t=25.0 h=2 st=2 c=900000 fc=3000000 cc=10 chg=a
06-28 19:03:00.735   776   776 D StatusBarIconController: ignoring old pipeline callbacks, because the new mobile icons are enabled
06-28 19:03:00.816  6204  6204 E adbd    : failed to connect to socket 'tcp:31337': Connection refused
06-28 19:03:02.822  6204  6204 E adbd    : failed to connect to socket 'tcp:31337': Connection refused
06-28 19:03:04.319   567   597 I ActivityManager: Test idle passed
06-28 19:03:04.826  6204  6204 E adbd    : failed to connect to socket 'tcp:31337': Connection refused
06-28 19:03:04.909   567   598 D CompatibilityChangeReporter: Compat change id reported: 143937733; UID 10149; state: ENABLED
06-28 19:03:04.925  7527  7527 D Zygote  : Forked child process 9247
06-28 19:03:04.938  7422  7519 D EGL_emulation: app_time_stats: avg=3331.95ms min=2.31ms max=59818.35ms count=18
06-28 19:03:04.943  9247  9247 I cessService0:11: Using CollectorTypeCC GC.
06-28 19:03:04.945  9247  9247 W cessService0:11: Unexpected CPU variant for x86: x86_64.
06-28 19:03:04.945  9247  9247 W cessService0:11: Known variants: atom, sandybridge, silvermont, goldmont, goldmont-plus, tremont, kabylake, default
06-28 19:03:04.960   567   598 W ActivityManager: Slow operation: 57ms so far, now at startProcess: returned from zygote!
06-28 19:03:04.961   567   598 W ActivityManager: Slow operation: 57ms so far, now at startProcess: done updating battery stats
06-28 19:03:04.962   567   598 W ActivityManager: Slow operation: 59ms so far, now at startProcess: building log message
06-28 19:03:04.962   567   598 I ActivityManager: Start proc 9247:com.android.chrome:sandboxed_process0:org.chromium.content.app.SandboxedProcessService0:11/u0ai11 for  {com.android.chrome/org.chromium.content.app.SandboxedProcessService0:11}
06-28 19:03:04.962   567   598 W ActivityManager: Slow operation: 59ms so far, now at startProcess: starting to update pids map
06-28 19:03:04.962   567   598 W ActivityManager: Slow operation: 59ms so far, now at startProcess: done updating pids map
06-28 19:03:04.983  9247  9247 E cessService0:11: Not starting debugger since process cannot load the jdwp agent.
06-28 19:03:05.049  9247  9247 D CompatibilityChangeReporter: Compat change id reported: 171979766; UID 90011; state: ENABLED
06-28 19:03:05.049  9247  9247 D CompatibilityChangeReporter: Compat change id reported: 242716250; UID 90011; state: ENABLED
06-28 19:03:05.124  9247  9247 I LoadedApk: No resource references to update in package com.google.android.trichromelibrary
06-28 19:03:05.131  9247  9247 I cr_SplitCompatApp: Launched version=113.0.5672.136 minSdkVersion=29 isBundle=true processName=com.android.chrome:sandboxed_process0:org.chromium.content.app.SandboxedProcessService0:11 isIsolated=true
06-28 19:03:05.138  9247  9247 W SystemServiceRegistry: No service published for: uimode
06-28 19:03:05.142   567  2537 I ActivityManager: Flag disabled. Ignoring finishAttachApplication from uid: 90011. pid: 9247
06-28 19:03:05.144  9247  9247 W SystemServiceRegistry: No service published for: virtualdevice
06-28 19:03:05.145  9247  9247 I cr_ChildProcessService: Creating new ChildProcessService pid=9247
06-28 19:03:05.154  9247  9247 I cr_ChildProcessService: Destroying ChildProcessService pid=9247
06-28 19:03:05.155   567  1759 I ActivityManager: Killing 9247:com.android.chrome:sandboxed_process0:org.chromium.content.app.SandboxedProcessService0:11/u0a149i-8989 (adj 0): isolated not needed
06-28 19:03:05.161   567   599 I libprocessgroup: Successfully killed process cgroup uid 90011 pid 9247 in 6ms
06-28 19:03:05.170   567   587 D DisplayManagerService: Drop pending events for gone uid 90011
06-28 19:03:05.174  7527  7527 I Zygote  : Process 9247 exited due to signal 9 (Killed)
06-28 19:03:06.831  6204  6204 E adbd    : failed to connect to socket 'tcp:31337': Connection refused
06-28 19:03:07.903   776   776 D StatusBarIconController: ignoring old pipeline callback because the new wifi icon is enabled
06-28 19:03:08.836  6204  6204 E adbd    : failed to connect to socket 'tcp:31337': Connection refused
06-28 19:03:09.321   567   597 I ActivityManager: Test idle passed
06-28 19:03:10.738   776   776 D StatusBarIconController: ignoring old pipeline callbacks, because the new mobile icons are enabled
06-28 19:03:10.841  6204  6204 E adbd    : failed to connect to socket 'tcp:31337': Connection refused
06-28 19:03:10.904   776   776 D StatusBarIconController: ignoring old pipeline callback because the new wifi icon is enabled
06-28 19:03:12.849  6204  6204 E adbd    : failed to connect to socket 'tcp:31337': Connection refused
06-28 19:03:13.908   776   776 D StatusBarIconController: ignoring old pipeline callback because the new wifi icon is enabled
06-28 19:03:14.327   567   597 I ActivityManager: Test idle passed
06-28 19:03:14.854  6204  6204 E adbd    : failed to connect to socket 'tcp:31337': Connection refused
06-28 19:03:16.860  6204  6204 E adbd    : failed to connect to socket 'tcp:31337': Connection refused
06-28 19:03:16.918   776   776 D StatusBarIconController: ignoring old pipeline callback because the new wifi icon is enabled
06-28 19:03:18.866  6204  6204 E adbd    : failed to connect to socket 'tcp:31337': Connection refused
06-28 19:03:19.317   567  2537 D CompatibilityChangeReporter: Compat change id reported: 161145287; UID 10128; state: DISABLED
06-28 19:03:19.317   567  2537 D CompatibilityChangeReporter: Compat change id reported: 161145287; UID 10128; state: ENABLED
06-28 19:03:19.323  7474  9263 I Vision  : Supported ABIS: [x86_64, arm64-v8a]
06-28 19:03:19.328   567   597 I ActivityManager: Test idle passed
06-28 19:03:19.425  7474  9264 I ChimeraConfigurator: Starting update, reason: 4 urgentFeatures: vision.ocr:-1
06-28 19:03:19.455  7474  9264 I ChimeraConfigurator: Detected pending changes for urgent request: [vision.ocr]. Pending module sets: container:2318189190800+mlkit.ocr.common,tflite_dynamite:2605805025100800+tflite_dynamite,vision_ocr:2316024025100000+vision.ocr
06-28 19:03:19.473  7474  9264 I GmsDebugLogger: [73] 1801
06-28 19:03:19.478  7474  9264 W ZappDownloader: No successful module downloads for requested features [vision.ocr].
06-28 19:03:19.478  7474  9264 I GmsDebugLogger: [30] [VisionOcrDynamite.integ:231602402100000],[TfliteDynamiteDynamite.integ:260580502100800],[MlkitOcrCommon.optional:231818100800]
06-28 19:03:19.481  7474  9264 W ChimeraConfigService: Retry attempt was throttled. [CONTEXT service_id=264 ]
06-28 19:03:19.482  7474  9264 I GmsDebugLogger: [83] 1 [vision.ocr]
06-28 19:03:19.484  7474  9263 W Vision  : Request for optional module download of ocr failed. Request again.
06-28 19:03:19.490  7474  9263 W Vision  : Would have logged:
06-28 19:03:19.490  7474  9263 W Vision  : # dsae@37884fe7
06-28 19:03:19.491  7474  9263 I Vision  : Schedule retrying download ocr at 6637631 with backoff 5120 seconds
06-28 19:03:20.737   776   776 D StatusBarIconController: ignoring old pipeline callbacks, because the new mobile icons are enabled
06-28 19:03:20.876  6204  6204 E adbd    : failed to connect to socket 'tcp:31337': Connection refused
06-28 19:03:22.883  6204  6204 E adbd    : failed to connect to socket 'tcp:31337': Connection refused
06-28 19:03:24.334   567   597 I ActivityManager: Test idle passed
06-28 19:03:24.889  6204  6204 E adbd    : failed to connect to socket 'tcp:31337': Connection refused
06-28 19:03:26.893  6204  6204 E adbd    : failed to connect to socket 'tcp:31337': Connection refused
06-28 19:03:28.898  6204  6204 E adbd    : failed to connect to socket 'tcp:31337': Connection refused
06-28 19:03:28.937   776   776 D StatusBarIconController: ignoring old pipeline callback because the new wifi icon is enabled
06-28 19:03:29.338   567   597 I ActivityManager: Test idle passed
06-28 19:03:30.069  9015  9113 I BugleRcsEngine: [105] bscf.run: delay time out, reset attempts 1 and process SIM event
06-28 19:03:30.082  9015  9113 W BugleRcsEngine: [105] bscd.a: (Sim): process intent: android.intent.action.SIM_STATE_CHANGED
06-28 19:03:30.119  9015  9113 I BugleRcsEngine: [105] bscd.o: (Sim): Processing an intent
06-28 19:03:30.121  9015  9113 I BugleRcsEngine: [105] bscd.z: (Sim): Ignoring duplicate SIM state: LOADED
06-28 19:03:30.736   776   776 D StatusBarIconController: ignoring old pipeline callbacks, because the new mobile icons are enabled
06-28 19:03:30.903  6204  6204 E adbd    : failed to connect to socket 'tcp:31337': Connection refused
06-28 19:03:31.936   776   776 D StatusBarIconController: ignoring old pipeline callback because the new wifi icon is enabled
06-28 19:03:32.910  6204  6204 E adbd    : failed to connect to socket 'tcp:31337': Connection refused
06-28 19:03:34.340   567   597 I ActivityManager: Test idle passed
06-28 19:03:34.915  6204  6204 E adbd    : failed to connect to socket 'tcp:31337': Connection refused
06-28 19:03:34.937   776   776 D StatusBarIconController: ignoring old pipeline callback because the new wifi icon is enabled
06-28 19:03:36.928  6204  6204 E adbd    : failed to connect to socket 'tcp:31337': Connection refused
06-28 19:03:37.966   776   776 D StatusBarIconController: ignoring old pipeline callback because the new wifi icon is enabled
06-28 19:03:38.952  6204  6204 E adbd    : failed to connect to socket 'tcp:31337': Connection refused
06-28 19:03:39.346   567   597 I ActivityManager: Test idle passed
06-28 19:03:39.387  7474  7488 W gle.android.gms: Cleared Reference was only reachable from finalizer (only reported once)
06-28 19:03:40.740   776   776 D StatusBarIconController: ignoring old pipeline callbacks, because the new mobile icons are enabled
06-28 19:03:40.743   776   909 D EGL_emulation: app_time_stats: avg=20338.47ms min=670.59ms max=40006.34ms count=2
06-28 19:03:40.969  6204  6204 E adbd    : failed to connect to socket 'tcp:31337': Connection refused
06-28 19:03:40.975   776   776 D StatusBarIconController: ignoring old pipeline callback because the new wifi icon is enabled
06-28 19:03:42.987  6204  6204 E adbd    : failed to connect to socket 'tcp:31337': Connection refused
06-28 19:03:43.972   776   776 D StatusBarIconController: ignoring old pipeline callback because the new wifi icon is enabled
06-28 19:03:44.349   567   597 I ActivityManager: Test idle passed
06-28 19:03:44.999  6204  6204 E adbd    : failed to connect to socket 'tcp:31337': Connection refused
06-28 19:03:45.466   776   791 I ndroid.systemui: Background young concurrent copying GC freed 315279(14MB) AllocSpace objects, 0(0B) LOS objects, 44% free, 16MB/29MB, paused 5.598ms,61us total 111.245ms
06-28 19:03:46.323   776   791 I ndroid.systemui: Background concurrent copying GC freed 332501(15MB) AllocSpace objects, 0(0B) LOS objects, 49% free, 15MB/31MB, paused 96us,92us total 101.771ms
06-28 19:03:47.011  6204  6204 E adbd    : failed to connect to socket 'tcp:31337': Connection refused
06-28 19:03:49.024  6204  6204 E adbd    : failed to connect to socket 'tcp:31337': Connection refused
06-28 19:03:49.352   567   597 I ActivityManager: Test idle passed
06-28 19:03:49.464   917   931 I droid.bluetooth: Background concurrent copying GC freed 11884(682KB) AllocSpace objects, 0(0B) LOS objects, 49% free, 2372KB/4745KB, paused 68us,25us total 107.056ms
06-28 19:03:49.465   917   931 W droid.bluetooth: Reducing the number of considered missed Gc histogram windows from 660 to 100
06-28 19:03:49.553   776   901 D ControlsListingControllerImpl: Subscribing callback, service count: 0
06-28 19:03:49.576   776   901 D ControlsListingControllerImpl: Unsubscribing callback
06-28 19:03:50.734   776   776 D StatusBarIconController: ignoring old pipeline callbacks, because the new mobile icons are enabled
06-28 19:03:51.042  6204  6204 E adbd    : failed to connect to socket 'tcp:31337': Connection refused
06-28 19:03:53.050  6204  6204 E adbd    : failed to connect to socket 'tcp:31337': Connection refused
06-28 19:03:55.057  6204  6204 E adbd    : failed to connect to socket 'tcp:31337': Connection refused
06-28 19:03:57.065  6204  6204 E adbd    : failed to connect to socket 'tcp:31337': Connection refused
06-28 19:03:59.069  6204  6204 E adbd    : failed to connect to socket 'tcp:31337': Connection refused
06-28 19:04:00.022  7893  8092 I AiAiEcho: Predicting[0]: 
06-28 19:04:00.022  7893  8092 I AiAiEcho: EchoTargets: 
06-28 19:04:00.022  7893  8092 I AiAiEcho: Filtered by AiAi flag check: 
06-28 19:04:00.023  7893  8092 I AiAiEcho: Ranked targets strategy: SORT, count: 0, ranking metadata: 
06-28 19:04:00.024  7893  8092 I AiAiEcho: #postPredictionTargets: Sending updates to UISurface lockscreen with targets# 0 (types=[])
06-28 19:04:00.025   776   909 D EGL_emulation: app_time_stats: avg=19282.00ms min=19282.00ms max=19282.00ms count=1
06-28 19:04:00.037   776   776 W PageIndicator: Total number of pages invalid: 0. Assuming 1 page.
06-28 19:04:00.329     0     0 W healthd : battery l=100 v=5000 t=25.0 h=2 st=2 c=900000 fc=3000000 cc=10 chg=a
06-28 19:04:00.720   776   776 D StatusBarIconController: ignoring old pipeline callbacks, because the new mobile icons are enabled
