06-28 20:23:49.818   776   901 D ControlsListingControllerImpl: Subscribing callback, service count: 0
06-28 20:23:49.834   776   901 D ControlsListingControllerImpl: Unsubscribing callback
06-28 20:23:51.220   776   776 D StatusBarIconController: ignoring old pipeline callbacks, because the new mobile icons are enabled
06-28 20:23:51.843 19439 19439 I Capacitor/Console: File:  - Line 349 - Msg: [object Object]
06-28 20:23:51.844 19439 19439 V Capacitor/Plugin: To native (Capacitor plugin): callbackId: 17833874, pluginId: Preferences, methodName: get
06-28 20:23:51.844 19439 19439 V Capacitor: callback: 17833874, pluginId: Preferences, methodName: get, methodData: {"key":"eliza_device_bridge_id"}
06-28 20:23:51.846 19439 19439 I Capacitor/Console: File:  - Line 333 - Msg: {"value":"c5a71e2e-521c-4f53-8aba-72b539342d1d"}
06-28 20:23:56.116   567   650 D ActivityManager: freezing 24105 com.google.android.gms
06-28 20:23:56.848 19439 19439 I Capacitor/Console: File:  - Line 349 - Msg: [object Object]
06-28 20:23:56.848 19439 19439 V Capacitor/Plugin: To native (Capacitor plugin): callbackId: 17833875, pluginId: Preferences, methodName: get
06-28 20:23:56.849 19439 19439 V Capacitor: callback: 17833875, pluginId: Preferences, methodName: get, methodData: {"key":"eliza_device_bridge_id"}
06-28 20:23:56.851 19439 19439 I Capacitor/Console: File:  - Line 333 - Msg: {"value":"c5a71e2e-521c-4f53-8aba-72b539342d1d"}
06-28 20:24:00.036 25013 25118 I AiAiEcho: Predicting[0]:
06-28 20:24:00.036 25013 25118 I AiAiEcho: EchoTargets:
06-28 20:24:00.036 25013 25118 I AiAiEcho: Filtered by AiAi flag check:
06-28 20:24:00.036 25013 25118 I AiAiEcho: Ranked targets strategy: SORT, count: 0, ranking metadata:
06-28 20:24:00.036 25013 25118 I AiAiEcho: #postPredictionTargets: Sending updates to UISurface lockscreen with targets# 0 (types=[])
06-28 20:24:00.050   776   909 D EGL_emulation: app_time_stats: avg=38829.73ms min=38829.73ms max=38829.73ms count=1
06-28 20:24:00.051   776   776 W PageIndicator: Total number of pages invalid: 0. Assuming 1 page.
06-28 20:24:00.328     0     0 W healthd : battery l=100 v=5000 t=25.0 h=2 st=2 c=900000 fc=3000000 cc=10 chg=a
06-28 20:24:01.113   567  1459 D ActivityManager: sync unfroze 24105 com.google.android.gms for 6
06-28 20:24:01.113   567  1459 W ProcessStats: Tracking association SourceState{bd4f5ef ai.elizaos.app/10192 BTop #17866} whose proc state 2 is better than process ProcessState{310516f com.google.android.gms.persistent/10128 pkg=com.google.android.gms} proc state 4 (2 skipped)
06-28 20:24:01.120 24105 24105 D BoundBrokerSvc: onBind: Intent { act=com.google.android.gms.safetynet.service.START pkg=com.google.android.gms }
06-28 20:24:01.120 24105 24105 D BoundBrokerSvc: Loading bound service for intent: Intent { act=com.google.android.gms.safetynet.service.START pkg=com.google.android.gms }
06-28 20:24:01.220   776   776 D StatusBarIconController: ignoring old pipeline callbacks, because the new mobile icons are enabled
06-28 20:24:01.221   776   909 D EGL_emulation: app_time_stats: avg=1171.34ms min=1171.34ms max=1171.34ms count=1
06-28 20:24:01.852 19439 19439 I Capacitor/Console: File:  - Line 349 - Msg: [object Object]
06-28 20:24:01.853 19439 19439 V Capacitor/Plugin: To native (Capacitor plugin): callbackId: 17833876, pluginId: Preferences, methodName: get
06-28 20:24:01.854 19439 19439 V Capacitor: callback: 17833876, pluginId: Preferences, methodName: get, methodData: {"key":"eliza_device_bridge_id"}
06-28 20:24:01.855 19439 19439 I Capacitor/Console: File:  - Line 333 - Msg: {"value":"c5a71e2e-521c-4f53-8aba-72b539342d1d"}
06-28 20:24:06.857 19439 19439 I Capacitor/Console: File:  - Line 349 - Msg: [object Object]
06-28 20:24:06.858 19439 19439 V Capacitor/Plugin: To native (Capacitor plugin): callbackId: 17833877, pluginId: Preferences, methodName: get
06-28 20:24:06.858 19439 19439 V Capacitor: callback: 17833877, pluginId: Preferences, methodName: get, methodData: {"key":"eliza_device_bridge_id"}
06-28 20:24:06.861 19439 19439 I Capacitor/Console: File:  - Line 333 - Msg: {"value":"c5a71e2e-521c-4f53-8aba-72b539342d1d"}
06-28 20:24:11.219   776   776 D StatusBarIconController: ignoring old pipeline callbacks, because the new mobile icons are enabled
06-28 20:24:11.862 19439 19439 I Capacitor/Console: File:  - Line 349 - Msg: [object Object]
06-28 20:24:11.863 19439 19439 V Capacitor/Plugin: To native (Capacitor plugin): callbackId: 17833878, pluginId: Preferences, methodName: get
06-28 20:24:11.863 19439 19439 V Capacitor: callback: 17833878, pluginId: Preferences, methodName: get, methodData: {"key":"eliza_device_bridge_id"}
06-28 20:24:11.865 19439 19439 I Capacitor/Console: File:  - Line 333 - Msg: {"value":"c5a71e2e-521c-4f53-8aba-72b539342d1d"}
06-28 20:24:16.162   567   677 W ProcessStats: Tracking association SourceState{bd4f5ef ai.elizaos.app/10192 BTop #17872} whose proc state 2 is better than process ProcessState{310516f com.google.android.gms.persistent/10128 pkg=com.google.android.gms} proc state 4 (4 skipped)
06-28 20:24:16.163 24105 24105 D BoundBrokerSvc: onUnbind: Intent { act=com.google.android.gms.safetynet.service.START pkg=com.google.android.gms }
06-28 20:24:16.867 19439 19439 I Capacitor/Console: File:  - Line 349 - Msg: [object Object]
06-28 20:24:16.868 19439 19439 V Capacitor/Plugin: To native (Capacitor plugin): callbackId: 17833879, pluginId: Preferences, methodName: get
06-28 20:24:16.868 19439 19439 V Capacitor: callback: 17833879, pluginId: Preferences, methodName: get, methodData: {"key":"eliza_device_bridge_id"}
06-28 20:24:16.870 19439 19439 I Capacitor/Console: File:  - Line 333 - Msg: {"value":"c5a71e2e-521c-4f53-8aba-72b539342d1d"}
06-28 20:24:21.218   776   776 D StatusBarIconController: ignoring old pipeline callbacks, because the new mobile icons are enabled
06-28 20:24:21.872 19439 19439 I Capacitor/Console: File:  - Line 349 - Msg: [object Object]
06-28 20:24:21.873 19439 19439 V Capacitor/Plugin: To native (Capacitor plugin): callbackId: 17833880, pluginId: Preferences, methodName: get
06-28 20:24:21.873 19439 19439 V Capacitor: callback: 17833880, pluginId: Preferences, methodName: get, methodData: {"key":"eliza_device_bridge_id"}
06-28 20:24:21.875 19439 19439 I Capacitor/Console: File:  - Line 333 - Msg: {"value":"c5a71e2e-521c-4f53-8aba-72b539342d1d"}
06-28 20:24:26.186   567   650 D ActivityManager: freezing 24105 com.google.android.gms
06-28 20:24:26.876 19439 19439 I Capacitor/Console: File:  - Line 349 - Msg: [object Object]
06-28 20:24:26.877 19439 19439 V Capacitor/Plugin: To native (Capacitor plugin): callbackId: 17833881, pluginId: Preferences, methodName: get
06-28 20:24:26.878 19439 19439 V Capacitor: callback: 17833881, pluginId: Preferences, methodName: get, methodData: {"key":"eliza_device_bridge_id"}
06-28 20:24:26.880 19439 19439 I Capacitor/Console: File:  - Line 333 - Msg: {"value":"c5a71e2e-521c-4f53-8aba-72b539342d1d"}
06-28 20:24:31.142   567  1459 D ActivityManager: sync unfroze 24105 com.google.android.gms for 6
06-28 20:24:31.142   567  1459 W ProcessStats: Tracking association SourceState{bd4f5ef ai.elizaos.app/10192 BTop #17875} whose proc state 2 is better than process ProcessState{310516f com.google.android.gms.persistent/10128 pkg=com.google.android.gms} proc state 4 (2 skipped)
06-28 20:24:31.150 24105 24105 D BoundBrokerSvc: onBind: Intent { act=com.google.android.gms.safetynet.service.START pkg=com.google.android.gms }
06-28 20:24:31.150 24105 24105 D BoundBrokerSvc: Loading bound service for intent: Intent { act=com.google.android.gms.safetynet.service.START pkg=com.google.android.gms }
06-28 20:24:31.218   776   776 D StatusBarIconController: ignoring old pipeline callbacks, because the new mobile icons are enabled
06-28 20:24:31.881 19439 19439 I Capacitor/Console: File:  - Line 349 - Msg: [object Object]
06-28 20:24:31.883 19439 19439 V Capacitor/Plugin: To native (Capacitor plugin): callbackId: 17833882, pluginId: Preferences, methodName: get
06-28 20:24:31.883 19439 19439 V Capacitor: callback: 17833882, pluginId: Preferences, methodName: get, methodData: {"key":"eliza_device_bridge_id"}
06-28 20:24:31.885 19439 19439 I Capacitor/Console: File:  - Line 333 - Msg: {"value":"c5a71e2e-521c-4f53-8aba-72b539342d1d"}
06-28 20:24:32.220   776   776 D StatusBarIconController: ignoring old pipeline callback because the new wifi icon is enabled
06-28 20:24:35.235   776   776 D StatusBarIconController: ignoring old pipeline callback because the new wifi icon is enabled
06-28 20:24:36.887 19439 19439 I Capacitor/Console: File:  - Line 349 - Msg: [object Object]
06-28 20:24:36.888 19439 19439 V Capacitor/Plugin: To native (Capacitor plugin): callbackId: 17833883, pluginId: Preferences, methodName: get
06-28 20:24:36.888 19439 19439 V Capacitor: callback: 17833883, pluginId: Preferences, methodName: get, methodData: {"key":"eliza_device_bridge_id"}
06-28 20:24:36.891 19439 19439 I Capacitor/Console: File:  - Line 333 - Msg: {"value":"c5a71e2e-521c-4f53-8aba-72b539342d1d"}
06-28 20:24:38.235   776   776 D StatusBarIconController: ignoring old pipeline callback because the new wifi icon is enabled
06-28 20:24:41.218   776   776 D StatusBarIconController: ignoring old pipeline callbacks, because the new mobile icons are enabled
06-28 20:24:41.220   776   909 D EGL_emulation: app_time_stats: avg=39998.39ms min=39998.39ms max=39998.39ms count=1
06-28 20:24:41.234   776   776 D StatusBarIconController: ignoring old pipeline callback because the new wifi icon is enabled
06-28 20:24:41.892 19439 19439 I Capacitor/Console: File:  - Line 349 - Msg: [object Object]
06-28 20:24:41.893 19439 19439 V Capacitor/Plugin: To native (Capacitor plugin): callbackId: 17833884, pluginId: Preferences, methodName: get
06-28 20:24:41.893 19439 19439 V Capacitor: callback: 17833884, pluginId: Preferences, methodName: get, methodData: {"key":"eliza_device_bridge_id"}
06-28 20:24:41.896 19439 19439 I Capacitor/Console: File:  - Line 333 - Msg: {"value":"c5a71e2e-521c-4f53-8aba-72b539342d1d"}
06-28 20:24:46.165   567   677 W ProcessStats: Tracking association SourceState{bd4f5ef ai.elizaos.app/10192 BTop #17881} whose proc state 2 is better than process ProcessState{310516f com.google.android.gms.persistent/10128 pkg=com.google.android.gms} proc state 4 (4 skipped)
06-28 20:24:46.169 24105 24105 D BoundBrokerSvc: onUnbind: Intent { act=com.google.android.gms.safetynet.service.START pkg=com.google.android.gms }
06-28 20:24:46.897 19439 19439 I Capacitor/Console: File:  - Line 349 - Msg: [object Object]
06-28 20:24:46.897 19439 19439 V Capacitor/Plugin: To native (Capacitor plugin): callbackId: 17833885, pluginId: Preferences, methodName: get
06-28 20:24:46.897 19439 19439 V Capacitor: callback: 17833885, pluginId: Preferences, methodName: get, methodData: {"key":"eliza_device_bridge_id"}
06-28 20:24:46.899 19439 19439 I Capacitor/Console: File:  - Line 333 - Msg: {"value":"c5a71e2e-521c-4f53-8aba-72b539342d1d"}
06-28 20:24:51.220   776   776 D StatusBarIconController: ignoring old pipeline callbacks, because the new mobile icons are enabled
06-28 20:24:51.901 19439 19439 I Capacitor/Console: File:  - Line 349 - Msg: [object Object]
06-28 20:24:51.902 19439 19439 V Capacitor/Plugin: To native (Capacitor plugin): callbackId: 17833886, pluginId: Preferences, methodName: get
06-28 20:24:51.902 19439 19439 V Capacitor: callback: 17833886, pluginId: Preferences, methodName: get, methodData: {"key":"eliza_device_bridge_id"}
06-28 20:24:51.904 19439 19439 I Capacitor/Console: File:  - Line 333 - Msg: {"value":"c5a71e2e-521c-4f53-8aba-72b539342d1d"}
06-28 20:24:56.216   567   650 D ActivityManager: freezing 24105 com.google.android.gms
06-28 20:24:56.906 19439 19439 I Capacitor/Console: File:  - Line 349 - Msg: [object Object]
06-28 20:24:56.907 19439 19439 V Capacitor/Plugin: To native (Capacitor plugin): callbackId: 17833887, pluginId: Preferences, methodName: get
06-28 20:24:56.907 19439 19439 V Capacitor: callback: 17833887, pluginId: Preferences, methodName: get, methodData: {"key":"eliza_device_bridge_id"}
06-28 20:24:56.909 19439 19439 I Capacitor/Console: File:  - Line 333 - Msg: {"value":"c5a71e2e-521c-4f53-8aba-72b539342d1d"}
06-28 20:25:00.023 25013 25118 I AiAiEcho: Predicting[0]:
06-28 20:25:00.023 25013 25118 I AiAiEcho: EchoTargets:
06-28 20:25:00.023 25013 25118 I AiAiEcho: Filtered by AiAi flag check:
06-28 20:25:00.023 25013 25118 I AiAiEcho: Ranked targets strategy: SORT, count: 0, ranking metadata:
06-28 20:25:00.024 25013 25118 I AiAiEcho: #postPredictionTargets: Sending updates to UISurface lockscreen with targets# 0 (types=[])
06-28 20:25:00.025   776   909 D EGL_emulation: app_time_stats: avg=18805.25ms min=18805.25ms max=18805.25ms count=1
06-28 20:25:00.035   776   776 W PageIndicator: Total number of pages invalid: 0. Assuming 1 page.
06-28 20:25:00.328     0     0 W healthd : battery l=100 v=5000 t=25.0 h=2 st=2 c=900000 fc=3000000 cc=10 chg=a
06-28 20:25:01.172   567  1184 D ActivityManager: sync unfroze 24105 com.google.android.gms for 6
06-28 20:25:01.173   567  1184 W ProcessStats: Tracking association SourceState{bd4f5ef ai.elizaos.app/10192 BTop #17884} whose proc state 2 is better than process ProcessState{310516f com.google.android.gms.persistent/10128 pkg=com.google.android.gms} proc state 4 (2 skipped)
06-28 20:25:01.179 24105 24105 D BoundBrokerSvc: onBind: Intent { act=com.google.android.gms.safetynet.service.START pkg=com.google.android.gms }
06-28 20:25:01.179 24105 24105 D BoundBrokerSvc: Loading bound service for intent: Intent { act=com.google.android.gms.safetynet.service.START pkg=com.google.android.gms }
06-28 20:25:01.219   776   776 D StatusBarIconController: ignoring old pipeline callbacks, because the new mobile icons are enabled
06-28 20:25:01.911 19439 19439 I Capacitor/Console: File:  - Line 349 - Msg: [object Object]
06-28 20:25:01.912 19439 19439 V Capacitor/Plugin: To native (Capacitor plugin): callbackId: 17833888, pluginId: Preferences, methodName: get
06-28 20:25:01.912 19439 19439 V Capacitor: callback: 17833888, pluginId: Preferences, methodName: get, methodData: {"key":"eliza_device_bridge_id"}
06-28 20:25:01.914 19439 19439 I Capacitor/Console: File:  - Line 333 - Msg: {"value":"c5a71e2e-521c-4f53-8aba-72b539342d1d"}
06-28 20:25:06.916 19439 19439 I Capacitor/Console: File:  - Line 349 - Msg: [object Object]
06-28 20:25:06.917 19439 19439 V Capacitor/Plugin: To native (Capacitor plugin): callbackId: 17833889, pluginId: Preferences, methodName: get
06-28 20:25:06.917 19439 19439 V Capacitor: callback: 17833889, pluginId: Preferences, methodName: get, methodData: {"key":"eliza_device_bridge_id"}
06-28 20:25:06.918 19439 19439 I Capacitor/Console: File:  - Line 333 - Msg: {"value":"c5a71e2e-521c-4f53-8aba-72b539342d1d"}
06-28 20:25:11.220   776   776 D StatusBarIconController: ignoring old pipeline callbacks, because the new mobile icons are enabled
06-28 20:25:11.920 19439 19439 I Capacitor/Console: File:  - Line 349 - Msg: [object Object]
06-28 20:25:11.921 19439 19439 V Capacitor/Plugin: To native (Capacitor plugin): callbackId: 17833890, pluginId: Preferences, methodName: get
06-28 20:25:11.921 19439 19439 V Capacitor: callback: 17833890, pluginId: Preferences, methodName: get, methodData: {"key":"eliza_device_bridge_id"}
06-28 20:25:11.923 19439 19439 I Capacitor/Console: File:  - Line 333 - Msg: {"value":"c5a71e2e-521c-4f53-8aba-72b539342d1d"}
06-28 20:25:16.244   567   677 W ProcessStats: Tracking association SourceState{bd4f5ef ai.elizaos.app/10192 BTop #17890} whose proc state 2 is better than process ProcessState{310516f com.google.android.gms.persistent/10128 pkg=com.google.android.gms} proc state 4 (4 skipped)
06-28 20:25:16.244 24105 24105 D BoundBrokerSvc: onUnbind: Intent { act=com.google.android.gms.safetynet.service.START pkg=com.google.android.gms }
06-28 20:25:16.925 19439 19439 I Capacitor/Console: File:  - Line 349 - Msg: [object Object]
06-28 20:25:16.925 19439 19439 V Capacitor/Plugin: To native (Capacitor plugin): callbackId: 17833891, pluginId: Preferences, methodName: get
06-28 20:25:16.926 19439 19439 V Capacitor: callback: 17833891, pluginId: Preferences, methodName: get, methodData: {"key":"eliza_device_bridge_id"}
06-28 20:25:16.927 19439 19439 I Capacitor/Console: File:  - Line 333 - Msg: {"value":"c5a71e2e-521c-4f53-8aba-72b539342d1d"}
06-28 20:25:21.218   776   776 D StatusBarIconController: ignoring old pipeline callbacks, because the new mobile icons are enabled
06-28 20:25:21.930 19439 19439 I Capacitor/Console: File:  - Line 349 - Msg: [object Object]
06-28 20:25:21.931 19439 19439 V Capacitor/Plugin: To native (Capacitor plugin): callbackId: 17833892, pluginId: Preferences, methodName: get
06-28 20:25:21.931 19439 19439 V Capacitor: callback: 17833892, pluginId: Preferences, methodName: get, methodData: {"key":"eliza_device_bridge_id"}
06-28 20:25:21.933 19439 19439 I Capacitor/Console: File:  - Line 333 - Msg: {"value":"c5a71e2e-521c-4f53-8aba-72b539342d1d"}
06-28 20:25:26.249   567   650 D ActivityManager: freezing 24105 com.google.android.gms
06-28 20:25:26.703   567   597 W ProcessStats: Tracking association SourceState{bd4f5ef ai.elizaos.app/10192 BTop #17893} whose proc state 2 is better than process ProcessState{310516f com.google.android.gms.persistent/10128 pkg=com.google.android.gms} proc state 4 (2 skipped)
06-28 20:25:26.706 24004 24855 I AlarmManager: setExactAndAllowWhileIdle [name: GCM_HB_ALARM type: 2 triggerAtMillis: 11624847]
06-28 20:25:26.743 24004 16554 I AlarmManager: setExactAndAllowWhileIdle [name: GCM_HB_ALARM type: 2 triggerAtMillis: 11854884]
06-28 20:25:26.935 19439 19439 I Capacitor/Console: File:  - Line 349 - Msg: [object Object]
06-28 20:25:26.936 19439 19439 V Capacitor/Plugin: To native (Capacitor plugin): callbackId: 17833893, pluginId: Preferences, methodName: get
06-28 20:25:26.936 19439 19439 V Capacitor: callback: 17833893, pluginId: Preferences, methodName: get, methodData: {"key":"eliza_device_bridge_id"}
06-28 20:25:26.939 19439 19439 I Capacitor/Console: File:  - Line 333 - Msg: {"value":"c5a71e2e-521c-4f53-8aba-72b539342d1d"}
06-28 20:25:29.320   776   776 D StatusBarIconController: ignoring old pipeline callback because the new wifi icon is enabled
06-28 20:25:31.185   567   677 D ActivityManager: sync unfroze 24105 com.google.android.gms for 6
06-28 20:25:31.195 24105 24105 D BoundBrokerSvc: onBind: Intent { act=com.google.android.gms.safetynet.service.START pkg=com.google.android.gms }
06-28 20:25:31.195 24105 24105 D BoundBrokerSvc: Loading bound service for intent: Intent { act=com.google.android.gms.safetynet.service.START pkg=com.google.android.gms }
06-28 20:25:31.219   776   776 D StatusBarIconController: ignoring old pipeline callbacks, because the new mobile icons are enabled
06-28 20:25:31.941 19439 19439 I Capacitor/Console: File:  - Line 349 - Msg: [object Object]
06-28 20:25:31.942 19439 19439 V Capacitor/Plugin: To native (Capacitor plugin): callbackId: 17833894, pluginId: Preferences, methodName: get
06-28 20:25:31.942 19439 19439 V Capacitor: callback: 17833894, pluginId: Preferences, methodName: get, methodData: {"key":"eliza_device_bridge_id"}
06-28 20:25:31.947 19439 19439 I Capacitor/Console: File:  - Line 333 - Msg: {"value":"c5a71e2e-521c-4f53-8aba-72b539342d1d"}
06-28 20:25:32.865   567   677 D WifiNl80211Manager: Scan result ready event
06-28 20:25:32.865   567   677 D WifiNative: Scan result ready event
06-28 20:25:35.319   776   776 D StatusBarIconController: ignoring old pipeline callback because the new wifi icon is enabled
06-28 20:25:36.948 19439 19439 I Capacitor/Console: File:  - Line 349 - Msg: [object Object]
06-28 20:25:36.950 19439 19439 V Capacitor/Plugin: To native (Capacitor plugin): callbackId: 17833895, pluginId: Preferences, methodName: get
06-28 20:25:36.950 19439 19439 V Capacitor: callback: 17833895, pluginId: Preferences, methodName: get, methodData: {"key":"eliza_device_bridge_id"}
06-28 20:25:36.952 19439 19439 I Capacitor/Console: File:  - Line 333 - Msg: {"value":"c5a71e2e-521c-4f53-8aba-72b539342d1d"}
06-28 20:25:41.218   776   776 D StatusBarIconController: ignoring old pipeline callbacks, because the new mobile icons are enabled
06-28 20:25:41.953 19439 19439 I Capacitor/Console: File:  - Line 349 - Msg: [object Object]
06-28 20:25:41.954 19439 19439 V Capacitor/Plugin: To native (Capacitor plugin): callbackId: 17833896, pluginId: Preferences, methodName: get
06-28 20:25:41.954 19439 19439 V Capacitor: callback: 17833896, pluginId: Preferences, methodName: get, methodData: {"key":"eliza_device_bridge_id"}
06-28 20:25:41.956 19439 19439 I Capacitor/Console: File:  - Line 333 - Msg: {"value":"c5a71e2e-521c-4f53-8aba-72b539342d1d"}
06-28 20:25:46.263 24105 24105 D BoundBrokerSvc: onUnbind: Intent { act=com.google.android.gms.safetynet.service.START pkg=com.google.android.gms }
06-28 20:25:46.957 19439 19439 I Capacitor/Console: File:  - Line 349 - Msg: [object Object]
06-28 20:25:46.958 19439 19439 V Capacitor/Plugin: To native (Capacitor plugin): callbackId: 17833897, pluginId: Preferences, methodName: get
06-28 20:25:46.958 19439 19439 V Capacitor: callback: 17833897, pluginId: Preferences, methodName: get, methodData: {"key":"eliza_device_bridge_id"}
06-28 20:25:46.960 19439 19439 I Capacitor/Console: File:  - Line 333 - Msg: {"value":"c5a71e2e-521c-4f53-8aba-72b539342d1d"}
06-28 20:25:51.220   776   776 D StatusBarIconController: ignoring old pipeline callbacks, because the new mobile icons are enabled
06-28 20:25:51.961 19439 19439 I Capacitor/Console: File:  - Line 349 - Msg: [object Object]
06-28 20:25:51.962 19439 19439 V Capacitor/Plugin: To native (Capacitor plugin): callbackId: 17833898, pluginId: Preferences, methodName: get
06-28 20:25:51.962 19439 19439 V Capacitor: callback: 17833898, pluginId: Preferences, methodName: get, methodData: {"key":"eliza_device_bridge_id"}
06-28 20:25:51.964 19439 19439 I Capacitor/Console: File:  - Line 333 - Msg: {"value":"c5a71e2e-521c-4f53-8aba-72b539342d1d"}
06-28 20:25:56.266   567   650 D ActivityManager: freezing 24105 com.google.android.gms
06-28 20:25:56.966 19439 19439 I Capacitor/Console: File:  - Line 349 - Msg: [object Object]
06-28 20:25:56.967 19439 19439 V Capacitor/Plugin: To native (Capacitor plugin): callbackId: 17833899, pluginId: Preferences, methodName: get
06-28 20:25:56.967 19439 19439 V Capacitor: callback: 17833899, pluginId: Preferences, methodName: get, methodData: {"key":"eliza_device_bridge_id"}
06-28 20:25:56.968 19439 19439 I Capacitor/Console: File:  - Line 333 - Msg: {"value":"c5a71e2e-521c-4f53-8aba-72b539342d1d"}
06-28 20:26:00.021 25013 25118 I AiAiEcho: Predicting[0]:
06-28 20:26:00.021 25013 25118 I AiAiEcho: EchoTargets:
06-28 20:26:00.021 25013 25118 I AiAiEcho: Filtered by AiAi flag check:
06-28 20:26:00.021 25013 25118 I AiAiEcho: Ranked targets strategy: SORT, count: 0, ranking metadata:
06-28 20:26:00.022 25013 25118 I AiAiEcho: #postPredictionTargets: Sending updates to UISurface lockscreen with targets# 0 (types=[])
06-28 20:26:00.037   776   776 W PageIndicator: Total number of pages invalid: 0. Assuming 1 page.
06-28 20:26:00.056   776   909 D EGL_emulation: app_time_stats: avg=60031.25ms min=60031.25ms max=60031.25ms count=1
06-28 20:26:00.328     0     0 W healthd : battery l=100 v=5000 t=25.0 h=2 st=2 c=900000 fc=3000000 cc=10 chg=a
06-28 20:26:01.211   567   628 D ActivityManager: sync unfroze 24105 com.google.android.gms for 6
06-28 20:26:01.219   776   776 D StatusBarIconController: ignoring old pipeline callbacks, because the new mobile icons are enabled
06-28 20:26:01.221 24105 24105 D BoundBrokerSvc: onBind: Intent { act=com.google.android.gms.safetynet.service.START pkg=com.google.android.gms }
06-28 20:26:01.221 24105 24105 D BoundBrokerSvc: Loading bound service for intent: Intent { act=com.google.android.gms.safetynet.service.START pkg=com.google.android.gms }
06-28 20:26:01.970 19439 19439 I Capacitor/Console: File:  - Line 349 - Msg: [object Object]
06-28 20:26:01.971 19439 19439 V Capacitor/Plugin: To native (Capacitor plugin): callbackId: 17833900, pluginId: Preferences, methodName: get
06-28 20:26:01.971 19439 19439 V Capacitor: callback: 17833900, pluginId: Preferences, methodName: get, methodData: {"key":"eliza_device_bridge_id"}
06-28 20:26:01.972 19439 19439 I Capacitor/Console: File:  - Line 333 - Msg: {"value":"c5a71e2e-521c-4f53-8aba-72b539342d1d"}
06-28 20:26:06.974 19439 19439 I Capacitor/Console: File:  - Line 349 - Msg: [object Object]
06-28 20:26:06.975 19439 19439 V Capacitor/Plugin: To native (Capacitor plugin): callbackId: 17833901, pluginId: Preferences, methodName: get
06-28 20:26:06.975 19439 19439 V Capacitor: callback: 17833901, pluginId: Preferences, methodName: get, methodData: {"key":"eliza_device_bridge_id"}
06-28 20:26:06.978 19439 19439 I Capacitor/Console: File:  - Line 333 - Msg: {"value":"c5a71e2e-521c-4f53-8aba-72b539342d1d"}
06-28 20:26:11.218   776   776 D StatusBarIconController: ignoring old pipeline callbacks, because the new mobile icons are enabled
06-28 20:26:11.979 19439 19439 I Capacitor/Console: File:  - Line 349 - Msg: [object Object]
06-28 20:26:11.980 19439 19439 V Capacitor/Plugin: To native (Capacitor plugin): callbackId: 17833902, pluginId: Preferences, methodName: get
06-28 20:26:11.980 19439 19439 V Capacitor: callback: 17833902, pluginId: Preferences, methodName: get, methodData: {"key":"eliza_device_bridge_id"}
06-28 20:26:11.982 19439 19439 I Capacitor/Console: File:  - Line 333 - Msg: {"value":"c5a71e2e-521c-4f53-8aba-72b539342d1d"}
06-28 20:26:16.251 24105 24105 D BoundBrokerSvc: onUnbind: Intent { act=com.google.android.gms.safetynet.service.START pkg=com.google.android.gms }
06-28 20:26:16.984 19439 19439 I Capacitor/Console: File:  - Line 349 - Msg: [object Object]
06-28 20:26:16.984 19439 19439 V Capacitor/Plugin: To native (Capacitor plugin): callbackId: 17833903, pluginId: Preferences, methodName: get
06-28 20:26:16.984 19439 19439 V Capacitor: callback: 17833903, pluginId: Preferences, methodName: get, methodData: {"key":"eliza_device_bridge_id"}
06-28 20:26:16.987 19439 19439 I Capacitor/Console: File:  - Line 333 - Msg: {"value":"c5a71e2e-521c-4f53-8aba-72b539342d1d"}
06-28 20:26:21.219   776   776 D StatusBarIconController: ignoring old pipeline callbacks, because the new mobile icons are enabled
06-28 20:26:21.221   776   909 D EGL_emulation: app_time_stats: avg=21164.35ms min=21164.35ms max=21164.35ms count=1
06-28 20:26:21.988 19439 19439 I Capacitor/Console: File:  - Line 349 - Msg: [object Object]
06-28 20:26:21.989 19439 19439 V Capacitor/Plugin: To native (Capacitor plugin): callbackId: 17833904, pluginId: Preferences, methodName: get
06-28 20:26:21.989 19439 19439 V Capacitor: callback: 17833904, pluginId: Preferences, methodName: get, methodData: {"key":"eliza_device_bridge_id"}
06-28 20:26:21.991 19439 19439 I Capacitor/Console: File:  - Line 333 - Msg: {"value":"c5a71e2e-521c-4f53-8aba-72b539342d1d"}
06-28 20:26:26.265   567   650 D ActivityManager: freezing 24105 com.google.android.gms
06-28 20:26:26.992 19439 19439 I Capacitor/Console: File:  - Line 349 - Msg: [object Object]
06-28 20:26:26.993 19439 19439 V Capacitor/Plugin: To native (Capacitor plugin): callbackId: 17833905, pluginId: Preferences, methodName: get
06-28 20:26:26.993 19439 19439 V Capacitor: callback: 17833905, pluginId: Preferences, methodName: get, methodData: {"key":"eliza_device_bridge_id"}
06-28 20:26:26.995 19439 19439 I Capacitor/Console: File:  - Line 333 - Msg: {"value":"c5a71e2e-521c-4f53-8aba-72b539342d1d"}
06-28 20:26:31.218   776   776 D StatusBarIconController: ignoring old pipeline callbacks, because the new mobile icons are enabled
06-28 20:26:31.242   567   628 D ActivityManager: sync unfroze 24105 com.google.android.gms for 6
06-28 20:26:31.251 24105 24105 D BoundBrokerSvc: onBind: Intent { act=com.google.android.gms.safetynet.service.START pkg=com.google.android.gms }
06-28 20:26:31.251 24105 24105 D BoundBrokerSvc: Loading bound service for intent: Intent { act=com.google.android.gms.safetynet.service.START pkg=com.google.android.gms }
06-28 20:26:31.997 19439 19439 I Capacitor/Console: File:  - Line 349 - Msg: [object Object]
06-28 20:26:31.998 19439 19439 V Capacitor/Plugin: To native (Capacitor plugin): callbackId: 17833906, pluginId: Preferences, methodName: get
06-28 20:26:31.998 19439 19439 V Capacitor: callback: 17833906, pluginId: Preferences, methodName: get, methodData: {"key":"eliza_device_bridge_id"}
06-28 20:26:32.001 19439 19439 I Capacitor/Console: File:  - Line 333 - Msg: {"value":"c5a71e2e-521c-4f53-8aba-72b539342d1d"}
06-28 20:26:37.002 19439 19439 I Capacitor/Console: File:  - Line 349 - Msg: [object Object]
06-28 20:26:37.003 19439 19439 V Capacitor/Plugin: To native (Capacitor plugin): callbackId: 17833907, pluginId: Preferences, methodName: get
06-28 20:26:37.003 19439 19439 V Capacitor: callback: 17833907, pluginId: Preferences, methodName: get, methodData: {"key":"eliza_device_bridge_id"}
06-28 20:26:37.005 19439 19439 I Capacitor/Console: File:  - Line 333 - Msg: {"value":"c5a71e2e-521c-4f53-8aba-72b539342d1d"}
06-28 20:26:41.219   776   776 D StatusBarIconController: ignoring old pipeline callbacks, because the new mobile icons are enabled
06-28 20:26:42.006 19439 19439 I Capacitor/Console: File:  - Line 349 - Msg: [object Object]
06-28 20:26:42.007 19439 19439 V Capacitor/Plugin: To native (Capacitor plugin): callbackId: 17833908, pluginId: Preferences, methodName: get
06-28 20:26:42.008 19439 19439 V Capacitor: callback: 17833908, pluginId: Preferences, methodName: get, methodData: {"key":"eliza_device_bridge_id"}
06-28 20:26:42.010 19439 19439 I Capacitor/Console: File:  - Line 333 - Msg: {"value":"c5a71e2e-521c-4f53-8aba-72b539342d1d"}
06-28 20:26:46.316 24105 24105 D BoundBrokerSvc: onUnbind: Intent { act=com.google.android.gms.safetynet.service.START pkg=com.google.android.gms }
06-28 20:26:47.011 19439 19439 I Capacitor/Console: File:  - Line 349 - Msg: [object Object]
06-28 20:26:47.012 19439 19439 V Capacitor/Plugin: To native (Capacitor plugin): callbackId: 17833909, pluginId: Preferences, methodName: get
06-28 20:26:47.013 19439 19439 V Capacitor: callback: 17833909, pluginId: Preferences, methodName: get, methodData: {"key":"eliza_device_bridge_id"}
06-28 20:26:47.014 19439 19439 I Capacitor/Console: File:  - Line 333 - Msg: {"value":"c5a71e2e-521c-4f53-8aba-72b539342d1d"}
06-28 20:26:51.217   776   776 D StatusBarIconController: ignoring old pipeline callbacks, because the new mobile icons are enabled
06-28 20:26:52.016 19439 19439 I Capacitor/Console: File:  - Line 349 - Msg: [object Object]
06-28 20:26:52.017 19439 19439 V Capacitor/Plugin: To native (Capacitor plugin): callbackId: 17833910, pluginId: Preferences, methodName: get
06-28 20:26:52.017 19439 19439 V Capacitor: callback: 17833910, pluginId: Preferences, methodName: get, methodData: {"key":"eliza_device_bridge_id"}
06-28 20:26:52.018 19439 19439 I Capacitor/Console: File:  - Line 333 - Msg: {"value":"c5a71e2e-521c-4f53-8aba-72b539342d1d"}
06-28 20:26:56.366   567   650 D ActivityManager: freezing 24105 com.google.android.gms
06-28 20:26:57.020 19439 19439 I Capacitor/Console: File:  - Line 349 - Msg: [object Object]
06-28 20:26:57.021 19439 19439 V Capacitor/Plugin: To native (Capacitor plugin): callbackId: 17833911, pluginId: Preferences, methodName: get
06-28 20:26:57.021 19439 19439 V Capacitor: callback: 17833911, pluginId: Preferences, methodName: get, methodData: {"key":"eliza_device_bridge_id"}
06-28 20:26:57.023 19439 19439 I Capacitor/Console: File:  - Line 333 - Msg: {"value":"c5a71e2e-521c-4f53-8aba-72b539342d1d"}
06-28 20:27:00.038 25013 25118 I AiAiEcho: Predicting[0]:
06-28 20:27:00.038 25013 25118 I AiAiEcho: EchoTargets:
06-28 20:27:00.038 25013 25118 I AiAiEcho: Filtered by AiAi flag check:
06-28 20:27:00.038 25013 25118 I AiAiEcho: Ranked targets strategy: SORT, count: 0, ranking metadata:
06-28 20:27:00.039 25013 25118 I AiAiEcho: #postPredictionTargets: Sending updates to UISurface lockscreen with targets# 0 (types=[])
06-28 20:27:00.041   776   909 D EGL_emulation: app_time_stats: avg=38820.21ms min=38820.21ms max=38820.21ms count=1
06-28 20:27:00.053   776   776 W PageIndicator: Total number of pages invalid: 0. Assuming 1 page.
06-28 20:27:00.328     0     0 W healthd : battery l=100 v=5000 t=25.0 h=2 st=2 c=900000 fc=3000000 cc=10 chg=a
06-28 20:27:01.219   776   776 D StatusBarIconController: ignoring old pipeline callbacks, because the new mobile icons are enabled
06-28 20:27:01.228   776   909 D EGL_emulation: app_time_stats: avg=1187.17ms min=1187.17ms max=1187.17ms count=1
06-28 20:27:01.272   567   677 D ActivityManager: sync unfroze 24105 com.google.android.gms for 6
06-28 20:27:01.281 24105 24105 D BoundBrokerSvc: onBind: Intent { act=com.google.android.gms.safetynet.service.START pkg=com.google.android.gms }
06-28 20:27:01.281 24105 24105 D BoundBrokerSvc: Loading bound service for intent: Intent { act=com.google.android.gms.safetynet.service.START pkg=com.google.android.gms }
06-28 20:27:02.025 19439 19439 I Capacitor/Console: File:  - Line 349 - Msg: [object Object]
06-28 20:27:02.026 19439 19439 V Capacitor/Plugin: To native (Capacitor plugin): callbackId: 17833912, pluginId: Preferences, methodName: get
06-28 20:27:02.026 19439 19439 V Capacitor: callback: 17833912, pluginId: Preferences, methodName: get, methodData: {"key":"eliza_device_bridge_id"}
06-28 20:27:02.027 19439 19439 I Capacitor/Console: File:  - Line 333 - Msg: {"value":"c5a71e2e-521c-4f53-8aba-72b539342d1d"}
06-28 20:27:07.029 19439 19439 I Capacitor/Console: File:  - Line 349 - Msg: [object Object]
06-28 20:27:07.030 19439 19439 V Capacitor/Plugin: To native (Capacitor plugin): callbackId: 17833913, pluginId: Preferences, methodName: get
06-28 20:27:07.030 19439 19439 V Capacitor: callback: 17833913, pluginId: Preferences, methodName: get, methodData: {"key":"eliza_device_bridge_id"}
06-28 20:27:07.032 19439 19439 I Capacitor/Console: File:  - Line 333 - Msg: {"value":"c5a71e2e-521c-4f53-8aba-72b539342d1d"}
06-28 20:27:11.220   776   776 D StatusBarIconController: ignoring old pipeline callbacks, because the new mobile icons are enabled
06-28 20:27:12.034 19439 19439 I Capacitor/Console: File:  - Line 349 - Msg: [object Object]
06-28 20:27:12.035 19439 19439 V Capacitor/Plugin: To native (Capacitor plugin): callbackId: 17833914, pluginId: Preferences, methodName: get
06-28 20:27:12.035 19439 19439 V Capacitor: callback: 17833914, pluginId: Preferences, methodName: get, methodData: {"key":"eliza_device_bridge_id"}
06-28 20:27:12.038 19439 19439 I Capacitor/Console: File:  - Line 333 - Msg: {"value":"c5a71e2e-521c-4f53-8aba-72b539342d1d"}
06-28 20:27:16.344 24105 24105 D BoundBrokerSvc: onUnbind: Intent { act=com.google.android.gms.safetynet.service.START pkg=com.google.android.gms }
06-28 20:27:17.039 19439 19439 I Capacitor/Console: File:  - Line 349 - Msg: [object Object]
06-28 20:27:17.040 19439 19439 V Capacitor/Plugin: To native (Capacitor plugin): callbackId: 17833915, pluginId: Preferences, methodName: get
06-28 20:27:17.040 19439 19439 V Capacitor: callback: 17833915, pluginId: Preferences, methodName: get, methodData: {"key":"eliza_device_bridge_id"}
06-28 20:27:17.042 19439 19439 I Capacitor/Console: File:  - Line 333 - Msg: {"value":"c5a71e2e-521c-4f53-8aba-72b539342d1d"}
06-28 20:27:21.219   776   776 D StatusBarIconController: ignoring old pipeline callbacks, because the new mobile icons are enabled
06-28 20:27:22.044 19439 19439 I Capacitor/Console: File:  - Line 349 - Msg: [object Object]
06-28 20:27:22.045 19439 19439 V Capacitor/Plugin: To native (Capacitor plugin): callbackId: 17833916, pluginId: Preferences, methodName: get
06-28 20:27:22.045 19439 19439 V Capacitor: callback: 17833916, pluginId: Preferences, methodName: get, methodData: {"key":"eliza_device_bridge_id"}
06-28 20:27:22.047 19439 19439 I Capacitor/Console: File:  - Line 333 - Msg: {"value":"c5a71e2e-521c-4f53-8aba-72b539342d1d"}
06-28 20:27:26.356   567   650 D ActivityManager: freezing 24105 com.google.android.gms
06-28 20:27:27.048 19439 19439 I Capacitor/Console: File:  - Line 349 - Msg: [object Object]
06-28 20:27:27.049 19439 19439 V Capacitor/Plugin: To native (Capacitor plugin): callbackId: 17833917, pluginId: Preferences, methodName: get
06-28 20:27:27.049 19439 19439 V Capacitor: callback: 17833917, pluginId: Preferences, methodName: get, methodData: {"key":"eliza_device_bridge_id"}
06-28 20:27:27.050 19439 19439 I Capacitor/Console: File:  - Line 333 - Msg: {"value":"c5a71e2e-521c-4f53-8aba-72b539342d1d"}
06-28 20:27:31.219   776   776 D StatusBarIconController: ignoring old pipeline callbacks, because the new mobile icons are enabled
06-28 20:27:31.286   567   628 D ActivityManager: sync unfroze 24105 com.google.android.gms for 6
06-28 20:27:31.295 24105 24105 D BoundBrokerSvc: onBind: Intent { act=com.google.android.gms.safetynet.service.START pkg=com.google.android.gms }
06-28 20:27:31.295 24105 24105 D BoundBrokerSvc: Loading bound service for intent: Intent { act=com.google.android.gms.safetynet.service.START pkg=com.google.android.gms }
06-28 20:27:32.052 19439 19439 I Capacitor/Console: File:  - Line 349 - Msg: [object Object]
06-28 20:27:32.052 19439 19439 V Capacitor/Plugin: To native (Capacitor plugin): callbackId: 17833918, pluginId: Preferences, methodName: get
06-28 20:27:32.053 19439 19439 V Capacitor: callback: 17833918, pluginId: Preferences, methodName: get, methodData: {"key":"eliza_device_bridge_id"}
06-28 20:27:32.054 19439 19439 I Capacitor/Console: File:  - Line 333 - Msg: {"value":"c5a71e2e-521c-4f53-8aba-72b539342d1d"}
06-28 20:27:37.056 19439 19439 I Capacitor/Console: File:  - Line 349 - Msg: [object Object]
06-28 20:27:37.057 19439 19439 V Capacitor/Plugin: To native (Capacitor plugin): callbackId: 17833919, pluginId: Preferences, methodName: get
06-28 20:27:37.057 19439 19439 V Capacitor: callback: 17833919, pluginId: Preferences, methodName: get, methodData: {"key":"eliza_device_bridge_id"}
06-28 20:27:37.060 19439 19439 I Capacitor/Console: File:  - Line 333 - Msg: {"value":"c5a71e2e-521c-4f53-8aba-72b539342d1d"}
06-28 20:27:41.219   776   776 D StatusBarIconController: ignoring old pipeline callbacks, because the new mobile icons are enabled
06-28 20:27:41.222   776   909 D EGL_emulation: app_time_stats: avg=39993.10ms min=39993.10ms max=39993.10ms count=1
06-28 20:27:42.061 19439 19439 I Capacitor/Console: File:  - Line 349 - Msg: [object Object]
06-28 20:27:42.062 19439 19439 V Capacitor/Plugin: To native (Capacitor plugin): callbackId: 17833920, pluginId: Preferences, methodName: get
06-28 20:27:42.063 19439 19439 V Capacitor: callback: 17833920, pluginId: Preferences, methodName: get, methodData: {"key":"eliza_device_bridge_id"}
06-28 20:27:42.065 19439 19439 I Capacitor/Console: File:  - Line 333 - Msg: {"value":"c5a71e2e-521c-4f53-8aba-72b539342d1d"}
06-28 20:27:46.361 24105 24105 D BoundBrokerSvc: onUnbind: Intent { act=com.google.android.gms.safetynet.service.START pkg=com.google.android.gms }
06-28 20:27:47.066 19439 19439 I Capacitor/Console: File:  - Line 349 - Msg: [object Object]
06-28 20:27:47.067 19439 19439 V Capacitor/Plugin: To native (Capacitor plugin): callbackId: 17833921, pluginId: Preferences, methodName: get
06-28 20:27:47.067 19439 19439 V Capacitor: callback: 17833921, pluginId: Preferences, methodName: get, methodData: {"key":"eliza_device_bridge_id"}
06-28 20:27:47.070 19439 19439 I Capacitor/Console: File:  - Line 333 - Msg: {"value":"c5a71e2e-521c-4f53-8aba-72b539342d1d"}
06-28 20:27:51.219   776   776 D StatusBarIconController: ignoring old pipeline callbacks, because the new mobile icons are enabled
06-28 20:27:52.071 19439 19439 I Capacitor/Console: File:  - Line 349 - Msg: [object Object]
06-28 20:27:52.072 19439 19439 V Capacitor/Plugin: To native (Capacitor plugin): callbackId: 17833922, pluginId: Preferences, methodName: get
06-28 20:27:52.072 19439 19439 V Capacitor: callback: 17833922, pluginId: Preferences, methodName: get, methodData: {"key":"eliza_device_bridge_id"}
06-28 20:27:52.074 19439 19439 I Capacitor/Console: File:  - Line 333 - Msg: {"value":"c5a71e2e-521c-4f53-8aba-72b539342d1d"}
06-28 20:27:56.377   567   650 D ActivityManager: freezing 24105 com.google.android.gms
06-28 20:27:56.553   776   776 D StatusBarIconController: ignoring old pipeline callback because the new wifi icon is enabled
06-28 20:27:57.076 19439 19439 I Capacitor/Console: File:  - Line 349 - Msg: [object Object]
06-28 20:27:57.077 19439 19439 V Capacitor/Plugin: To native (Capacitor plugin): callbackId: 17833923, pluginId: Preferences, methodName: get
06-28 20:27:57.077 19439 19439 V Capacitor: callback: 17833923, pluginId: Preferences, methodName: get, methodData: {"key":"eliza_device_bridge_id"}
06-28 20:27:57.079 19439 19439 I Capacitor/Console: File:  - Line 333 - Msg: {"value":"c5a71e2e-521c-4f53-8aba-72b539342d1d"}
06-28 20:27:59.552   776   776 D StatusBarIconController: ignoring old pipeline callback because the new wifi icon is enabled
06-28 20:28:00.035 25013 25118 I AiAiEcho: Predicting[0]:
06-28 20:28:00.036 25013 25118 I AiAiEcho: EchoTargets:
06-28 20:28:00.036 25013 25118 I AiAiEcho: Filtered by AiAi flag check:
06-28 20:28:00.036 25013 25118 I AiAiEcho: Ranked targets strategy: SORT, count: 0, ranking metadata:
06-28 20:28:00.036 25013 25118 I AiAiEcho: #postPredictionTargets: Sending updates to UISurface lockscreen with targets# 0 (types=[])
06-28 20:28:00.051   776   909 D EGL_emulation: app_time_stats: avg=18829.18ms min=18829.18ms max=18829.18ms count=1
06-28 20:28:00.051   776   776 W PageIndicator: Total number of pages invalid: 0. Assuming 1 page.
06-28 20:28:00.328     0     0 W healthd : battery l=100 v=5000 t=25.0 h=2 st=2 c=900000 fc=3000000 cc=10 chg=a
06-28 20:28:01.218   776   776 D StatusBarIconController: ignoring old pipeline callbacks, because the new mobile icons are enabled
06-28 20:28:01.314   567   628 D ActivityManager: sync unfroze 24105 com.google.android.gms for 6
06-28 20:28:01.322 24105 24105 D BoundBrokerSvc: onBind: Intent { act=com.google.android.gms.safetynet.service.START pkg=com.google.android.gms }
06-28 20:28:01.322 24105 24105 D BoundBrokerSvc: Loading bound service for intent: Intent { act=com.google.android.gms.safetynet.service.START pkg=com.google.android.gms }
06-28 20:28:02.080 19439 19439 I Capacitor/Console: File:  - Line 349 - Msg: [object Object]
06-28 20:28:02.081 19439 19439 V Capacitor/Plugin: To native (Capacitor plugin): callbackId: 17833924, pluginId: Preferences, methodName: get
06-28 20:28:02.082 19439 19439 V Capacitor: callback: 17833924, pluginId: Preferences, methodName: get, methodData: {"key":"eliza_device_bridge_id"}
06-28 20:28:02.084 19439 19439 I Capacitor/Console: File:  - Line 333 - Msg: {"value":"c5a71e2e-521c-4f53-8aba-72b539342d1d"}
06-28 20:28:07.085 19439 19439 I Capacitor/Console: File:  - Line 349 - Msg: [object Object]
06-28 20:28:07.086 19439 19439 V Capacitor/Plugin: To native (Capacitor plugin): callbackId: 17833925, pluginId: Preferences, methodName: get
06-28 20:28:07.086 19439 19439 V Capacitor: callback: 17833925, pluginId: Preferences, methodName: get, methodData: {"key":"eliza_device_bridge_id"}
06-28 20:28:07.087 19439 19439 I Capacitor/Console: File:  - Line 333 - Msg: {"value":"c5a71e2e-521c-4f53-8aba-72b539342d1d"}
06-28 20:28:11.219   776   776 D StatusBarIconController: ignoring old pipeline callbacks, because the new mobile icons are enabled
06-28 20:28:12.089 19439 19439 I Capacitor/Console: File:  - Line 349 - Msg: [object Object]
06-28 20:28:12.090 19439 19439 V Capacitor/Plugin: To native (Capacitor plugin): callbackId: 17833926, pluginId: Preferences, methodName: get
06-28 20:28:12.090 19439 19439 V Capacitor: callback: 17833926, pluginId: Preferences, methodName: get, methodData: {"key":"eliza_device_bridge_id"}
06-28 20:28:12.092 19439 19439 I Capacitor/Console: File:  - Line 333 - Msg: {"value":"c5a71e2e-521c-4f53-8aba-72b539342d1d"}
06-28 20:28:12.861   567   628 D WifiNl80211Manager: Scan result ready event
06-28 20:28:12.861   567   628 D WifiNative: Scan result ready event
06-28 20:28:16.385 24105 24105 D BoundBrokerSvc: onUnbind: Intent { act=com.google.android.gms.safetynet.service.START pkg=com.google.android.gms }
06-28 20:28:17.094 19439 19439 I Capacitor/Console: File:  - Line 349 - Msg: [object Object]
06-28 20:28:17.095 19439 19439 V Capacitor/Plugin: To native (Capacitor plugin): callbackId: 17833927, pluginId: Preferences, methodName: get
06-28 20:28:17.095 19439 19439 V Capacitor: callback: 17833927, pluginId: Preferences, methodName: get, methodData: {"key":"eliza_device_bridge_id"}
06-28 20:28:17.098 19439 19439 I Capacitor/Console: File:  - Line 333 - Msg: {"value":"c5a71e2e-521c-4f53-8aba-72b539342d1d"}
06-28 20:28:21.219   776   776 D StatusBarIconController: ignoring old pipeline callbacks, because the new mobile icons are enabled
06-28 20:28:22.099 19439 19439 I Capacitor/Console: File:  - Line 349 - Msg: [object Object]
06-28 20:28:22.100 19439 19439 V Capacitor/Plugin: To native (Capacitor plugin): callbackId: 17833928, pluginId: Preferences, methodName: get
06-28 20:28:22.100 19439 19439 V Capacitor: callback: 17833928, pluginId: Preferences, methodName: get, methodData: {"key":"eliza_device_bridge_id"}
06-28 20:28:22.101 19439 19439 I Capacitor/Console: File:  - Line 333 - Msg: {"value":"c5a71e2e-521c-4f53-8aba-72b539342d1d"}
06-28 20:28:26.436   567   650 D ActivityManager: freezing 24105 com.google.android.gms
06-28 20:28:27.103 19439 19439 I Capacitor/Console: File:  - Line 349 - Msg: [object Object]
06-28 20:28:27.103 19439 19439 V Capacitor/Plugin: To native (Capacitor plugin): callbackId: 17833929, pluginId: Preferences, methodName: get
06-28 20:28:27.104 19439 19439 V Capacitor: callback: 17833929, pluginId: Preferences, methodName: get, methodData: {"key":"eliza_device_bridge_id"}
06-28 20:28:27.106 19439 19439 I Capacitor/Console: File:  - Line 333 - Msg: {"value":"c5a71e2e-521c-4f53-8aba-72b539342d1d"}
06-28 20:28:31.217   776   776 D StatusBarIconController: ignoring old pipeline callbacks, because the new mobile icons are enabled
06-28 20:28:31.318   567   628 D ActivityManager: sync unfroze 24105 com.google.android.gms for 6
06-28 20:28:31.327 24105 24105 D BoundBrokerSvc: onBind: Intent { act=com.google.android.gms.safetynet.service.START pkg=com.google.android.gms }
06-28 20:28:31.327 24105 24105 D BoundBrokerSvc: Loading bound service for intent: Intent { act=com.google.android.gms.safetynet.service.START pkg=com.google.android.gms }
06-28 20:28:32.108 19439 19439 I Capacitor/Console: File:  - Line 349 - Msg: [object Object]
06-28 20:28:32.109 19439 19439 V Capacitor/Plugin: To native (Capacitor plugin): callbackId: 17833930, pluginId: Preferences, methodName: get
06-28 20:28:32.109 19439 19439 V Capacitor: callback: 17833930, pluginId: Preferences, methodName: get, methodData: {"key":"eliza_device_bridge_id"}
06-28 20:28:32.111 19439 19439 I Capacitor/Console: File:  - Line 333 - Msg: {"value":"c5a71e2e-521c-4f53-8aba-72b539342d1d"}
06-28 20:28:37.113 19439 19439 I Capacitor/Console: File:  - Line 349 - Msg: [object Object]
06-28 20:28:37.113 19439 19439 V Capacitor/Plugin: To native (Capacitor plugin): callbackId: 17833931, pluginId: Preferences, methodName: get
06-28 20:28:37.114 19439 19439 V Capacitor: callback: 17833931, pluginId: Preferences, methodName: get, methodData: {"key":"eliza_device_bridge_id"}
06-28 20:28:37.116 19439 19439 I Capacitor/Console: File:  - Line 333 - Msg: {"value":"c5a71e2e-521c-4f53-8aba-72b539342d1d"}
06-28 20:28:41.219   776   776 D StatusBarIconController: ignoring old pipeline callbacks, because the new mobile icons are enabled
06-28 20:28:42.117 19439 19439 I Capacitor/Console: File:  - Line 349 - Msg: [object Object]
06-28 20:28:42.118 19439 19439 V Capacitor/Plugin: To native (Capacitor plugin): callbackId: 17833932, pluginId: Preferences, methodName: get
06-28 20:28:42.118 19439 19439 V Capacitor: callback: 17833932, pluginId: Preferences, methodName: get, methodData: {"key":"eliza_device_bridge_id"}
06-28 20:28:42.121 19439 19439 I Capacitor/Console: File:  - Line 333 - Msg: {"value":"c5a71e2e-521c-4f53-8aba-72b539342d1d"}
06-28 20:28:46.390 24105 24105 D BoundBrokerSvc: onUnbind: Intent { act=com.google.android.gms.safetynet.service.START pkg=com.google.android.gms }
06-28 20:28:47.122 19439 19439 I Capacitor/Console: File:  - Line 349 - Msg: [object Object]
06-28 20:28:47.123 19439 19439 V Capacitor/Plugin: To native (Capacitor plugin): callbackId: 17833933, pluginId: Preferences, methodName: get
06-28 20:28:47.123 19439 19439 V Capacitor: callback: 17833933, pluginId: Preferences, methodName: get, methodData: {"key":"eliza_device_bridge_id"}
06-28 20:28:47.124 19439 19439 I Capacitor/Console: File:  - Line 333 - Msg: {"value":"c5a71e2e-521c-4f53-8aba-72b539342d1d"}
06-28 20:28:51.219   776   776 D StatusBarIconController: ignoring old pipeline callbacks, because the new mobile icons are enabled
06-28 20:28:52.126 19439 19439 I Capacitor/Console: File:  - Line 349 - Msg: [object Object]
06-28 20:28:52.127 19439 19439 V Capacitor/Plugin: To native (Capacitor plugin): callbackId: 17833934, pluginId: Preferences, methodName: get
06-28 20:28:52.127 19439 19439 V Capacitor: callback: 17833934, pluginId: Preferences, methodName: get, methodData: {"key":"eliza_device_bridge_id"}
06-28 20:28:52.130 19439 19439 I Capacitor/Console: File:  - Line 333 - Msg: {"value":"c5a71e2e-521c-4f53-8aba-72b539342d1d"}
06-28 20:28:56.441   567   650 D ActivityManager: freezing 24105 com.google.android.gms
06-28 20:28:57.134 19439 19439 I Capacitor/Console: File:  - Line 349 - Msg: [object Object]
