06-28 20:28:57.135 19439 19439 V Capacitor/Plugin: To native (Capacitor plugin): callbackId: 17833935, pluginId: Preferences, methodName: get
06-28 20:28:57.135 19439 19439 V Capacitor: callback: 17833935, pluginId: Preferences, methodName: get, methodData: {"key":"eliza_device_bridge_id"}
06-28 20:28:57.137 19439 19439 I Capacitor/Console: File:  - Line 333 - Msg: {"value":"c5a71e2e-521c-4f53-8aba-72b539342d1d"}
06-28 20:29:00.038 25013 25118 I AiAiEcho: Predicting[0]:
06-28 20:29:00.038 25013 25118 I AiAiEcho: EchoTargets:
06-28 20:29:00.038 25013 25118 I AiAiEcho: Filtered by AiAi flag check:
06-28 20:29:00.038 25013 25118 I AiAiEcho: Ranked targets strategy: SORT, count: 0, ranking metadata:
06-28 20:29:00.039 25013 25118 I AiAiEcho: #postPredictionTargets: Sending updates to UISurface lockscreen with targets# 0 (types=[])
06-28 20:29:00.042   776   909 D EGL_emulation: app_time_stats: avg=59991.09ms min=59991.09ms max=59991.09ms count=1
06-28 20:29:00.053   776   776 W PageIndicator: Total number of pages invalid: 0. Assuming 1 page.
06-28 20:29:00.328     0     0 W healthd : battery l=100 v=5000 t=25.0 h=2 st=2 c=900000 fc=3000000 cc=10 chg=a
06-28 20:29:01.219   776   776 D StatusBarIconController: ignoring old pipeline callbacks, because the new mobile icons are enabled
06-28 20:29:01.348   567   628 D ActivityManager: sync unfroze 24105 com.google.android.gms for 6
06-28 20:29:01.356 24105 24105 D BoundBrokerSvc: onBind: Intent { act=com.google.android.gms.safetynet.service.START pkg=com.google.android.gms }
06-28 20:29:01.356 24105 24105 D BoundBrokerSvc: Loading bound service for intent: Intent { act=com.google.android.gms.safetynet.service.START pkg=com.google.android.gms }
06-28 20:29:02.139 19439 19439 I Capacitor/Console: File:  - Line 349 - Msg: [object Object]
06-28 20:29:02.140 19439 19439 V Capacitor/Plugin: To native (Capacitor plugin): callbackId: 17833936, pluginId: Preferences, methodName: get
06-28 20:29:02.140 19439 19439 V Capacitor: callback: 17833936, pluginId: Preferences, methodName: get, methodData: {"key":"eliza_device_bridge_id"}
06-28 20:29:02.142 19439 19439 I Capacitor/Console: File:  - Line 333 - Msg: {"value":"c5a71e2e-521c-4f53-8aba-72b539342d1d"}
06-28 20:29:07.143 19439 19439 I Capacitor/Console: File:  - Line 349 - Msg: [object Object]
06-28 20:29:07.144 19439 19439 V Capacitor/Plugin: To native (Capacitor plugin): callbackId: 17833937, pluginId: Preferences, methodName: get
06-28 20:29:07.145 19439 19439 V Capacitor: callback: 17833937, pluginId: Preferences, methodName: get, methodData: {"key":"eliza_device_bridge_id"}
06-28 20:29:07.146 19439 19439 I Capacitor/Console: File:  - Line 333 - Msg: {"value":"c5a71e2e-521c-4f53-8aba-72b539342d1d"}
06-28 20:29:11.219   776   776 D StatusBarIconController: ignoring old pipeline callbacks, because the new mobile icons are enabled
06-28 20:29:12.148 19439 19439 I Capacitor/Console: File:  - Line 349 - Msg: [object Object]
06-28 20:29:12.149 19439 19439 V Capacitor/Plugin: To native (Capacitor plugin): callbackId: 17833938, pluginId: Preferences, methodName: get
06-28 20:29:12.149 19439 19439 V Capacitor: callback: 17833938, pluginId: Preferences, methodName: get, methodData: {"key":"eliza_device_bridge_id"}
06-28 20:29:12.151 19439 19439 I Capacitor/Console: File:  - Line 333 - Msg: {"value":"c5a71e2e-521c-4f53-8aba-72b539342d1d"}
06-28 20:29:16.385 24105 24105 D BoundBrokerSvc: onUnbind: Intent { act=com.google.android.gms.safetynet.service.START pkg=com.google.android.gms }
06-28 20:29:17.153 19439 19439 I Capacitor/Console: File:  - Line 349 - Msg: [object Object]
06-28 20:29:17.154 19439 19439 V Capacitor/Plugin: To native (Capacitor plugin): callbackId: 17833939, pluginId: Preferences, methodName: get
06-28 20:29:17.154 19439 19439 V Capacitor: callback: 17833939, pluginId: Preferences, methodName: get, methodData: {"key":"eliza_device_bridge_id"}
06-28 20:29:17.156 19439 19439 I Capacitor/Console: File:  - Line 333 - Msg: {"value":"c5a71e2e-521c-4f53-8aba-72b539342d1d"}
06-28 20:29:21.218   776   776 D StatusBarIconController: ignoring old pipeline callbacks, because the new mobile icons are enabled
06-28 20:29:21.220   776   909 D EGL_emulation: app_time_stats: avg=21177.40ms min=21177.40ms max=21177.40ms count=1
06-28 20:29:22.158 19439 19439 I Capacitor/Console: File:  - Line 349 - Msg: [object Object]
06-28 20:29:22.159 19439 19439 V Capacitor/Plugin: To native (Capacitor plugin): callbackId: 17833940, pluginId: Preferences, methodName: get
06-28 20:29:22.159 19439 19439 V Capacitor: callback: 17833940, pluginId: Preferences, methodName: get, methodData: {"key":"eliza_device_bridge_id"}
06-28 20:29:22.162 19439 19439 I Capacitor/Console: File:  - Line 333 - Msg: {"value":"c5a71e2e-521c-4f53-8aba-72b539342d1d"}
06-28 20:29:26.398   567   650 D ActivityManager: freezing 24105 com.google.android.gms
06-28 20:29:27.163 19439 19439 I Capacitor/Console: File:  - Line 349 - Msg: [object Object]
06-28 20:29:27.163 19439 19439 V Capacitor/Plugin: To native (Capacitor plugin): callbackId: 17833941, pluginId: Preferences, methodName: get
06-28 20:29:27.164 19439 19439 V Capacitor: callback: 17833941, pluginId: Preferences, methodName: get, methodData: {"key":"eliza_device_bridge_id"}
06-28 20:29:27.165 19439 19439 I Capacitor/Console: File:  - Line 333 - Msg: {"value":"c5a71e2e-521c-4f53-8aba-72b539342d1d"}
06-28 20:29:31.219   776   776 D StatusBarIconController: ignoring old pipeline callbacks, because the new mobile icons are enabled
06-28 20:29:31.378   567   628 D ActivityManager: sync unfroze 24105 com.google.android.gms for 6
06-28 20:29:31.388 24105 24105 D BoundBrokerSvc: onBind: Intent { act=com.google.android.gms.safetynet.service.START pkg=com.google.android.gms }
06-28 20:29:31.388 24105 24105 D BoundBrokerSvc: Loading bound service for intent: Intent { act=com.google.android.gms.safetynet.service.START pkg=com.google.android.gms }
06-28 20:29:32.167 19439 19439 I Capacitor/Console: File:  - Line 349 - Msg: [object Object]
06-28 20:29:32.168 19439 19439 V Capacitor/Plugin: To native (Capacitor plugin): callbackId: 17833942, pluginId: Preferences, methodName: get
06-28 20:29:32.168 19439 19439 V Capacitor: callback: 17833942, pluginId: Preferences, methodName: get, methodData: {"key":"eliza_device_bridge_id"}
06-28 20:29:32.170 19439 19439 I Capacitor/Console: File:  - Line 333 - Msg: {"value":"c5a71e2e-521c-4f53-8aba-72b539342d1d"}
06-28 20:29:37.171 19439 19439 I Capacitor/Console: File:  - Line 349 - Msg: [object Object]
06-28 20:29:37.172 19439 19439 V Capacitor/Plugin: To native (Capacitor plugin): callbackId: 17833943, pluginId: Preferences, methodName: get
06-28 20:29:37.173 19439 19439 V Capacitor: callback: 17833943, pluginId: Preferences, methodName: get, methodData: {"key":"eliza_device_bridge_id"}
06-28 20:29:37.174 19439 19439 I Capacitor/Console: File:  - Line 333 - Msg: {"value":"c5a71e2e-521c-4f53-8aba-72b539342d1d"}
06-28 20:29:41.219   776   776 D StatusBarIconController: ignoring old pipeline callbacks, because the new mobile icons are enabled
06-28 20:29:42.176 19439 19439 I Capacitor/Console: File:  - Line 349 - Msg: [object Object]
06-28 20:29:42.176 19439 19439 V Capacitor/Plugin: To native (Capacitor plugin): callbackId: 17833944, pluginId: Preferences, methodName: get
06-28 20:29:42.177 19439 19439 V Capacitor: callback: 17833944, pluginId: Preferences, methodName: get, methodData: {"key":"eliza_device_bridge_id"}
06-28 20:29:42.178 19439 19439 I Capacitor/Console: File:  - Line 333 - Msg: {"value":"c5a71e2e-521c-4f53-8aba-72b539342d1d"}
06-28 20:29:45.077   567   697 E WifiStaIfaceAidlImpl: installApfPacketFilter failed with service-specific exception: android.os.ServiceSpecificException:  (code 4)
06-28 20:29:46.453 24105 24105 D BoundBrokerSvc: onUnbind: Intent { act=com.google.android.gms.safetynet.service.START pkg=com.google.android.gms }
06-28 20:29:47.180 19439 19439 I Capacitor/Console: File:  - Line 349 - Msg: [object Object]
06-28 20:29:47.181 19439 19439 V Capacitor/Plugin: To native (Capacitor plugin): callbackId: 17833945, pluginId: Preferences, methodName: get
06-28 20:29:47.181 19439 19439 V Capacitor: callback: 17833945, pluginId: Preferences, methodName: get, methodData: {"key":"eliza_device_bridge_id"}
06-28 20:29:47.183 19439 19439 I Capacitor/Console: File:  - Line 333 - Msg: {"value":"c5a71e2e-521c-4f53-8aba-72b539342d1d"}
06-28 20:29:47.735   776   776 D StatusBarIconController: ignoring old pipeline callback because the new wifi icon is enabled
