06-28 20:20:00.035   776   776 W PageIndicator: Total number of pages invalid: 0. Assuming 1 page.
06-28 20:20:00.329     0     0 W healthd : battery l=100 v=5000 t=25.0 h=2 st=2 c=900000 fc=3000000 cc=10 chg=a
06-28 20:20:00.968   567  2536 W ProcessStats: Tracking association SourceState{bbab9db com.google.android.gms/10128 BTop #17651} whose proc state 2 is better than process ProcessState{310516f com.google.android.gms.persistent/10128 pkg=com.google.android.gms} proc state 4 (2 skipped)
06-28 20:20:01.218   776   776 D StatusBarIconController: ignoring old pipeline callbacks, because the new mobile icons are enabled
06-28 20:20:10.802   776   776 D StatusBarIconController: ignoring old pipeline callback because the new wifi icon is enabled
06-28 20:20:11.220   776   776 D StatusBarIconController: ignoring old pipeline callbacks, because the new mobile icons are enabled
06-28 20:20:12.852   567  1184 D WifiNl80211Manager: Scan result ready event
06-28 20:20:12.852   567  1184 D WifiNative: Scan result ready event
06-28 20:20:13.227   370   442 I netd    : setProcSysNet(4, 2, wlan0, retrans_time_ms, 750) <0.88ms>
06-28 20:20:13.227   370   442 I netd    : setProcSysNet(4, 2, wlan0, ucast_solicit, 10) <0.07ms>
06-28 20:20:13.228   370   442 I netd    : setProcSysNet(6, 2, wlan0, retrans_time_ms, 750) <0.65ms>
06-28 20:20:13.228   370   442 I netd    : setProcSysNet(6, 2, wlan0, ucast_solicit, 10) <0.02ms>
06-28 20:20:16.802   776   776 D StatusBarIconController: ignoring old pipeline callback because the new wifi icon is enabled
06-28 20:20:19.817   776   776 D StatusBarIconController: ignoring old pipeline callback because the new wifi icon is enabled
06-28 20:20:21.219   776   776 D StatusBarIconController: ignoring old pipeline callbacks, because the new mobile icons are enabled
06-28 20:20:21.221   776   909 D EGL_emulation: app_time_stats: avg=21195.29ms min=21195.29ms max=21195.29ms count=1
06-28 20:20:22.818   776   776 D StatusBarIconController: ignoring old pipeline callback because the new wifi icon is enabled
06-28 20:20:26.624 19403 19403 I sh      : type=1400 audit(0.0:583): avc:  denied  { ioctl } for  path="socket:[434881]" dev="sockfs" ino=434881 ioctlcmd=0x5401 scontext=u:r:runas_app:s0:c192,c256,c512,c768 tcontext=u:r:su:s0 tclass=unix_stream_socket permissive=1 app=ai.elizaos.app
06-28 20:20:27.151   567  1184 D CompatibilityChangeReporter: Compat change id reported: 265464455; UID 10192; state: DISABLED
06-28 20:20:27.152   567  1184 D CompatibilityChangeReporter: Compat change id reported: 265452344; UID 10192; state: DISABLED
06-28 20:20:27.152   567  1184 D CompatibilityChangeReporter: Compat change id reported: 266124927; UID 10192; state: DISABLED
06-28 20:20:27.152   567  1184 D CompatibilityChangeReporter: Compat change id reported: 265451093; UID 10192; state: DISABLED
06-28 20:20:27.152   567  1184 D CompatibilityChangeReporter: Compat change id reported: 265456536; UID 10192; state: DISABLED
06-28 20:20:27.152   567  1184 D CompatibilityChangeReporter: Compat change id reported: 255940284; UID 10192; state: DISABLED
06-28 20:20:27.152   567  1184 D CompatibilityChangeReporter: Compat change id reported: 236283604; UID 10192; state: DISABLED
06-28 20:20:27.152   567  1184 D CompatibilityChangeReporter: Compat change id reported: 263959004; UID 10192; state: DISABLED
06-28 20:20:27.152   567  1184 D CompatibilityChangeReporter: Compat change id reported: 264304459; UID 10192; state: DISABLED
06-28 20:20:27.152   567  1184 D CompatibilityChangeReporter: Compat change id reported: 264301586; UID 10192; state: DISABLED
06-28 20:20:27.152   567  1184 D CompatibilityChangeReporter: Compat change id reported: 254631730; UID 10192; state: DISABLED
06-28 20:20:27.152   567  1184 D CompatibilityChangeReporter: Compat change id reported: 273509367; UID 10192; state: DISABLED
06-28 20:20:27.153   567  1184 D CompatibilityChangeReporter: Compat change id reported: 263259275; UID 10192; state: DISABLED
06-28 20:20:27.153   567  1184 D CompatibilityChangeReporter: Compat change id reported: 174042980; UID 10192; state: DISABLED
06-28 20:20:27.153   567  1184 D CompatibilityChangeReporter: Compat change id reported: 174042936; UID 10192; state: DISABLED
06-28 20:20:27.153   567  1184 D CompatibilityChangeReporter: Compat change id reported: 181136395; UID 10192; state: DISABLED
06-28 20:20:27.155   567  1184 D CompatibilityChangeReporter: Compat change id reported: 194480991; UID 10192; state: ENABLED
06-28 20:20:27.173   567  1184 V SplashScreenExceptionList: SplashScreen checking exception for package ai.elizaos.app (target sdk:35) -> false
06-28 20:20:27.173   567  1184 D CompatibilityChangeReporter: Compat change id reported: 205907456; UID 10192; state: ENABLED
06-28 20:20:27.184   776   823 V WindowManagerShell: Transition requested: android.os.BinderProxy@f01aaa1 TransitionRequestInfo { type = OPEN, triggerTask = TaskInfo{userId=0 taskId=19 displayId=0 isRunning=true baseIntent=Intent { flg=0x10000000 cmp=ai.elizaos.app/.MainActivity } baseActivity=ComponentInfo{ai.elizaos.app/ai.elizaos.app.MainActivity} topActivity=ComponentInfo{ai.elizaos.app/ai.elizaos.app.MainActivity} origActivity=null realActivity=ComponentInfo{ai.elizaos.app/ai.elizaos.app.MainActivity} numActivities=1 lastActiveTime=11265322 supportsMultiWindow=true resizeMode=1 isResizeable=true minWidth=-1 minHeight=-1 defaultMinSize=220 token=WCT{android.window.IWindowContainerToken$Stub$Proxy@f38e4c6} topActivityType=1 pictureInPictureParams=null shouldDockBigOverlays=false launchIntoPipHostTaskId=-1 lastParentTaskIdBeforePip=-1 displayCutoutSafeInsets=Rect(0, 128 - 0, 0) topActivityInfo=ActivityInfo{811ec87 ai.elizaos.app.MainActivity} launchCookies=[] positionInParent=Point(0, 0) parentTaskId=-1 isFocused=false isVisible=false isVisibleRequested=false isSleeping=false topActivityInSizeCompat=false topActivityEligibleForLetterboxEducation= false topActivityLetterboxed= false isFromDoubleTap= false topActivityLetterboxVerticalPosition= -1 topActivityLetterboxHorizontalPosition= -1 topActivityLetterboxWidth=-1 topActivityLetterboxHeight=-1 locusId=null displayAreaFeatureId=1 cameraCompatControlState=hidden}, remoteTransition = null, displayChange = null }
06-28 20:20:27.193   567  1184 I ActivityTaskManager: START u0 {flg=0x10000000 cmp=ai.elizaos.app/.MainActivity} with LAUNCH_SINGLE_TASK from uid 0 (BAL_ALLOW_ALLOWLISTED_UID) result code=0
06-28 20:20:27.197   567   589 D CompatibilityChangeReporter: Compat change id reported: 135634846; UID 10192; state: DISABLED
06-28 20:20:27.205 24011 24011 I cr_VideoPersist: Attempted picture-in-picture with result: 8
06-28 20:20:27.206   567   598 D CompatibilityChangeReporter: Compat change id reported: 143937733; UID 10192; state: ENABLED
06-28 20:20:27.222   371   371 D Zygote  : Forked child process 19439
06-28 20:20:27.228   567   598 I ActivityManager: Start proc 19439:ai.elizaos.app/u0a192 for next-top-activity {ai.elizaos.app/ai.elizaos.app.MainActivity}
06-28 20:20:27.235   776   835 D SplashScreenView: Build android.window.SplashScreenView{290c572 V.E...... ......ID 0,0-0,0}
06-28 20:20:27.235   776   835 D SplashScreenView: Icon: view: android.widget.ImageView{bf8fdc3 V.ED..... ......I. 0,0-0,0 #10204f0 android:id/splashscreen_icon_view} drawable: com.android.wm.shell.startingsurface.SplashscreenIconDrawableFactory$ImmobileIconDrawable@e27a640 size: 504
06-28 20:20:27.235   776   835 D SplashScreenView: Branding: view: android.view.View{1097979 G.ED..... ......I. 0,0-0,0 #10204ef android:id/splashscreen_branding_view} drawable: null size w: 0 h: 0
06-28 20:20:27.256   567  2536 D CoreBackPreview: Window{3bf773e u0 Splash Screen ai.elizaos.app}: Setting back callback OnBackInvokedCallbackInfo{mCallback=android.window.IOnBackInvokedCallback$Stub$Proxy@c5b4aec, mPriority=0, mIsAnimationCallback=false}
06-28 20:20:27.266   414   414 I BpBinder: onLastStrongRef automatically unlinking death recipients:
06-28 20:20:27.291 19439 19439 I ai.elizaos.app: Late-enabling -Xcheck:jni
06-28 20:20:27.295   567  2536 I ActivityTaskManager: START u0 {act=android.intent.action.VIEW dat=elizaos://chat/... flg=0x10000000 pkg=ai.elizaos.app cmp=ai.elizaos.app/.MainActivity} with LAUNCH_SINGLE_TASK from uid 0 (BAL_ALLOW_ALLOWLISTED_UID) result code=3
06-28 20:20:27.303   776   823 D WindowManagerShell: onActivityRestartAttempt: ComponentInfo{ai.elizaos.app/ai.elizaos.app.MainActivity}
06-28 20:20:27.430 19439 19439 I ai.elizaos.app: Using CollectorTypeCC GC.
06-28 20:20:27.432 19439 19439 W ai.elizaos.app: Unexpected CPU variant for x86: x86_64.
06-28 20:20:27.432 19439 19439 W ai.elizaos.app: Known variants: atom, sandybridge, silvermont, goldmont, goldmont-plus, tremont, kabylake, default
06-28 20:20:27.455  6204  6211 I adbd    : jdwp connection from 19439
06-28 20:20:27.471   567   586 V WindowManager: Sent Transition #29 createdAt=06-28 20:20:27.157 via request=TransitionRequestInfo { type = OPEN, triggerTask = TaskInfo{userId=0 taskId=19 displayId=0 isRunning=true baseIntent=Intent { flg=0x10000000 cmp=ai.elizaos.app/.MainActivity } baseActivity=ComponentInfo{ai.elizaos.app/ai.elizaos.app.MainActivity} topActivity=ComponentInfo{ai.elizaos.app/ai.elizaos.app.MainActivity} origActivity=null realActivity=ComponentInfo{ai.elizaos.app/ai.elizaos.app.MainActivity} numActivities=1 lastActiveTime=11265322 supportsMultiWindow=true resizeMode=1 isResizeable=true minWidth=-1 minHeight=-1 defaultMinSize=220 token=WCT{RemoteToken{ce20b84 Task{abe2cfd #19 type=standard A=10192:ai.elizaos.app}}} topActivityType=1 pictureInPictureParams=null shouldDockBigOverlays=false launchIntoPipHostTaskId=-1 lastParentTaskIdBeforePip=-1 displayCutoutSafeInsets=Rect(0, 128 - 0, 0) topActivityInfo=ActivityInfo{7d94f6d ai.elizaos.app.MainActivity} launchCookies=[] positionInParent=Point(0, 0) parentTaskId=-1 isFocused=false isVisible=false isVisibleRequested=false isSleeping=false topActivityInSizeCompat=false topActivityEligibleForLetterboxEducation= false topActivityLetterboxed= false isFromDoubleTap= false topActivityLetterboxVerticalPosition= -1 topActivityLetterboxHorizontalPosition= -1 topActivityLetterboxWidth=-1 topActivityLetterboxHeight=-1 locusId=null displayAreaFeatureId=1 cameraCompatControlState=hidden}, remoteTransition = null, displayChange = null }
06-28 20:20:27.471   567   586 V WindowManager:     startWCT=WindowContainerTransaction { changes = {} hops = [] errorCallbackToken=null taskFragmentOrganizer=null }
06-28 20:20:27.472   567   586 V WindowManager:     info={id=29 t=OPEN f=0x0 trk=0 r=[0@Point(0, 0)] c=[{WCT{RemoteToken{ce20b84 Task{abe2cfd #19 type=standard A=10192:ai.elizaos.app}}} m=OPEN f=NONE leash=Surface(name=Task=19)/@0x4313016 sb=Rect(0, 0 - 1080, 2400) eb=Rect(0, 0 - 1080, 2400) d=0},{WCT{RemoteToken{b95997b Task{92e0126 #9 type=standard A=10149:com.android.chrome}}} m=TO_BACK f=NONE leash=Surface(name=Task=9)/@0x1ddf65f sb=Rect(0, 0 - 1080, 2400) eb=Rect(0, 0 - 1080, 2400) d=0}]}
06-28 20:20:27.472   776   823 V WindowManagerShell: onTransitionReady android.os.BinderProxy@f01aaa1: {id=29 t=OPEN f=0x0 trk=0 r=[0@Point(0, 0)] c=[{WCT{android.window.IWindowContainerToken$Stub$Proxy@94d8748} m=OPEN f=NONE leash=Surface(name=Task=19)/@0xa55bc65 sb=Rect(0, 0 - 1080, 2400) eb=Rect(0, 0 - 1080, 2400) d=0},{WCT{android.window.IWindowContainerToken$Stub$Proxy@eeab9e1} m=TO_BACK f=NONE leash=Surface(name=Task=9)/@0x1062d3a sb=Rect(0, 0 - 1080, 2400) eb=Rect(0, 0 - 1080, 2400) d=0}]}
06-28 20:20:27.473   776   823 V WindowManagerShell: Playing animation for (#29)android.os.BinderProxy@f01aaa1@0
06-28 20:20:27.473   776   823 V WindowManagerShell:  try handler com.android.wm.shell.transition.DefaultMixedHandler@83c6b0b
06-28 20:20:27.473   776   823 V WindowManagerShell:  try handler com.android.wm.shell.keyguard.KeyguardTransitionHandler@fd91de8
06-28 20:20:27.473   776   823 V WindowManagerShell:  try handler com.android.wm.shell.activityembedding.ActivityEmbeddingController@ffe9c01
06-28 20:20:27.473   776   823 V WindowManagerShell:  try handler com.android.wm.shell.recents.RecentsTransitionHandler@cb6eaa6
06-28 20:20:27.473   776   823 V ShellRecents: RecentsTransitionHandler.startAnimation: no controller found
06-28 20:20:27.473   776   823 V WindowManagerShell:  try handler com.android.wm.shell.pip.PipTransition@7c4ace7
06-28 20:20:27.473   776   823 V WindowManagerShell:  try handler com.android.wm.shell.splitscreen.StageCoordinator@d163094
06-28 20:20:27.473   776   823 V WindowManagerShell:  try handler com.android.wm.shell.transition.RemoteTransitionHandler@bb7f73d
06-28 20:20:27.473   776   823 V WindowManagerShell: Transition doesn't have explicit remote, search filters for match for {id=29 t=OPEN f=0x0 trk=0 r=[0@Point(0, 0)] c=[{WCT{android.window.IWindowContainerToken$Stub$Proxy@94d8748} m=OPEN f=NONE leash=Surface(name=Task=19)/@0xa55bc65 sb=Rect(0, 0 - 1080, 2400) eb=Rect(0, 0 - 1080, 2400) d=0},{WCT{android.window.IWindowContainerToken$Stub$Proxy@eeab9e1} m=TO_BACK f=NONE leash=Surface(name=Task=9)/@0x1062d3a sb=Rect(0, 0 - 1080, 2400) eb=Rect(0, 0 - 1080, 2400) d=0}]}
06-28 20:20:27.473   776   823 V WindowManagerShell:  Checking filter Pair{{types=[] flags=0x0] notFlags=0x0 checks=[{atype=dream independent=true modes=[OPEN,TO_FRONT] flags=NONE mustBeTask=false order=ANY topActivity=null},{atype=home independent=true modes=[CLOSE,TO_BACK] flags=NONE mustBeTask=false order=ANY topActivity=null}]} RemoteTransition { remoteTransition = android.window.IRemoteTransition$Stub$Proxy@fe0c3d3, appThread = android.app.IApplicationThread$Stub$Proxy@68fdb10, debugName = LauncherToDream }}
06-28 20:20:27.474   776   823 V WindowManagerShell:  Checking filter Pair{{types=[] flags=0x0] notFlags=0x100 checks=[{atype=home independent=true modes=[OPEN,TO_FRONT] flags=NONE mustBeTask=false order=TOP topActivity=ComponentInfo{com.google.android.apps.nexuslauncher/com.google.android.apps.nexuslauncher.NexusLauncherActivity}},{atype=standard independent=true modes=[CLOSE,TO_BACK] flags=NONE mustBeTask=false order=ANY topActivity=null}]} RemoteTransition { remoteTransition = android.window.IRemoteTransition$Stub$Proxy@e5f5609, appThread = android.app.IApplicationThread$Stub$Proxy@ec4900e, debugName = QuickstepLaunchHome }}
06-28 20:20:27.474   776   823 V WindowManagerShell:  Delegate animation for #29 to null
06-28 20:20:27.474   776   823 V WindowManagerShell:  try handler com.android.wm.shell.transition.DefaultTransitionHandler@d70b32
06-28 20:20:27.474   776   823 V WindowManagerShell: start default transition animation, info = {id=29 t=OPEN f=0x0 trk=0 r=[0@Point(0, 0)] c=[{WCT{android.window.IWindowContainerToken$Stub$Proxy@94d8748} m=OPEN f=NONE leash=Surface(name=Task=19)/@0xa55bc65 sb=Rect(0, 0 - 1080, 2400) eb=Rect(0, 0 - 1080, 2400) d=0},{WCT{android.window.IWindowContainerToken$Stub$Proxy@eeab9e1} m=TO_BACK f=NONE leash=Surface(name=Task=9)/@0x1062d3a sb=Rect(0, 0 - 1080, 2400) eb=Rect(0, 0 - 1080, 2400) d=0}]}
06-28 20:20:27.476   776   823 V WindowManagerShell: loadAnimation: anim=android.view.animation.AnimationSet@f78131d animAttr=0x9 type=OPEN isEntrance=false
06-28 20:20:27.477   776   823 V WindowManagerShell: loadAnimation: anim=android.view.animation.AnimationSet@9f55f63 animAttr=0x8 type=OPEN isEntrance=true
06-28 20:20:27.478   776   823 V WindowManagerShell:  animated by com.android.wm.shell.transition.DefaultTransitionHandler@d70b32
06-28 20:20:27.478   776   830 W Looper  : Drained
06-28 20:20:27.496   567   640 D CompatibilityChangeReporter: Compat change id reported: 265195908; UID 10192; state: ENABLED
06-28 20:20:27.721 19439 19439 D CompatibilityChangeReporter: Compat change id reported: 171979766; UID 10192; state: ENABLED
06-28 20:20:27.723 19439 19439 D CompatibilityChangeReporter: Compat change id reported: 242716250; UID 10192; state: ENABLED
06-28 20:20:27.743   567  2536 D CompatibilityChangeReporter: Compat change id reported: 170503758; UID 10192; state: ENABLED
06-28 20:20:27.748 19439 19439 D ApplicationLoaders: Returning zygote-cached class loader: /system_ext/framework/androidx.window.extensions.jar
06-28 20:20:27.748 19439 19439 D ApplicationLoaders: Returning zygote-cached class loader: /system_ext/framework/androidx.window.sidecar.jar
06-28 20:20:27.760 19439 19439 W ziparchive: Unable to open '/data/app/~~TPQZ2sN3x-RFihUMVEOeYg==/ai.elizaos.app-UoKNYWvPplZPeU96GXM3pQ==/base.dm': No such file or directory
06-28 20:20:27.760 19439 19439 W ziparchive: Unable to open '/data/app/~~TPQZ2sN3x-RFihUMVEOeYg==/ai.elizaos.app-UoKNYWvPplZPeU96GXM3pQ==/base.dm': No such file or directory
06-28 20:20:27.984   776   823 V WindowManagerShell: Transition animation finished (aborted=false), notifying core (#29)android.os.BinderProxy@f01aaa1@0
06-28 20:20:27.987   567   586 V WindowManager: Finish Transition #29: created at 06-28 20:20:27.157 collect-started=0.037ms request-sent=24.743ms started=43.191ms ready=285.869ms sent=313.715ms finished=830.39ms
06-28 20:20:27.989   776   823 V WindowManagerShell: Track 0 became idle
06-28 20:20:27.989   776   823 V WindowManagerShell: All active transition animations finished
06-28 20:20:28.015 24011 24011 E cr_CompositorSurfaceMgr: surfaceDestroyed format : 4
06-28 20:20:28.306 19439 19439 D nativeloader: Configuring clns-6 for other apk /data/app/~~TPQZ2sN3x-RFihUMVEOeYg==/ai.elizaos.app-UoKNYWvPplZPeU96GXM3pQ==/base.apk. target_sdk_version=35, uses_libraries=, library_path=/data/app/~~TPQZ2sN3x-RFihUMVEOeYg==/ai.elizaos.app-UoKNYWvPplZPeU96GXM3pQ==/lib/x86_64:/data/app/~~TPQZ2sN3x-RFihUMVEOeYg==/ai.elizaos.app-UoKNYWvPplZPeU96GXM3pQ==/base.apk!/lib/x86_64, permitted_path=/data:/mnt/expand:/data/user/0/ai.elizaos.app
06-28 20:20:28.332 19439 19439 V GraphicsEnvironment: Currently set values for:
06-28 20:20:28.332 19439 19439 V GraphicsEnvironment:   angle_gl_driver_selection_pkgs=[]
06-28 20:20:28.332 19439 19439 V GraphicsEnvironment:   angle_gl_driver_selection_values=[]
06-28 20:20:28.333 19439 19439 V GraphicsEnvironment: ANGLE GameManagerService for ai.elizaos.app: false
06-28 20:20:28.333 19439 19439 V GraphicsEnvironment: ai.elizaos.app is not listed in per-application setting
06-28 20:20:28.333 19439 19439 V GraphicsEnvironment: Neither updatable production driver nor prerelease driver is supported.
06-28 20:20:28.351 19439 19439 W FirebaseApp: Default FirebaseApp failed to initialize because no default options were found. This usually means that com.google.gms:google-services was not applied to your gradle project.
06-28 20:20:28.351 19439 19439 I FirebaseInitProvider: FirebaseApp initialization unsuccessful
06-28 20:20:28.427 19439 19439 D WM-WrkMgrInitializer: Initializing WorkManager with default configuration.
06-28 20:20:28.480 19439 19439 D WM-PackageManagerHelper: Skipping component enablement for androidx.work.impl.background.systemjob.SystemJobService
06-28 20:20:28.480 19439 19439 D WM-Schedulers: Created SystemJobScheduler and enabled SystemJobService
06-28 20:20:28.485 19439 19473 D WM-ForceStopRunnable: The default process name was not specified.
06-28 20:20:28.486 19439 19473 D WM-ForceStopRunnable: Performing cleanup operations.
06-28 20:20:28.498   567   580 I ActivityManager: Flag disabled. Ignoring finishAttachApplication from uid: 10192. pid: 19439
06-28 20:20:28.524 19439 19476 D libEGL  : loaded /vendor/lib64/egl/libEGL_emulation.so
06-28 20:20:28.527 19439 19476 D libEGL  : loaded /vendor/lib64/egl/libGLESv1_CM_emulation.so
06-28 20:20:28.531 19439 19476 D libEGL  : loaded /vendor/lib64/egl/libGLESv2_emulation.so
06-28 20:20:28.531 19439 19439 D AppCompatDelegate: Checking for metadata for AppLocalesMetadataHolderService : Service not found
06-28 20:20:28.539 19439 19473 D CompatibilityChangeReporter: Compat change id reported: 160794467; UID 10192; state: ENABLED
06-28 20:20:28.541 19439 19473 D WM-ForceStopRunnable: Application was force-stopped, rescheduling.
06-28 20:20:28.564   567   580 D PackageManager: Instant App installer not found with android.intent.action.INSTALL_INSTANT_APP_PACKAGE
06-28 20:20:28.564   567   580 D PackageManager: Clear ephemeral installer activity
06-28 20:20:28.566 19439 19478 D WM-PackageManagerHelper: androidx.work.impl.background.systemalarm.RescheduleReceiver disabled
06-28 20:20:28.572 19439 19439 I WebViewFactory: Loading com.google.android.webview version 113.0.5672.136 (code 567263637)
06-28 20:20:28.575 19439 19439 W ziparchive: Unable to open '/data/app/~~xoeU9N3d16C7ivNbgaKsCA==/com.google.android.trichromelibrary_567263637-kcw_-huVENjrWYHn6giReA==/TrichromeLibrary.dm': No such file or directory
06-28 20:20:28.575 19439 19439 W ziparchive: Unable to open '/data/app/~~xoeU9N3d16C7ivNbgaKsCA==/com.google.android.trichromelibrary_567263637-kcw_-huVENjrWYHn6giReA==/TrichromeLibrary.dm': No such file or directory
06-28 20:20:28.576 19439 19439 W ai.elizaos.app: Entry not found
06-28 20:20:28.578 19439 19439 D nativeloader: Configuring clns-7 for other apk /data/app/~~xoeU9N3d16C7ivNbgaKsCA==/com.google.android.trichromelibrary_567263637-kcw_-huVENjrWYHn6giReA==/TrichromeLibrary.apk. target_sdk_version=34, uses_libraries=ALL, library_path=/data/app/~~lGFXfA-fy_X7LDUexZjXEg==/com.google.android.webview-6by134Ti7Xta4x3hQI-XOw==/lib/x86_64:/data/app/~~lGFXfA-fy_X7LDUexZjXEg==/com.google.android.webview-6by134Ti7Xta4x3hQI-XOw==/WebViewGoogle.apk!/lib/x86_64:/data/app/~~xoeU9N3d16C7ivNbgaKsCA==/com.google.android.trichromelibrary_567263637-kcw_-huVENjrWYHn6giReA==/TrichromeLibrary.apk!/lib/x86_64, permitted_path=/data:/mnt/expand
06-28 20:20:28.585 19439 19439 D nativeloader: Configuring clns-8 for other apk /data/app/~~lGFXfA-fy_X7LDUexZjXEg==/com.google.android.webview-6by134Ti7Xta4x3hQI-XOw==/WebViewGoogle.apk. target_sdk_version=34, uses_libraries=, library_path=/data/app/~~lGFXfA-fy_X7LDUexZjXEg==/com.google.android.webview-6by134Ti7Xta4x3hQI-XOw==/lib/x86_64:/data/app/~~lGFXfA-fy_X7LDUexZjXEg==/com.google.android.webview-6by134Ti7Xta4x3hQI-XOw==/WebViewGoogle.apk!/lib/x86_64:/data/app/~~xoeU9N3d16C7ivNbgaKsCA==/com.google.android.trichromelibrary_567263637-kcw_-huVENjrWYHn6giReA==/TrichromeLibrary.apk!/lib/x86_64, permitted_path=/data:/mnt/expand
06-28 20:20:28.586   567  2536 I AppsFilter: interaction: PackageSetting{1b9da87 ai.elizaos.app/10192} -> PackageSetting{baf8964 com.android.cts.priv.ctsshim/10185} BLOCKED
06-28 20:20:28.586   567  2536 I AppsFilter: interaction: PackageSetting{1b9da87 ai.elizaos.app/10192} -> PackageSetting{cf227cd com.google.android.youtube/10139} BLOCKED
06-28 20:20:28.586   567  2536 I AppsFilter: interaction: PackageSetting{1b9da87 ai.elizaos.app/10192} -> PackageSetting{c99882 com.android.internal.display.cutout.emulation.corner/10025} BLOCKED
06-28 20:20:28.586   567  2536 I AppsFilter: interaction: PackageSetting{1b9da87 ai.elizaos.app/10192} -> PackageSetting{8d9bb93 com.android.internal.display.cutout.emulation.double/10048} BLOCKED
06-28 20:20:28.586   567  2536 I AppsFilter: interaction: PackageSetting{1b9da87 ai.elizaos.app/10192} -> PackageSetting{28dd7d0 com.google.android.onetimeinitializer/10125} BLOCKED
06-28 20:20:28.586   567  2536 I AppsFilter: interaction: PackageSetting{1b9da87 ai.elizaos.app/10192} -> PackageSetting{90673c9 com.google.android.ext.shared/10101} BLOCKED
06-28 20:20:28.586   567  2536 I AppsFilter: interaction: PackageSetting{1b9da87 ai.elizaos.app/10192} -> PackageSetting{57cbace com.android.internal.systemui.navbar.gestural_wide_back/10023} BLOCKED
06-28 20:20:28.586   567  2536 I AppsFilter: interaction: PackageSetting{1b9da87 ai.elizaos.app/10192} -> PackageSetting{e85e4f2 com.android.virtualmachine.res/10187} BLOCKED
06-28 20:20:28.586   567  2536 I AppsFilter: interaction: PackageSetting{1b9da87 ai.elizaos.app/10192} -> PackageSetting{5a7def com.google.android.federatedcompute/10182} BLOCKED
06-28 20:20:28.586   567  2536 I AppsFilter: interaction: PackageSetting{1b9da87 ai.elizaos.app/10192} -> PackageSetting{ec0a0fc com.android.managedprovisioning.auto_generated_rro_product__/10021} BLOCKED
06-28 20:20:28.586   567  2536 I AppsFilter: interaction: PackageSetting{1b9da87 ai.elizaos.app/10192} -> PackageSetting{7f98385 com.android.carrierconfig.auto_generated_rro_vendor__/10078} BLOCKED
06-28 20:20:28.586   567  2536 I AppsFilter: interaction: PackageSetting{1b9da87 ai.elizaos.app/10192} -> PackageSetting{92db5da com.android.systemui.emulation.pixel_3_xl/10031} BLOCKED
06-28 20:20:28.586   567  2536 I AppsFilter: interaction: PackageSetting{1b9da87 ai.elizaos.app/10192} -> PackageSetting{67b0a0b com.android.systemui.emulation.pixel_4_xl/10059} BLOCKED
06-28 20:20:28.586   567  2536 I AppsFilter: interaction: PackageSetting{1b9da87 ai.elizaos.app/10192} -> PackageSetting{ef4d0e8 com.android.systemui.emulation.pixel_fold/10024} BLOCKED
06-28 20:20:28.586   567  2536 I AppsFilter: interaction: PackageSetting{1b9da87 ai.elizaos.app/10192} -> PackageSetting{153d301 com.android.simappdialog.auto_generated_rro_product__/10033} BLOCKED
06-28 20:20:28.587   567  2536 I AppsFilter: interaction: PackageSetting{1b9da87 ai.elizaos.app/10192} -> PackageSetting{ec155a6 com.android.htmlviewer/10115} BLOCKED
06-28 20:20:28.587   567  2536 I AppsFilter: interaction: PackageSetting{1b9da87 ai.elizaos.app/10192} -> PackageSetting{4ce3be7 com.google.android.health.connect.backuprestore/10180} BLOCKED
06-28 20:20:28.587   567  2536 I AppsFilter: interaction: PackageSetting{1b9da87 ai.elizaos.app/10192} -> PackageSetting{dba1394 com.android.systemui.auto_generated_rro_product__/10035} BLOCKED
06-28 20:20:28.587   567  2536 I AppsFilter: interaction: PackageSetting{1b9da87 ai.elizaos.app/10192} -> PackageSetting{2a99e3d com.google.android.apps.messaging/10131} BLOCKED
06-28 20:20:28.587   567  2536 I AppsFilter: interaction: PackageSetting{1b9da87 ai.elizaos.app/10192} -> PackageSetting{9d2632 com.google.android.soundpicker/10137} BLOCKED
06-28 20:20:28.587   567  2536 I AppsFilter: interaction: PackageSetting{1b9da87 ai.elizaos.app/10192} -> PackageSetting{138af83 com.google.android.marvin.talkbackoverlay/10077} BLOCKED
06-28 20:20:28.587   567  2536 I AppsFilter: interaction: PackageSetting{1b9da87 ai.elizaos.app/10192} -> PackageSetting{ceed500 com.google.android.configupdater/10129} BLOCKED
06-28 20:20:28.587   567  2536 I AppsFilter: interaction: PackageSetting{1b9da87 ai.elizaos.app/10192} -> PackageSetting{496e139 com.android.internal.emulation.pixel_3a_xl/10044} BLOCKED
06-28 20:20:28.587   567  2536 I AppsFilter: interaction: PackageSetting{1b9da87 ai.elizaos.app/10192} -> PackageSetting{7f3737e com.android.internal.emulation.pixel_6_pro/10015} BLOCKED
06-28 20:20:28.587   567  2536 I AppsFilter: interaction: PackageSetting{1b9da87 ai.elizaos.app/10192} -> PackageSetting{14cc0df com.android.internal.emulation.pixel_7_pro/10003} BLOCKED
06-28 20:20:28.587   567  2536 I AppsFilter: interaction: PackageSetting{1b9da87 ai.elizaos.app/10192} -> PackageSetting{bec412c com.android.internal.emulation.pixel_8_pro/10058} BLOCKED
06-28 20:20:28.587   567  2536 I AppsFilter: interaction: PackageSetting{1b9da87 ai.elizaos.app/10192} -> PackageSetting{37b57f5 com.android.internal.emulation.pixel_3a/10053} BLOCKED
06-28 20:20:28.587   567  2536 I AppsFilter: interaction: PackageSetting{1b9da87 ai.elizaos.app/10192} -> PackageSetting{ccf498a com.android.internal.emulation.pixel_4a/10008} BLOCKED
06-28 20:20:28.587   567  2536 I AppsFilter: interaction: PackageSetting{1b9da87 ai.elizaos.app/10192} -> PackageSetting{7668bfb com.android.internal.emulation.pixel_6a/10020} BLOCKED
06-28 20:20:28.587   567  2536 I AppsFilter: interaction: PackageSetting{1b9da87 ai.elizaos.app/10192} -> PackageSetting{4724418 com.android.internal.emulation.pixel_7a/10034} BLOCKED
06-28 20:20:28.587   567  2536 I AppsFilter: interaction: PackageSetting{1b9da87 ai.elizaos.app/10192} -> PackageSetting{7f67e71 com.google.android.overlay.googlewebview/10049} BLOCKED
06-28 20:20:28.587   567  2536 I AppsFilter: interaction: PackageSetting{1b9da87 ai.elizaos.app/10192} -> PackageSetting{ae07456 com.google.android.hotspot2.osulogin/10173} BLOCKED
06-28 20:20:28.587   567  2536 I AppsFilter: interaction: PackageSetting{1b9da87 ai.elizaos.app/10192} -> PackageSetting{587ecd7 com.android.simappdialog/10111} BLOCKED
06-28 20:20:28.587   567  2536 I AppsFilter: interaction: PackageSetting{1b9da87 ai.elizaos.app/10192} -> PackageSetting{a5389c4 com.android.internal.display.cutout.emulation.hole/10073} BLOCKED
06-28 20:20:28.587   567  2536 I AppsFilter: interaction: PackageSetting{1b9da87 ai.elizaos.app/10192} -> PackageSetting{b2390ad com.android.internal.display.cutout.emulation.tall/10065} BLOCKED
06-28 20:20:28.587   567  2536 I AppsFilter: interaction: PackageSetting{1b9da87 ai.elizaos.app/10192} -> PackageSetting{7077fe2 com.android.internal.systemui.navbar.threebutton/10068} BLOCKED
06-28 20:20:28.587   567  2536 I AppsFilter: interaction: PackageSetting{1b9da87 ai.elizaos.app/10192} -> PackageSetting{1f47f73 com.android.camera2/10147} BLOCKED
06-28 20:20:28.587   567  2536 I AppsFilter: interaction: PackageSetting{1b9da87 ai.elizaos.app/10192} -> PackageSetting{9e17e30 com.android.systemui.auto_generated_rro_vendor__/10076} BLOCKED
06-28 20:20:28.587   567  2536 I AppsFilter: interaction: PackageSetting{1b9da87 ai.elizaos.app/10192} -> PackageSetting{2958aa9 com.google.android.deskclock/10154} BLOCKED
06-28 20:20:28.587   567  2536 I AppsFilter: interaction: PackageSetting{1b9da87 ai.elizaos.app/10192} -> PackageSetting{1a1b82e com.android.internal.systemui.navbar.twobutton/10017} BLOCKED
06-28 20:20:28.587   567  2536 I AppsFilter: interaction: PackageSetting{1b9da87 ai.elizaos.app/10192} -> PackageSetting{98d9fcf com.google.android.gm/10142} BLOCKED
06-28 20:20:28.587   567  2536 I AppsFilter: interaction: PackageSetting{1b9da87 ai.elizaos.app/10192} -> PackageSetting{1184d5c com.android.internal.systemui.navbar.gestural_extra_wide_back/10045} BLOCKED
06-28 20:20:28.587   567  2536 I AppsFilter: interaction: PackageSetting{1b9da87 ai.elizaos.app/10192} -> PackageSetting{132865 com.android.systemui.emulation.pixel_3/10012} BLOCKED
06-28 20:20:28.587   567  2536 I AppsFilter: interaction: PackageSetting{1b9da87 ai.elizaos.app/10192} -> PackageSetting{195293a com.android.systemui.emulation.pixel_4/10037} BLOCKED
06-28 20:20:28.587   567  2536 I AppsFilter: interaction: PackageSetting{1b9da87 ai.elizaos.app/10192} -> PackageSetting{bee69eb com.android.systemui.emulation.pixel_5/10071} BLOCKED
06-28 20:20:28.587   567  2536 I AppsFilter: interaction: PackageSetting{1b9da87 ai.elizaos.app/10192} -> PackageSetting{f8ae348 com.android.systemui.emulation.pixel_6/10074} BLOCKED
06-28 20:20:28.587   567  2536 I AppsFilter: interaction: PackageSetting{1b9da87 ai.elizaos.app/10192} -> PackageSetting{112e5e1 com.android.systemui.emulation.pixel_7/10072} BLOCKED
06-28 20:20:28.588   567  2536 I AppsFilter: interaction: PackageSetting{1b9da87 ai.elizaos.app/10192} -> PackageSetting{41c9f06 com.android.systemui.emulation.pixel_8/10070} BLOCKED
06-28 20:20:28.588   567  2536 I AppsFilter: interaction: PackageSetting{1b9da87 ai.elizaos.app/10192} -> PackageSetting{d47b9c7 com.android.nfc.auto_generated_rro_product__/10028} BLOCKED
06-28 20:20:28.588   567  2536 I AppsFilter: interaction: PackageSetting{1b9da87 ai.elizaos.app/10192} -> PackageSetting{90eebf4 com.android.printspooler/10104} BLOCKED
06-28 20:20:28.588   567  2536 I AppsFilter: interaction: PackageSetting{1b9da87 ai.elizaos.app/10192} -> PackageSetting{9f6ff1d com.android.emergency.auto_generated_rro_product__/10041} BLOCKED
06-28 20:20:28.588   567  2536 I AppsFilter: interaction: PackageSetting{1b9da87 ai.elizaos.app/10192} -> PackageSetting{d53a592 com.google.android.connectivity.resources.goldfish.overlay/10079} BLOCKED
06-28 20:20:28.588   567  2536 I AppsFilter: interaction: PackageSetting{1b9da87 ai.elizaos.app/10192} -> PackageSetting{9fc2b63 com.android.dreams.basic/10103} BLOCKED
06-28 20:20:28.588   567  2536 I AppsFilter: interaction: PackageSetting{1b9da87 ai.elizaos.app/10192} -> PackageSetting{728d360 com.google.android.networkstack.tethering.emulator/10019} BLOCKED
06-28 20:20:28.588   567  2536 I AppsFilter: interaction: PackageSetting{1b9da87 ai.elizaos.app/10192} -> PackageSetting{9097019 com.android.providers.settings.auto_generated_rro_product__/10001} BLOCKED
06-28 20:20:28.588   567  2536 I AppsFilter: interaction: PackageSetting{1b9da87 ai.elizaos.app/10192} -> PackageSetting{58288de com.google.android.as.oss/10122} BLOCKED
06-28 20:20:28.588   567  2536 I AppsFilter: interaction: PackageSetting{1b9da87 ai.elizaos.app/10192} -> PackageSetting{7fc1abf com.android.traceur.auto_generated_rro_product__/10005} BLOCKED
06-28 20:20:28.588   567  2536 I AppsFilter: interaction: PackageSetting{1b9da87 ai.elizaos.app/10192} -> PackageSetting{537c58c com.google.android.devicelockcontroller/10190} BLOCKED
06-28 20:20:28.588   567  2536 I AppsFilter: interaction: PackageSetting{1b9da87 ai.elizaos.app/10192} -> PackageSetting{d37f4d5 com.google.android.dialer/10130} BLOCKED
06-28 20:20:28.588   567  2536 I AppsFilter: interaction: PackageSetting{1b9da87 ai.elizaos.app/10192} -> PackageSetting{f2a54ea com.android.internal.emulation.pixel_3/10046} BLOCKED
06-28 20:20:28.588   567  2536 I AppsFilter: interaction: PackageSetting{1b9da87 ai.elizaos.app/10192} -> PackageSetting{1e1a3db com.android.internal.emulation.pixel_4/10060} BLOCKED
06-28 20:20:28.588   567  2536 I AppsFilter: interaction: PackageSetting{1b9da87 ai.elizaos.app/10192} -> PackageSetting{361ae78 com.android.internal.emulation.pixel_5/10009} BLOCKED
06-28 20:20:28.588   567  2536 I AppsFilter: interaction: PackageSetting{1b9da87 ai.elizaos.app/10192} -> PackageSetting{c900951 com.android.internal.emulation.pixel_6/10038} BLOCKED
06-28 20:20:28.588   567  2536 I AppsFilter: interaction: PackageSetting{1b9da87 ai.elizaos.app/10192} -> PackageSetting{1d0d5b6 com.android.internal.emulation.pixel_7/10067} BLOCKED
06-28 20:20:28.588   567  2536 I AppsFilter: interaction: PackageSetting{1b9da87 ai.elizaos.app/10192} -> PackageSetting{7cca2b7 com.android.internal.emulation.pixel_8/10039} BLOCKED
06-28 20:20:28.588   567  2536 I AppsFilter: interaction: PackageSetting{1b9da87 ai.elizaos.app/10192} -> PackageSetting{c3f3a24 com.google.android.captiveportallogin/10113} BLOCKED
06-28 20:20:28.588   567  2536 I AppsFilter: interaction: PackageSetting{1b9da87 ai.elizaos.app/10192} -> PackageSetting{67ae98d com.android.musicfx/10088} BLOCKED
06-28 20:20:28.588   567  2536 I AppsFilter: interaction: PackageSetting{1b9da87 ai.elizaos.app/10192} -> PackageSetting{58c9742 com.google.android.apps.docs/10155} BLOCKED
06-28 20:20:28.588   567  2536 I AppsFilter: interaction: PackageSetting{1b9da87 ai.elizaos.app/10192} -> PackageSetting{27a94ac com.google.android.apps.maps/10153} BLOCKED
06-28 20:20:28.588   567  2536 I AppsFilter: interaction: PackageSetting{1b9da87 ai.elizaos.app/10192} -> PackageSetting{1feb353 com.google.android.modulemetadata/10146} BLOCKED
06-28 20:20:28.588   567  2536 I AppsFilter: interaction: PackageSetting{1b9da87 ai.elizaos.app/10192} -> PackageSetting{947d490 com.google.android.markup/10135} BLOCKED
06-28 20:20:28.588   567  2536 I AppsFilter: interaction: PackageSetting{1b9da87 ai.elizaos.app/10192} -> PackageSetting{db99189 com.android.providers.settings.auto_generated_rro_vendor__/10080} BLOCKED
06-28 20:20:28.588   567  2536 I AppsFilter: interaction: PackageSetting{1b9da87 ai.elizaos.app/10192} -> PackageSetting{b50e58e com.google.android.rkpdapp/10181} BLOCKED
06-28 20:20:28.588   567  2536 I AppsFilter: interaction: PackageSetting{1b9da87 ai.elizaos.app/10192} -> PackageSetting{13731af com.google.android.contacts/10152} BLOCKED
06-28 20:20:28.588   567  2536 I AppsFilter: interaction: PackageSetting{1b9da87 ai.elizaos.app/10192} -> PackageSetting{1fda9bc com.android.server.telecom.auto_generated_rro_product__/10030} BLOCKED
06-28 20:20:28.588   567  2536 I AppsFilter: interaction: PackageSetting{1b9da87 ai.elizaos.app/10192} -> PackageSetting{620bd45 com.google.android.overlay.googleconfig/10055} BLOCKED
06-28 20:20:28.589   567  2536 I AppsFilter: interaction: PackageSetting{1b9da87 ai.elizaos.app/10192} -> PackageSetting{df9cc9a com.android.bips.auto_generated_rro_product__/10032} BLOCKED
06-28 20:20:28.589   567  2536 I AppsFilter: interaction: PackageSetting{1b9da87 ai.elizaos.app/10192} -> PackageSetting{8cf39cb com.google.android.apps.customization.pixel/10144} BLOCKED
06-28 20:20:28.589   567  2536 I AppsFilter: interaction: PackageSetting{1b9da87 ai.elizaos.app/10192} -> PackageSetting{1d9a5a8 com.google.android.tag/10083} BLOCKED
06-28 20:20:28.589   567  2536 I AppsFilter: interaction: PackageSetting{1b9da87 ai.elizaos.app/10192} -> PackageSetting{214e8c1 com.google.android.overlay.permissioncontroller/10002} BLOCKED
06-28 20:20:28.589   567  2536 I AppsFilter: interaction: PackageSetting{1b9da87 ai.elizaos.app/10192} -> PackageSetting{8181866 com.google.android.partnersetup/10124} BLOCKED
06-28 20:20:28.589   567  2536 I AppsFilter: interaction: PackageSetting{1b9da87 ai.elizaos.app/10192} -> PackageSetting{e95a7a7 com.google.android.apps.wallpaper.nexus/10141} BLOCKED
06-28 20:20:28.589   567  2536 I AppsFilter: interaction: PackageSetting{1b9da87 ai.elizaos.app/10192} -> PackageSetting{f77454 com.google.android.apps.nexuslauncher/10169} BLOCKED
06-28 20:20:28.589   567  2536 I AppsFilter: interaction: PackageSetting{1b9da87 ai.elizaos.app/10192} -> PackageSetting{bc64ffd com.google.android.nearby.halfsheet/10177} BLOCKED
06-28 20:20:28.589   567  2536 I AppsFilter: interaction: PackageSetting{1b9da87 ai.elizaos.app/10192} -> PackageSetting{a7d54f2 com.android.theme.font.notoserifsource/10066} BLOCKED
06-28 20:20:28.589   567  2536 I AppsFilter: interaction: PackageSetting{1b9da87 ai.elizaos.app/10192} -> PackageSetting{c6b1743 com.google.android.safetycenter.resources/10174} BLOCKED
06-28 20:20:28.589   567  2536 I AppsFilter: interaction: PackageSetting{1b9da87 ai.elizaos.app/10192} -> PackageSetting{b8181c0 com.android.internal.display.cutout.emulation.waterfall/10043} BLOCKED
06-28 20:20:28.589   567  2536 I AppsFilter: interaction: PackageSetting{1b9da87 ai.elizaos.app/10192} -> PackageSetting{62ceef9 com.android.internal.systemui.navbar.transparent/10029} BLOCKED
06-28 20:20:28.589   567  2536 I AppsFilter: interaction: PackageSetting{1b9da87 ai.elizaos.app/10192} -> PackageSetting{f87ce3e com.google.android.connectivity.resources/10176} BLOCKED
06-28 20:20:28.589   567  2536 I AppsFilter: interaction: PackageSetting{1b9da87 ai.elizaos.app/10192} -> PackageSetting{f9de49f com.android.providers.contacts.auto_generated_rro_product__/10016} BLOCKED
06-28 20:20:28.589   567  2536 I AppsFilter: interaction: PackageSetting{1b9da87 ai.elizaos.app/10192} -> PackageSetting{3dcf9ec com.google.android.feedback/10162} BLOCKED
06-28 20:20:28.589   567  2536 I AppsFilter: interaction: PackageSetting{1b9da87 ai.elizaos.app/10192} -> PackageSetting{1c481b5 com.google.android.printservice.recommendation/10110} BLOCKED
06-28 20:20:28.589   567  2536 I AppsFilter: interaction: PackageSetting{1b9da87 ai.elizaos.app/10192} -> PackageSetting{72e904a com.google.android.apps.photos/10140} BLOCKED
06-28 20:20:28.589   567  2536 I AppsFilter: interaction: PackageSetting{1b9da87 ai.elizaos.app/10192} -> PackageSetting{256f080 com.google.android.calendar/10143} BLOCKED
06-28 20:20:28.589   567  2536 I AppsFilter: interaction: PackageSetting{1b9da87 ai.elizaos.app/10192} -> PackageSetting{2062bbb com.google.android.documentsui/10099} BLOCKED
06-28 20:20:28.589   567  2536 I AppsFilter: interaction: PackageSetting{1b9da87 ai.elizaos.app/10192} -> PackageSetting{b95c8d8 com.android.systemui.emulation.pixel_3a_xl/10018} BLOCKED
06-28 20:20:28.589   567  2536 I AppsFilter: interaction: PackageSetting{1b9da87 ai.elizaos.app/10192} -> PackageSetting{1088431 com.android.systemui.emulation.pixel_6_pro/10063} BLOCKED
06-28 20:20:28.589   567  2536 I AppsFilter: interaction: PackageSetting{1b9da87 ai.elizaos.app/10192} -> PackageSetting{7cd6716 com.android.systemui.emulation.pixel_7_pro/10054} BLOCKED
06-28 20:20:28.589   567  2536 I AppsFilter: interaction: PackageSetting{1b9da87 ai.elizaos.app/10192} -> PackageSetting{8e1c897 com.android.systemui.emulation.pixel_8_pro/10006} BLOCKED
06-28 20:20:28.589   567  2536 I AppsFilter: interaction: PackageSetting{1b9da87 ai.elizaos.app/10192} -> PackageSetting{f0a9a84 com.google.mainline.telemetry/10151} BLOCKED
06-28 20:20:28.589   567  2536 I AppsFilter: interaction: PackageSetting{1b9da87 ai.elizaos.app/10192} -> PackageSetting{8b0326d com.android.carrierconfig.auto_generated_rro_product__/10064} BLOCKED
06-28 20:20:28.590   567  2536 I AppsFilter: interaction: PackageSetting{1b9da87 ai.elizaos.app/10192} -> PackageSetting{fb0dea2 com.android.providers.partnerbookmarks/10100} BLOCKED
06-28 20:20:28.590   567  2536 I AppsFilter: interaction: PackageSetting{1b9da87 ai.elizaos.app/10192} -> PackageSetting{5705733 com.android.wallpaper.livepicker/10090} BLOCKED
06-28 20:20:28.590   567  2536 I AppsFilter: interaction: PackageSetting{1b9da87 ai.elizaos.app/10192} -> PackageSetting{fd8daf0 com.android.providers.telephony.auto_generated_rro_product__/10062} BLOCKED
06-28 20:20:28.590   567  2536 I AppsFilter: interaction: PackageSetting{1b9da87 ai.elizaos.app/10192} -> PackageSetting{7aa8869 com.android.phone.auto_generated_rro_vendor__/10081} BLOCKED
06-28 20:20:28.590   567  2536 I AppsFilter: interaction: PackageSetting{1b9da87 ai.elizaos.app/10192} -> PackageSetting{36242ee com.google.mainline.adservices/10136} BLOCKED
06-28 20:20:28.590   567  2536 I AppsFilter: interaction: PackageSetting{1b9da87 ai.elizaos.app/10192} -> PackageSetting{34f338f com.android.imsserviceentitlement/10117} BLOCKED
06-28 20:20:28.590   567  2536 I AppsFilter: interaction: PackageSetting{1b9da87 ai.elizaos.app/10192} -> PackageSetting{a08b61c com.google.android.healthconnect.controller/10179} BLOCKED
06-28 20:20:28.590   567  2536 I AppsFilter: interaction: PackageSetting{1b9da87 ai.elizaos.app/10192} -> PackageSetting{2da4225 com.android.internal.emulation.pixel_2_xl/10013} BLOCKED
06-28 20:20:28.590   567  2536 I AppsFilter: interaction: PackageSetting{1b9da87 ai.elizaos.app/10192} -> PackageSetting{4b39ffa com.android.internal.emulation.pixel_3_xl/10056} BLOCKED
06-28 20:20:28.590   567  2536 I AppsFilter: interaction: PackageSetting{1b9da87 ai.elizaos.app/10192} -> PackageSetting{9579ab com.android.internal.emulation.pixel_4_xl/10047} BLOCKED
06-28 20:20:28.590   567  2536 I AppsFilter: interaction: PackageSetting{1b9da87 ai.elizaos.app/10192} -> PackageSetting{ff91808 com.android.internal.emulation.pixel_fold/10004} BLOCKED
06-28 20:20:28.590   567  2536 I AppsFilter: interaction: PackageSetting{1b9da87 ai.elizaos.app/10192} -> PackageSetting{91dba1 com.android.bookmarkprovider/10114} BLOCKED
06-28 20:20:28.590   567  2536 I AppsFilter: interaction: PackageSetting{1b9da87 ai.elizaos.app/10192} -> PackageSetting{e8bc1c6 com.google.android.overlay.pixelconfigcommon/10011} BLOCKED
06-28 20:20:28.590   567  2536 I AppsFilter: interaction: PackageSetting{1b9da87 ai.elizaos.app/10192} -> PackageSetting{bb00587 com.android.systemui.accessibility.accessibilitymenu.auto_generated_rro_product__/10050} BLOCKED
06-28 20:20:28.590   567  2536 I AppsFilter: interaction: PackageSetting{1b9da87 ai.elizaos.app/10192} -> PackageSetting{90bacb4 com.android.systemui.emulation.pixel_3a/10010} BLOCKED
06-28 20:20:28.590   567  2536 I AppsFilter: interaction: PackageSetting{1b9da87 ai.elizaos.app/10192} -> PackageSetting{fcf90dd com.android.systemui.emulation.pixel_4a/10000} BLOCKED
06-28 20:20:28.590   567  2536 I AppsFilter: interaction: PackageSetting{1b9da87 ai.elizaos.app/10192} -> PackageSetting{1723452 com.android.systemui.emulation.pixel_6a/10042} BLOCKED
06-28 20:20:28.590   567  2536 I AppsFilter: interaction: PackageSetting{1b9da87 ai.elizaos.app/10192} -> PackageSetting{2fd7323 com.android.systemui.emulation.pixel_7a/10014} BLOCKED
06-28 20:20:28.590   567  2536 I AppsFilter: interaction: PackageSetting{1b9da87 ai.elizaos.app/10192} -> PackageSetting{f10e020 com.google.android.settings.intelligence/10118} BLOCKED
06-28 20:20:28.590   567  2536 I AppsFilter: interaction: PackageSetting{1b9da87 ai.elizaos.app/10192} -> PackageSetting{57844e3 com.google.android.projection.gearhead/10123} BLOCKED
06-28 20:20:28.590   567  2536 I AppsFilter: interaction: PackageSetting{1b9da87 ai.elizaos.app/10192} -> PackageSetting{7395dd9 com.google.android.uwb.resources/10184} BLOCKED
06-28 20:20:28.590   567  2536 I AppsFilter: interaction: PackageSetting{1b9da87 ai.elizaos.app/10192} -> PackageSetting{3c4aee0 com.android.cts.ctsshim/10186} BLOCKED
06-28 20:20:28.590   567  2536 I AppsFilter: interaction: PackageSetting{1b9da87 ai.elizaos.app/10192} -> PackageSetting{cdb439e com.google.android.wifi.resources/10171} BLOCKED
06-28 20:20:28.590   567  2536 I AppsFilter: interaction: PackageSetting{1b9da87 ai.elizaos.app/10192} -> PackageSetting{22a1e7f com.google.android.wifi.dialog/10172} BLOCKED
06-28 20:20:28.590   567  2536 I AppsFilter: interaction: PackageSetting{1b9da87 ai.elizaos.app/10192} -> PackageSetting{673de4c com.google.android.apps.wallpaper/10161} BLOCKED
06-28 20:20:28.590   567  2536 I AppsFilter: interaction: PackageSetting{1b9da87 ai.elizaos.app/10192} -> PackageSetting{7d8fe95 com.google.android.odad/10121} BLOCKED
06-28 20:20:28.590   567  2536 I AppsFilter: interaction: PackageSetting{1b9da87 ai.elizaos.app/10192} -> PackageSetting{133fbaa com.android.settings.auto_generated_rro_product__/10027} BLOCKED
06-28 20:20:28.590   567  2536 I AppsFilter: interaction: PackageSetting{1b9da87 ai.elizaos.app/10192} -> PackageSetting{94c239b com.android.internal.systemui.navbar.gestural/10051} BLOCKED
06-28 20:20:28.591   567  2536 I AppsFilter: interaction: PackageSetting{1b9da87 ai.elizaos.app/10192} -> PackageSetting{d269338 com.google.android.apps.youtube.music/10156} BLOCKED
06-28 20:20:28.591   567  2536 I AppsFilter: interaction: PackageSetting{1b9da87 ai.elizaos.app/10192} -> PackageSetting{f97ef11 com.android.bluetoothmidiservice/10108} BLOCKED
06-28 20:20:28.591   567  2536 I AppsFilter: interaction: PackageSetting{1b9da87 ai.elizaos.app/10192} -> PackageSetting{6ae2876 com.android.storagemanager.auto_generated_rro_product__/10026} BLOCKED
06-28 20:20:28.591   567  2536 I AppsFilter: interaction: PackageSetting{1b9da87 ai.elizaos.app/10192} -> PackageSetting{9bf5e77 com.google.android.cellbroadcastreceiver/10178} BLOCKED
06-28 20:20:28.591   567  2536 I AppsFilter: interaction: PackageSetting{1b9da87 ai.elizaos.app/10192} -> PackageSetting{c4daae4 com.android.phone.auto_generated_rro_product__/10061} BLOCKED
06-28 20:20:28.591   567  2536 I AppsFilter: interaction: PackageSetting{1b9da87 ai.elizaos.app/10192} -> PackageSetting{77b6b4d android.auto_generated_rro_product__/10069} BLOCKED
06-28 20:20:28.591   567  2536 I AppsFilter: interaction: PackageSetting{1b9da87 ai.elizaos.app/10192} -> PackageSetting{4cc5602 com.android.internal.systemui.navbar.gestural_narrow_back/10052} BLOCKED
06-28 20:20:28.591   567  2536 I AppsFilter: interaction: PackageSetting{1b9da87 ai.elizaos.app/10192} -> PackageSetting{4c16b13 com.google.android.inputmethod.latin/10145} BLOCKED
06-28 20:20:28.591   567  2536 I AppsFilter: interaction: PackageSetting{1b9da87 ai.elizaos.app/10192} -> PackageSetting{8ac9150 android.auto_generated_rro_vendor__/10075} BLOCKED
06-28 20:20:28.591   567  2536 I AppsFilter: interaction: PackageSetting{1b9da87 ai.elizaos.app/10192} -> PackageSetting{9a06f49 com.google.android.apps.restore/10119} BLOCKED
06-28 20:20:28.659 19439 19439 W ai.elizaos.app: Accessing hidden method Landroid/os/Trace;->isTagEnabled(J)Z (unsupported, reflection, allowed)
06-28 20:20:28.659 19439 19439 W ai.elizaos.app: Accessing hidden method Landroid/os/Trace;->traceBegin(JLjava/lang/String;)V (unsupported, reflection, allowed)
06-28 20:20:28.659 19439 19439 W ai.elizaos.app: Accessing hidden method Landroid/os/Trace;->traceEnd(J)V (unsupported, reflection, allowed)
06-28 20:20:28.659 19439 19439 W ai.elizaos.app: Accessing hidden method Landroid/os/Trace;->asyncTraceBegin(JLjava/lang/String;I)V (unsupported, reflection, allowed)
06-28 20:20:28.660 19439 19439 W ai.elizaos.app: Accessing hidden method Landroid/os/Trace;->asyncTraceEnd(JLjava/lang/String;I)V (unsupported, reflection, allowed)
06-28 20:20:28.667 19439 19439 I cr_WVCFactoryProvider: Loaded version=113.0.5672.136 minSdkVersion=29 isBundle=false multiprocess=true packageId=2
06-28 20:20:28.687 19439 19484 I cr_VariationsUtils: Failed reading seed file "/data/user/0/ai.elizaos.app/app_webview/variations_seed_new"
06-28 20:20:28.688 19439 19484 I cr_VariationsUtils: Failed reading seed file "/data/user/0/ai.elizaos.app/app_webview/variations_seed"
06-28 20:20:28.688 19439 19484 I cr_VariationsUtils: Requesting new seed from IVariationsSeedServer
06-28 20:20:28.704 19439 19439 I cr_LibraryLoader: Successfully loaded native library
06-28 20:20:28.705 19439 19439 I cr_CachingUmaRecorder: Flushed 8 samples from 8 histograms.
06-28 20:20:28.735   567  2536 D ActivityManager: sync unfroze 28670 com.google.android.webview:webview_service for 6
06-28 20:20:28.737   567  2536 D CompatibilityChangeReporter: Compat change id reported: 261072174; UID 10192; state: ENABLED
06-28 20:20:28.738   567   580 D CompatibilityChangeReporter: Compat change id reported: 161145287; UID 10192; state: ENABLED
06-28 20:20:28.747   567  1184 D CompatibilityChangeReporter: Compat change id reported: 135634846; UID 99008; state: DISABLED
06-28 20:20:28.748   567   598 D CompatibilityChangeReporter: Compat change id reported: 143937733; UID 10192; state: ENABLED
