06-28 20:18:54.759  1517  2183 I MediaProvider: Begin Intent { act=android.intent.action.PACKAGE_DATA_CLEARED dat=package: flg=0x5000010 cmp=com.google.android.providers.media.module/com.android.providers.media.MediaService (has extras) }
06-28 20:18:54.772  1517  2183 D MediaProvider: Deleted 0 Android/media items belonging to ai.elizaos.app on /data/user/0/com.google.android.providers.media.module/databases/external.db
06-28 20:18:54.778 18572 18572 D nativeloader: Configuring clns-shared-6 for other apk /system/priv-app/DocumentsUIGoogle/DocumentsUIGoogle.apk. target_sdk_version=34, uses_libraries=, library_path=/system/priv-app/DocumentsUIGoogle/lib/x86_64:/system/lib64:/system_ext/lib64, permitted_path=/data:/mnt/expand:/data/user/0/com.google.android.documentsui:/system/priv-app/DocumentsUIGoogle:/system/lib64:/system_ext/lib64
06-28 20:18:54.783  1517  2183 D MediaGrants: Removed 0 media_grants for 0 user for ai.elizaos.app. Reason: Package orphaned
06-28 20:18:54.787  1517  2183 I MediaProvider: End Intent { act=android.intent.action.PACKAGE_DATA_CLEARED dat=package: flg=0x5000010 cmp=com.google.android.providers.media.module/com.android.providers.media.MediaService (has extras) }
06-28 20:18:54.799 24004 18582 I Fitness : FitCleanupIntentOperation received Intent android.intent.action.PACKAGE_DATA_CLEARED [CONTEXT service_id=17 ]
06-28 20:18:54.806 25013 25178 W AiAiEcho: LyftNotificationParser Ridesharing ETA not enabled
06-28 20:18:54.806 25013 25178 W AiAiEcho: SmartspaceNotificationPredictor no parser can handle this notification or notification is invalid
06-28 20:18:54.808 27984 27984 D CompatibilityChangeReporter: Compat change id reported: 183155436; UID 10175; state: ENABLED
06-28 20:18:54.826 18572 18572 V GraphicsEnvironment: Currently set values for:
06-28 20:18:54.826 18572 18572 V GraphicsEnvironment:   angle_gl_driver_selection_pkgs=[]
06-28 20:18:54.826 18572 18572 V GraphicsEnvironment:   angle_gl_driver_selection_values=[]
06-28 20:18:54.827 18572 18572 V GraphicsEnvironment: ANGLE GameManagerService for com.google.android.documentsui: false
06-28 20:18:54.827 18572 18572 V GraphicsEnvironment: com.google.android.documentsui is not listed in per-application setting
06-28 20:18:54.827 18572 18572 V GraphicsEnvironment: Neither updatable production driver nor prerelease driver is supported.
06-28 20:18:54.840 18572 18572 D CompatibilityChangeReporter: Compat change id reported: 205919743; UID 10099; state: ENABLED
06-28 20:18:54.844 27984 27984 W System  : ClassLoader referenced unknown path:
06-28 20:18:54.845   567  2536 D CompatibilityChangeReporter: Compat change id reported: 161145287; UID 10099; state: ENABLED
06-28 20:18:54.846 27984 27984 D nativeloader: Configuring clns-shared-8 for other apk . target_sdk_version=34, uses_libraries=, library_path=/apex/com.android.permission/priv-app/GooglePermissionController@340818080/lib/x86_64:/system/lib64:/system_ext/lib64, permitted_path=/data:/mnt/expand:/data/user_de/0/com.google.android.permissioncontroller:/apex/com.android.permission/priv-app/GooglePermissionController@340818080:/system/lib64:/system_ext/lib64
06-28 20:18:54.846 18572 18572 D CompatibilityChangeReporter: Compat change id reported: 183155436; UID 10099; state: ENABLED
06-28 20:18:54.859   567  2536 D CompatibilityChangeReporter: Compat change id reported: 135634846; UID 10085; state: DISABLED
06-28 20:18:54.859   567  2536 D CompatibilityChangeReporter: Compat change id reported: 177438394; UID 10085; state: DISABLED
06-28 20:18:54.862   567  2536 D CompatibilityChangeReporter: Compat change id reported: 135772972; UID 10085; state: DISABLED
06-28 20:18:54.862   567  2536 D CompatibilityChangeReporter: Compat change id reported: 135754954; UID 10085; state: ENABLED
06-28 20:18:54.863   567   598 D CompatibilityChangeReporter: Compat change id reported: 143937733; UID 10085; state: ENABLED
06-28 20:18:54.878   371   371 D Zygote  : Forked child process 18619
06-28 20:18:54.878   567   598 I ActivityManager: Start proc 18619:com.android.externalstorage/u0a85 for content provider {com.android.externalstorage/com.android.externalstorage.ExternalStorageProvider}
06-28 20:18:54.906 18572 18572 D CompatibilityChangeReporter: Compat change id reported: 210923482; UID 10099; state: ENABLED
06-28 20:18:54.909 18619 18619 I externalstorage: Using CollectorTypeCC GC.
06-28 20:18:54.911 18619 18619 W externalstorage: Unexpected CPU variant for x86: x86_64.
06-28 20:18:54.911 18619 18619 W externalstorage: Known variants: atom, sandybridge, silvermont, goldmont, goldmont-plus, tremont, kabylake, default
06-28 20:18:54.911   567  1893 I ActivityManager: Flag disabled. Ignoring finishAttachApplication from uid: 10099. pid: 18572
06-28 20:18:54.912 18572 18572 D DocumentsApplication: OverlayManager.setEnabled() result: true
06-28 20:18:54.915 18619 18619 E externalstorage: Not starting debugger since process cannot load the jdwp agent.
06-28 20:18:54.921   567  2536 D CompatibilityChangeReporter: Compat change id reported: 168419799; UID 10085; state: DISABLED
06-28 20:18:54.921   567  2536 D CompatibilityChangeReporter: Compat change id reported: 273564678; UID 10085; state: DISABLED
06-28 20:18:54.923   567   640 D CompatibilityChangeReporter: Compat change id reported: 265195908; UID 10085; state: ENABLED
06-28 20:18:54.942 18619 18619 D CompatibilityChangeReporter: Compat change id reported: 171979766; UID 10085; state: ENABLED
06-28 20:18:54.942 18619 18619 D CompatibilityChangeReporter: Compat change id reported: 242716250; UID 10085; state: ENABLED
06-28 20:18:54.945   567  2536 D CompatibilityChangeReporter: Compat change id reported: 170503758; UID 10085; state: ENABLED
06-28 20:18:54.947 18619 18619 D CompatibilityChangeReporter: Compat change id reported: 3400644; UID 10085; state: ENABLED
06-28 20:18:54.953 18619 18619 D nativeloader: Configuring clns-shared-6 for other apk /system/priv-app/ExternalStorageProvider/ExternalStorageProvider.apk. target_sdk_version=34, uses_libraries=, library_path=/system/priv-app/ExternalStorageProvider/lib/x86_64:/system/lib64:/system_ext/lib64, permitted_path=/data:/mnt/expand:/data/user/0/com.android.externalstorage:/system/priv-app/ExternalStorageProvider:/system/lib64:/system_ext/lib64
06-28 20:18:54.961 18619 18619 V GraphicsEnvironment: Currently set values for:
06-28 20:18:54.961 18619 18619 V GraphicsEnvironment:   angle_gl_driver_selection_pkgs=[]
06-28 20:18:54.961 18619 18619 V GraphicsEnvironment:   angle_gl_driver_selection_values=[]
06-28 20:18:54.961 18619 18619 V GraphicsEnvironment: ANGLE GameManagerService for com.android.externalstorage: false
06-28 20:18:54.961 18619 18619 V GraphicsEnvironment: com.android.externalstorage is not listed in per-application setting
06-28 20:18:54.961 18619 18619 V GraphicsEnvironment: Neither updatable production driver nor prerelease driver is supported.
06-28 20:18:54.968   567  1893 D SafetySourceDataValidator: No cert check requested for package com.google.android.permissioncontroller
06-28 20:18:54.974 18619 18619 D ExternalStorage: After updating volumes, found 1 active roots
06-28 20:18:54.976   567  2536 I ActivityManager: Flag disabled. Ignoring finishAttachApplication from uid: 10085. pid: 18619
06-28 20:18:54.989 18572 18613 W oid.documentsui: Long monitor contention with owner pool-2-thread-1 (18612) at void com.android.documentsui.roots.ProvidersCache$MultiProviderUpdateTask.handleDocumentsProvider(android.content.pm.ProviderInfo, com.android.documentsui.base.UserId)(ProvidersCache.java:645) waiters=1 in void com.android.documentsui.roots.ProvidersCache$MultiProviderUpdateTask.handleDocumentsProvider(android.content.pm.ProviderInfo, com.android.documentsui.base.UserId) for 134ms
06-28 20:18:54.992 27984 27984 I PermissionEventCleanupJobService: Job already scheduled.
06-28 20:18:54.994 27984 27984 D PersistedStoragePackageUninstalledReceiver: Received android.intent.action.PACKAGE_DATA_CLEARED for ai.elizaos.app for u0
06-28 20:18:55.052   776   776 W ActivityThread: getPackageInfo() called with an older ApplicationInfo than the cached version for package android
06-28 20:18:55.066   776   776 W ActivityThread: getPackageInfo() called with an older ApplicationInfo than the cached version for package android
06-28 20:18:55.067   776   776 W ActivityThread: getPackageInfo() called with an older ApplicationInfo than the cached version for package android
06-28 20:18:55.067   776   776 W ActivityThread: getPackageInfo() called with an older ApplicationInfo than the cached version for package android
06-28 20:18:55.067   776   776 W ActivityThread: getPackageInfo() called with an older ApplicationInfo than the cached version for package android
06-28 20:18:55.087   776   901 D LocalImageResolver: Couldn't use ImageDecoder for drawable, falling back to non-resized load.
06-28 20:18:55.088   776   901 D LocalImageResolver: Couldn't use ImageDecoder for drawable, falling back to non-resized load.
06-28 20:18:55.106 24105 24297 W Icing   : Package com.google.android.googlequicksearchbox targets Android P and isn't allowed to use AppDataSearch indexing API
06-28 20:18:55.109 24105 24297 W Icing   : Package com.google.android.gm targets Android P and isn't allowed to use AppDataSearch indexing API
06-28 20:18:55.110 24105 24297 I Icing   : updateResources: need to parse arkh{com.google.android.gms}
06-28 20:18:55.152 18354 18376 V ClearcutMetricXmitter: Transmission is done.
06-28 20:18:55.152 18354 18374 V ClearcutMetricXmitter: Transmission is done.
06-28 20:18:55.814   478  4038 D BufferPoolAccessor2.0: bufferpool2 0x7b8a05854e78 : 0(0 size) total buffers - 0(0 size) used buffers - 93/101 (recycle/alloc) - 8/198 (fetch/transfer)
06-28 20:18:55.814   478  4038 D BufferPoolAccessor2.0: evictor expired: 1, evicted: 1
06-28 20:18:55.820   482   774 D BufferPoolAccessor2.0: bufferpool2 0x7a448daf49a8 : 0(0 size) total buffers - 0(0 size) used buffers - 93/97 (recycle/alloc) - 4/96 (fetch/transfer)
06-28 20:18:55.820   482   774 D BufferPoolAccessor2.0: evictor expired: 1, evicted: 1
06-28 20:18:58.244 18375 18460 D CompatibilityChangeReporter: Compat change id reported: 150939131; UID 10142; state: ENABLED
06-28 20:18:58.248   567  2121 W ProcessStats: Tracking association SourceState{75837e4 com.google.process.gservices/10128 BFgs #17561} whose proc state 4 is better than process ProcessState{1667fdd com.google.android.gms/10128 pkg=com.google.android.gms} proc state 13 (674 skipped)
06-28 20:18:58.519 24052 24062 W id.ext.services: Reducing the number of considered missed Gc histogram windows from 360 to 100
06-28 20:19:00.040 25013 25118 I AiAiEcho: Predicting[0]:
06-28 20:19:00.040 25013 25118 I AiAiEcho: EchoTargets:
06-28 20:19:00.040 25013 25118 I AiAiEcho: Filtered by AiAi flag check:
06-28 20:19:00.040 25013 25118 I AiAiEcho: Ranked targets strategy: SORT, count: 0, ranking metadata:
06-28 20:19:00.041   776   909 D EGL_emulation: app_time_stats: avg=376.11ms min=4.99ms max=4914.71ms count=14
06-28 20:19:00.041 25013 25118 I AiAiEcho: #postPredictionTargets: Sending updates to UISurface lockscreen with targets# 0 (types=[])
06-28 20:19:00.053   776   776 W PageIndicator: Total number of pages invalid: 0. Assuming 1 page.
06-28 20:19:00.329     0     0 W healthd : battery l=100 v=5000 t=25.0 h=2 st=2 c=900000 fc=3000000 cc=10 chg=a
06-28 20:19:01.220   776   776 D StatusBarIconController: ignoring old pipeline callbacks, because the new mobile icons are enabled
06-28 20:19:03.207 24105 24105 D BoundBrokerSvc: onUnbind: Intent { act=com.google.android.mobstore.service.START pkg=com.google.android.gms }
06-28 20:19:03.215 18354 18508 I Bugle   : BugleStartup: Registering SIM change receiver...
06-28 20:19:03.217 24105 24105 D BoundBrokerSvc: onUnbind: Intent { act=com.google.android.gms.checkin.START pkg=com.google.android.gms }
06-28 20:19:03.218 18354 18508 I Bugle   : BugleStartup: Updating app config...
06-28 20:19:03.228 18354 18508 I Bugle   : BugleStartup: Done with SIM change receiver & app config.
06-28 20:19:03.228 18354 18508 I Bugle   : BugleStartup: Handling shared prefs upgrade & Load MMS Configuration...
06-28 20:19:03.244 18354 18508 I Bugle   : BugleStartup: Initializing RCS availability...
06-28 20:19:03.244 18354 18713 I BugleRcsEngine: [196] bscg.c: do not delay first event
06-28 20:19:03.245 18354 18508 I Bugle   : RcsAvailabilityUtilForProvisioningEngineV2: updateAvailabilityAsync, hint: NO_HINT
06-28 20:19:03.246 18354 18508 I BugleRcsProvisioning: RcsAvailabilityUpdaterLocal: updateAvailabilityAsync: scheduling updateRcsAvailability call, hint: NO_HINT, enableWelcomePopupWithoutGoogleTos: false, reshowSuccessPopup: false
06-28 20:19:03.246 18354 18508 I Bugle   : BugleStartup: Done with RCS availability.
06-28 20:19:03.246 18354 18508 I Bugle   : BugleStartup: Done initializing with enabled individual init failures.
06-28 20:19:03.247 18354 18507 W BugleRcsEngine: [190] brcu.d: [SR]: Single Registration is disabled. Skipping Single Registration capability check for subId: 1, OS.isAtLeastS:[true], enableSingleRegistrationProvisioning:[false]
06-28 20:19:03.248 18354 18507 I BugleRcsEngine: [190] brnl.e: No RCS Configuration was found in Bugle for simID: redacted-pii:sim_id[chars:20,last3:897]
06-28 20:19:03.248 18354 18507 I BugleRcsProvisioning: RcsAvailabilityUpdaterLocal: RcsAvailability configuration availability and enabled status: simId: redacted-pii:sim_id[chars:20,last3:897], SipConnectionType: DUAL_REG, isConfigurationAvailableAndEnabled: false
06-28 20:19:03.257 18354 18463 W Bugle   : BuglePhoneNumberUtils: canonicalizeMccMnc: invalid mccmnc. mcc: null, mnc: null
06-28 20:19:03.257 18354 18429 I BugleRcsEngine: [171] bscg.c: SIM state event delay enabled: attempts 0, maxAttempts 3, delaySeconds 90 MSIM delayseconds 90, effective delay seconds 90
06-28 20:19:03.258 18354 18429 I BugleRcsEngine: [171] bscg.c: posted simEventProcessTask to handler with delay 90
06-28 20:19:03.258 18354 18429 I BugleRcsEngine: [171] bscd.d: (Sim): delay SIM event: android.intent.action.SIM_STATE_CHANGED, LOADED
06-28 20:19:03.260 18354 18713 I BugleRcsEngine: [196] bscd.o: (Sim): Processing an intent
06-28 20:19:03.261 18354 18713 I BugleRcsEngine: [196] bscd.z: (Sim): SIM state LOADED
06-28 20:19:03.264 18354 18507 I BugleRcsEngine: [190] brox.b: Using config server URL from bqas
06-28 20:19:03.264 18354 18507 I BugleRcsProvisioning: RcsAvailabilityUpdaterLocal: RcsAvailability subscription{id:1}, simId: redacted-pii:sim_id[chars:20,last3:897], sipConnectionType: DUAL_REG, isRcsAvailable: false
06-28 20:19:03.265 18354 18507 I BugleRcsProvisioning: RcsAvailabilityUpdaterLocal: updateRcsAvailability, currentAvailability: 9, newAvailability: 10, hint: NO_HINT
06-28 20:19:03.266 18354 18713 I BugleRcsEngine: [196] bscd.z: (Sim): SIM changed: false. current id: redacted-pii:sim_id[chars:20,last3:897]; stored id: redacted-pii:sim_id[chars:20,last3:897]; isFiDevice: false; subId: 1; slotIndex: 0
06-28 20:19:03.282 18354 18508 I BugleJobs: Starts to observe table change.
06-28 20:19:03.284 18354 18713 I BugleRcsEngine: [196] bscd.z: (Sim): Skipping writing subId because this is main bugle process.
06-28 20:19:03.286 18354 18713 I BugleRcsEngine: [196] bscd.z: (Sim): Updated SIM info: currentSimId: redacted-pii:sim_id[chars:20,last3:897]; imsi: redacted-pii:imsi[chars:15]; rawMsisdn: redacted-pii:phone_number[chars:12,last2:67]; formattedMsisdn: redacted-pii:phone_number[chars:0,last2:]; mccmnc: redacted-pii:sim_operator[chars:6]; gid1: redacted-pii:sim_gid[chars:0]; isFiDevice: false; subId: 1; slotIndex: 0
06-28 20:19:03.289 18354 18713 I BugleRcsEngine: [196] bscd.I: (Sim): Broadcasting Intent { act=com.google.android.ims.SIM_LOADED (has extras) }
06-28 20:19:03.293 18354 18354 I Bugle   : SimChangeReceiver: action: com.google.android.ims.SIM_LOADED
06-28 20:19:03.293 24004 24004 D BoundBrokerSvc: onUnbind: Intent { act=com.google.android.gms.auth.account.workaccount.START dat=chimera-action:/... cmp=com.google.android.gms/.chimera.PersistentApiService }
06-28 20:19:03.293 24004 24004 D BoundBrokerSvc: onBind: Intent { act=com.google.android.gms.pseudonymous.service.START pkg=com.google.android.gms }
06-28 20:19:03.293 24004 24004 D BoundBrokerSvc: Loading bound service for intent: Intent { act=com.google.android.gms.pseudonymous.service.START pkg=com.google.android.gms }
06-28 20:19:03.294 18354 18438 I BugleJobs: Icing index repair service is not scheduled. [CONTEXT class_name="IcingMonitoringUtils" ]
06-28 20:19:03.301 18354 18489 D WM-PackageManagerHelper: androidx.work.impl.background.systemjob.SystemJobService enabled
06-28 20:19:03.301 18354 18489 D WM-Schedulers: Created SystemJobScheduler and enabled SystemJobService
06-28 20:19:03.306 18354 18464 I Bugle   : RcsAvailabilityUtilForProvisioningEngineV2: updateAvailabilityAsync, hint: NO_HINT
06-28 20:19:03.306 18354 18464 I BugleRcsProvisioning: RcsAvailabilityUpdaterLocal: updateAvailabilityAsync: scheduling updateRcsAvailability call, hint: NO_HINT, enableWelcomePopupWithoutGoogleTos: false, reshowSuccessPopup: false
06-28 20:19:03.308 18354 18467 W BugleRcsEngine: [182] brcu.d: [SR]: Single Registration is disabled. Skipping Single Registration capability check for subId: 1, OS.isAtLeastS:[true], enableSingleRegistrationProvisioning:[false]
06-28 20:19:03.310 18354 18489 I Forking : Starting analysis.
06-28 20:19:03.310 18354 18467 I BugleRcsEngine: [182] brnl.e: No RCS Configuration was found in Bugle for simID: redacted-pii:sim_id[chars:20,last3:897]
06-28 20:19:03.310 18354 18489 I Misthreading: Starting analysis.
06-28 20:19:03.310 18354 18467 I BugleRcsProvisioning: RcsAvailabilityUpdaterLocal: RcsAvailability configuration availability and enabled status: simId: redacted-pii:sim_id[chars:20,last3:897], SipConnectionType: DUAL_REG, isConfigurationAvailableAndEnabled: false
06-28 20:19:03.310 18354 18467 I BugleRcsEngine: [182] brox.b: Using config server URL from bqas
06-28 20:19:03.312 18354 18467 I BugleRcsProvisioning: RcsAvailabilityUpdaterLocal: RcsAvailability subscription{id:1}, simId: redacted-pii:sim_id[chars:20,last3:897], sipConnectionType: DUAL_REG, isRcsAvailable: false
06-28 20:19:03.312 18354 18467 I BugleRcsProvisioning: RcsAvailabilityUpdaterLocal: updateRcsAvailability, currentAvailability: 10, newAvailability: 10, hint: NO_HINT
06-28 20:19:03.329 18354 18354 W BugleRcsEngine: [2] bpxk.i: Unable to send RCS extension log
06-28 20:19:03.336 18354 18463 D CompatibilityChangeReporter: Compat change id reported: 194532703; UID 10131; state: ENABLED
06-28 20:19:03.336 18354 18463 D CompatibilityChangeReporter: Compat change id reported: 253665015; UID 10131; state: ENABLED
06-28 20:19:03.337 18354 18720 W BugleAction: Failed to get msisdn from Bugle
06-28 20:19:03.337   567  2121 D CompatibilityChangeReporter: Compat change id reported: 253665015; UID 10131; state: ENABLED
06-28 20:19:03.337   567  2121 D CompatibilityChangeReporter: Compat change id reported: 194532703; UID 10131; state: ENABLED
06-28 20:19:03.337 18354 18720 W BugleAction: Failed to get msisdn from RcsProfileService
06-28 20:19:03.338 18354 18720 W BugleAction: cksi: Jibe SDK Service not available. Is the Jibe SDK service running? Did you call connect() and wait for the notification before calling an API function?
06-28 20:19:03.338 18354 18720 W BugleAction: 	at cksa.b(PG:2)
06-28 20:19:03.338 18354 18720 W BugleAction: 	at com.google.android.rcs.client.profile.RcsProfileService.g(PG:1)
06-28 20:19:03.338 18354 18720 W BugleAction: 	at com.google.android.rcs.client.profile.RcsProfileService.getMsisdn(PG:3)
06-28 20:19:03.338 18354 18720 W BugleAction: 	at awsw.aj(PG:17)
06-28 20:19:03.338 18354 18720 W BugleAction: 	at awsw.u(PG:1)
06-28 20:19:03.338 18354 18720 W BugleAction: 	at aule.g(PG:1)
06-28 20:19:03.338 18354 18720 W BugleAction: 	at aule.d(PG:1)
06-28 20:19:03.338 18354 18720 W BugleAction: 	at aops.e(PG:2)
06-28 20:19:03.338 18354 18720 W BugleAction: 	at aopo.run(PG:4)
06-28 20:19:03.338 18354 18720 W BugleAction: 	at cnpl.run(PG:1)
06-28 20:19:03.338 18354 18720 W BugleAction: 	at java.util.concurrent.Executors$RunnableAdapter.call(Executors.java:487)
06-28 20:19:03.338 18354 18720 W BugleAction: 	at ctfw.a(PG:1)
06-28 20:19:03.338 18354 18720 W BugleAction: 	at ctet.run(PG:4)
06-28 20:19:03.338 18354 18720 W BugleAction: 	at ctfx.run(PG:1)
06-28 20:19:03.338 18354 18720 W BugleAction: 	at bxfd.run(PG:1)
06-28 20:19:03.338 18354 18720 W BugleAction: 	at java.util.concurrent.ThreadPoolExecutor.runWorker(ThreadPoolExecutor.java:1145)
06-28 20:19:03.338 18354 18720 W BugleAction: 	at java.util.concurrent.ThreadPoolExecutor$Worker.run(ThreadPoolExecutor.java:644)
06-28 20:19:03.338 18354 18720 W BugleAction: 	at bxef.run(PG:2)
06-28 20:19:03.338 18354 18720 W BugleAction: 	at java.lang.Thread.run(Thread.java:1012)
06-28 20:19:03.338 18354 18720 W BugleAction: 	at bxfj.run(PG:5)
06-28 20:19:03.339 18354 18720 W SubscriptionMetadataUti: Bugle: SubscriptionMetadataUtils get: unexpected subId = -2, replacing with -1
06-28 20:19:03.339 18354 18720 W SubscriptionMetadataUti: cpwb: FULL
06-28 20:19:03.339 18354 18720 W SubscriptionMetadataUti: 	at bdsy.h(PG:6)
06-28 20:19:03.339 18354 18720 W SubscriptionMetadataUti: 	at bdvp.a(PG:1)
06-28 20:19:03.339 18354 18720 W SubscriptionMetadataUti: 	at bgit.<init>(PG:1)
06-28 20:19:03.339 18354 18720 W SubscriptionMetadataUti: 	at bgiu.a(PG:1)
06-28 20:19:03.339 18354 18720 W SubscriptionMetadataUti: 	at awsw.ai(PG:3)
06-28 20:19:03.339 18354 18720 W SubscriptionMetadataUti: 	at awsw.aj(PG:25)
06-28 20:19:03.339 18354 18720 W SubscriptionMetadataUti: 	at awsw.u(PG:1)
06-28 20:19:03.339 18354 18720 W SubscriptionMetadataUti: 	at aule.g(PG:1)
06-28 20:19:03.339 18354 18720 W SubscriptionMetadataUti: 	at aule.d(PG:1)
06-28 20:19:03.339 18354 18720 W SubscriptionMetadataUti: 	at aops.e(PG:2)
06-28 20:19:03.339 18354 18720 W SubscriptionMetadataUti: 	at aopo.run(PG:4)
06-28 20:19:03.339 18354 18720 W SubscriptionMetadataUti: 	at cnpl.run(PG:1)
06-28 20:19:03.339 18354 18720 W SubscriptionMetadataUti: 	at java.util.concurrent.Executors$RunnableAdapter.call(Executors.java:487)
06-28 20:19:03.339 18354 18720 W SubscriptionMetadataUti: 	at ctfw.a(PG:1)
06-28 20:19:03.339 18354 18720 W SubscriptionMetadataUti: 	at ctet.run(PG:4)
06-28 20:19:03.339 18354 18720 W SubscriptionMetadataUti: 	at ctfx.run(PG:1)
06-28 20:19:03.339 18354 18720 W SubscriptionMetadataUti: 	at bxfd.run(PG:1)
06-28 20:19:03.339 18354 18720 W SubscriptionMetadataUti: 	at java.util.concurrent.ThreadPoolExecutor.runWorker(ThreadPoolExecutor.java:1145)
06-28 20:19:03.339 18354 18720 W SubscriptionMetadataUti: 	at java.util.concurrent.ThreadPoolExecutor$Worker.run(ThreadPoolExecutor.java:644)
06-28 20:19:03.339 18354 18720 W SubscriptionMetadataUti: 	at bxef.run(PG:2)
06-28 20:19:03.339 18354 18720 W SubscriptionMetadataUti: 	at java.lang.Thread.run(Thread.java:1012)
06-28 20:19:03.339 18354 18720 W SubscriptionMetadataUti: 	at bxfj.run(PG:5)
06-28 20:19:03.339 18354 18720 W SubscriptionMetadataUti: Bugle: SubscriptionMetadataUtils get: unexpected subId = -2, replacing with -1
06-28 20:19:03.339 18354 18720 W SubscriptionMetadataUti: cpwb: FULL
06-28 20:19:03.339 18354 18720 W SubscriptionMetadataUti: 	at bdsy.h(PG:6)
06-28 20:19:03.339 18354 18720 W SubscriptionMetadataUti: 	at bgit.<init>(PG:2)
06-28 20:19:03.339 18354 18720 W SubscriptionMetadataUti: 	at bgiu.a(PG:1)
06-28 20:19:03.339 18354 18720 W SubscriptionMetadataUti: 	at awsw.ai(PG:3)
06-28 20:19:03.339 18354 18720 W SubscriptionMetadataUti: 	at awsw.aj(PG:25)
06-28 20:19:03.339 18354 18720 W SubscriptionMetadataUti: 	at awsw.u(PG:1)
06-28 20:19:03.339 18354 18720 W SubscriptionMetadataUti: 	at aule.g(PG:1)
06-28 20:19:03.339 18354 18720 W SubscriptionMetadataUti: 	at aule.d(PG:1)
06-28 20:19:03.339 18354 18720 W SubscriptionMetadataUti: 	at aops.e(PG:2)
06-28 20:19:03.339 18354 18720 W SubscriptionMetadataUti: 	at aopo.run(PG:4)
06-28 20:19:03.339 18354 18720 W SubscriptionMetadataUti: 	at cnpl.run(PG:1)
06-28 20:19:03.339 18354 18720 W SubscriptionMetadataUti: 	at java.util.concurrent.Executors$RunnableAdapter.call(Executors.java:487)
06-28 20:19:03.339 18354 18720 W SubscriptionMetadataUti: 	at ctfw.a(PG:1)
06-28 20:19:03.339 18354 18720 W SubscriptionMetadataUti: 	at ctet.run(PG:4)
06-28 20:19:03.339 18354 18720 W SubscriptionMetadataUti: 	at ctfx.run(PG:1)
06-28 20:19:03.339 18354 18720 W SubscriptionMetadataUti: 	at bxfd.run(PG:1)
06-28 20:19:03.339 18354 18720 W SubscriptionMetadataUti: 	at java.util.concurrent.ThreadPoolExecutor.runWorker(ThreadPoolExecutor.java:1145)
06-28 20:19:03.339 18354 18720 W SubscriptionMetadataUti: 	at java.util.concurrent.ThreadPoolExecutor$Worker.run(ThreadPoolExecutor.java:644)
06-28 20:19:03.339 18354 18720 W SubscriptionMetadataUti: 	at bxef.run(PG:2)
06-28 20:19:03.339 18354 18720 W SubscriptionMetadataUti: 	at java.lang.Thread.run(Thread.java:1012)
06-28 20:19:03.339 18354 18720 W SubscriptionMetadataUti: 	at bxfj.run(PG:5)
06-28 20:19:03.341 18354 18720 W SubscriptionMetadataUti: Bugle: SubscriptionMetadataUtils get: unexpected subId = -2, replacing with -1
06-28 20:19:03.341 18354 18720 W SubscriptionMetadataUti: cpwb: FULL
06-28 20:19:03.341 18354 18720 W SubscriptionMetadataUti: 	at bdsy.h(PG:6)
06-28 20:19:03.341 18354 18720 W SubscriptionMetadataUti: 	at awsw.ai(PG:18)
06-28 20:19:03.341 18354 18720 W SubscriptionMetadataUti: 	at awsw.aj(PG:25)
06-28 20:19:03.341 18354 18720 W SubscriptionMetadataUti: 	at awsw.u(PG:1)
06-28 20:19:03.341 18354 18720 W SubscriptionMetadataUti: 	at aule.g(PG:1)
06-28 20:19:03.341 18354 18720 W SubscriptionMetadataUti: 	at aule.d(PG:1)
06-28 20:19:03.341 18354 18720 W SubscriptionMetadataUti: 	at aops.e(PG:2)
06-28 20:19:03.341 18354 18720 W SubscriptionMetadataUti: 	at aopo.run(PG:4)
06-28 20:19:03.341 18354 18720 W SubscriptionMetadataUti: 	at cnpl.run(PG:1)
06-28 20:19:03.341 18354 18720 W SubscriptionMetadataUti: 	at java.util.concurrent.Executors$RunnableAdapter.call(Executors.java:487)
06-28 20:19:03.341 18354 18720 W SubscriptionMetadataUti: 	at ctfw.a(PG:1)
06-28 20:19:03.341 18354 18720 W SubscriptionMetadataUti: 	at ctet.run(PG:4)
06-28 20:19:03.341 18354 18720 W SubscriptionMetadataUti: 	at ctfx.run(PG:1)
06-28 20:19:03.341 18354 18720 W SubscriptionMetadataUti: 	at bxfd.run(PG:1)
06-28 20:19:03.341 18354 18720 W SubscriptionMetadataUti: 	at java.util.concurrent.ThreadPoolExecutor.runWorker(ThreadPoolExecutor.java:1145)
06-28 20:19:03.341 18354 18720 W SubscriptionMetadataUti: 	at java.util.concurrent.ThreadPoolExecutor$Worker.run(ThreadPoolExecutor.java:644)
06-28 20:19:03.341 18354 18720 W SubscriptionMetadataUti: 	at bxef.run(PG:2)
06-28 20:19:03.341 18354 18720 W SubscriptionMetadataUti: 	at java.lang.Thread.run(Thread.java:1012)
06-28 20:19:03.341 18354 18720 W SubscriptionMetadataUti: 	at bxfj.run(PG:5)
06-28 20:19:03.341 18354 18720 I Bugle   : SubscriptionUtilsAsOfLMR1: getActiveSubscriptionInfo(): empty sub info for subscription{id:-1}
06-28 20:19:03.341 18354 18720 I Bugle   : SubscriptionUtilsAsOfLMR1: getActiveSubscriptionInfo(): empty sub info for subscription{id:-1}
06-28 20:19:03.341   567  2121 D CompatibilityChangeReporter: Compat change id reported: 271850009; UID 10131; state: ENABLED
06-28 20:19:03.341 18354 18720 W Bugle   : SubscriptionUtilsAsOfLMR1: getSelfRawNumber: subInfo is null for subscription{id:-1}
06-28 20:19:03.343 18354 18720 W BugleAction: No default number, returning empty msisdn
06-28 20:19:03.343 18354 18720 W BugleEtouffee: E2eeStartupTask: Skip prekey checking because MSISDN is empty.
06-28 20:19:03.351 18354 18450 D CompatibilityChangeReporter: Compat change id reported: 183155436; UID 10131; state: ENABLED
06-28 20:19:03.353 18354 18450 I FirebaseApp: Device unlocked: initializing all Firebase APIs for app [DEFAULT]
06-28 20:19:03.355 18354 18508 I BugleNetwork: FirebaseRegistrationStartupTask: Enabling Firebase component
06-28 20:19:03.364 18354 18468 I BugleWearable: Wear Companion app is not installed on phone. Skipping sync to wear devices. [CONTEXT class_name="SyncDataToWearableAppHandler" ]
06-28 20:19:03.367 24004 24248 W BpBinder: Large outgoing transaction of 403832 bytes, interface descriptor , code 4
06-28 20:19:03.371 18354 18373 D CompatibilityChangeReporter: Compat change id reported: 150939131; UID 10131; state: ENABLED
06-28 20:19:03.376 18354 18450 I Bugle   : RcsAvailabilityUtilForProvisioningEngineV2: onCsLibPhenotypeUpdated
06-28 20:19:03.377 18354 18450 I BugleRcsEngine: [176] bptz.run: SystemBindingManager: SystemBinding enabled: true
06-28 20:19:03.388 18354 18720 W BugleRcsEngine: [202] bpxc.w: Unable to send diagnostic log
06-28 20:19:03.390 18354 18438 I BugleRcsEngine: [172] bpua.b: System Binding updated
06-28 20:19:03.390 18354 18719 W BugleRcsEngine: [201] bpxc.w: Unable to send diagnostic log
06-28 20:19:03.390 18354 18718 D ProfileInstaller: Installing profile for com.google.android.apps.messaging
06-28 20:19:03.395 18354 18718 I BugleRcsProvisioning: RcsProvisioningTrigger: Schedule provisioning on app startup
06-28 20:19:03.395 24004 24004 I Wear_Controller: Wearable module requires a companion app to be installed.
06-28 20:19:03.396 24004 24004 I WearableService: onCreate: Wearable Services not starting. Wear is not available on this device.
06-28 20:19:03.396 18354 18718 I BugleRcsProvisioning: scheduleProvisioning using legacy code path
06-28 20:19:03.396 18354 18718 W BugleRcsEngine: [200] brcu.d: [SR]: Single Registration is disabled. Skipping Single Registration capability check for subId: 1, OS.isAtLeastS:[true], enableSingleRegistrationProvisioning:[false]
06-28 20:19:03.397 18354 18718 I BugleRcsProvisioning: RcsProvisioningTrigger: DR is active, initializing DR provisioning. DUAL_REG
06-28 20:19:03.397 18354 18463 W BugleRcsEngine: [180] brcu.d: [SR]: Single Registration is disabled. Skipping Single Registration capability check for subId: 1, OS.isAtLeastS:[true], enableSingleRegistrationProvisioning:[false]
06-28 20:19:03.398 18354 18508 I BugleNetwork: Startup: registering tachyon.
06-28 20:19:03.399 18354 18463 I BugleRcsEngine: [180] brnl.e: No RCS Configuration was found in Bugle for simID: redacted-pii:sim_id[chars:20,last3:897]
06-28 20:19:03.401 24004 24048 W WearableService: onGetService: Wear is not available on this device.
06-28 20:19:03.403 18354 18508 I BugleNetwork: Startup: registering tachyon for phone.
06-28 20:19:03.404 18354 18508 I BugleNetwork: Profile service is not connected at startup task.
06-28 20:19:03.405 18354 18463 I BugleRcsEngine: [180] zzo.l: Scheduled provisioning task with 0 seconds delay, KEEP policy, trigger is APP_STARTUP, workerId is c5b16c09-c029-4948-8c99-378434bb4b29
06-28 20:19:03.406 18354 18719 I Bugle   : VerifiedSmsEnabledCheckerImpl: VSMS is disabled via Phenotype flag.
06-28 20:19:03.408 18354 18464 I BugleMDD: MddBackgroundStartupTask: Scheduled MDD periodic tasks.
06-28 20:19:03.409 18354 18429 I Bugle   : VerifiedSmsStartupTask: Checking if Verified SMS tasks should be enqueued. feature supported: false, feature enabled: false, eligible / has registered key: false, C11N: false
06-28 20:19:03.409 18354 18429 I Bugle   : VerifiedSmsStartupTask: Not enqueuing VSMS periodic task, VSMS is disabled or not supported.
06-28 20:19:03.409 18354 18489 I Bugle   : VerifiedSmsStartupTask: Not calling C11N to get phone numbers.
06-28 20:19:03.422 18354 18463 I BugleRcsProvisioning: BugleSystemBindingManager: onBuglePhenotypeFlagChanged
06-28 20:19:03.422 18354 18463 I BugleTransport: onBuglePhenotypeFlagChanged: kicking off updateActiveTransport
06-28 20:19:03.423 18354 18508 W BugleRcsEngine: [191] bpxc.w: Unable to send diagnostic log
06-28 20:19:03.423 18354 18438 I BugleRcsEngine: [172] bptz.run: SystemBindingManager: SystemBinding enabled: true
06-28 20:19:03.424 18354 18438 I BugleRcsEngine: [172] bpua.b: System Binding updated
06-28 20:19:03.424 18354 18508 W BugleRcsEngine: [191] bpxc.w: Unable to send diagnostic log
06-28 20:19:03.424 18354 18719 W BugleAction: Failed to get msisdn from Bugle
06-28 20:19:03.424 18354 18719 W BugleAction: Failed to get msisdn from RcsProfileService
06-28 20:19:03.425 18354 18719 W BugleAction: cksi: Jibe SDK Service not available. Is the Jibe SDK service running? Did you call connect() and wait for the notification before calling an API function?
06-28 20:19:03.425 18354 18719 W BugleAction: 	at cksa.b(PG:2)
06-28 20:19:03.425 18354 18719 W BugleAction: 	at com.google.android.rcs.client.profile.RcsProfileService.g(PG:1)
06-28 20:19:03.425 18354 18719 W BugleAction: 	at com.google.android.rcs.client.profile.RcsProfileService.getMsisdn(PG:3)
06-28 20:19:03.425 18354 18719 W BugleAction: 	at awsw.aj(PG:17)
06-28 20:19:03.425 18354 18719 W BugleAction: 	at awsw.z(PG:2)
06-28 20:19:03.425 18354 18719 W BugleAction: 	at aule.k(PG:1)
06-28 20:19:03.425 18354 18719 W BugleAction: 	at aulc.call(Unknown Source:2)
06-28 20:19:03.425 18354 18719 W BugleAction: 	at cnsg.a(PG:1)
06-28 20:19:03.425 18354 18719 W BugleAction: 	at cnpm.a(PG:3)
06-28 20:19:03.425 18354 18719 W BugleAction: 	at ctfv.a(PG:1)
06-28 20:19:03.425 18354 18719 W BugleAction: 	at ctet.run(PG:4)
06-28 20:19:03.425 18354 18719 W BugleAction: 	at ctfx.run(PG:1)
06-28 20:19:03.425 18354 18719 W BugleAction: 	at bxfd.run(PG:1)
06-28 20:19:03.425 18354 18719 W BugleAction: 	at java.util.concurrent.ThreadPoolExecutor.runWorker(ThreadPoolExecutor.java:1145)
06-28 20:19:03.425 18354 18719 W BugleAction: 	at java.util.concurrent.ThreadPoolExecutor$Worker.run(ThreadPoolExecutor.java:644)
06-28 20:19:03.425 18354 18719 W BugleAction: 	at bxef.run(PG:2)
06-28 20:19:03.425 18354 18719 W BugleAction: 	at java.lang.Thread.run(Thread.java:1012)
06-28 20:19:03.425 18354 18719 W BugleAction: 	at bxfj.run(PG:5)
06-28 20:19:03.425 18354 18719 W SubscriptionMetadataUti: Bugle: SubscriptionMetadataUtils get: unexpected subId = -2, replacing with -1
06-28 20:19:03.425 18354 18719 W SubscriptionMetadataUti: cpwb: FULL
06-28 20:19:03.425 18354 18719 W SubscriptionMetadataUti: 	at bdsy.h(PG:6)
06-28 20:19:03.425 18354 18719 W SubscriptionMetadataUti: 	at bdvp.a(PG:1)
06-28 20:19:03.425 18354 18719 W SubscriptionMetadataUti: 	at bgit.<init>(PG:1)
06-28 20:19:03.425 18354 18719 W SubscriptionMetadataUti: 	at bgiu.a(PG:1)
06-28 20:19:03.425 18354 18719 W SubscriptionMetadataUti: 	at awsw.ai(PG:3)
06-28 20:19:03.425 18354 18719 W SubscriptionMetadataUti: 	at awsw.aj(PG:25)
06-28 20:19:03.425 18354 18719 W SubscriptionMetadataUti: 	at awsw.z(PG:2)
06-28 20:19:03.425 18354 18719 W SubscriptionMetadataUti: 	at aule.k(PG:1)
06-28 20:19:03.425 18354 18719 W SubscriptionMetadataUti: 	at aulc.call(Unknown Source:2)
06-28 20:19:03.425 18354 18719 W SubscriptionMetadataUti: 	at cnsg.a(PG:1)
06-28 20:19:03.425 18354 18719 W SubscriptionMetadataUti: 	at cnpm.a(PG:3)
06-28 20:19:03.425 18354 18719 W SubscriptionMetadataUti: 	at ctfv.a(PG:1)
06-28 20:19:03.425 18354 18719 W SubscriptionMetadataUti: 	at ctet.run(PG:4)
06-28 20:19:03.425 18354 18719 W SubscriptionMetadataUti: 	at ctfx.run(PG:1)
06-28 20:19:03.425 18354 18719 W SubscriptionMetadataUti: 	at bxfd.run(PG:1)
06-28 20:19:03.425 18354 18719 W SubscriptionMetadataUti: 	at java.util.concurrent.ThreadPoolExecutor.runWorker(ThreadPoolExecutor.java:1145)
06-28 20:19:03.425 18354 18719 W SubscriptionMetadataUti: 	at java.util.concurrent.ThreadPoolExecutor$Worker.run(ThreadPoolExecutor.java:644)
06-28 20:19:03.425 18354 18719 W SubscriptionMetadataUti: 	at bxef.run(PG:2)
06-28 20:19:03.425 18354 18719 W SubscriptionMetadataUti: 	at java.lang.Thread.run(Thread.java:1012)
06-28 20:19:03.425 18354 18719 W SubscriptionMetadataUti: 	at bxfj.run(PG:5)
06-28 20:19:03.426 18354 18719 W SubscriptionMetadataUti: Bugle: SubscriptionMetadataUtils get: unexpected subId = -2, replacing with -1
06-28 20:19:03.426 18354 18719 W SubscriptionMetadataUti: cpwb: FULL
06-28 20:19:03.426 18354 18719 W SubscriptionMetadataUti: 	at bdsy.h(PG:6)
06-28 20:19:03.426 18354 18719 W SubscriptionMetadataUti: 	at bgit.<init>(PG:2)
06-28 20:19:03.426 18354 18719 W SubscriptionMetadataUti: 	at bgiu.a(PG:1)
06-28 20:19:03.426 18354 18719 W SubscriptionMetadataUti: 	at awsw.ai(PG:3)
06-28 20:19:03.426 18354 18719 W SubscriptionMetadataUti: 	at awsw.aj(PG:25)
06-28 20:19:03.426 18354 18719 W SubscriptionMetadataUti: 	at awsw.z(PG:2)
06-28 20:19:03.426 18354 18719 W SubscriptionMetadataUti: 	at aule.k(PG:1)
06-28 20:19:03.426 18354 18719 W SubscriptionMetadataUti: 	at aulc.call(Unknown Source:2)
06-28 20:19:03.426 18354 18719 W SubscriptionMetadataUti: 	at cnsg.a(PG:1)
06-28 20:19:03.426 18354 18719 W SubscriptionMetadataUti: 	at cnpm.a(PG:3)
06-28 20:19:03.426 18354 18719 W SubscriptionMetadataUti: 	at ctfv.a(PG:1)
06-28 20:19:03.426 18354 18719 W SubscriptionMetadataUti: 	at ctet.run(PG:4)
06-28 20:19:03.426 18354 18719 W SubscriptionMetadataUti: 	at ctfx.run(PG:1)
06-28 20:19:03.426 18354 18719 W SubscriptionMetadataUti: 	at bxfd.run(PG:1)
06-28 20:19:03.426 18354 18719 W SubscriptionMetadataUti: 	at java.util.concurrent.ThreadPoolExecutor.runWorker(ThreadPoolExecutor.java:1145)
06-28 20:19:03.426 18354 18719 W SubscriptionMetadataUti: 	at java.util.concurrent.ThreadPoolExecutor$Worker.run(ThreadPoolExecutor.java:644)
06-28 20:19:03.426 18354 18719 W SubscriptionMetadataUti: 	at bxef.run(PG:2)
06-28 20:19:03.426 18354 18719 W SubscriptionMetadataUti: 	at java.lang.Thread.run(Thread.java:1012)
06-28 20:19:03.426 18354 18719 W SubscriptionMetadataUti: 	at bxfj.run(PG:5)
06-28 20:19:03.426 18354 18447 I BugleTransport: isChatAvailable: RcsAvailability is CARRIER_SETUP_PENDING (Carrier RCS is not set up)
06-28 20:19:03.431 18354 18719 W SubscriptionMetadataUti: Bugle: SubscriptionMetadataUtils get: unexpected subId = -2, replacing with -1
06-28 20:19:03.431 18354 18719 W SubscriptionMetadataUti: cpwb: FULL
06-28 20:19:03.431 18354 18719 W SubscriptionMetadataUti: 	at bdsy.h(PG:6)
06-28 20:19:03.431 18354 18719 W SubscriptionMetadataUti: 	at awsw.ai(PG:18)
06-28 20:19:03.431 18354 18719 W SubscriptionMetadataUti: 	at awsw.aj(PG:25)
06-28 20:19:03.431 18354 18719 W SubscriptionMetadataUti: 	at awsw.z(PG:2)
06-28 20:19:03.431 18354 18719 W SubscriptionMetadataUti: 	at aule.k(PG:1)
06-28 20:19:03.431 18354 18719 W SubscriptionMetadataUti: 	at aulc.call(Unknown Source:2)
06-28 20:19:03.431 18354 18719 W SubscriptionMetadataUti: 	at cnsg.a(PG:1)
06-28 20:19:03.431 18354 18719 W SubscriptionMetadataUti: 	at cnpm.a(PG:3)
06-28 20:19:03.431 18354 18719 W SubscriptionMetadataUti: 	at ctfv.a(PG:1)
06-28 20:19:03.431 18354 18719 W SubscriptionMetadataUti: 	at ctet.run(PG:4)
06-28 20:19:03.431 18354 18719 W SubscriptionMetadataUti: 	at ctfx.run(PG:1)
06-28 20:19:03.431 18354 18719 W SubscriptionMetadataUti: 	at bxfd.run(PG:1)
06-28 20:19:03.431 18354 18719 W SubscriptionMetadataUti: 	at java.util.concurrent.ThreadPoolExecutor.runWorker(ThreadPoolExecutor.java:1145)
06-28 20:19:03.431 18354 18719 W SubscriptionMetadataUti: 	at java.util.concurrent.ThreadPoolExecutor$Worker.run(ThreadPoolExecutor.java:644)
06-28 20:19:03.431 18354 18719 W SubscriptionMetadataUti: 	at bxef.run(PG:2)
06-28 20:19:03.431 18354 18719 W SubscriptionMetadataUti: 	at java.lang.Thread.run(Thread.java:1012)
06-28 20:19:03.431 18354 18719 W SubscriptionMetadataUti: 	at bxfj.run(PG:5)
06-28 20:19:03.431 18354 18719 I Bugle   : SubscriptionUtilsAsOfLMR1: getActiveSubscriptionInfo(): empty sub info for subscription{id:-1}
06-28 20:19:03.431 18354 18719 I Bugle   : SubscriptionUtilsAsOfLMR1: getActiveSubscriptionInfo(): empty sub info for subscription{id:-1}
06-28 20:19:03.431 18354 18719 W Bugle   : SubscriptionUtilsAsOfLMR1: getSelfRawNumber: subInfo is null for subscription{id:-1}
06-28 20:19:03.432 18354 18719 W BugleAction: No default number, returning empty msisdn
06-28 20:19:03.434 18354 18463 I BugleTransport: updateActiveTransport: refreshing chat transport
06-28 20:19:03.436 18354 18463 I BugleTransport: Tachygram is disabled because the RCS Configuration is empty [CONTEXT ratelimit_period="5 SECONDS" ]
06-28 20:19:03.437 18354 18463 I BugleTransport: Enabled chat transport is TRANSPORT_RCS [CONTEXT group_by="TRANSPORT_RCS" ratelimit_period="5 SECONDS" ]
06-28 20:19:03.437 18354 18463 I BugleTransport: refreshChatTransport: isChatAvailable: false, enabledTransport: 1, configuration: <empty>
06-28 20:19:03.438 18354 18463 I RcsClientLib: Connecting RcsEngineLifecycleService
06-28 20:19:03.438 18354 18463 W RcsClientLib: No CS.apk RCS service found. Is RCS running in Bugle?
06-28 20:19:03.438 18354 18463 I RcsClientLib: shouldUseCarrierServicesJibeService: false, CarrierServices rcs service found: false
06-28 20:19:03.440 18354 18463 I RcsClientLib: com.google.android.rcs.client.lifecycle.RcsEngineLifecycleService connected
06-28 20:19:03.442 24054 24102 I BugleRcsEngine: [158] RcsEngineImpl.triggerStopRcsStack: RcsEngineImpl[DUAL_REG]:[30d6192c-b064]: triggerStopRcsStack for msisdn:redacted-pii:phone_number[chars:0,last2:]
06-28 20:19:03.443 24054 24537 I BugleRcsEngine: [186] brqh.handleMessage: RcsEngineImpl[DUAL_REG]:[30d6192c-b064]>Handler: handleMessage processing message:[STOP_RCS_STACK] with [non-null]:RcsEngineImpl reference
06-28 20:19:03.443 24054 24537 I BugleRcsEngine: [186] brqh.handleMessage: RcsEngineImpl[DUAL_REG]:[30d6192c-b064]>Handler: RCS engine STOP RCS stack
06-28 20:19:03.443 18354 18468 I RcsClientLib: Disconnecting RcsEngineLifecycleService
06-28 20:19:03.443 24054 24537 W BugleRcsEngine: [186] RcsEngineImpl.e: RcsEngineImpl[DUAL_REG]:[30d6192c-b064]: imsModule is null, shutdown not required
06-28 20:19:03.444 24054 24537 I BugleRcsEngine: [186] RcsEngineImpl.stopRcsStackInternal: RcsEngineImpl[DUAL_REG]:[30d6192c-b064]: skipping imsModule.stop
06-28 20:19:03.444 24054 24537 I BugleRcsEngine: [186] brqh.handleMessage: RcsEngineImpl[DUAL_REG]:[30d6192c-b064]>Handler: handleMessage processing message:[NOTIFY_UPTIME_IGNORE_STATE_CHANGED] with [non-null]:RcsEngineImpl reference
06-28 20:19:03.449 24054 24537 I BugleRcsEngine: [186] brnl.h: No RCS Configuration was found in Bugle for simID: redacted-pii:sim_id[chars:20,last3:897]
06-28 20:19:03.743 24105 24105 D BoundBrokerSvc: onUnbind: Intent { act=com.google.android.gms.gservices.START pkg=com.google.android.gms }
06-28 20:19:04.666   567   650 D ActivityManager: freezing 18375 com.google.android.gm
06-28 20:19:04.913   567   650 D ActivityManager: freezing 18572 com.google.android.documentsui
06-28 20:19:04.931   567   650 D ActivityManager: freezing 18619 com.android.externalstorage
06-28 20:19:04.994   567   650 D ActivityManager: freezing 27984 com.google.android.permissioncontroller
06-28 20:19:05.080   184 18567 I keystore2: system/security/keystore2/src/watchdog.rs:319 - Watchdog thread idle -> terminating. Have a great day.
06-28 20:19:07.545   567  1893 W BatteryExternalStatsWorker: error reading Bluetooth stats: 11
06-28 20:19:08.407   567  1184 W ProcessStats: Tracking association SourceState{bbab9db com.google.android.gms/10128 BTop #17616} whose proc state 2 is better than process ProcessState{310516f com.google.android.gms.persistent/10128 pkg=com.google.android.gms} proc state 4 (186 skipped)
06-28 20:19:09.240 18354 18354 D CompatibilityChangeReporter: Compat change id reported: 289878283; UID 10131; state: ENABLED
06-28 20:19:09.240 18354 18354 I BugleDataModel: ActionExecutorImpl: Timestamp for ACTION_EXECUTE_QUEUED_FixupMessageStatusOnStartupAction elapsedRealTime: 11187381 currentTimeMillis: 1782703149240
06-28 20:19:09.240 18354 18354 I BugleDataModel: ActionExecutorImpl: Timestamp for ACTION_EXECUTE_QUEUED_ProcessPendingMessagesAction elapsedRealTime: 11187381 currentTimeMillis: 1782703149240
06-28 20:19:09.246 18354 18463 I BugleDataModel: FixupMessageStatusOnStartupAction: sendFailedCnt: 0, downloadFailedCnt: 0, partsProcessingFailedCnt: 0
06-28 20:19:09.258 18354 18463 W BugleConnectivity: Unregister ConnectivityStateListener for subId -1 fail.
06-28 20:19:09.262 18354 18464 I BugleTransport: Tachygram is disabled because the RCS Configuration is empty [CONTEXT ratelimit_period="5 SECONDS" ]
06-28 20:19:09.262 18354 18464 I BugleTransport: Enabled chat transport is TRANSPORT_RCS [CONTEXT group_by="TRANSPORT_RCS" ratelimit_period="5 SECONDS" ]
06-28 20:19:09.263 18354 18463 I BugleDataModel: PendingMessagesProcessor: process from FixupMessageStatusOnStartupAction due to connectivity changed with delay 0 with queues:
06-28 20:19:09.263 18354 18463 I BugleDataModel: ProcessPendingMessagesTimers: cleared next retry time for channel sms_send
06-28 20:19:09.263 18354 18463 I BugleDataModel: ProcessPendingMessagesTimers: cleared next retry time for channel mms_send
06-28 20:19:09.263 18354 18463 I BugleDataModel: ProcessPendingMessagesTimers: cleared next retry time for channel mms_download
06-28 20:19:09.263 18354 18463 I BugleDataModel: ProcessPendingMessagesTimers: cleared next retry time for channel rcs_send
06-28 20:19:09.263 18354 18463 I BugleDataModel: ProcessPendingMessagesTimers: cleared next retry time for channel rcs_ft_upload
06-28 20:19:09.263 18354 18463 I BugleDataModel: ProcessPendingMessagesTimers: cleared next retry time for channel rcs_ft_download
06-28 20:19:09.263 18354 18463 I BugleDataModel: ProcessPendingMessagesTimers: cleared next retry time for channel cloud_sync_send
06-28 20:19:09.263 18354 18463 I BugleDataModel: ProcessPendingMessagesTimers: cleared next retry time for channel cloud_sync_attachment_download
06-28 20:19:09.265 18354 18463 W BugleConnectivity: Unregister ConnectivityStateListener for subId -1 fail.
06-28 20:19:09.266 18354 18463 I BugleDataModel: PendingMessagesProcessor: process from ProcessPendingMessagesAction due to scheduled processing with delay 0 with queues:
06-28 20:19:09.290 18354 18354 I BugleDataModel: ActionExecutorImpl: Timestamp for ACTION_EXECUTE_QUEUED_GenericWorkerQueueAction elapsedRealTime: 11187431 currentTimeMillis: 1782703149290
06-28 20:19:09.291 18354 18463 I BugleDataModel: ActionExecutorImpl: Timestamp for ACTION_BACKGROUND_QUEUED_GenericWorkerQueueAction elapsedRealTime: 11187431 currentTimeMillis: 1782703149291
06-28 20:19:09.294 18354 18464 I BugleJobs: GenericWorkerQueueAction: Bailing early, no work found, no failed work found
06-28 20:19:09.295 18354 18464 I BugleDataModel: ActionExecutorImpl: Timestamp for ACTION_RESPONSE_QUEUED_GenericWorkerQueueAction elapsedRealTime: 11187435 currentTimeMillis: 1782703149295
06-28 20:19:10.701   776   776 D StatusBarIconController: ignoring old pipeline callback because the new wifi icon is enabled
06-28 20:19:11.218   776   776 D StatusBarIconController: ignoring old pipeline callbacks, because the new mobile icons are enabled
06-28 20:19:16.719   776   776 D StatusBarIconController: ignoring old pipeline callback because the new wifi icon is enabled
06-28 20:19:18.338 24004 24004 D BoundBrokerSvc: onUnbind: Intent { act=com.google.android.gms.pseudonymous.service.START pkg=com.google.android.gms }
06-28 20:19:18.433   567  1184 W ProcessStats: Tracking association SourceState{bbab9db com.google.android.gms/10128 BTop #17636} whose proc state 2 is better than process ProcessState{310516f com.google.android.gms.persistent/10128 pkg=com.google.android.gms} proc state 4 (28 skipped)
06-28 20:19:19.719   776   776 D StatusBarIconController: ignoring old pipeline callback because the new wifi icon is enabled
06-28 20:19:21.218   776   776 D StatusBarIconController: ignoring old pipeline callbacks, because the new mobile icons are enabled
06-28 20:19:22.734   776   776 D StatusBarIconController: ignoring old pipeline callback because the new wifi icon is enabled
06-28 20:19:25.731   567  1184 I ActivityManager: Force stopping ai.elizaos.app appid=10192 user=0: from pid 18937
06-28 20:19:25.738   971   971 D CarrierSvcBindHelper: onHandleForceStop: [ai.elizaos.app]
06-28 20:19:25.738   971   971 D CarrierSvcBindHelper: No carrier app for: 0
06-28 20:19:25.788   567  1184 W ActivityManager: Invalid packageName: ai.eliza.eliza
06-28 20:19:25.833   567  1184 W ActivityManager: Invalid packageName: ai.elizaos.eliza
06-28 20:19:25.872 18952 18952 I sh      : type=1400 audit(0.0:582): avc:  denied  { ioctl } for  path="socket:[431511]" dev="sockfs" ino=431511 ioctlcmd=0x5401 scontext=u:r:runas_app:s0:c192,c256,c512,c768 tcontext=u:r:su:s0 tclass=unix_stream_socket permissive=1 app=ai.elizaos.app
06-28 20:19:30.918   567  1184 W ProcessStats: Tracking association SourceState{bbab9db com.google.android.gms/10128 BTop #17644} whose proc state 2 is better than process ProcessState{310516f com.google.android.gms.persistent/10128 pkg=com.google.android.gms} proc state 4 (8 skipped)
06-28 20:19:30.949 18354 18429 W Bugle   : TextClassifierLibManagerImpl: Reclaiming memory at level: 40
06-28 20:19:31.218   776   776 D StatusBarIconController: ignoring old pipeline callbacks, because the new mobile icons are enabled
06-28 20:19:40.965   567   650 D ActivityManager: freezing 18354 com.google.android.apps.messaging
06-28 20:19:41.217   776   776 D StatusBarIconController: ignoring old pipeline callbacks, because the new mobile icons are enabled
06-28 20:19:51.220   776   776 D StatusBarIconController: ignoring old pipeline callbacks, because the new mobile icons are enabled
06-28 20:20:00.022 25013 25118 I AiAiEcho: Predicting[0]:
06-28 20:20:00.022 25013 25118 I AiAiEcho: EchoTargets:
06-28 20:20:00.022 25013 25118 I AiAiEcho: Filtered by AiAi flag check:
06-28 20:20:00.023 25013 25118 I AiAiEcho: Ranked targets strategy: SORT, count: 0, ranking metadata:
06-28 20:20:00.024 25013 25118 I AiAiEcho: #postPredictionTargets: Sending updates to UISurface lockscreen with targets# 0 (types=[])
06-28 20:20:00.026   776   909 D EGL_emulation: app_time_stats: avg=59984.49ms min=59984.49ms max=59984.49ms count=1
