--------- beginning of main
06-28 20:03:38.049 14152 14196 D Capacitor: Handling local request: https://localhost/api/vision/capture-requests
--------- beginning of system
06-28 20:03:38.085  1551  1939 D ActivityManager: freezing 8126 com.google.android.apps.privacy.wildlife
06-28 20:03:38.093  1551  2020 D InetDiagMessage: Destroyed 0 sockets, proto=IPPROTO_TCP, family=AF_INET, states=14
06-28 20:03:38.095  1551  2020 D InetDiagMessage: Destroyed 0 sockets, proto=IPPROTO_TCP, family=AF_INET6, states=14
06-28 20:03:38.095  1551  2020 D InetDiagMessage: Destroyed live tcp sockets for uids={10185} in 4ms
06-28 20:03:38.106 14152 14152 I Capacitor/Console: File:  - Line 349 - Msg: [object Object]
06-28 20:03:38.107 14152 14152 I Capacitor/Console: File:  - Line 349 - Msg: [object Object]
06-28 20:03:38.108 14152 14152 V Capacitor/Plugin: To native (Capacitor plugin): callbackId: 96165200, pluginId: CapacitorHttp, methodName: request
06-28 20:03:38.108 14152 14152 V Capacitor: callback: 96165200, pluginId: CapacitorHttp, methodName: request, methodData: {"url":"https:\/\/api.elizacloud.ai\/api\/v1\/eliza\/agents\/a18eae0f-a6d1-4e90-ba65-1a72a004cbd6\/api\/workbench\/overview","method":"GET","headers":{"authorization":"Bearer eliza_REDACTED","content-type":"application\/json","x-elizaos-client-id":"ui-fc4df18e-db1e-4217-8743-ff734c224552","x-elizaos-ui-language":"en"},"responseType":"text","disableRedirects":true,"connectTimeout":10000,"readTimeout":10000}
06-28 20:03:38.109 14152 14152 V Capacitor/Plugin: To native (Capacitor plugin): callbackId: 96165201, pluginId: CapacitorHttp, methodName: request
06-28 20:03:38.109 14152 14152 V Capacitor: callback: 96165201, pluginId: CapacitorHttp, methodName: request, methodData: {"url":"https:\/\/api.elizacloud.ai\/api\/v1\/eliza\/agents\/a18eae0f-a6d1-4e90-ba65-1a72a004cbd6\/api\/config","method":"GET","headers":{"authorization":"Bearer eliza_REDACTED","content-type":"application\/json","x-elizaos-client-id":"ui-fc4df18e-db1e-4217-8743-ff734c224552","x-elizaos-ui-language":"en"},"responseType":"text","disableRedirects":true,"connectTimeout":10000,"readTimeout":10000}
06-28 20:03:38.114 14152 14305 I CapacitorCookies: Getting cookies at: 'https://api.elizacloud.ai/api/v1/eliza/agents/a18eae0f-a6d1-4e90-ba65-1a72a004cbd6/api/workbench/overview'
06-28 20:03:38.114 14152 14306 I CapacitorCookies: Getting cookies at: 'https://api.elizacloud.ai/api/v1/eliza/agents/a18eae0f-a6d1-4e90-ba65-1a72a004cbd6/api/config'
06-28 20:03:38.453 14152 14152 I Capacitor/Console: File:  - Line 333 - Msg: {"status":200,"headers":{"Access-Control-Allow-Headers":"Content-Type, Authorization, X-API-Key, X-App-Id, X-Request-ID, Cookie, X-Miniapp-Token, X-Anonymous-Session, X-Gateway-Secret, X-Wallet-Address, X-Timestamp, X-Wallet-Signature, X-Service-Key, Cache-Control, X-Agent-Client-Id, X-PAYMENT, X-PAYMENT-RESPONSE, X-PAYMENT-STATUS, X-Steward-Tenant, Idempotency-Key, X-Affiliate-Code, X-ElizaOS-Client-Id, X-Eliza-Client-Id, X-ElizaOS-UI-Language, X-Eliza-UI-Language","Access-Control-Allow-Methods":"GET, POST, OPTIONS","Access-Control-Allow-Origin":"*","Access-Control-Max-Age":"86400","alt-svc":"h3=\":443\"; ma=86400","Cache-Control":"no-store","CF-RAY":"a13103365ac57ca2-EWR","Connection":"keep-alive","Content-Length":"37","Content-Type":"application/json","Cross-Origin-Resource-Policy":"cross-origin","Date":"Mon, 29 Jun 2026 01:03:38 GMT","Nel":"{\"report_to\":\"cf-nel\",\"success_fraction\":0.0,\"max_age\":604800}","Origin-Agent-Cluster":"?1","Referrer-Policy":"strict-origin-when-cross-origin","Report-To":"{\"group\":\"cf-nel\",\"max_age\":604800,\"endpoints\":[{\"url\":\"https://a.nel.cloudflare.com/report/v4?s=WFEgddMcH6%2FEOr1tn5lf5VCPocxcLUsu3s9paDT%2F2%2F6Xuv7JCjUzO3knvsvgHciSYVI1%2BtFOR4MgyYAEJgwcYLfiXeRhgQh8qEUD3MjE4%2FEQT67dfyTN%2BX5IsLzwRxznw0k7Tg%3D%3D\"}]}","Server":"cloudflare","Server-Timing":"cfEdge;dur=8,cfOrigin;dur=0,cfWorker;dur=138","Strict-Transport-Security":"max-age=63072000; includeSubDomains; preload","X-Android-Received-Millis":"1782695018446","X-Android-Response-Source":"NETWORK 200","X-Android-Selected-Protocol":"http/1.1","X-Android-Sent-Millis":"1782695018211","X-Content-Type-Options":"nosniff","X-DNS-Prefetch-Control":"off","X-Download-Options":"noopen","X-Frame-Options":"DENY","X-Permitted-Cross-Domain-Policies":"none","x-request-id":"e577d199-1f03-4320-84fd-8569c67f97c8","X-XSS-Protection":"0"},"url":"https://api.elizacloud.ai/api/v1/eliza/agents/a18eae0f-a6d1-4e90-ba65-1a72a004cbd6/api/config","data":{"websocket":false,"streaming":false}}
06-28 20:03:38.513  1237  1237 D AOC     : A3:MSG: tmd3733_device.cc, 4363: USF: TMD3733: R/C:0.72 5CC->2D d_lux:2.0 c_lux:-1.0/-1.0 c_coeff:-1.00/-1.00
06-28 20:03:38.513  1237  1237 D AOC     : A3:MSG: tmd3733_device.cc, 4366: USF: TMD3733:  w:0.00 C:13.50 d_leak:0.2 c_leak:0.0 lux:2.0 leak:0.2
06-28 20:03:39.548 14152 14196 D Capacitor: Handling local request: https://localhost/api/vision/capture-requests
06-28 20:03:39.711 14152 14200 D Capacitor: Handling local request: https://localhost/assets/register-BWhnmVzO.js
06-28 20:03:39.711 14152 14203 D Capacitor: Handling local request: https://localhost/assets/register-Cxy1W36l.js
06-28 20:03:40.242  1045  2133 I WifiHAL : Creating message to get link statistics; iface = 47
06-28 20:03:40.277  2212  2489 D TemperatureStateSource: sequence=1393 actualDelay=10000
06-28 20:03:40.277  2212  2489 D TemperatureStateSource: Reading temperature: sequence=1394
06-28 20:03:40.282  9753  9753 I pixel-thermal: CPU_THROTTLE_SEVERE:0 raw data: CPU_THROTTLE_SEVERE:0 
06-28 20:03:40.282  9753  9753 I pixel-thermal: VIRTUAL-SKIN:31.0329 raw data: VIRTUAL-SKIN:31032.9 VIRTUAL-SKIN-LEGACY:31471.3 VIRTUAL-SKIN-LEGACY-MODEL-DIFF:447.898 VIRTUAL-SKIN-LEGACY-SHUTDOWN:0 VIRTUAL-SKIN-MODEL:31023.4 VIRTUAL-SKIN-MODEL-CLAMPED:31023.4 VIRTUAL-SKIN-MODEL-LEGACY-DIFF:-447.898 VIRTUAL-SKIN-MODEL-UPDATED:31032.9 VIRTUAL-SKIN-MODEL-UPPER-CLAMPED:31023.4 VIRTUAL-SKIN-SUB-0:30670.3 VIRTUAL-SKIN-SUB-1:31040.3 VIRTUAL-SKIN-SUB-2:31243 VIRTUAL-SKIN-SUB-3:31471.3 VIRTUAL-SKIN-SUB-4:30855.4 VT_LEGACY_WEIGHT:0 VT_MODEL_WEIGHT:1 battery:30000 btmspkr_therm:30169 charging_therm:34644 disp_therm:29947 north_therm:32663 quiet_therm:32796 rfpa_therm:32863 soc_therm:34644 usb_pwr_therm:29858 
06-28 20:03:40.283  2212  2489 D TemperatureStateSource: getDeviceTemperatures: sequence=1394 deviceTemperatureType=3 temperatureSource=0 temperatures=[31.032915]
06-28 20:03:40.283  2212  2489 D BusinessScope: Enqueuing the block
06-28 20:03:40.283  2212  2489 D TemperatureStateSource: sequence=1394 waitTime=10000
06-28 20:03:40.283  2212  2442 D BusinessScope: Start running the #2802 block
06-28 20:03:40.285  9753  9753 I pixel-thermal: CPU_THROTTLE_SEVERE:0 raw data: CPU_THROTTLE_SEVERE:0 
06-28 20:03:40.285  9753  9753 I pixel-thermal: VIRTUAL-SKIN:31.0329 raw data: VIRTUAL-SKIN:31032.9 
06-28 20:03:40.285  2212  2442 I TemperatureStateSource: temperature was set
06-28 20:03:40.286  2212  2442 D BusinessScope: Enqueuing the block
06-28 20:03:40.286  2212  2442 D ImpulseStateSource: Notify clients: 1399
06-28 20:03:40.286  1045  1135 I WifiHAL : Getting cached scan results, iface handle = 0xb400007c8f2368d0
06-28 20:03:40.286  2212  2442 D BusinessScope: Finish running the #2802 block
06-28 20:03:40.286  1045  1135 E WifiHAL : Creating message to get cached scan results
06-28 20:03:40.286  2212  2442 D BusinessScope: Start running the #2803 block
06-28 20:03:40.286  2212  2489 D ImpulseConnection: bindService: com.google.android.apps.turbo
06-28 20:03:40.289  1551  2067 D BackgroundInstallControlService: Package event received: 0
06-28 20:03:40.289  1551  4616 V GrammaticalInflectionUtils: AttributionSource: android.content.AttributionSource@22800af7 does not have READ_SYSTEM_GRAMMATICAL_GENDER permission.
06-28 20:03:40.293  1045  1135 I WifiHAL : In GetCachedScanResultsCommand::handleResponse
06-28 20:03:40.317  1045  1135 D WifiHAL : Start debug command: mType GET_FEATURE
06-28 20:03:40.317  1045  1135 I WifiHAL : CreateRequest mType = GET_FEATURE
06-28 20:03:40.317  1045  1135 D WifiHAL : In DebugCommand::handleResponse, mType:GET_FEATURE
06-28 20:03:40.317  1045  1135 D WifiHAL : len = 4, expected len = 4
06-28 20:03:40.318  1551  2013 I HalDevMgr: bestIfaceCreationProposal is null, requestIface=STA, existingIface=[name=wlan0 type=STA]
06-28 20:03:40.321   962   962 D Zygote  : Forked child process 14309
06-28 20:03:40.322  1551  1655 I ActivityManager: Start proc 14309:com.google.android.apps.turbo/u0a138 for service {com.google.android.apps.turbo/com.google.android.apps.turbo.adaptiveplatform.impulse.ImpulseClientService}
06-28 20:03:40.323  2651  2687 D IwlanDataService: onCapabilitiesChanged: 100 [ Transports: WIFI Capabilities: NOT_METERED&INTERNET&NOT_RESTRICTED&TRUSTED&NOT_VPN&VALIDATED&NOT_ROAMING&FOREGROUND&NOT_CONGESTED&NOT_SUSPENDED&NOT_VCN_MANAGED&NOT_BANDWIDTH_CONSTRAINED LinkUpBandwidth>=12000Kbps LinkDnBandwidth>=29072Kbps TransportInfo: <SSID: "The School", BSSID: e0:63:da:eb:4f:27, MAC: 4e:d8:51:ec:fc:0b, IP: /192.168.0.128, Security type: 2, Supplicant state: COMPLETED, Wi-Fi standard: 11ac, RSSI: -48, Link speed: 702Mbps, Tx Link speed: 702Mbps, Max Supported Tx Link speed: 866Mbps, Calculated Tx : 660Mbps, Rx Link speed: 468Mbps, Max Supported Rx Link speed: 866Mbps, Calculated Rx : 330Mbps, Frequency: 5260MHz, Net ID: 1, Metered hint: false, score: 100, isUsable: true, CarrierMerged: false, SubscriptionId: -1, IsPrimary: 1, Trusted: true, Restricted: false, Ephemeral: false, OEM paid: false, OEM private: false, OSU AP: false, FQDN: <none>, Provider friendly name: <none>, Requesting package name: <none>"The School"wpa2-pskMLO Information: , Is TID-To-Link negotiation supported by the AP: false, AP MLD Address: <none>, AP MLO Link Id: <none>, AP MLO Affiliated links: <none>, Vendor Data: <none>> SignalStrength: -48 OwnerUid: 1000 AdminUids: [1000] SSID: "The School" UnderlyingNetworks: Null]
06-28 20:03:40.323  2651  2687 D IwlanDataService: Network 100 connected using transport WIFI
06-28 20:03:40.327  2738  2811 D IwlanNetworkStatusTracker: onCapabilitiesChanged: 100
06-28 20:03:40.327  2738  2811 D IwlanNetworkStatusTracker: OnCapability : Wifi Available already true and validation status unchanged
06-28 20:03:40.327  2738  2811 E IwlanNetworkStatusTracker: Could not get Wifi SSID
06-28 20:03:40.328  3425  3750 D DeviceStateHelper: Wifi freq: 5260
06-28 20:03:40.328  2651  2793 D IwlanNetworkService: onCapabilitiesChanged: 100
06-28 20:03:40.329  2726  3715 I NullBinder: NullBinder for android.net.action.RECOMMEND_NETWORKS triggering remote TransactionTooLargeException due to Service without Chimera impl, calling uid: 1000, calling pid: 0
06-28 20:03:40.329  2726  3715 W libbinder.Binder: Large reply transaction of 1056768 bytes, interface descriptor , code 1, flags 17
06-28 20:03:40.330  3222  3609 I BugleRcsEngine: Connected state: [1], networkType: [WIFI] [CONTEXT thread_id=58 ]
06-28 20:03:40.332  1551  1654 D ActivityManager: sync unfroze 8126 com.google.android.apps.privacy.wildlife for 3
06-28 20:03:40.333  3425  3743 I WifiSignalInfo: onCapabilitiesChanged: rssi:-48
06-28 20:03:40.335  3222  3634 I BugleRcsEngine: handleMessage processing message:[NOTIFY_UPTIME_IGNORE_STATE_CHANGED] with [non-null]:RcsEngineImpl reference [CONTEXT log_prefix="RcsEngineImpl[DUAL_REG]:[0df0a838-455e]>Handler" thread_id=63 ]
06-28 20:03:40.335  1551  2067 D BackgroundInstallControlService: Package event received: 0
06-28 20:03:40.337  2351  2408 E PhoneInterfaceManager: getCarrierPrivilegeStatusForUid: Invalid subId
06-28 20:03:40.338   984  1047 D CHRE    : @ 13969.843: Parsed nanoapp message from host: app ID 0x476f6f676c00100b endpoint 0x3 msgType 112 payload size 14
06-28 20:03:40.338   984  1047 I CHRE    : @ 13969.845: [NanoMinion] received MSG Type 0x70, Version 1, 10 bytes
06-28 20:03:40.338   984  1047 I CHRE    : @ 13969.845: [AR] context-signal: has_bt=0, bt=0, has_wifi=1, wifi=1
06-28 20:03:40.338  1237  1237 D AOC     : CHRE: DRAM vote count begins
06-28 20:03:40.338  1237  1237 D AOC     : CHRE: DRAM vote count ends: 0 ms
06-28 20:03:40.338  1237  1237 D AOC     : CHRE: DRAM vote count begins
06-28 20:03:40.338  1237  1237 D AOC     : CHRE: DRAM vote count ends: 0 ms
06-28 20:03:40.338  1237  1237 D AOC     : CHRE: DRAM vote count begins
06-28 20:03:40.338  1237  1237 D AOC     : CHRE: DRAM vote count ends: 0 ms
06-28 20:03:40.342  1551  2067 D BackgroundInstallControlService: Package event received: 0
06-28 20:03:40.345  3222  3634 I BugleRcsEngine: No RCS Configuration was found in Bugle for simID: redacted-pii:sim_id[chars:19,last3:101] [CONTEXT log_prefix="ProvisioningEngineDataRetriever" thread_id=63 ]
06-28 20:03:40.345 14309 14309 I Zygote  : Process 14309 created for com.google.android.apps.turbo
06-28 20:03:40.345 14309 14309 I roid.apps.turbo: Using generational CollectorTypeCMC GC.
06-28 20:03:40.357 14152 14248 V Capacitor/NetworkPlugin: Notifying listeners for event networkStatusChange
06-28 20:03:40.357  8126  8126 I Wildlife_WildlifeVpnReceiver: ACTION_WIFI_STATE_CHANGED
06-28 20:03:40.362 14309 14309 D nativeloader: Load libframework-connectivity-tiramisu-jni.so using APEX ns com_android_tethering for caller /apex/com.android.tethering/javalib/framework-connectivity-t.jar: ok
06-28 20:03:40.363  2726 13680 I NearbyMediums: Wifi changed new SSID: "The School"
06-28 20:03:40.363  2726 13680 I NearbyMediums: WifiLanConnectivityInfo is not changed, skip notify.
06-28 20:03:40.364 14152 14152 I Capacitor/Console: File:  - Line 333 - Msg: {"connected":true,"connectionType":"wifi"}
06-28 20:03:40.364  1551  2020 D ConnectivityService: NetReassign [no changes] [c 0] [a 2] [i 6]
06-28 20:03:40.366  8126  8126 I Wildlife_WildlifeCobaltEventLoggerImpl: SysUI wifi state changed event logged
06-28 20:03:40.366  8126  8126 I Wildlife_WildlifeVpnManagerImpl: restoreSettingsFromBackupIfNecessary() false, true, false
06-28 20:03:40.367  8126  8126 I Wildlife_OpenWifiNudgeManagerImpl: wifiStateChangedFuture
06-28 20:03:40.369  8126 14022 I Wildlife_OpenWifiNudgeManagerImpl: handleWifiStateChanged(): consumer is not active
06-28 20:03:40.382  3088 13988 I CobaltLoggerImpl: (REDACTED) Logging Cobalt occurrence for metric %d-%d-%d, with count %d and event vector %s, for caller: %s
06-28 20:03:40.382  3088 13988 I CobaltLoggerImpl: (REDACTED) Loaded Cobalt registry contains metric: %d-%d-%d
06-28 20:03:40.386 14309 14309 D ApplicationLoaders: Returning zygote-cached class loader: /system_ext/framework/androidx.window.extensions.jar
06-28 20:03:40.386 14309 14309 D ApplicationLoaders: Returning zygote-cached class loader: /system_ext/framework/androidx.window.sidecar.jar
06-28 20:03:40.409 14309 14309 W roid.apps.turbo: Failed to find entry 'classes.dex': Entry not found
06-28 20:03:40.411 14309 14309 W roid.apps.turbo: Failed to find entry 'classes.dex': Entry not found
06-28 20:03:40.413 14309 14309 W roid.apps.turbo: Failed to find entry 'classes.dex': Entry not found
06-28 20:03:40.414 14309 14309 W roid.apps.turbo: Failed to find entry 'classes.dex': Entry not found
06-28 20:03:40.415 14309 14309 D nativeloader: Configuring clns-9 for other apk /data/app/~~xJF_LtdnFfrypY8A9d3lGA==/com.google.android.apps.turbo-rpuwF6luP2G4wDFxR4taRw==/base.apk:/data/app/~~xJF_LtdnFfrypY8A9d3lGA==/com.google.android.apps.turbo-rpuwF6luP2G4wDFxR4taRw==/split_config.arm64_v8a.apk:/data/app/~~xJF_LtdnFfrypY8A9d3lGA==/com.google.android.apps.turbo-rpuwF6luP2G4wDFxR4taRw==/split_config.en.apk:/data/app/~~xJF_LtdnFfrypY8A9d3lGA==/com.google.android.apps.turbo-rpuwF6luP2G4wDFxR4taRw==/split_config.es.apk:/data/app/~~xJF_LtdnFfrypY8A9d3lGA==/com.google.android.apps.turbo-rpuwF6luP2G4wDFxR4taRw==/split_config.xxhdpi.apk. target_sdk_version=37, uses_libraries=libedgetpu_util.so:libedgetpu_client.google.so, library_path=/data/app/~~xJF_LtdnFfrypY8A9d3lGA==/com.google.android.apps.turbo-rpuwF6luP2G4wDFxR4taRw==/lib/arm64:/data/app/~~xJF_LtdnFfrypY8A9d3lGA==/com.google.android.apps.turbo-rpuwF6luP2G4wDFxR4taRw==/base.apk!/lib/arm64-v8a:/data/app/~~xJF_LtdnFfrypY8A9d3lGA==/com.google.android.apps.turbo-rpuwF6luP2G4wDFxR4taRw==/split_config.arm64_v
06-28 20:03:40.431 14309 14309 V GraphicsEnvironment: Currently set values for:
06-28 20:03:40.431 14309 14309 V GraphicsEnvironment:   angle_gl_driver_selection_pkgs=[com.android.angle]
06-28 20:03:40.431 14309 14309 V GraphicsEnvironment:   angle_gl_driver_selection_values=[angle]
06-28 20:03:40.431 14309 14309 V GraphicsEnvironment: com.google.android.apps.turbo is not listed in per-application setting
06-28 20:03:40.431 14309 14309 V GraphicsEnvironment: No special selections for ANGLE, returning default driver choice
06-28 20:03:40.431 14309 14309 V GraphicsEnvironment: Neither updatable production driver nor prerelease driver is supported.
06-28 20:03:40.448  1551  2020 D InetDiagMessage: Destroyed 0 sockets, proto=IPPROTO_TCP, family=AF_INET, states=14
06-28 20:03:40.449  1551  2020 D InetDiagMessage: Destroyed 0 sockets, proto=IPPROTO_TCP, family=AF_INET6, states=14
06-28 20:03:40.449  1551  2020 D InetDiagMessage: Destroyed live tcp sockets for uids={10198} in 3ms
06-28 20:03:40.450  1551  2020 D InetDiagMessage: Destroyed 0 sockets, proto=IPPROTO_TCP, family=AF_INET, states=14
06-28 20:03:40.452  1551  2020 D InetDiagMessage: Destroyed 0 sockets, proto=IPPROTO_TCP, family=AF_INET6, states=14
06-28 20:03:40.452  1551  2020 D InetDiagMessage: Destroyed live tcp sockets for uids={20198} in 3ms
06-28 20:03:40.474 14309 14309 W roid.apps.turbo: Method void dcg.c(android.app.Activity) failed lock verification and will run slower.
06-28 20:03:40.474 14309 14309 W roid.apps.turbo: Common causes for lock verification issues are non-optimized dex code
06-28 20:03:40.474 14309 14309 W roid.apps.turbo: and incorrect proguard optimizations.
06-28 20:03:40.475 14309 14309 W Turbo.TurboApplication: Going to the application!
06-28 20:03:40.479  1551  2067 D BackgroundInstallControlService: Package event received: 0
06-28 20:03:40.483  2212  2212 D ImpulseConnection: onServiceConnected: ComponentInfo{com.google.android.apps.turbo/com.google.android.apps.turbo.adaptiveplatform.impulse.ImpulseClientService} service is null false
06-28 20:03:40.484  2212  4379 D BusinessScope: Finish running the #2803 block
06-28 20:03:40.557  2726  2726 D BoundBrokerSvc: onRebind: Intent { act=com.google.android.gms.auth.aang.events.services.START dat=chimera-action:/... xflg=0x4 cmp=com.google.android.gms/.chimera.PersistentApiService }
06-28 20:03:40.583  2726  5147 I FacsCacheGmsModule: (REDACTED) Receiving API connection to FACS API from package '%s'...
06-28 20:03:40.584  2726  5147 I FacsCacheGmsModule: API connection successful!
06-28 20:03:40.585  2726  3838 I FacsCacheGmsModule: (REDACTED) Received 'getActivityControlsSettings' request from package '%s', instance id '%s', version '%d'...
06-28 20:03:40.587  2726  3838 I FacsCacheGmsModule: Operation 'getActivityControlsSettings' dispatched!
06-28 20:03:40.589  2726 14095 I FacsCacheGmsModule: (REDACTED) Executing operation '%s'...
06-28 20:03:40.589  3088  3088 D BoundBrokerSvc: onBind: Intent { act=com.google.android.gms.facs.internal.service.START dat=chimera-action:/... xflg=0x4 cmp=com.google.android.gms/.chimera.GmsInternalApiService }
06-28 20:03:40.589  3088  3088 D BoundBrokerSvc: Loading bound service for intent: Intent { act=com.google.android.gms.facs.internal.service.START dat=chimera-action:/... xflg=0x4 cmp=com.google.android.gms/.chimera.GmsInternalApiService }
06-28 20:03:40.595  2726 14095 I FacsCacheGmsModule: (REDACTED) Operation '%s' successful!
06-28 20:03:40.598  3088  3111 I FacsCacheGmsModule: Receiving API connection to internal FACS API...
06-28 20:03:40.599  3088  3111 I FacsCacheGmsModule: API connection successful!
06-28 20:03:40.984 14152 14334 D ProfileInstaller: Installing profile for ai.elizaos.app
06-28 20:03:41.012  1551  2020 D InetDiagMessage: Destroyed 0 sockets, proto=IPPROTO_TCP, family=AF_INET, states=14
06-28 20:03:41.015  1551  2020 D InetDiagMessage: Destroyed 0 sockets, proto=IPPROTO_TCP, family=AF_INET6, states=14
06-28 20:03:41.016  1551  2020 D InetDiagMessage: Destroyed live tcp sockets for uids={10227} in 5ms
06-28 20:03:41.017  1551  2020 D InetDiagMessage: Destroyed 0 sockets, proto=IPPROTO_TCP, family=AF_INET, states=14
06-28 20:03:41.019  1551  2020 D InetDiagMessage: Destroyed 0 sockets, proto=IPPROTO_TCP, family=AF_INET6, states=14
06-28 20:03:41.019  1551  2020 D InetDiagMessage: Destroyed live tcp sockets for uids={20227} in 4ms
06-28 20:03:41.047 14152 14196 D Capacitor: Handling local request: https://localhost/api/vision/capture-requests
06-28 20:03:41.104  1237  1237 D AOC     : A3:MSG: tmd3733_device.cc, 4363: USF: TMD3733: R/C:0.81 2D->3DC d_lux:2.0 c_lux:2.8/-1.0 c_coeff:0.50/-1.00
06-28 20:03:41.104  1237  1237 D AOC     : A3:MSG: tmd3733_device.cc, 4366: USF: TMD3733:  w:0.89 C:14.49 d_leak:0.2 c_leak:0.0 lux:2.1 leak:0.1
06-28 20:03:41.381  9753  9757 I pixel-thermal: VIRTUAL-SKIN-CPU-MID:31.0329 raw data: VIRTUAL-SKIN:31032.9 VIRTUAL-SKIN-CPU-MID:31032.9 
06-28 20:03:41.382  9753  9757 I pixel-thermal: disp_therm:29.947 raw data: disp_therm:29947 
06-28 20:03:41.382  9753  9757 I pixel-thermal: VIRTUAL-USB-UI:0 raw data: USB-MINUS-CHARGER:-4786 VIRTUAL-USB-UI:0 charging_therm:34644 usb_pwr_therm:29858 
06-28 20:03:41.382  9753  9757 I pixel-thermal: VIRTUAL-SKIN-SOC:31.0329 raw data: VIRTUAL-SKIN:31032.9 VIRTUAL-SKIN-SOC:31032.9 
06-28 20:03:41.382  9753  9757 I pixel-thermal: VIRTUAL-SKIN-DISPLAY:31.0329 raw data: VIRTUAL-SKIN:31032.9 VIRTUAL-SKIN-DISPLAY:31032.9 
06-28 20:03:41.382  9753  9757 I pixel-thermal: CPU_THROTTLE_SEVERE:0 raw data: CPU_THROTTLE_SEVERE:0 
06-28 20:03:41.382  9753  9757 I pixel-thermal: VIRTUAL-SKIN:31.0329 raw data: VIRTUAL-SKIN:31032.9 
06-28 20:03:41.382  9753  9757 I pixel-thermal: btmspkr_therm:30.169 raw data: btmspkr_therm:30169 
06-28 20:03:41.383  9753  9757 I pixel-thermal: VIRTUAL-SKIN-HINT:31.0329 raw data: VIRTUAL-SKIN:31032.9 VIRTUAL-SKIN-HINT:31032.9 
06-28 20:03:41.383  9753  9757 I pixel-thermal: VIRTUAL-SKIN-CPU-LIGHT-ODPM:31.0329 raw data: VIRTUAL-SKIN:31032.9 VIRTUAL-SKIN-CPU-LIGHT-ODPM:31032.9 
06-28 20:03:41.383  9753  9757 I pixel-thermal: VIRTUAL-SKIN-CPU-ODPM:31.0329 raw data: VIRTUAL-SKIN:31032.9 VIRTUAL-SKIN-CPU-ODPM:31032.9 
06-28 20:03:41.383  9753  9757 I pixel-thermal: VIRTUAL-SKIN-MODEL: model_input: [32863.00 32796.00 34644.00 29858.00 30169.00 29947.00 32663.00 34644.00 ]
06-28 20:03:41.383  9753  9757 I native  : I0000 00:00:1782695021.383475    9757 thermal_tflite_wrapper.cc:261] ThermalTfliteInvoke
06-28 20:03:41.384  9753  9757 I pixel-thermal: VIRTUAL-SKIN-MODEL: model_output: [31069.9 ]
06-28 20:03:41.384  9753  9757 I pixel-thermal: VIRTUAL-SKIN-MODEL: predicted_value: [31069.9 ]
06-28 20:03:41.384  9753  9757 I pixel-thermal: VIRTUAL-SKIN-ODPM-MODEL: model_input: [32863.00 32796.00 34644.00 29858.00 30169.00 29947.00 32663.00 34644.00 30000.00 583.54 0.30 141.91 57.39 0.64 70.20 ]
06-28 20:03:41.384  9753  9757 I native  : I0000 00:00:1782695021.384245    9757 thermal_tflite_wrapper.cc:261] ThermalTfliteInvoke
06-28 20:03:41.384  9753  9757 I pixel-thermal: VIRTUAL-SKIN-ODPM-MODEL: model_output: [30656.5 ]
06-28 20:03:41.384  9753  9757 I pixel-thermal: VIRTUAL-SKIN-ODPM-MODEL: predicted_value: [30656.5 ]
06-28 20:03:41.384  9753  9757 I pixel-thermal: VIRTUAL-SKIN-SPEAKER-MODEL: model_input: [30000.00 30169.00 34644.00 29947.00 32663.00 32796.00 32863.00 34644.00 29858.00 ]
06-28 20:03:41.384  9753  9757 I native  : I0000 00:00:1782695021.384934    9757 thermal_tflite_wrapper.cc:261] ThermalTfliteInvoke
06-28 20:03:41.385  9753  9757 I pixel-thermal: VIRTUAL-SKIN-SPEAKER-MODEL: model_output: [30037.6 ]
06-28 20:03:41.385  9753  9757 I pixel-thermal: VIRTUAL-SKIN-SPEAKER-MODEL: predicted_value: [30037.6 ]
06-28 20:03:41.385  9753  9757 I pixel-thermal: STATS-UPDATOR:0 raw data: EXTREME-SOC-CONDITION-CHECK:0 MAIN_SOC_POWER:753.147 MODEL_CAMERA_PWR:0.302969 MODEL_DISPLAY_PWR:141.914 MODEL_MISC_PWR:583.544 MODEL_MODEM_PWR:57.3892 MODEL_RFFE_PWR:0.635587 MODEL_WLAN_BT_PWR:70.2041 NORTH_THERM-UNDER-THRESHOLD:1 NORTH_THERM-VSKIN-DIFF-DURING-NORTH_THERM-OVER-THRESHOLD:-998370 NORTH_THERM-VSKIN-DIFF-DURING-VSKIN-OVER-52:-998370 QUIET_THERM-UNDER-THRESHOLD:1 QUIET_THERM-VSKIN-DIFF-DURING-QUIET_THERM-OVER-THRESHOLD:-998237 QUIET_THERM-VSKIN-DIFF-DURING-VSKIN-OVER-52:-998237 RFPA_THERM-UNDER-THRESHOLD:1 RFPA_THERM-VSKIN-DIFF-DURING-RFPA_THERM-OVER-THRESHOLD:-998170 RFPA_THERM-VSKIN-DIFF-DURING-VSKIN-OVER-52:-998170 SOC_THERM-UNDER-THRESHOLD:1 SOC_THERM-VSKIN-DIFF-DURING-SOC_THERM-OVER-THRESHOLD:-996389 SOC_THERM-VSKIN-DIFF-DURING-VSKIN-OVER-52:-996389 STATS-UPDATOR:0 TPU_35S:0 VIRTUAL-SKIN:31032.9 VIRTUAL-SKIN-LEGACY:31471.3 VIRTUAL-SKIN-MODEL:31069.9 VIRTUAL-SKIN-MODEL-LEGACY-DIFF:-447.898 VIRTUAL-SKIN-ODPM-MODEL:30656.5 VIRTUAL-SKIN-SPEAKER-MODEL:30037.6 VSKIN-SKIN-UNDER-52:1 battery:30000 btmspkr_therm:30169 charging_therm:34644 disp_therm:29947 north_therm:32663 quiet_therm:32796 rfpa_therm:32863 soc_therm:34644 usb_pwr_therm:29858 
06-28 20:03:41.385  9753  9757 I pixel-thermal: VIRTUAL-SKIN-CPU-HIGH:31.0329 raw data: VIRTUAL-SKIN:31032.9 VIRTUAL-SKIN-CPU-HIGH:31032.9 
06-28 20:03:41.385  9753  9757 I pixel-thermal: usb_pwr_therm:29.858 raw data: usb_pwr_therm:29858 
06-28 20:03:41.385  9753  9757 I pixel-thermal: VIRTUAL-USB-THROTTLING:0 raw data: USB-MINUS-CHARGER:-4786 VIRTUAL-USB-THROTTLING:0 usb_pwr_therm:29858 
06-28 20:03:41.385  9753  9757 I pixel-thermal: cellular-emergency:31.0329 raw data: VIRTUAL-SKIN:31032.9 cellular-emergency:31032.9 
06-28 20:03:41.680 14152 14152 I Capacitor/Console: File:  - Line 333 - Msg: {"status":200,"headers":{"Access-Control-Allow-Headers":"Content-Type, Authorization, X-API-Key, X-App-Id, X-Request-ID, Cookie, X-Miniapp-Token, X-Anonymous-Session, X-Gateway-Secret, X-Wallet-Address, X-Timestamp, X-Wallet-Signature, X-Service-Key, Cache-Control, X-Agent-Client-Id, X-PAYMENT, X-PAYMENT-RESPONSE, X-PAYMENT-STATUS, X-Steward-Tenant, Idempotency-Key, X-Affiliate-Code, X-ElizaOS-Client-Id, X-Eliza-Client-Id, X-ElizaOS-UI-Language, X-Eliza-UI-Language","Access-Control-Allow-Methods":"GET, POST, OPTIONS","Access-Control-Allow-Origin":"*","Access-Control-Max-Age":"86400","alt-svc":"h3=\":443\"; ma=86400","Cache-Control":"no-store","CF-RAY":"a131032d090e4f4e-EWR","Connection":"keep-alive","Content-Type":"application/json","Cross-Origin-Resource-Policy":"cross-origin","Date":"Mon, 29 Jun 2026 01:03:41 GMT","Nel":"{\"report_to\":\"cf-nel\",\"success_fraction\":0.0,\"max_age\":604800}","Origin-Agent-Cluster":"?1","Referrer-Policy":"strict-origin-when-cross-origin","Report-To":"{\"group\":\"cf-nel\",\"max_age\":604800,\"endpoints\":[{\"url\":\"https://a.nel.cloudflare.com/report/v4?s=Oy2qq3R8nC6ft5VY%2FShPEKGfqgpafxTNm0WOe43RVMRnvxRt444xyfHNF6MXnejjd9VkwTbi5U5%2FDyIpl4RJHOI4u4nE7mHF9RCwd%2FvpFh%2BMCJw0uaAOw8RP2aRE%2FQ2JIzleXQ%3D%3D\"}]}","Server":"cloudflare","Server-Timing":"cfEdge;dur=499,cfOrigin;dur=0,cfWorker;dur=4352","Strict-Transport-Security":"max-age=63072000; includeSubDomains; preload","Transfer-Encoding":"chunked","X-Android-Received-Millis":"1782695021673","X-Android-Response-Source":"NETWORK 200","X-Android-Selected-Protocol":"http/1.1","X-Android-Sent-Millis":"1782695016721","X-Content-Type-Options":"nosniff","X-DNS-Prefetch-Control":"off","X-Download-Options":"noopen","X-Frame-Options":"DENY","X-Permitted-Cross-Domain-Policies":"none","x-request-id":"deb6e80f-d299-47e6-8b8d-8cbb35244f48","X-XSS-Protection":"0"},"url":"https://api.elizacloud.ai/api/v1/eliza/agents/a18eae0f-a6d1-4e90-ba65-1a72a004cbd6/api/status","data":{"state":"running","agentName":"Eliza","canRespond":true}}
06-28 20:03:41.681 14152 14152 I Capacitor/Console: File:  - Line 333 - Msg: {"status":404,"headers":{"Access-Control-Allow-Headers":"Content-Type, Authorization, X-API-Key, X-App-Id, X-Request-ID, Cookie, X-Miniapp-Token, X-Anonymous-Session, X-Gateway-Secret, X-Wallet-Address, X-Timestamp, X-Wallet-Signature, X-Service-Key, Cache-Control, X-Agent-Client-Id, X-PAYMENT, X-PAYMENT-RESPONSE, X-PAYMENT-STATUS, X-Steward-Tenant, Idempotency-Key, X-Affiliate-Code, X-ElizaOS-Client-Id, X-Eliza-Client-Id, X-ElizaOS-UI-Language, X-Eliza-UI-Language","Access-Control-Allow-Methods":"GET, POST, OPTIONS","Access-Control-Allow-Origin":"*","Access-Control-Max-Age":"86400","alt-svc":"h3=\":443\"; ma=86400","Cache-Control":"no-store","CF-RAY":"a131032d1a795ed0-EWR","Connection":"keep-alive","Content-Type":"application/json","Cross-Origin-Resource-Policy":"cross-origin","Date":"Mon, 29 Jun 2026 01:03:41 GMT","Nel":"{\"report_to\":\"cf-nel\",\"success_fraction\":0.0,\"max_age\":604800}","Origin-Agent-Cluster":"?1","Referrer-Policy":"strict-origin-when-cross-origin","Report-To":"{\"group\":\"cf-nel\",\"max_age\":604800,\"endpoints\":[{\"url\":\"https://a.nel.cloudflare.com/report/v4?s=9oydjZfWNP3Tl8TA%2FWg%2BXQlgmIzOrwCXsXTi01mNHP7sTECeL7bcCowX%2FiUFzTYSudzY1sHXYf9QT2ZIHiF%2FK2ugTQkmtAvomTpW5yEgYgnKW6kLziWlk3c1HaB98IGcUGnaFA%3D%3D\"}]}","Server":"cloudflare","Server-Timing":"cfEdge;dur=489,cfOrigin;dur=0,cfWorker;dur=4352","Strict-Transport-Security":"max-age=63072000; includeSubDomains; preload","Transfer-Encoding":"chunked","X-Android-Received-Millis":"1782695021673","X-Android-Response-Source":"NETWORK 404","X-Android-Selected-Protocol":"http/1.1","X-Android-Sent-Millis":"1782695016730","X-Content-Type-Options":"nosniff","X-DNS-Prefetch-Control":"off","X-Download-Options":"noopen","X-Frame-Options":"DENY","X-Permitted-Cross-Domain-Policies":"none","x-request-id":"6108c1a4-3f42-4ca9-bec4-d4d6aaccf1b1","X-XSS-Protection":"0"},"url":"https://api.elizacloud.ai/api/v1/eliza/agents/a18eae0f-a6d1-4e90-ba65-1a72a004cbd6/api/auth/status","data":{"success":false,"error":"Not found","code":"resource_not_found"},"error":true}
06-28 20:03:41.686 14152 14152 I Capacitor/Console: File:  - Line 349 - Msg: [object Object]
06-28 20:03:41.686 14152 14152 I Capacitor/Console: File:  - Line 349 - Msg: [object Object]
06-28 20:03:41.687 14152 14152 V Capacitor/Plugin: To native (Capacitor plugin): callbackId: 96165202, pluginId: Preferences, methodName: remove
06-28 20:03:41.687 14152 14152 V Capacitor: callback: 96165202, pluginId: Preferences, methodName: remove, methodData: {"key":"eliza:setup:step"}
06-28 20:03:41.687 14152 14152 V Capacitor/Plugin: To native (Capacitor plugin): callbackId: 96165203, pluginId: Preferences, methodName: set
06-28 20:03:41.687 14152 14152 V Capacitor: callback: 96165203, pluginId: Preferences, methodName: set, methodData: {"key":"eliza:first-run-complete","value":"1"}
06-28 20:03:41.689 14152 14152 I Capacitor/Console: File:  - Line 333 - Msg: undefined
06-28 20:03:41.750 14152 14152 I Capacitor/Console: File: https://localhost/assets/index-D9slAJHl.js - Line 5 - Msg: %c Info font-size: 12px; color: #0099ff; [eliza][startup:init] cloud-hosted agent (cloud-managed); skipping local agent startup
06-28 20:03:41.751 14152 14199 D Capacitor: Handling local request: https://localhost/assets/GlobalEmoteOverlay-BA-XEK5g.js
06-28 20:03:41.752 14152 14152 I Capacitor/Console: File:  - Line 333 - Msg: undefined
06-28 20:03:41.752 14194 14241 E ashmem  : readlink(/proc/self/fd/121) failed: Operation not permitted
06-28 20:03:41.752 14194 14241 E ashmem  : readlink(/proc/self/fd/128) failed: Operation not permitted
06-28 20:03:42.082 14152 14196 D Capacitor: Handling local request: https://localhost/assets/poppins-latin-600-normal-zEkxB9Mr.woff2
06-28 20:03:42.104  1237  1237 D AOC     : A3:MSG: tmd3733_device.cc, 4363: USF: TMD3733: R/C:0.58 3DC->2D d_lux:2.6 c_lux:-1.0/-1.0 c_coeff:-1.00/-1.00
06-28 20:03:42.105 14152 14152 I Capacitor/Console: File:  - Line 349 - Msg: [object Object]
06-28 20:03:42.105  1237  1237 D AOC     : A3:MSG: tmd3733_device.cc, 4366: USF: TMD3733:  w:0.00 C:13.24 d_leak:0.0 c_leak:0.0 lux:2.6 leak:0.0
06-28 20:03:42.105 14152 14152 V Capacitor/Plugin: To native (Capacitor plugin): callbackId: 96165204, pluginId: TalkMode, methodName: checkPermissions
06-28 20:03:42.105 14152 14152 V Capacitor: callback: 96165204, pluginId: TalkMode, methodName: checkPermissions, methodData: {}
06-28 20:03:42.108  1269  1269 I adbd    : adbd service requested 'exec:screencap '-p''
06-28 20:03:42.125 14152 14152 I Capacitor/Console: File:  - Line 349 - Msg: [object Object]
06-28 20:03:42.127 14152 14152 I Capacitor/Console: File:  - Line 349 - Msg: [object Object]
06-28 20:03:42.128 14152 14152 I Capacitor/Console: File:  - Line 349 - Msg: [object Object]
06-28 20:03:42.129 14152 14152 I Capacitor/Console: File:  - Line 349 - Msg: [object Object]
06-28 20:03:42.129 14152 14152 I Capacitor/Console: File:  - Line 349 - Msg: [object Object]
06-28 20:03:42.130 14152 14152 I Capacitor/Console: File:  - Line 349 - Msg: [object Object]
06-28 20:03:42.130 14152 14152 I Capacitor/Console: File:  - Line 349 - Msg: [object Object]
06-28 20:03:42.131 14152 14152 I Capacitor/Console: File:  - Line 349 - Msg: [object Object]
06-28 20:03:42.131 14152 14152 I Capacitor/Console: File:  - Line 349 - Msg: [object Object]
06-28 20:03:42.131 14152 14152 I Capacitor/Console: File:  - Line 349 - Msg: [object Object]
06-28 20:03:42.132 14152 14152 I Capacitor/Console: File:  - Line 349 - Msg: [object Object]
06-28 20:03:42.133 14152 14152 I Capacitor/Console: File:  - Line 349 - Msg: [object Object]
06-28 20:03:42.133 14152 14199 D Capacitor: Handling local request: https://localhost/api/views/settings/hero
06-28 20:03:42.133 14152 14205 D Capacitor: Handling local request: https://localhost/api/views/companion/hero
06-28 20:03:42.134 14152 14207 D Capacitor: Handling local request: https://localhost/api/views/steward/hero
06-28 20:03:42.134 14152 14152 I Capacitor/Console: File:  - Line 349 - Msg: [object Object]
06-28 20:03:42.134 14152 14203 D Capacitor: Handling local request: https://localhost/api/views/vincent/hero
06-28 20:03:42.134 14152 14200 D Capacitor: Handling local request: https://localhost/api/views/tasks/hero
06-28 20:03:42.135 14152 14152 I Capacitor/Console: File:  - Line 349 - Msg: [object Object]
06-28 20:03:42.135 14152 14199 D Capacitor: Handling local request: https://localhost/api/views/orchestrator/hero
06-28 20:03:42.135 14152 14152 I Capacitor/Console: File:  - Line 349 - Msg: [object Object]
06-28 20:03:42.135 14152 14152 I Capacitor/Console: File:  - Line 349 - Msg: [object Object]
06-28 20:03:42.135 14152 14152 I Capacitor/Console: File:  - Line 349 - Msg: [object Object]
06-28 20:03:42.135 14152 14207 D Capacitor: Handling local request: https://localhost/api/views/model-tester/hero
06-28 20:03:42.136 14194 14245 E ashmem  : readlink(/proc/self/fd/124) failed: Operation not permitted
06-28 20:03:42.136 14152 14200 D Capacitor: Handling local request: https://localhost/api/views/smartglasses/hero
06-28 20:03:42.136 14152 14152 V Capacitor/Plugin: To native (Capacitor plugin): callbackId: 96165205, pluginId: CapacitorHttp, methodName: request
06-28 20:03:42.136 14152 14152 V Capacitor: callback: 96165205, pluginId: CapacitorHttp, methodName: request, methodData: {"url":"https:\/\/api.elizacloud.ai\/api\/v1\/eliza\/agents\/a18eae0f-a6d1-4e90-ba65-1a72a004cbd6\/api\/catalog\/apps","method":"GET","headers":{"authorization":"Bearer eliza_REDACTED","content-type":"application\/json","x-elizaos-client-id":"ui-fc4df18e-db1e-4217-8743-ff734c224552","x-elizaos-ui-language":"en"},"responseType":"text","disableRedirects":true,"connectTimeout":10000,"readTimeout":10000}
06-28 20:03:42.137 14152 14152 I Capacitor/Console: File:  - Line 333 - Msg: {"microphone":"granted","speechRecognition":"granted"}
06-28 20:03:42.137 14152 14196 D Capacitor: Handling local request: https://localhost/api/views/files/hero
06-28 20:03:42.138 14152 14152 V Capacitor/Plugin: To native (Capacitor plugin): callbackId: 96165206, pluginId: CapacitorHttp, methodName: request
06-28 20:03:42.138 14152 14152 V Capacitor: callback: 96165206, pluginId: CapacitorHttp, methodName: request, methodData: {"url":"https:\/\/api.elizacloud.ai\/api\/v1\/eliza\/agents\/a18eae0f-a6d1-4e90-ba65-1a72a004cbd6\/api\/apps","method":"GET","headers":{"authorization":"Bearer eliza_REDACTED","content-type":"application\/json","x-elizaos-client-id":"ui-fc4df18e-db1e-4217-8743-ff734c224552","x-elizaos-ui-language":"en"},"responseType":"text","disableRedirects":true,"connectTimeout":10000,"readTimeout":10000}
06-28 20:03:42.138 14152 14152 V Capacitor/Plugin: To native (Capacitor plugin): callbackId: 96165207, pluginId: CapacitorHttp, methodName: request
06-28 20:03:42.138 14152 14152 V Capacitor: callback: 96165207, pluginId: CapacitorHttp, methodName: request, methodData: {"url":"https:\/\/api.elizacloud.ai\/api\/v1\/eliza\/agents\/a18eae0f-a6d1-4e90-ba65-1a72a004cbd6\/api\/apps\/runs","method":"GET","headers":{"authorization":"Bearer eliza_REDACTED","content-type":"application\/json","x-elizaos-client-id":"ui-fc4df18e-db1e-4217-8743-ff734c224552","x-elizaos-ui-language":"en"},"responseType":"text","disableRedirects":true,"connectTimeout":10000,"readTimeout":10000}
06-28 20:03:42.138 14152 14152 V Capacitor/Plugin: To native (Capacitor plugin): callbackId: 96165208, pluginId: CapacitorHttp, methodName: request
06-28 20:03:42.138 14152 14152 V Capacitor: callback: 96165208, pluginId: CapacitorHttp, methodName: request, methodData: {"url":"https:\/\/api.elizacloud.ai\/api\/v1\/eliza\/agents\/a18eae0f-a6d1-4e90-ba65-1a72a004cbd6\/api\/workbench\/todos","method":"GET","headers":{"authorization":"Bearer eliza_REDACTED","content-type":"application\/json","x-elizaos-client-id":"ui-fc4df18e-db1e-4217-8743-ff734c224552","x-elizaos-ui-language":"en"},"responseType":"text","disableRedirects":true,"connectTimeout":10000,"readTimeout":10000}
06-28 20:03:42.138 14152 14152 V Capacitor/Plugin: To native (Capacitor plugin): callbackId: 96165209, pluginId: CapacitorHttp, methodName: request
06-28 20:03:42.138 14152 14152 V Capacitor: callback: 96165209, pluginId: CapacitorHttp, methodName: request, methodData: {"url":"https:\/\/api.elizacloud.ai\/api\/v1\/eliza\/agents\/a18eae0f-a6d1-4e90-ba65-1a72a004cbd6\/api\/views","method":"GET","headers":{"authorization":"Bearer eliza_REDACTED","x-eliza-platform":"android"},"responseType":"text","disableRedirects":true,"connectTimeout":10000,"readTimeout":10000}
06-28 20:03:42.138 14152 14152 V Capacitor/Plugin: To native (Capacitor plugin): callbackId: 96165210, pluginId: CapacitorHttp, methodName: request
06-28 20:03:42.138 14152 14152 V Capacitor: callback: 96165210, pluginId: CapacitorHttp, methodName: request, methodData: {"url":"https:\/\/api.elizacloud.ai\/api\/v1\/eliza\/agents\/a18eae0f-a6d1-4e90-ba65-1a72a004cbd6\/api\/views?viewType=tui","method":"GET","headers":{"authorization":"Bearer eliza_REDACTED","x-eliza-platform":"android"},"responseType":"text","disableRedirects":true,"connectTimeout":10000,"readTimeout":10000}
06-28 20:03:42.139 14152 14152 V Capacitor/Plugin: To native (Capacitor plugin): callbackId: 96165211, pluginId: CapacitorHttp, methodName: request
06-28 20:03:42.139 14152 14152 V Capacitor: callback: 96165211, pluginId: CapacitorHttp, methodName: request, methodData: {"url":"https:\/\/api.elizacloud.ai\/api\/v1\/eliza\/agents\/a18eae0f-a6d1-4e90-ba65-1a72a004cbd6\/api\/views?viewType=xr","method":"GET","headers":{"authorization":"Bearer eliza_REDACTED","x-eliza-platform":"android"},"responseType":"text","disableRedirects":true,"connectTimeout":10000,"readTimeout":10000}
06-28 20:03:42.139 14152 14152 V Capacitor/Plugin: To native (Capacitor plugin): callbackId: 96165212, pluginId: CapacitorHttp, methodName: request
06-28 20:03:42.139 14152 14152 V Capacitor: callback: 96165212, pluginId: CapacitorHttp, methodName: request, methodData: {"url":"https:\/\/api.elizacloud.ai\/api\/v1\/eliza\/agents\/a18eae0f-a6d1-4e90-ba65-1a72a004cbd6\/api\/apps","method":"GET","headers":{"authorization":"Bearer eliza_REDACTED","content-type":"application\/json","x-elizaos-client-id":"ui-fc4df18e-db1e-4217-8743-ff734c224552","x-elizaos-ui-language":"en"},"responseType":"text","disableRedirects":true,"connectTimeout":10000,"readTimeout":10000}
06-28 20:03:42.139 14152 14152 V Capacitor/Plugin: To native (Capacitor plugin): callbackId: 96165213, pluginId: CapacitorHttp, methodName: request
06-28 20:03:42.139 14152 14152 V Capacitor: callback: 96165213, pluginId: CapacitorHttp, methodName: request, methodData: {"url":"https:\/\/api.elizacloud.ai\/api\/v1\/eliza\/agents\/a18eae0f-a6d1-4e90-ba65-1a72a004cbd6\/api\/apps\/installed","method":"GET","headers":{"authorization":"Bearer eliza_REDACTED","content-type":"application\/json","x-elizaos-client-id":"ui-fc4df18e-db1e-4217-8743-ff734c224552","x-elizaos-ui-language":"en"},"responseType":"text","disableRedirects":true,"connectTimeout":10000,"readTimeout":10000}
06-28 20:03:42.139 14152 14152 V Capacitor/Plugin: To native (Capacitor plugin): callbackId: 96165214, pluginId: CapacitorHttp, methodName: request
06-28 20:03:42.139 14152 14152 V Capacitor: callback: 96165214, pluginId: CapacitorHttp, methodName: request, methodData: {"url":"https:\/\/api.elizacloud.ai\/api\/v1\/eliza\/agents\/a18eae0f-a6d1-4e90-ba65-1a72a004cbd6\/api\/commands?surface=gui","method":"GET","headers":{"authorization":"Bearer eliza_REDACTED","content-type":"application\/json","x-elizaos-client-id":"ui-fc4df18e-db1e-4217-8743-ff734c224552","x-elizaos-ui-language":"en"},"responseType":"text","disableRedirects":true,"connectTimeout":10000,"readTimeout":10000}
06-28 20:03:42.139 14152 14152 V Capacitor/Plugin: To native (Capacitor plugin): callbackId: 96165215, pluginId: CapacitorHttp, methodName: request
06-28 20:03:42.139 14152 14152 V Capacitor: callback: 96165215, pluginId: CapacitorHttp, methodName: request, methodData: {"url":"https:\/\/api.elizacloud.ai\/api\/v1\/eliza\/agents\/a18eae0f-a6d1-4e90-ba65-1a72a004cbd6\/api\/notifications?limit=100","method":"GET","headers":{"authorization":"Bearer eliza_REDACTED","content-type":"application\/json","x-elizaos-client-id":"ui-fc4df18e-db1e-4217-8743-ff734c224552","x-elizaos-ui-language":"en"},"responseType":"text","disableRedirects":true,"connectTimeout":10000,"readTimeout":10000}
06-28 20:03:42.139 14152 14152 V Capacitor/Plugin: To native (Capacitor plugin): callbackId: 96165216, pluginId: CapacitorHttp, methodName: request
06-28 20:03:42.139 14152 14152 V Capacitor: callback: 96165216, pluginId: CapacitorHttp, methodName: request, methodData: {"url":"https:\/\/api.elizacloud.ai\/api\/v1\/eliza\/agents\/a18eae0f-a6d1-4e90-ba65-1a72a004cbd6\/api\/local-inference\/hub","method":"GET","headers":{"authorization":"Bearer eliza_REDACTED","content-type":"application\/json","x-elizaos-client-id":"ui-fc4df18e-db1e-4217-8743-ff734c224552","x-elizaos-ui-language":"en"},"responseType":"text","disableRedirects":true,"connectTimeout":10000,"readTimeout":10000}
06-28 20:03:42.139 14152 14152 V Capacitor/Plugin: To native (Capacitor plugin): callbackId: 96165217, pluginId: CapacitorHttp, methodName: request
06-28 20:03:42.139 14152 14152 V Capacitor: callback: 96165217, pluginId: CapacitorHttp, methodName: request, methodData: {"url":"https:\/\/api.elizacloud.ai\/api\/v1\/eliza\/agents\/a18eae0f-a6d1-4e90-ba65-1a72a004cbd6\/api\/runtime\/mode","method":"GET","headers":{"authorization":"Bearer eliza_REDACTED"},"responseType":"text","disableRedirects":true,"connectTimeout":10000,"readTimeout":10000}
06-28 20:03:42.139 14152 14199 D Capacitor: Handling local request: https://localhost/api/views/facewear/hero
06-28 20:03:42.139 14152 14152 V Capacitor/Plugin: To native (Capacitor plugin): callbackId: 96165218, pluginId: CapacitorHttp, methodName: request
06-28 20:03:42.139 14152 14152 V Capacitor: callback: 96165218, pluginId: CapacitorHttp, methodName: request, methodData: {"url":"https:\/\/api.elizacloud.ai\/api\/v1\/eliza\/agents\/a18eae0f-a6d1-4e90-ba65-1a72a004cbd6\/api\/config","method":"GET","headers":{"authorization":"Bearer eliza_REDACTED","content-type":"application\/json","x-elizaos-client-id":"ui-fc4df18e-db1e-4217-8743-ff734c224552","x-elizaos-ui-language":"en"},"responseType":"text","disableRedirects":true,"connectTimeout":10000,"readTimeout":10000}
06-28 20:03:42.139 14152 14152 V Capacitor/Plugin: To native (Capacitor plugin): callbackId: 96165219, pluginId: CapacitorHttp, methodName: request
06-28 20:03:42.139 14152 14152 V Capacitor: callback: 96165219, pluginId: CapacitorHttp, methodName: request, methodData: {"url":"https:\/\/api.elizacloud.ai\/api\/v1\/eliza\/agents\/a18eae0f-a6d1-4e90-ba65-1a72a004cbd6\/api\/conversations","method":"GET","headers":{"authorization":"Bearer eliza_REDACTED","content-type":"application\/json","x-elizaos-client-id":"ui-fc4df18e-db1e-4217-8743-ff734c224552","x-elizaos-ui-language":"en"},"responseType":"text","disableRedirects":true,"connectTimeout":10000,"readTimeout":10000}
06-28 20:03:42.139 14152 14152 V Capacitor/Plugin: To native (Capacitor plugin): callbackId: 96165220, pluginId: Keyboard, methodName: addListener
06-28 20:03:42.139 14152 14152 V Capacitor: callback: 96165220, pluginId: Keyboard, methodName: addListener, methodData: {"eventName":"keyboardWillShow"}
06-28 20:03:42.140 14152 14152 V Capacitor/Plugin: To native (Capacitor plugin): callbackId: 96165221, pluginId: Keyboard, methodName: addListener
06-28 20:03:42.140 14152 14152 V Capacitor: callback: 96165221, pluginId: Keyboard, methodName: addListener, methodData: {"eventName":"keyboardWillHide"}
06-28 20:03:42.140 14152 14294 I CapacitorCookies: Getting cookies at: 'https://api.elizacloud.ai/api/v1/eliza/agents/a18eae0f-a6d1-4e90-ba65-1a72a004cbd6/api/catalog/apps'
06-28 20:03:42.140 14152 14291 I CapacitorCookies: Getting cookies at: 'https://api.elizacloud.ai/api/v1/eliza/agents/a18eae0f-a6d1-4e90-ba65-1a72a004cbd6/api/apps'
06-28 20:03:42.141 14152 14306 I CapacitorCookies: Getting cookies at: 'https://api.elizacloud.ai/api/v1/eliza/agents/a18eae0f-a6d1-4e90-ba65-1a72a004cbd6/api/apps/runs'
06-28 20:03:42.145 14152 14339 I CapacitorCookies: Getting cookies at: 'https://api.elizacloud.ai/api/v1/eliza/agents/a18eae0f-a6d1-4e90-ba65-1a72a004cbd6/api/views'
06-28 20:03:42.145 14152 14341 I CapacitorCookies: Getting cookies at: 'https://api.elizacloud.ai/api/v1/eliza/agents/a18eae0f-a6d1-4e90-ba65-1a72a004cbd6/api/views?viewType=xr'
06-28 20:03:42.147 14152 14345 I CapacitorCookies: Getting cookies at: 'https://api.elizacloud.ai/api/v1/eliza/agents/a18eae0f-a6d1-4e90-ba65-1a72a004cbd6/api/notifications?limit=100'
06-28 20:03:42.147 14152 14344 I CapacitorCookies: Getting cookies at: 'https://api.elizacloud.ai/api/v1/eliza/agents/a18eae0f-a6d1-4e90-ba65-1a72a004cbd6/api/commands?surface=gui'
06-28 20:03:42.148 14152 14347 I CapacitorCookies: Getting cookies at: 'https://api.elizacloud.ai/api/v1/eliza/agents/a18eae0f-a6d1-4e90-ba65-1a72a004cbd6/api/runtime/mode'
06-28 20:03:42.149 14152 14338 I CapacitorCookies: Getting cookies at: 'https://api.elizacloud.ai/api/v1/eliza/agents/a18eae0f-a6d1-4e90-ba65-1a72a004cbd6/api/workbench/todos'
06-28 20:03:42.150 14152 14346 I CapacitorCookies: Getting cookies at: 'https://api.elizacloud.ai/api/v1/eliza/agents/a18eae0f-a6d1-4e90-ba65-1a72a004cbd6/api/local-inference/hub'
06-28 20:03:42.151 14152 14343 I CapacitorCookies: Getting cookies at: 'https://api.elizacloud.ai/api/v1/eliza/agents/a18eae0f-a6d1-4e90-ba65-1a72a004cbd6/api/apps/installed'
06-28 20:03:42.153 14152 14348 I CapacitorCookies: Getting cookies at: 'https://api.elizacloud.ai/api/v1/eliza/agents/a18eae0f-a6d1-4e90-ba65-1a72a004cbd6/api/config'
06-28 20:03:42.154 14152 14200 D Capacitor: Handling local request: https://localhost/api/views/shopify/hero
06-28 20:03:42.154 14152 14196 D Capacitor: Handling local request: https://localhost/api/views/polymarket/hero
06-28 20:03:42.155 14152 14199 D Capacitor: Handling local request: https://localhost/api/views/hyperliquid/hero
06-28 20:03:42.156 14152 14349 I CapacitorCookies: Getting cookies at: 'https://api.elizacloud.ai/api/v1/eliza/agents/a18eae0f-a6d1-4e90-ba65-1a72a004cbd6/api/conversations'
06-28 20:03:42.156 14152 14205 D Capacitor: Handling local request: https://localhost/api/views/trajectory-logger/hero
06-28 20:03:42.156 14152 14196 D Capacitor: Handling local request: https://localhost/api/views/automations/hero
06-28 20:03:42.156 14152 14207 D Capacitor: Handling local request: https://localhost/api/views/triggers/hero
06-28 20:03:42.156 14152 14199 D Capacitor: Handling local request: https://localhost/api/views/browser/hero
06-28 20:03:42.157 14152 14200 D Capacitor: Handling local request: https://localhost/api/views/inventory/hero
06-28 20:03:42.158 14152 14340 I CapacitorCookies: Getting cookies at: 'https://api.elizacloud.ai/api/v1/eliza/agents/a18eae0f-a6d1-4e90-ba65-1a72a004cbd6/api/views?viewType=tui'
06-28 20:03:42.159 14152 14342 I CapacitorCookies: Getting cookies at: 'https://api.elizacloud.ai/api/v1/eliza/agents/a18eae0f-a6d1-4e90-ba65-1a72a004cbd6/api/apps'
06-28 20:03:42.160 14152 14203 D Capacitor: Handling local request: https://localhost/api/views/stream/hero
06-28 20:03:42.164 14152 14199 D Capacitor: Handling local request: https://localhost/api/views/documents/hero
06-28 20:03:42.164 14152 14196 D Capacitor: Handling local request: https://localhost/api/views/plugins/hero
06-28 20:03:42.165 14152 14200 D Capacitor: Handling local request: https://localhost/api/views/skills/hero
06-28 20:03:42.166 14152 14207 D Capacitor: Handling local request: https://localhost/api/views/trajectories/hero
06-28 20:03:42.168 14152 14205 D Capacitor: Handling local request: https://localhost/assets/register-B8nXzwmf.js
06-28 20:03:42.169 14152 14196 D Capacitor: Handling local request: https://localhost/assets/app-route-plugin-registry-yNOnkjS9.js
